info: Microsoft.AspNetCore.Hosting.Diagnostics[1]
      Request starting HTTP/1.1 GET http://localhost:5198/api/me - - -
info: Microsoft.EntityFrameworkCore.Database.Command[20101]
      Executed DbCommand (2ms) [Parameters=[@__email_0='?'], CommandType='Text', CommandTimeout='30']
      SELECT u.id, u.created_at, u.email
      FROM app.users AS u
      WHERE u.email = @__email_0
      LIMIT 1
info: Microsoft.EntityFrameworkCore.Database.Command[20101]
      Executed DbCommand (1ms) [Parameters=[@__slug_0='?'], CommandType='Text', CommandTimeout='30']
      SELECT t.id, t.created_at, t.name
      FROM app.tenants AS t
      WHERE t.name = @__slug_0
      LIMIT 1
info: Appostolic.Api.Infrastructure.Auth.DevHeaderAuthHandler[7]
      Dev was not authenticated. Failure message: Tenant not found
info: Microsoft.AspNetCore.Authorization.DefaultAuthorizationService[2]
      Authorization failed. These requirements were not met:
      DenyAnonymousAuthorizationRequirement: Requires an authenticated user.
info: Appostolic.Api.Infrastructure.Auth.DevHeaderAuthHandler[12]
      AuthenticationScheme: Dev was challenged.
info: Microsoft.AspNetCore.Hosting.Diagnostics[2]
      Request finished HTTP/1.1 GET http://localhost:5198/api/me - 401 0 - 26.2222ms
