Test run for /Users/kevinmccreary/appostolic/apps/api.tests/bin/Debug/net8.0/Appostolic.Api.Tests.dll (.NETCoreApp,Version=v8.0)
Microsoft (R) Test Execution Command Line Tool Version 17.8.0 (arm64)
Copyright (c) Microsoft Corporation.  All rights reserved.

Starting test execution, please wait...
A total of 1 test files matched the specified pattern.
[Startup] Warning: failed to ensure app.notification_dedupes exists: Relational-specific methods can only be used when the context is using a relational database provider.
info: Endpoints.V1[0]
      [MapV1Endpoints] Environment='Development' IsDevelopment=True
LogRecord.Timestamp:               2025-09-20T11:48:07.3699490Z
LogRecord.CategoryName:            Endpoints.V1
LogRecord.Severity:                Info
LogRecord.SeverityText:            Information
LogRecord.FormattedMessage:        [MapV1Endpoints] Environment='Development' IsDevelopment=True
LogRecord.Body:                    [MapV1Endpoints] Environment='{Env}' IsDevelopment={IsDev}
LogRecord.Attributes (Key:Value):
    Env: Development
    IsDev: true
    OriginalFormat (a.k.a Body): [MapV1Endpoints] Environment='{Env}' IsDevelopment={IsDev}

Resource associated with LogRecord:
service.name: Appostolic.Api
service.instance.id: cfc7ce07-e6a4-4518-a7e3-7e4ff99e6a9f
telemetry.sdk.name: opentelemetry
telemetry.sdk.language: dotnet
telemetry.sdk.version: 1.9.0

info: Microsoft.AspNetCore.DataProtection.KeyManagement.XmlKeyManager[62]
      User profile is available. Using '/Users/kevinmccreary/.aspnet/DataProtection-Keys' as key repository; keys will not be encrypted at rest.
LogRecord.Timestamp:               2025-09-20T11:48:07.3904500Z
LogRecord.CategoryName:            Microsoft.AspNetCore.DataProtection.KeyManagement.XmlKeyManager
LogRecord.Severity:                Info
LogRecord.SeverityText:            Information
LogRecord.FormattedMessage:        User profile is available. Using '/Users/kevinmccreary/.aspnet/DataProtection-Keys' as key repository; keys will not be encrypted at rest.
LogRecord.Body:                    User profile is available. Using '{FullName}' as key repository; keys will not be encrypted at rest.
LogRecord.Attributes (Key:Value):
    FullName: /Users/kevinmccreary/.aspnet/DataProtection-Keys
    OriginalFormat (a.k.a Body): User profile is available. Using '{FullName}' as key repository; keys will not be encrypted at rest.
LogRecord.EventId:                 62
LogRecord.EventName:               UsingProfileAsKeyRepository

Resource associated with LogRecord:
service.name: Appostolic.Api
service.instance.id: cfc7ce07-e6a4-4518-a7e3-7e4ff99e6a9f
telemetry.sdk.name: opentelemetry
telemetry.sdk.language: dotnet
telemetry.sdk.version: 1.9.0

info: Appostolic.Api.App.Notifications.AutoResendHostedService[0]
      AutoResend is disabled by configuration
LogRecord.Timestamp:               2025-09-20T11:48:07.4323410Z
LogRecord.CategoryName:            Appostolic.Api.App.Notifications.AutoResendHostedService
LogRecord.Severity:                Info
LogRecord.SeverityText:            Information
LogRecord.FormattedMessage:        AutoResend is disabled by configuration
LogRecord.Body:                    AutoResend is disabled by configuration
LogRecord.Attributes (Key:Value):
    OriginalFormat (a.k.a Body): AutoResend is disabled by configuration

Resource associated with LogRecord:
service.name: Appostolic.Api
service.instance.id: cfc7ce07-e6a4-4518-a7e3-7e4ff99e6a9f
telemetry.sdk.name: opentelemetry
telemetry.sdk.language: dotnet
telemetry.sdk.version: 1.9.0

info: Appostolic.Api.Infrastructure.Auth.DevHeaderAuthHandler[7]
      Dev was not authenticated. Failure message: Missing x-dev-user or x-tenant headers
LogRecord.Timestamp:               2025-09-20T11:48:07.6053020Z
LogRecord.TraceId:                 01362030525351b07c4ba4fb88f6c5bc
LogRecord.SpanId:                  faf561f5dacd8d1f
LogRecord.TraceFlags:              Recorded
LogRecord.CategoryName:            Appostolic.Api.Infrastructure.Auth.DevHeaderAuthHandler
LogRecord.Severity:                Info
LogRecord.SeverityText:            Information
LogRecord.FormattedMessage:        Dev was not authenticated. Failure message: Missing x-dev-user or x-tenant headers
LogRecord.Body:                    {AuthenticationScheme} was not authenticated. Failure message: {FailureMessage}
LogRecord.Attributes (Key:Value):
    AuthenticationScheme: Dev
    FailureMessage: Missing x-dev-user or x-tenant headers
    OriginalFormat (a.k.a Body): {AuthenticationScheme} was not authenticated. Failure message: {FailureMessage}
LogRecord.EventId:                 7
LogRecord.EventName:               AuthenticationSchemeNotAuthenticatedWithFailure

Resource associated with LogRecord:
service.name: Appostolic.Api
service.instance.id: cfc7ce07-e6a4-4518-a7e3-7e4ff99e6a9f
telemetry.sdk.name: opentelemetry
telemetry.sdk.language: dotnet
telemetry.sdk.version: 1.9.0

info: Microsoft.AspNetCore.Http.Result.UnauthorizedResult[1]
      Setting HTTP status code 401.
LogRecord.Timestamp:               2025-09-20T11:48:07.6361260Z
LogRecord.TraceId:                 01362030525351b07c4ba4fb88f6c5bc
LogRecord.SpanId:                  faf561f5dacd8d1f
LogRecord.TraceFlags:              Recorded
LogRecord.CategoryName:            Microsoft.AspNetCore.Http.Result.UnauthorizedResult
LogRecord.Severity:                Info
LogRecord.SeverityText:            Information
LogRecord.FormattedMessage:        Setting HTTP status code 401.
LogRecord.Body:                    Setting HTTP status code {StatusCode}.
LogRecord.Attributes (Key:Value):
    StatusCode: 401
    OriginalFormat (a.k.a Body): Setting HTTP status code {StatusCode}.
LogRecord.EventId:                 1
LogRecord.EventName:               WritingResultAsStatusCode

Resource associated with LogRecord:
service.name: Appostolic.Api
service.instance.id: cfc7ce07-e6a4-4518-a7e3-7e4ff99e6a9f
telemetry.sdk.name: opentelemetry
telemetry.sdk.language: dotnet
telemetry.sdk.version: 1.9.0

Activity.TraceId:            01362030525351b07c4ba4fb88f6c5bc
Activity.SpanId:             faf561f5dacd8d1f
Activity.TraceFlags:         Recorded
Activity.ActivitySourceName: Microsoft.AspNetCore
Activity.DisplayName:        POST /api/auth/login
Activity.Kind:               Server
Activity.StartTime:          2025-09-20T11:48:07.5367490Z
Activity.Duration:           00:00:00.1035090
Activity.Tags:
    server.address: localhost
    http.request.method: POST
    url.scheme: http
    url.path: /api/auth/login
    network.protocol.version: 1.1
    http.route: /api/auth/login
    http.response.status_code: 401
Resource associated with Activity:
    service.name: Appostolic.Api
    service.instance.id: cfc7ce07-e6a4-4518-a7e3-7e4ff99e6a9f
    telemetry.sdk.name: opentelemetry
    telemetry.sdk.language: dotnet
    telemetry.sdk.version: 1.9.0

info: Appostolic.Api.Infrastructure.Auth.DevHeaderAuthHandler[7]
      Dev was not authenticated. Failure message: Missing x-dev-user or x-tenant headers
LogRecord.Timestamp:               2025-09-20T11:48:07.6531620Z
LogRecord.TraceId:                 9bdff76bc73d068c4dd5678c03e01dc0
LogRecord.SpanId:                  895c6f290bcb06b3
LogRecord.TraceFlags:              Recorded
LogRecord.CategoryName:            Appostolic.Api.Infrastructure.Auth.DevHeaderAuthHandler
LogRecord.Severity:                Info
LogRecord.SeverityText:            Information
LogRecord.FormattedMessage:        Dev was not authenticated. Failure message: Missing x-dev-user or x-tenant headers
LogRecord.Body:                    {AuthenticationScheme} was not authenticated. Failure message: {FailureMessage}
LogRecord.Attributes (Key:Value):
    AuthenticationScheme: Dev
    FailureMessage: Missing x-dev-user or x-tenant headers
    OriginalFormat (a.k.a Body): {AuthenticationScheme} was not authenticated. Failure message: {FailureMessage}
LogRecord.EventId:                 7
LogRecord.EventName:               AuthenticationSchemeNotAuthenticatedWithFailure

Resource associated with LogRecord:
service.name: Appostolic.Api
service.instance.id: cfc7ce07-e6a4-4518-a7e3-7e4ff99e6a9f
telemetry.sdk.name: opentelemetry
telemetry.sdk.language: dotnet
telemetry.sdk.version: 1.9.0

info: Microsoft.AspNetCore.Http.Result.CreatedResult[1]
      Setting HTTP status code 201.
LogRecord.Timestamp:               2025-09-20T11:48:07.9094250Z
LogRecord.TraceId:                 9bdff76bc73d068c4dd5678c03e01dc0
LogRecord.SpanId:                  895c6f290bcb06b3
LogRecord.TraceFlags:              Recorded
LogRecord.CategoryName:            Microsoft.AspNetCore.Http.Result.CreatedResult
LogRecord.Severity:                Info
LogRecord.SeverityText:            Information
LogRecord.FormattedMessage:        Setting HTTP status code 201.
LogRecord.Body:                    Setting HTTP status code {StatusCode}.
LogRecord.Attributes (Key:Value):
    StatusCode: 201
    OriginalFormat (a.k.a Body): Setting HTTP status code {StatusCode}.
LogRecord.EventId:                 1
LogRecord.EventName:               WritingResultAsStatusCode

Resource associated with LogRecord:
service.name: Appostolic.Api
service.instance.id: cfc7ce07-e6a4-4518-a7e3-7e4ff99e6a9f
telemetry.sdk.name: opentelemetry
telemetry.sdk.language: dotnet
telemetry.sdk.version: 1.9.0

info: Microsoft.AspNetCore.Http.Result.CreatedResult[3]
      Writing value of type '<>f__AnonymousType23`3' as Json.
LogRecord.Timestamp:               2025-09-20T11:48:07.9105300Z
LogRecord.TraceId:                 9bdff76bc73d068c4dd5678c03e01dc0
LogRecord.SpanId:                  895c6f290bcb06b3
LogRecord.TraceFlags:              Recorded
LogRecord.CategoryName:            Microsoft.AspNetCore.Http.Result.CreatedResult
LogRecord.Severity:                Info
LogRecord.SeverityText:            Information
LogRecord.FormattedMessage:        Writing value of type '<>f__AnonymousType23`3' as Json.
LogRecord.Body:                    Writing value of type '{Type}' as Json.
LogRecord.Attributes (Key:Value):
    Type: <>f__AnonymousType23`3
    OriginalFormat (a.k.a Body): Writing value of type '{Type}' as Json.
LogRecord.EventId:                 3
LogRecord.EventName:               WritingResultAsJson

Resource associated with LogRecord:
service.name: Appostolic.Api
service.instance.id: cfc7ce07-e6a4-4518-a7e3-7e4ff99e6a9f
telemetry.sdk.name: opentelemetry
telemetry.sdk.language: dotnet
telemetry.sdk.version: 1.9.0

Activity.TraceId:            9bdff76bc73d068c4dd5678c03e01dc0
Activity.SpanId:             895c6f290bcb06b3
Activity.TraceFlags:         Recorded
Activity.ActivitySourceName: Microsoft.AspNetCore
Activity.DisplayName:        POST /api/auth/signup
Activity.Kind:               Server
Activity.StartTime:          2025-09-20T11:48:07.6508050Z
Activity.Duration:           00:00:00.2620350
Activity.Tags:
    server.address: localhost
    http.request.method: POST
    url.scheme: http
    url.path: /api/auth/signup
    network.protocol.version: 1.1
    http.route: /api/auth/signup
    http.response.status_code: 201
Resource associated with Activity:
    service.name: Appostolic.Api
    service.instance.id: cfc7ce07-e6a4-4518-a7e3-7e4ff99e6a9f
    telemetry.sdk.name: opentelemetry
    telemetry.sdk.language: dotnet
    telemetry.sdk.version: 1.9.0

info: Appostolic.Api.Infrastructure.Auth.DevHeaderAuthHandler[7]
      Dev was not authenticated. Failure message: Missing x-dev-user or x-tenant headers
LogRecord.Timestamp:               2025-09-20T11:48:07.9181140Z
LogRecord.TraceId:                 5f62c788543b75eac6aa48d2811e4633
LogRecord.SpanId:                  e80d56c8c6db5953
LogRecord.TraceFlags:              Recorded
LogRecord.CategoryName:            Appostolic.Api.Infrastructure.Auth.DevHeaderAuthHandler
LogRecord.Severity:                Info
LogRecord.SeverityText:            Information
LogRecord.FormattedMessage:        Dev was not authenticated. Failure message: Missing x-dev-user or x-tenant headers
LogRecord.Body:                    {AuthenticationScheme} was not authenticated. Failure message: {FailureMessage}
LogRecord.Attributes (Key:Value):
    AuthenticationScheme: Dev
    FailureMessage: Missing x-dev-user or x-tenant headers
    OriginalFormat (a.k.a Body): {AuthenticationScheme} was not authenticated. Failure message: {FailureMessage}
LogRecord.EventId:                 7
LogRecord.EventName:               AuthenticationSchemeNotAuthenticatedWithFailure

Resource associated with LogRecord:
service.name: Appostolic.Api
service.instance.id: cfc7ce07-e6a4-4518-a7e3-7e4ff99e6a9f
telemetry.sdk.name: opentelemetry
telemetry.sdk.language: dotnet
telemetry.sdk.version: 1.9.0

info: Microsoft.AspNetCore.Http.Result.OkObjectResult[1]
      Setting HTTP status code 200.
LogRecord.Timestamp:               2025-09-20T11:48:08.0569810Z
LogRecord.TraceId:                 5f62c788543b75eac6aa48d2811e4633
LogRecord.SpanId:                  e80d56c8c6db5953
LogRecord.TraceFlags:              Recorded
LogRecord.CategoryName:            Microsoft.AspNetCore.Http.Result.OkObjectResult
LogRecord.Severity:                Info
LogRecord.SeverityText:            Information
LogRecord.FormattedMessage:        Setting HTTP status code 200.
LogRecord.Body:                    Setting HTTP status code {StatusCode}.
LogRecord.Attributes (Key:Value):
    StatusCode: 200
    OriginalFormat (a.k.a Body): Setting HTTP status code {StatusCode}.
LogRecord.EventId:                 1
LogRecord.EventName:               WritingResultAsStatusCode

Resource associated with LogRecord:
service.name: Appostolic.Api
service.instance.id: cfc7ce07-e6a4-4518-a7e3-7e4ff99e6a9f
telemetry.sdk.name: opentelemetry
telemetry.sdk.language: dotnet
telemetry.sdk.version: 1.9.0

LogRecord.Timestamp:               2025-09-20T11:48:08.0579740Z
LogRecord.TraceId:                 5f62c788543b75eac6aa48d2811e4633
LogRecord.SpanId:                  e80d56c8c6db5953
LogRecord.TraceFlags:              Recorded
LogRecord.CategoryName:            Microsoft.AspNetCore.Http.Result.OkObjectResult
LogRecord.Severity:                Info
LogRecord.SeverityText:            Information
LogRecord.FormattedMessage:        Writing value of type '<>f__AnonymousType25`3' as Json.
LogRecord.Body:                    Writing value of type '{Type}' as Json.
LogRecord.Attributes (Key:Value):
    Type: <>f__AnonymousType25`3
    OriginalFormat (a.k.a Body): Writing value of type '{Type}' as Json.
LogRecord.EventId:                 3
LogRecord.EventName:               WritingResultAsJson

Resource associated with LogRecord:
service.name: Appostolic.Api
service.instance.id: cfc7ce07-e6a4-4518-a7e3-7e4ff99e6a9f
telemetry.sdk.name: opentelemetry
telemetry.sdk.language: dotnet
telemetry.sdk.version: 1.9.0

info: Microsoft.AspNetCore.Http.Result.OkObjectResult[3]
      Writing value of type '<>f__AnonymousType25`3' as Json.
Activity.TraceId:            5f62c788543b75eac6aa48d2811e4633
Activity.SpanId:             e80d56c8c6db5953
Activity.TraceFlags:         Recorded
Activity.ActivitySourceName: Microsoft.AspNetCore
Activity.DisplayName:        POST /api/auth/login
Activity.Kind:               Server
Activity.StartTime:          2025-09-20T11:48:07.9168480Z
Activity.Duration:           00:00:00.1427080
Activity.Tags:
    server.address: localhost
    http.request.method: POST
    url.scheme: http
    url.path: /api/auth/login
    network.protocol.version: 1.1
    http.route: /api/auth/login
    http.response.status_code: 200
Resource associated with Activity:
    service.name: Appostolic.Api
    service.instance.id: cfc7ce07-e6a4-4518-a7e3-7e4ff99e6a9f
    telemetry.sdk.name: opentelemetry
    telemetry.sdk.language: dotnet
    telemetry.sdk.version: 1.9.0

Resource associated with Metric:
    service.name: Appostolic.Api
    service.instance.id: cfc7ce07-e6a4-4518-a7e3-7e4ff99e6a9f
    telemetry.sdk.name: opentelemetry
    telemetry.sdk.language: dotnet
    telemetry.sdk.version: 1.9.0

Metric Name: process.runtime.dotnet.gc.collections.count, Number of garbage collections that have occurred since process start., Meter: OpenTelemetry.Instrumentation.Runtime/1.9.0
(2025-09-20T11:48:07.4045420Z, 2025-09-20T11:48:08.0710110Z] generation: gen2 LongSum
Value: 1
(2025-09-20T11:48:07.4045420Z, 2025-09-20T11:48:08.0710110Z] generation: gen1 LongSum
Value: 6
(2025-09-20T11:48:07.4045420Z, 2025-09-20T11:48:08.0710110Z] generation: gen0 LongSum
Value: 2

Metric Name: process.runtime.dotnet.gc.objects.size, Count of bytes currently in use by objects in the GC heap that haven't been collected yet. Fragmentation and other GC committed memory pools are excluded., Unit: bytes, Meter: OpenTelemetry.Instrumentation.Runtime/1.9.0
(2025-09-20T11:48:07.4051880Z, 2025-09-20T11:48:08.0710350Z] LongSumNonMonotonic
Value: 153784736

Metric Name: process.runtime.dotnet.gc.allocations.size, Count of bytes allocated on the managed GC heap since the process start. .NET objects are allocated from this heap. Object allocations from unmanaged languages such as C/C++ do not use this heap., Unit: bytes, Meter: OpenTelemetry.Instrumentation.Runtime/1.9.0
(2025-09-20T11:48:07.4051970Z, 2025-09-20T11:48:08.0710360Z] LongSum
Value: 172671272

Metric Name: process.runtime.dotnet.gc.committed_memory.size, The amount of committed virtual memory for the managed GC heap, as observed during the latest garbage collection. Committed virtual memory may be larger than the heap size because it includes both memory for storing existing objects (the heap size) and some extra memory that is ready to handle newly allocated objects in the future. The value will be unavailable until at least one garbage collection has occurred., Unit: bytes, Meter: OpenTelemetry.Instrumentation.Runtime/1.9.0
(2025-09-20T11:48:07.4052060Z, 2025-09-20T11:48:08.0710360Z] LongSumNonMonotonic
Value: 150962176

Metric Name: process.runtime.dotnet.gc.heap.size, The heap size (including fragmentation), as observed during the latest garbage collection. The value will be unavailable until at least one garbage collection has occurred., Unit: bytes, Meter: OpenTelemetry.Instrumentation.Runtime/1.9.0
(2025-09-20T11:48:07.4052120Z, 2025-09-20T11:48:08.0710370Z] generation: gen0 LongSumNonMonotonic
Value: 3393792
(2025-09-20T11:48:07.4052120Z, 2025-09-20T11:48:08.0710370Z] generation: gen1 LongSumNonMonotonic
Value: 91936
(2025-09-20T11:48:07.4052120Z, 2025-09-20T11:48:08.0710370Z] generation: gen2 LongSumNonMonotonic
Value: 7680720
(2025-09-20T11:48:07.4052120Z, 2025-09-20T11:48:08.0710370Z] generation: loh LongSumNonMonotonic
Value: 137733904
(2025-09-20T11:48:07.4052120Z, 2025-09-20T11:48:08.0710370Z] generation: poh LongSumNonMonotonic
Value: 262336

Metric Name: process.runtime.dotnet.gc.heap.fragmentation.size, The heap fragmentation, as observed during the latest garbage collection. The value will be unavailable until at least one garbage collection has occurred., Unit: bytes, Meter: OpenTelemetry.Instrumentation.Runtime/1.9.0
(2025-09-20T11:48:07.4135520Z, 2025-09-20T11:48:08.0710370Z] generation: gen0 LongSumNonMonotonic
Value: 3308048
(2025-09-20T11:48:07.4135520Z, 2025-09-20T11:48:08.0710370Z] generation: gen1 LongSumNonMonotonic
Value: 1416
(2025-09-20T11:48:07.4135520Z, 2025-09-20T11:48:08.0710370Z] generation: gen2 LongSumNonMonotonic
Value: 408
(2025-09-20T11:48:07.4135520Z, 2025-09-20T11:48:08.0710370Z] generation: loh LongSumNonMonotonic
Value: 127984
(2025-09-20T11:48:07.4135520Z, 2025-09-20T11:48:08.0710370Z] generation: poh LongSumNonMonotonic
Value: 0

Metric Name: process.runtime.dotnet.gc.duration, The total amount of time paused in GC since the process start., Unit: ns, Meter: OpenTelemetry.Instrumentation.Runtime/1.9.0
(2025-09-20T11:48:07.4135710Z, 2025-09-20T11:48:08.0710370Z] LongSum
Value: 33131000

Metric Name: process.runtime.dotnet.jit.il_compiled.size, Count of bytes of intermediate language that have been compiled since the process start., Unit: bytes, Meter: OpenTelemetry.Instrumentation.Runtime/1.9.0
(2025-09-20T11:48:07.4135770Z, 2025-09-20T11:48:08.0710380Z] LongSum
Value: 948138

Metric Name: process.runtime.dotnet.jit.methods_compiled.count, The number of times the JIT compiler compiled a method since the process start. The JIT compiler may be invoked multiple times for the same method to compile with different generic parameters, or because tiered compilation requested different optimization settings., Meter: OpenTelemetry.Instrumentation.Runtime/1.9.0
(2025-09-20T11:48:07.4140730Z, 2025-09-20T11:48:08.0710380Z] LongSum
Value: 13922

Metric Name: process.runtime.dotnet.jit.compilation_time, The amount of time the JIT compiler has spent compiling methods since the process start., Unit: ns, Meter: OpenTelemetry.Instrumentation.Runtime/1.9.0
(2025-09-20T11:48:07.4140770Z, 2025-09-20T11:48:08.0710390Z] LongSum
Value: 822216600

Metric Name: process.runtime.dotnet.monitor.lock_contention.count, The number of times there was contention when trying to acquire a monitor lock since the process start. Monitor locks are commonly acquired by using the lock keyword in C#, or by calling Monitor.Enter() and Monitor.TryEnter()., Meter: OpenTelemetry.Instrumentation.Runtime/1.9.0
(2025-09-20T11:48:07.4140890Z, 2025-09-20T11:48:08.0710390Z] LongSum
Value: 1

Metric Name: process.runtime.dotnet.thread_pool.threads.count, The number of thread pool threads that currently exist., Meter: OpenTelemetry.Instrumentation.Runtime/1.9.0
(2025-09-20T11:48:07.4140940Z, 2025-09-20T11:48:08.0710390Z] LongSumNonMonotonic
Value: 8

Metric Name: process.runtime.dotnet.thread_pool.completed_items.count, The number of work items that have been processed by the thread pool since the process start., Meter: OpenTelemetry.Instrumentation.Runtime/1.9.0
(2025-09-20T11:48:07.4141020Z, 2025-09-20T11:48:08.0710400Z] LongSum
Value: 129

Metric Name: process.runtime.dotnet.thread_pool.queue.length, The number of work items that are currently queued to be processed by the thread pool., Meter: OpenTelemetry.Instrumentation.Runtime/1.9.0
(2025-09-20T11:48:07.4141060Z, 2025-09-20T11:48:08.0710400Z] LongSumNonMonotonic
Value: 0

Metric Name: process.runtime.dotnet.timer.count, The number of timer instances that are currently active. Timers can be created by many sources such as System.Threading.Timer, Task.Delay, or the timeout in a CancellationSource. An active timer is registered to tick at some point in the future and has not yet been canceled., Meter: OpenTelemetry.Instrumentation.Runtime/1.9.0
(2025-09-20T11:48:07.4141100Z, 2025-09-20T11:48:08.0710400Z] LongSumNonMonotonic
Value: 3

Metric Name: process.runtime.dotnet.assemblies.count, The number of .NET assemblies that are currently loaded., Meter: OpenTelemetry.Instrumentation.Runtime/1.9.0
(2025-09-20T11:48:07.4141170Z, 2025-09-20T11:48:08.0710400Z] LongSumNonMonotonic
Value: 193

Metric Name: http.server.active_requests, Number of active HTTP server requests., Unit: {request}, Meter: Microsoft.AspNetCore.Hosting
(2025-09-20T11:48:07.4141250Z, 2025-09-20T11:48:08.0710410Z] http.request.method: POST url.scheme: http LongSumNonMonotonic
Value: 0

Metric Name: http.server.request.duration, Duration of HTTP server requests., Unit: s, Meter: Microsoft.AspNetCore.Hosting
(2025-09-20T11:48:07.4201390Z, 2025-09-20T11:48:08.0711030Z] http.request.method: POST http.response.status_code: 401 http.route: /api/auth/login network.protocol.version: 1.1 url.scheme: http Histogram
Value: Sum: 0.1077925 Count: 1 Min: 0.1077925 Max: 0.1077925 
(-Infinity,0.005]:0
(0.005,0.01]:0
(0.01,0.025]:0
(0.025,0.05]:0
(0.05,0.075]:0
(0.075,0.1]:0
(0.1,0.25]:1
(0.25,0.5]:0
(0.5,0.75]:0
(0.75,1]:0
(1,2.5]:0
(2.5,5]:0
(5,7.5]:0
(7.5,10]:0
(10,+Infinity]:0

(2025-09-20T11:48:07.4201390Z, 2025-09-20T11:48:08.0711030Z] http.request.method: POST http.response.status_code: 201 http.route: /api/auth/signup network.protocol.version: 1.1 url.scheme: http Histogram
Value: Sum: 0.2620004 Count: 1 Min: 0.2620004 Max: 0.2620004 
(-Infinity,0.005]:0
(0.005,0.01]:0
(0.01,0.025]:0
(0.025,0.05]:0
(0.05,0.075]:0
(0.075,0.1]:0
(0.1,0.25]:0
(0.25,0.5]:1
(0.5,0.75]:0
(0.75,1]:0
(1,2.5]:0
(2.5,5]:0
(5,7.5]:0
(7.5,10]:0
(10,+Infinity]:0

(2025-09-20T11:48:07.4201390Z, 2025-09-20T11:48:08.0711030Z] http.request.method: POST http.response.status_code: 200 http.route: /api/auth/login network.protocol.version: 1.1 url.scheme: http Histogram
Value: Sum: 0.1426977 Count: 1 Min: 0.1426977 Max: 0.1426977 
(-Infinity,0.005]:0
(0.005,0.01]:0
(0.01,0.025]:0
(0.025,0.05]:0
(0.05,0.075]:0
(0.075,0.1]:0
(0.1,0.25]:1
(0.25,0.5]:0
(0.5,0.75]:0
(0.75,1]:0
(1,2.5]:0
(2.5,5]:0
(5,7.5]:0
(7.5,10]:0
(10,+Infinity]:0


Metric Name: aspnetcore.routing.match_attempts, Number of requests that were attempted to be matched to an endpoint., Unit: {match_attempt}, Meter: Microsoft.AspNetCore.Routing
(2025-09-20T11:48:07.5164260Z, 2025-09-20T11:48:08.0711040Z] aspnetcore.routing.is_fallback: false aspnetcore.routing.match_status: success http.route: /api/auth/login LongSum
Value: 2
(2025-09-20T11:48:07.5164260Z, 2025-09-20T11:48:08.0711040Z] aspnetcore.routing.is_fallback: false aspnetcore.routing.match_status: success http.route: /api/auth/signup LongSum
Value: 1
[Startup] Warning: failed to ensure app.notification_dedupes exists: Relational-specific methods can only be used when the context is using a relational database provider.
info: Endpoints.V1[0]
      [MapV1Endpoints] Environment='Development' IsDevelopment=True
LogRecord.Timestamp:               2025-09-20T11:48:08.1396580Z
LogRecord.CategoryName:            Endpoints.V1
LogRecord.Severity:                Info
LogRecord.SeverityText:            Information
LogRecord.FormattedMessage:        [MapV1Endpoints] Environment='Development' IsDevelopment=True
LogRecord.Body:                    [MapV1Endpoints] Environment='{Env}' IsDevelopment={IsDev}
LogRecord.Attributes (Key:Value):
    Env: Development
    IsDev: true
    OriginalFormat (a.k.a Body): [MapV1Endpoints] Environment='{Env}' IsDevelopment={IsDev}

Resource associated with LogRecord:
service.name: Appostolic.Api
service.instance.id: cfc7ce07-e6a4-4518-a7e3-7e4ff99e6a9f
telemetry.sdk.name: opentelemetry
telemetry.sdk.language: dotnet
telemetry.sdk.version: 1.9.0

LogRecord.Timestamp:               2025-09-20T11:48:08.1404920Z
info: Microsoft.AspNetCore.DataProtection.KeyManagement.XmlKeyManager[62]
      User profile is available. Using '/Users/kevinmccreary/.aspnet/DataProtection-Keys' as key repository; keys will not be encrypted at rest.
LogRecord.CategoryName:            Microsoft.AspNetCore.DataProtection.KeyManagement.XmlKeyManager
LogRecord.Severity:                Info
LogRecord.SeverityText:            Information
LogRecord.FormattedMessage:        User profile is available. Using '/Users/kevinmccreary/.aspnet/DataProtection-Keys' as key repository; keys will not be encrypted at rest.
LogRecord.Body:                    User profile is available. Using '{FullName}' as key repository; keys will not be encrypted at rest.
LogRecord.Attributes (Key:Value):
    FullName: /Users/kevinmccreary/.aspnet/DataProtection-Keys
    OriginalFormat (a.k.a Body): User profile is available. Using '{FullName}' as key repository; keys will not be encrypted at rest.
LogRecord.EventId:                 62
LogRecord.EventName:               UsingProfileAsKeyRepository

Resource associated with LogRecord:
service.name: Appostolic.Api
service.instance.id: cfc7ce07-e6a4-4518-a7e3-7e4ff99e6a9f
telemetry.sdk.name: opentelemetry
telemetry.sdk.language: dotnet
telemetry.sdk.version: 1.9.0

info: Appostolic.Api.App.Notifications.AutoResendHostedService[0]
      AutoResend is disabled by configuration
LogRecord.Timestamp:               2025-09-20T11:48:08.1581700Z
LogRecord.CategoryName:            Appostolic.Api.App.Notifications.AutoResendHostedService
LogRecord.Severity:                Info
LogRecord.SeverityText:            Information
LogRecord.FormattedMessage:        AutoResend is disabled by configuration
LogRecord.Body:                    AutoResend is disabled by configuration
LogRecord.Attributes (Key:Value):
    OriginalFormat (a.k.a Body): AutoResend is disabled by configuration

Resource associated with LogRecord:
service.name: Appostolic.Api
service.instance.id: cfc7ce07-e6a4-4518-a7e3-7e4ff99e6a9f
telemetry.sdk.name: opentelemetry
telemetry.sdk.language: dotnet
telemetry.sdk.version: 1.9.0

info: Appostolic.Api.Infrastructure.Auth.DevHeaderAuthHandler[7]
      Dev was not authenticated. Failure message: Missing x-dev-user or x-tenant headers
LogRecord.Timestamp:               2025-09-20T11:48:08.2599240Z
LogRecord.TraceId:                 5a5c30c898ccf091f2df272666df426f
LogRecord.SpanId:                  80729597a36decb3
LogRecord.TraceFlags:              Recorded
LogRecord.CategoryName:            Appostolic.Api.Infrastructure.Auth.DevHeaderAuthHandler
LogRecord.Severity:                Info
LogRecord.SeverityText:            Information
LogRecord.FormattedMessage:        Dev was not authenticated. Failure message: Missing x-dev-user or x-tenant headers
LogRecord.Body:                    {AuthenticationScheme} was not authenticated. Failure message: {FailureMessage}
LogRecord.Attributes (Key:Value):
    AuthenticationScheme: Dev
    FailureMessage: Missing x-dev-user or x-tenant headers
    OriginalFormat (a.k.a Body): {AuthenticationScheme} was not authenticated. Failure message: {FailureMessage}
LogRecord.EventId:                 7
LogRecord.EventName:               AuthenticationSchemeNotAuthenticatedWithFailure

Resource associated with LogRecord:
service.name: Appostolic.Api
service.instance.id: cfc7ce07-e6a4-4518-a7e3-7e4ff99e6a9f
telemetry.sdk.name: opentelemetry
telemetry.sdk.language: dotnet
telemetry.sdk.version: 1.9.0

info: Microsoft.AspNetCore.Http.Result.CreatedResult[1]
      Setting HTTP status code 201.
LogRecord.Timestamp:               2025-09-20T11:48:08.3767010Z
LogRecord.TraceId:                 5a5c30c898ccf091f2df272666df426f
LogRecord.SpanId:                  80729597a36decb3
LogRecord.TraceFlags:              Recorded
LogRecord.CategoryName:            Microsoft.AspNetCore.Http.Result.CreatedResult
LogRecord.Severity:                Info
LogRecord.SeverityText:            Information
LogRecord.FormattedMessage:        Setting HTTP status code 201.
LogRecord.Body:                    Setting HTTP status code {StatusCode}.
LogRecord.Attributes (Key:Value):
    StatusCode: 201
    OriginalFormat (a.k.a Body): Setting HTTP status code {StatusCode}.
LogRecord.EventId:                 1
LogRecord.EventName:               WritingResultAsStatusCode

Resource associated with LogRecord:
service.name: Appostolic.Api
service.instance.id: cfc7ce07-e6a4-4518-a7e3-7e4ff99e6a9f
telemetry.sdk.name: opentelemetry
telemetry.sdk.language: dotnet
telemetry.sdk.version: 1.9.0

info: Microsoft.AspNetCore.Http.Result.CreatedResult[3]
      Writing value of type '<>f__AnonymousType23`3' as Json.
LogRecord.Timestamp:               2025-09-20T11:48:08.3772840Z
LogRecord.TraceId:                 5a5c30c898ccf091f2df272666df426f
LogRecord.SpanId:                  80729597a36decb3
LogRecord.TraceFlags:              Recorded
LogRecord.CategoryName:            Microsoft.AspNetCore.Http.Result.CreatedResult
LogRecord.Severity:                Info
LogRecord.SeverityText:            Information
LogRecord.FormattedMessage:        Writing value of type '<>f__AnonymousType23`3' as Json.
LogRecord.Body:                    Writing value of type '{Type}' as Json.
LogRecord.Attributes (Key:Value):
    Type: <>f__AnonymousType23`3
    OriginalFormat (a.k.a Body): Writing value of type '{Type}' as Json.
LogRecord.EventId:                 3
LogRecord.EventName:               WritingResultAsJson

Resource associated with LogRecord:
service.name: Appostolic.Api
service.instance.id: cfc7ce07-e6a4-4518-a7e3-7e4ff99e6a9f
telemetry.sdk.name: opentelemetry
telemetry.sdk.language: dotnet
telemetry.sdk.version: 1.9.0

Activity.TraceId:            5a5c30c898ccf091f2df272666df426f
Activity.SpanId:             80729597a36decb3
Activity.TraceFlags:         Recorded
Activity.ActivitySourceName: Microsoft.AspNetCore
Activity.DisplayName:        POST /api/auth/signup
Activity.Kind:               Server
Activity.StartTime:          2025-09-20T11:48:08.2089740Z
Activity.Duration:           00:00:00.1686160
Activity.Tags:
    server.address: localhost
    http.request.method: POST
    url.scheme: http
    url.path: /api/auth/signup
    network.protocol.version: 1.1
    http.route: /api/auth/signup
    http.response.status_code: 201
Resource associated with Activity:
    service.name: Appostolic.Api
    service.instance.id: cfc7ce07-e6a4-4518-a7e3-7e4ff99e6a9f
    telemetry.sdk.name: opentelemetry
    telemetry.sdk.language: dotnet
    telemetry.sdk.version: 1.9.0

info: Appostolic.Api.Infrastructure.Auth.DevHeaderAuthHandler[7]
      Dev was not authenticated. Failure message: Missing x-dev-user or x-tenant headers
LogRecord.Timestamp:               2025-09-20T11:48:08.3798780Z
LogRecord.TraceId:                 79b10657bf37916a2eef1c8d35203b6e
LogRecord.SpanId:                  94449fda0c19f708
LogRecord.TraceFlags:              Recorded
LogRecord.CategoryName:            Appostolic.Api.Infrastructure.Auth.DevHeaderAuthHandler
LogRecord.Severity:                Info
LogRecord.SeverityText:            Information
LogRecord.FormattedMessage:        Dev was not authenticated. Failure message: Missing x-dev-user or x-tenant headers
LogRecord.Body:                    {AuthenticationScheme} was not authenticated. Failure message: {FailureMessage}
LogRecord.Attributes (Key:Value):
    AuthenticationScheme: Dev
    FailureMessage: Missing x-dev-user or x-tenant headers
    OriginalFormat (a.k.a Body): {AuthenticationScheme} was not authenticated. Failure message: {FailureMessage}
LogRecord.EventId:                 7
LogRecord.EventName:               AuthenticationSchemeNotAuthenticatedWithFailure

Resource associated with LogRecord:
service.name: Appostolic.Api
service.instance.id: cfc7ce07-e6a4-4518-a7e3-7e4ff99e6a9f
telemetry.sdk.name: opentelemetry
telemetry.sdk.language: dotnet
telemetry.sdk.version: 1.9.0

info: Microsoft.AspNetCore.Http.Result.OkObjectResult[1]
      Setting HTTP status code 200.
LogRecord.Timestamp:               2025-09-20T11:48:08.5023460Z
LogRecord.TraceId:                 79b10657bf37916a2eef1c8d35203b6e
LogRecord.SpanId:                  94449fda0c19f708
LogRecord.TraceFlags:              Recorded
LogRecord.CategoryName:            Microsoft.AspNetCore.Http.Result.OkObjectResult
LogRecord.Severity:                Info
LogRecord.SeverityText:            Information
LogRecord.FormattedMessage:        Setting HTTP status code 200.
LogRecord.Body:                    Setting HTTP status code {StatusCode}.
LogRecord.Attributes (Key:Value):
    StatusCode: 200
    OriginalFormat (a.k.a Body): Setting HTTP status code {StatusCode}.
LogRecord.EventId:                 1
LogRecord.EventName:               WritingResultAsStatusCode

Resource associated with LogRecord:
service.name: Appostolic.Api
service.instance.id: cfc7ce07-e6a4-4518-a7e3-7e4ff99e6a9f
telemetry.sdk.name: opentelemetry
telemetry.sdk.language: dotnet
telemetry.sdk.version: 1.9.0

LogRecord.Timestamp:               2025-09-20T11:48:08.5027270Z
LogRecord.TraceId:                 79b10657bf37916a2eef1c8d35203b6e
info: Microsoft.AspNetCore.Http.Result.OkObjectResult[3]
      Writing value of type '<>f__AnonymousType25`3' as Json.
LogRecord.SpanId:                  94449fda0c19f708
LogRecord.TraceFlags:              Recorded
LogRecord.CategoryName:            Microsoft.AspNetCore.Http.Result.OkObjectResult
LogRecord.Severity:                Info
LogRecord.SeverityText:            Information
LogRecord.FormattedMessage:        Writing value of type '<>f__AnonymousType25`3' as Json.
LogRecord.Body:                    Writing value of type '{Type}' as Json.
LogRecord.Attributes (Key:Value):
    Type: <>f__AnonymousType25`3
    OriginalFormat (a.k.a Body): Writing value of type '{Type}' as Json.
LogRecord.EventId:                 3
LogRecord.EventName:               WritingResultAsJson

Resource associated with LogRecord:
service.name: Appostolic.Api
service.instance.id: cfc7ce07-e6a4-4518-a7e3-7e4ff99e6a9f
telemetry.sdk.name: opentelemetry
telemetry.sdk.language: dotnet
telemetry.sdk.version: 1.9.0

Activity.TraceId:            79b10657bf37916a2eef1c8d35203b6e
Activity.SpanId:             94449fda0c19f708
Activity.TraceFlags:         Recorded
Activity.ActivitySourceName: Microsoft.AspNetCore
Activity.DisplayName:        POST /api/auth/login
Activity.Kind:               Server
Activity.StartTime:          2025-09-20T11:48:08.3779670Z
Activity.Duration:           00:00:00.1249720
Activity.Tags:
    server.address: localhost
    http.request.method: POST
    url.scheme: http
    url.path: /api/auth/login
    network.protocol.version: 1.1
    http.route: /api/auth/login
    http.response.status_code: 200
Resource associated with Activity:
    service.name: Appostolic.Api
    service.instance.id: cfc7ce07-e6a4-4518-a7e3-7e4ff99e6a9f
    telemetry.sdk.name: opentelemetry
    telemetry.sdk.language: dotnet
    telemetry.sdk.version: 1.9.0

Resource associated with Metric:
    service.name: Appostolic.Api
    service.instance.id: cfc7ce07-e6a4-4518-a7e3-7e4ff99e6a9f
    telemetry.sdk.name: opentelemetry
    telemetry.sdk.language: dotnet
    telemetry.sdk.version: 1.9.0

Metric Name: process.runtime.dotnet.gc.collections.count, Number of garbage collections that have occurred since process start., Meter: OpenTelemetry.Instrumentation.Runtime/1.9.0
(2025-09-20T11:48:08.1559080Z, 2025-09-20T11:48:08.5076020Z] generation: gen2 LongSum
Value: 3
(2025-09-20T11:48:08.1559080Z, 2025-09-20T11:48:08.5076020Z] generation: gen1 LongSum
Value: 6
(2025-09-20T11:48:08.1559080Z, 2025-09-20T11:48:08.5076020Z] generation: gen0 LongSum
Value: 3

Metric Name: process.runtime.dotnet.gc.objects.size, Count of bytes currently in use by objects in the GC heap that haven't been collected yet. Fragmentation and other GC committed memory pools are excluded., Unit: bytes, Meter: OpenTelemetry.Instrumentation.Runtime/1.9.0
(2025-09-20T11:48:08.1559610Z, 2025-09-20T11:48:08.5076020Z] LongSumNonMonotonic
Value: 162542792

Metric Name: process.runtime.dotnet.gc.allocations.size, Count of bytes allocated on the managed GC heap since the process start. .NET objects are allocated from this heap. Object allocations from unmanaged languages such as C/C++ do not use this heap., Unit: bytes, Meter: OpenTelemetry.Instrumentation.Runtime/1.9.0
(2025-09-20T11:48:08.1559690Z, 2025-09-20T11:48:08.5076020Z] LongSum
Value: 320639688

Metric Name: process.runtime.dotnet.gc.committed_memory.size, The amount of committed virtual memory for the managed GC heap, as observed during the latest garbage collection. Committed virtual memory may be larger than the heap size because it includes both memory for storing existing objects (the heap size) and some extra memory that is ready to handle newly allocated objects in the future. The value will be unavailable until at least one garbage collection has occurred., Unit: bytes, Meter: OpenTelemetry.Instrumentation.Runtime/1.9.0
(2025-09-20T11:48:08.1559750Z, 2025-09-20T11:48:08.5076030Z] LongSumNonMonotonic
Value: 91045888

Metric Name: process.runtime.dotnet.gc.heap.size, The heap size (including fragmentation), as observed during the latest garbage collection. The value will be unavailable until at least one garbage collection has occurred., Unit: bytes, Meter: OpenTelemetry.Instrumentation.Runtime/1.9.0
(2025-09-20T11:48:08.1559830Z, 2025-09-20T11:48:08.5076030Z] generation: gen0 LongSumNonMonotonic
Value: 4497384
(2025-09-20T11:48:08.1559830Z, 2025-09-20T11:48:08.5076030Z] generation: gen1 LongSumNonMonotonic
Value: 2552616
(2025-09-20T11:48:08.1559830Z, 2025-09-20T11:48:08.5076030Z] generation: gen2 LongSumNonMonotonic
Value: 7680720
(2025-09-20T11:48:08.1559830Z, 2025-09-20T11:48:08.5076030Z] generation: loh LongSumNonMonotonic
Value: 73390872
(2025-09-20T11:48:08.1559830Z, 2025-09-20T11:48:08.5076030Z] generation: poh LongSumNonMonotonic
Value: 262336

Metric Name: process.runtime.dotnet.gc.heap.fragmentation.size, The heap fragmentation, as observed during the latest garbage collection. The value will be unavailable until at least one garbage collection has occurred., Unit: bytes, Meter: OpenTelemetry.Instrumentation.Runtime/1.9.0
(2025-09-20T11:48:08.1559900Z, 2025-09-20T11:48:08.5076030Z] generation: gen0 LongSumNonMonotonic
Value: 3903296
(2025-09-20T11:48:08.1559900Z, 2025-09-20T11:48:08.5076030Z] generation: gen1 LongSumNonMonotonic
Value: 84912
(2025-09-20T11:48:08.1559900Z, 2025-09-20T11:48:08.5076030Z] generation: gen2 LongSumNonMonotonic
Value: 255288
(2025-09-20T11:48:08.1559900Z, 2025-09-20T11:48:08.5076030Z] generation: loh LongSumNonMonotonic
Value: 128528
(2025-09-20T11:48:08.1559900Z, 2025-09-20T11:48:08.5076030Z] generation: poh LongSumNonMonotonic
Value: 0

Metric Name: process.runtime.dotnet.gc.duration, The total amount of time paused in GC since the process start., Unit: ns, Meter: OpenTelemetry.Instrumentation.Runtime/1.9.0
(2025-09-20T11:48:08.1559940Z, 2025-09-20T11:48:08.5076030Z] LongSum
Value: 39869000

Metric Name: process.runtime.dotnet.jit.il_compiled.size, Count of bytes of intermediate language that have been compiled since the process start., Unit: bytes, Meter: OpenTelemetry.Instrumentation.Runtime/1.9.0
(2025-09-20T11:48:08.1559990Z, 2025-09-20T11:48:08.5076040Z] LongSum
Value: 997409

Metric Name: process.runtime.dotnet.jit.methods_compiled.count, The number of times the JIT compiler compiled a method since the process start. The JIT compiler may be invoked multiple times for the same method to compile with different generic parameters, or because tiered compilation requested different optimization settings., Meter: OpenTelemetry.Instrumentation.Runtime/1.9.0
(2025-09-20T11:48:08.1560030Z, 2025-09-20T11:48:08.5076040Z] LongSum
Value: 14509

Metric Name: process.runtime.dotnet.jit.compilation_time, The amount of time the JIT compiler has spent compiling methods since the process start., Unit: ns, Meter: OpenTelemetry.Instrumentation.Runtime/1.9.0
(2025-09-20T11:48:08.1560070Z, 2025-09-20T11:48:08.5076040Z] LongSum
Value: 912634500

Metric Name: process.runtime.dotnet.monitor.lock_contention.count, The number of times there was contention when trying to acquire a monitor lock since the process start. Monitor locks are commonly acquired by using the lock keyword in C#, or by calling Monitor.Enter() and Monitor.TryEnter()., Meter: OpenTelemetry.Instrumentation.Runtime/1.9.0
(2025-09-20T11:48:08.1560120Z, 2025-09-20T11:48:08.5076040Z] LongSum
Value: 1

Metric Name: process.runtime.dotnet.thread_pool.threads.count, The number of thread pool threads that currently exist., Meter: OpenTelemetry.Instrumentation.Runtime/1.9.0
(2025-09-20T11:48:08.1560150Z, 2025-09-20T11:48:08.5076040Z] LongSumNonMonotonic
Value: 8

Metric Name: process.runtime.dotnet.thread_pool.completed_items.count, The number of work items that have been processed by the thread pool since the process start., Meter: OpenTelemetry.Instrumentation.Runtime/1.9.0
(2025-09-20T11:48:08.1560200Z, 2025-09-20T11:48:08.5076040Z] LongSum
Value: 214

Metric Name: process.runtime.dotnet.thread_pool.queue.length, The number of work items that are currently queued to be processed by the thread pool., Meter: OpenTelemetry.Instrumentation.Runtime/1.9.0
(2025-09-20T11:48:08.1560250Z, 2025-09-20T11:48:08.5076040Z] LongSumNonMonotonic
Value: 0

Metric Name: process.runtime.dotnet.timer.count, The number of timer instances that are currently active. Timers can be created by many sources such as System.Threading.Timer, Task.Delay, or the timeout in a CancellationSource. An active timer is registered to tick at some point in the future and has not yet been canceled., Meter: OpenTelemetry.Instrumentation.Runtime/1.9.0
(2025-09-20T11:48:08.1560320Z, 2025-09-20T11:48:08.5076040Z] LongSumNonMonotonic
Value: 3

Metric Name: process.runtime.dotnet.assemblies.count, The number of .NET assemblies that are currently loaded., Meter: OpenTelemetry.Instrumentation.Runtime/1.9.0
(2025-09-20T11:48:08.1560370Z, 2025-09-20T11:48:08.5076050Z] LongSumNonMonotonic
Value: 193

Metric Name: http.server.active_requests, Number of active HTTP server requests., Unit: {request}, Meter: Microsoft.AspNetCore.Hosting
(2025-09-20T11:48:08.1560450Z, 2025-09-20T11:48:08.5076050Z] http.request.method: POST url.scheme: http LongSumNonMonotonic
Value: 0

Metric Name: http.server.request.duration, Duration of HTTP server requests., Unit: s, Meter: Microsoft.AspNetCore.Hosting
(2025-09-20T11:48:08.1560550Z, 2025-09-20T11:48:08.5076060Z] http.request.method: POST http.response.status_code: 201 http.route: /api/auth/signup network.protocol.version: 1.1 url.scheme: http Histogram
Value: Sum: 0.1686125 Count: 1 Min: 0.1686125 Max: 0.1686125 
(-Infinity,0.005]:0
(0.005,0.01]:0
(0.01,0.025]:0
(0.025,0.05]:0
(0.05,0.075]:0
(0.075,0.1]:0
(0.1,0.25]:1
(0.25,0.5]:0
(0.5,0.75]:0
(0.75,1]:0
(1,2.5]:0
(2.5,5]:0
(5,7.5]:0
(7.5,10]:0
(10,+Infinity]:0

(2025-09-20T11:48:08.1560550Z, 2025-09-20T11:48:08.5076060Z] http.request.method: POST http.response.status_code: 200 http.route: /api/auth/login network.protocol.version: 1.1 url.scheme: http Histogram
Value: Sum: 0.1249418 Count: 1 Min: 0.1249418 Max: 0.1249418 
(-Infinity,0.005]:0
(0.005,0.01]:0
(0.01,0.025]:0
(0.025,0.05]:0
(0.05,0.075]:0
(0.075,0.1]:0
(0.1,0.25]:1
(0.25,0.5]:0
(0.5,0.75]:0
(0.75,1]:0
(1,2.5]:0
(2.5,5]:0
(5,7.5]:0
(7.5,10]:0
(10,+Infinity]:0


Metric Name: aspnetcore.routing.match_attempts, Number of requests that were attempted to be matched to an endpoint., Unit: {match_attempt}, Meter: Microsoft.AspNetCore.Routing
(2025-09-20T11:48:08.2080520Z, 2025-09-20T11:48:08.5076070Z] aspnetcore.routing.is_fallback: false aspnetcore.routing.match_status: success http.route: /api/auth/signup LongSum
Value: 1
(2025-09-20T11:48:08.2080520Z, 2025-09-20T11:48:08.5076070Z] aspnetcore.routing.is_fallback: false aspnetcore.routing.match_status: success http.route: /api/auth/login LongSum
Value: 1
[Startup] Warning: failed to ensure app.notification_dedupes exists: Relational-specific methods can only be used when the context is using a relational database provider.
info: Endpoints.V1[0]
      [MapV1Endpoints] Environment='Development' IsDevelopment=True
LogRecord.Timestamp:               2025-09-20T11:48:08.5727220Z
LogRecord.CategoryName:            Endpoints.V1
LogRecord.Severity:                Info
LogRecord.SeverityText:            Information
LogRecord.FormattedMessage:        [MapV1Endpoints] Environment='Development' IsDevelopment=True
LogRecord.Body:                    [MapV1Endpoints] Environment='{Env}' IsDevelopment={IsDev}
LogRecord.Attributes (Key:Value):
    Env: Development
    IsDev: true
    OriginalFormat (a.k.a Body): [MapV1Endpoints] Environment='{Env}' IsDevelopment={IsDev}

Resource associated with LogRecord:
service.name: Appostolic.Api
service.instance.id: cfc7ce07-e6a4-4518-a7e3-7e4ff99e6a9f
telemetry.sdk.name: opentelemetry
telemetry.sdk.language: dotnet
telemetry.sdk.version: 1.9.0

info: Microsoft.AspNetCore.DataProtection.KeyManagement.XmlKeyManager[62]
      User profile is available. Using '/Users/kevinmccreary/.aspnet/DataProtection-Keys' as key repository; keys will not be encrypted at rest.
LogRecord.Timestamp:               2025-09-20T11:48:08.5733010Z
LogRecord.CategoryName:            Microsoft.AspNetCore.DataProtection.KeyManagement.XmlKeyManager
LogRecord.Severity:                Info
LogRecord.SeverityText:            Information
LogRecord.FormattedMessage:        User profile is available. Using '/Users/kevinmccreary/.aspnet/DataProtection-Keys' as key repository; keys will not be encrypted at rest.
LogRecord.Body:                    User profile is available. Using '{FullName}' as key repository; keys will not be encrypted at rest.
LogRecord.Attributes (Key:Value):
    FullName: /Users/kevinmccreary/.aspnet/DataProtection-Keys
    OriginalFormat (a.k.a Body): User profile is available. Using '{FullName}' as key repository; keys will not be encrypted at rest.
LogRecord.EventId:                 62
LogRecord.EventName:               UsingProfileAsKeyRepository

Resource associated with LogRecord:
service.name: Appostolic.Api
service.instance.id: cfc7ce07-e6a4-4518-a7e3-7e4ff99e6a9f
telemetry.sdk.name: opentelemetry
telemetry.sdk.language: dotnet
telemetry.sdk.version: 1.9.0

LogRecord.Timestamp:               2025-09-20T11:48:08.5753390Z
info: Appostolic.Api.App.Notifications.AutoResendHostedService[0]
      AutoResend is disabled by configuration
LogRecord.CategoryName:            Appostolic.Api.App.Notifications.AutoResendHostedService
LogRecord.Severity:                Info
LogRecord.SeverityText:            Information
LogRecord.FormattedMessage:        AutoResend is disabled by configuration
LogRecord.Body:                    AutoResend is disabled by configuration
LogRecord.Attributes (Key:Value):
    OriginalFormat (a.k.a Body): AutoResend is disabled by configuration

Resource associated with LogRecord:
service.name: Appostolic.Api
service.instance.id: cfc7ce07-e6a4-4518-a7e3-7e4ff99e6a9f
telemetry.sdk.name: opentelemetry
telemetry.sdk.language: dotnet
telemetry.sdk.version: 1.9.0

info: Microsoft.AspNetCore.Http.Result.OkObjectResult[1]
      Setting HTTP status code 200.
LogRecord.Timestamp:               2025-09-20T11:48:08.6924220Z
LogRecord.TraceId:                 2a72b9455cdf3d8c1f8831f9fb202637
LogRecord.SpanId:                  a257a042b5fccf8d
LogRecord.TraceFlags:              Recorded
LogRecord.CategoryName:            Microsoft.AspNetCore.Http.Result.OkObjectResult
LogRecord.Severity:                Info
LogRecord.SeverityText:            Information
LogRecord.FormattedMessage:        Setting HTTP status code 200.
LogRecord.Body:                    Setting HTTP status code {StatusCode}.
LogRecord.Attributes (Key:Value):
    StatusCode: 200
    OriginalFormat (a.k.a Body): Setting HTTP status code {StatusCode}.
LogRecord.EventId:                 1
LogRecord.EventName:               WritingResultAsStatusCode

Resource associated with LogRecord:
service.name: Appostolic.Api
service.instance.id: cfc7ce07-e6a4-4518-a7e3-7e4ff99e6a9f
telemetry.sdk.name: opentelemetry
telemetry.sdk.language: dotnet
telemetry.sdk.version: 1.9.0

info: Microsoft.AspNetCore.Http.Result.OkObjectResult[3]
      Writing value of type '<>f__AnonymousType37`4' as Json.
LogRecord.Timestamp:               2025-09-20T11:48:08.6930580Z
LogRecord.TraceId:                 2a72b9455cdf3d8c1f8831f9fb202637
LogRecord.SpanId:                  a257a042b5fccf8d
LogRecord.TraceFlags:              Recorded
LogRecord.CategoryName:            Microsoft.AspNetCore.Http.Result.OkObjectResult
LogRecord.Severity:                Info
LogRecord.SeverityText:            Information
LogRecord.FormattedMessage:        Writing value of type '<>f__AnonymousType37`4' as Json.
LogRecord.Body:                    Writing value of type '{Type}' as Json.
LogRecord.Attributes (Key:Value):
    Type: <>f__AnonymousType37`4
    OriginalFormat (a.k.a Body): Writing value of type '{Type}' as Json.
LogRecord.EventId:                 3
LogRecord.EventName:               WritingResultAsJson

Resource associated with LogRecord:
service.name: Appostolic.Api
service.instance.id: cfc7ce07-e6a4-4518-a7e3-7e4ff99e6a9f
telemetry.sdk.name: opentelemetry
telemetry.sdk.language: dotnet
telemetry.sdk.version: 1.9.0

Activity.TraceId:            2a72b9455cdf3d8c1f8831f9fb202637
Activity.SpanId:             a257a042b5fccf8d
Activity.TraceFlags:         Recorded
Activity.ActivitySourceName: Microsoft.AspNetCore
Activity.DisplayName:        POST /api/dev/grant-roles
Activity.Kind:               Server
Activity.StartTime:          2025-09-20T11:48:08.6269590Z
Activity.Duration:           00:00:00.0666430
Activity.Tags:
    server.address: localhost
    http.request.method: POST
    url.scheme: http
    url.path: /api/dev/grant-roles
    network.protocol.version: 1.1
    tenant: kevin-personal
    user: kevin@example.com
    http.route: /api/dev/grant-roles
    http.response.status_code: 200
Resource associated with Activity:
    service.name: Appostolic.Api
    service.instance.id: cfc7ce07-e6a4-4518-a7e3-7e4ff99e6a9f
    telemetry.sdk.name: opentelemetry
    telemetry.sdk.language: dotnet
    telemetry.sdk.version: 1.9.0

info: Microsoft.AspNetCore.Http.Result.OkObjectResult[1]
      Setting HTTP status code 200.
LogRecord.Timestamp:               2025-09-20T11:48:08.6983480Z
LogRecord.TraceId:                 dc0900a137439282ea4e51cd24c2ef01
LogRecord.SpanId:                  c4898180fcdb0f04
LogRecord.TraceFlags:              Recorded
LogRecord.CategoryName:            Microsoft.AspNetCore.Http.Result.OkObjectResult
LogRecord.Severity:                Info
LogRecord.SeverityText:            Information
LogRecord.FormattedMessage:        Setting HTTP status code 200.
LogRecord.Body:                    Setting HTTP status code {StatusCode}.
LogRecord.Attributes (Key:Value):
    StatusCode: 200
    OriginalFormat (a.k.a Body): Setting HTTP status code {StatusCode}.
LogRecord.EventId:                 1
LogRecord.EventName:               WritingResultAsStatusCode

Resource associated with LogRecord:
service.name: Appostolic.Api
service.instance.id: cfc7ce07-e6a4-4518-a7e3-7e4ff99e6a9f
telemetry.sdk.name: opentelemetry
telemetry.sdk.language: dotnet
telemetry.sdk.version: 1.9.0

info: Microsoft.AspNetCore.Http.Result.OkObjectResult[3]
      Writing value of type '<>f__AnonymousType37`4' as Json.
LogRecord.Timestamp:               2025-09-20T11:48:08.6984470Z
LogRecord.TraceId:                 dc0900a137439282ea4e51cd24c2ef01
LogRecord.SpanId:                  c4898180fcdb0f04
LogRecord.TraceFlags:              Recorded
LogRecord.CategoryName:            Microsoft.AspNetCore.Http.Result.OkObjectResult
LogRecord.Severity:                Info
LogRecord.SeverityText:            Information
LogRecord.FormattedMessage:        Writing value of type '<>f__AnonymousType37`4' as Json.
LogRecord.Body:                    Writing value of type '{Type}' as Json.
LogRecord.Attributes (Key:Value):
    Type: <>f__AnonymousType37`4
    OriginalFormat (a.k.a Body): Writing value of type '{Type}' as Json.
LogRecord.EventId:                 3
LogRecord.EventName:               WritingResultAsJson

Resource associated with LogRecord:
service.name: Appostolic.Api
service.instance.id: cfc7ce07-e6a4-4518-a7e3-7e4ff99e6a9f
telemetry.sdk.name: opentelemetry
telemetry.sdk.language: dotnet
telemetry.sdk.version: 1.9.0

Activity.TraceId:            dc0900a137439282ea4e51cd24c2ef01
Activity.SpanId:             c4898180fcdb0f04
Activity.TraceFlags:         Recorded
Activity.ActivitySourceName: Microsoft.AspNetCore
Activity.DisplayName:        POST /api/dev/grant-roles
Activity.Kind:               Server
Activity.StartTime:          2025-09-20T11:48:08.6955840Z
Activity.Duration:           00:00:00.0029580
Activity.Tags:
    server.address: localhost
    http.request.method: POST
    url.scheme: http
    url.path: /api/dev/grant-roles
    network.protocol.version: 1.1
    tenant: kevin-personal
    user: kevin@example.com
    http.route: /api/dev/grant-roles
    http.response.status_code: 200
Resource associated with Activity:
    service.name: Appostolic.Api
    service.instance.id: cfc7ce07-e6a4-4518-a7e3-7e4ff99e6a9f
    telemetry.sdk.name: opentelemetry
    telemetry.sdk.language: dotnet
    telemetry.sdk.version: 1.9.0

info: Microsoft.AspNetCore.Http.Result.BadRequestObjectResult[1]
      Setting HTTP status code 400.
LogRecord.Timestamp:               2025-09-20T11:48:08.7020040Z
LogRecord.TraceId:                 b10f369e97125a8363620e6359126fb3
LogRecord.SpanId:                  bc2e996bae23ff3d
LogRecord.TraceFlags:              Recorded
LogRecord.CategoryName:            Microsoft.AspNetCore.Http.Result.BadRequestObjectResult
LogRecord.Severity:                Info
LogRecord.SeverityText:            Information
LogRecord.FormattedMessage:        Setting HTTP status code 400.
LogRecord.Body:                    Setting HTTP status code {StatusCode}.
LogRecord.Attributes (Key:Value):
    StatusCode: 400
    OriginalFormat (a.k.a Body): Setting HTTP status code {StatusCode}.
LogRecord.EventId:                 1
LogRecord.EventName:               WritingResultAsStatusCode

Resource associated with LogRecord:
service.name: Appostolic.Api
service.instance.id: cfc7ce07-e6a4-4518-a7e3-7e4ff99e6a9f
telemetry.sdk.name: opentelemetry
telemetry.sdk.language: dotnet
telemetry.sdk.version: 1.9.0

LogRecord.Timestamp:               2025-09-20T11:48:08.7022530Z
info: Microsoft.AspNetCore.Http.Result.BadRequestObjectResult[3]
      Writing value of type '<>f__AnonymousType0`1' as Json.
LogRecord.TraceId:                 b10f369e97125a8363620e6359126fb3
LogRecord.SpanId:                  bc2e996bae23ff3d
LogRecord.TraceFlags:              Recorded
LogRecord.CategoryName:            Microsoft.AspNetCore.Http.Result.BadRequestObjectResult
LogRecord.Severity:                Info
LogRecord.SeverityText:            Information
LogRecord.FormattedMessage:        Writing value of type '<>f__AnonymousType0`1' as Json.
LogRecord.Body:                    Writing value of type '{Type}' as Json.
LogRecord.Attributes (Key:Value):
    Type: <>f__AnonymousType0`1
    OriginalFormat (a.k.a Body): Writing value of type '{Type}' as Json.
LogRecord.EventId:                 3
LogRecord.EventName:               WritingResultAsJson

Resource associated with LogRecord:
service.name: Appostolic.Api
service.instance.id: cfc7ce07-e6a4-4518-a7e3-7e4ff99e6a9f
telemetry.sdk.name: opentelemetry
telemetry.sdk.language: dotnet
telemetry.sdk.version: 1.9.0

Activity.TraceId:            b10f369e97125a8363620e6359126fb3
Activity.SpanId:             bc2e996bae23ff3d
Activity.TraceFlags:         Recorded
Activity.ActivitySourceName: Microsoft.AspNetCore
Activity.DisplayName:        POST /api/dev/grant-roles
Activity.Kind:               Server
Activity.StartTime:          2025-09-20T11:48:08.6998800Z
Activity.Duration:           00:00:00.0026960
Activity.Tags:
    server.address: localhost
    http.request.method: POST
    url.scheme: http
    url.path: /api/dev/grant-roles
    network.protocol.version: 1.1
    tenant: kevin-personal
    user: kevin@example.com
    http.route: /api/dev/grant-roles
    http.response.status_code: 400
Resource associated with Activity:
    service.name: Appostolic.Api
    service.instance.id: cfc7ce07-e6a4-4518-a7e3-7e4ff99e6a9f
    telemetry.sdk.name: opentelemetry
    telemetry.sdk.language: dotnet
    telemetry.sdk.version: 1.9.0

LogRecord.Timestamp:               2025-09-20T11:48:08.7168410Z
info: Microsoft.AspNetCore.Http.Result.OkObjectResult[1]
      Setting HTTP status code 200.
LogRecord.TraceId:                 17ecb0504517cb26da72b4f0a955b67a
LogRecord.SpanId:                  eca470cde0126c8c
LogRecord.TraceFlags:              Recorded
LogRecord.CategoryName:            Microsoft.AspNetCore.Http.Result.OkObjectResult
LogRecord.Severity:                Info
LogRecord.SeverityText:            Information
LogRecord.FormattedMessage:        Setting HTTP status code 200.
LogRecord.Body:                    Setting HTTP status code {StatusCode}.
LogRecord.Attributes (Key:Value):
    StatusCode: 200
    OriginalFormat (a.k.a Body): Setting HTTP status code {StatusCode}.
LogRecord.EventId:                 1
LogRecord.EventName:               WritingResultAsStatusCode

Resource associated with LogRecord:
service.name: Appostolic.Api
service.instance.id: cfc7ce07-e6a4-4518-a7e3-7e4ff99e6a9f
telemetry.sdk.name: opentelemetry
telemetry.sdk.language: dotnet
telemetry.sdk.version: 1.9.0

info: Microsoft.AspNetCore.Http.Result.OkObjectResult[3]
      Writing value of type '<>f__AnonymousType37`4' as Json.
LogRecord.Timestamp:               2025-09-20T11:48:08.7169940Z
LogRecord.TraceId:                 17ecb0504517cb26da72b4f0a955b67a
LogRecord.SpanId:                  eca470cde0126c8c
LogRecord.TraceFlags:              Recorded
LogRecord.CategoryName:            Microsoft.AspNetCore.Http.Result.OkObjectResult
LogRecord.Severity:                Info
LogRecord.SeverityText:            Information
LogRecord.FormattedMessage:        Writing value of type '<>f__AnonymousType37`4' as Json.
LogRecord.Body:                    Writing value of type '{Type}' as Json.
LogRecord.Attributes (Key:Value):
    Type: <>f__AnonymousType37`4
    OriginalFormat (a.k.a Body): Writing value of type '{Type}' as Json.
LogRecord.EventId:                 3
LogRecord.EventName:               WritingResultAsJson

Resource associated with LogRecord:
service.name: Appostolic.Api
service.instance.id: cfc7ce07-e6a4-4518-a7e3-7e4ff99e6a9f
telemetry.sdk.name: opentelemetry
telemetry.sdk.language: dotnet
telemetry.sdk.version: 1.9.0

Activity.TraceId:            17ecb0504517cb26da72b4f0a955b67a
Activity.SpanId:             eca470cde0126c8c
Activity.TraceFlags:         Recorded
Activity.ActivitySourceName: Microsoft.AspNetCore
Activity.DisplayName:        POST /api/dev/grant-roles
Activity.Kind:               Server
Activity.StartTime:          2025-09-20T11:48:08.7077340Z
Activity.Duration:           00:00:00.0094840
Activity.Tags:
    server.address: localhost
    http.request.method: POST
    url.scheme: http
    url.path: /api/dev/grant-roles
    network.protocol.version: 1.1
    tenant: kevin-personal
    user: kevin@example.com
    http.route: /api/dev/grant-roles
    http.response.status_code: 200
Resource associated with Activity:
    service.name: Appostolic.Api
    service.instance.id: cfc7ce07-e6a4-4518-a7e3-7e4ff99e6a9f
    telemetry.sdk.name: opentelemetry
    telemetry.sdk.language: dotnet
    telemetry.sdk.version: 1.9.0

info: Microsoft.AspNetCore.Http.Result.OkObjectResult[1]
      Setting HTTP status code 200.
LogRecord.Timestamp:               2025-09-20T11:48:08.7205060Z
LogRecord.TraceId:                 d2d85dd9f200f2edeead02f0131fa2cf
LogRecord.SpanId:                  ee1e6fb2ceecfd1f
LogRecord.TraceFlags:              Recorded
LogRecord.CategoryName:            Microsoft.AspNetCore.Http.Result.OkObjectResult
LogRecord.Severity:                Info
LogRecord.SeverityText:            Information
LogRecord.FormattedMessage:        Setting HTTP status code 200.
LogRecord.Body:                    Setting HTTP status code {StatusCode}.
LogRecord.Attributes (Key:Value):
    StatusCode: 200
    OriginalFormat (a.k.a Body): Setting HTTP status code {StatusCode}.
LogRecord.EventId:                 1
LogRecord.EventName:               WritingResultAsStatusCode

Resource associated with LogRecord:
service.name: Appostolic.Api
service.instance.id: cfc7ce07-e6a4-4518-a7e3-7e4ff99e6a9f
telemetry.sdk.name: opentelemetry
telemetry.sdk.language: dotnet
telemetry.sdk.version: 1.9.0

LogRecord.Timestamp:               2025-09-20T11:48:08.7205660Z
LogRecord.TraceId:                 d2d85dd9f200f2edeead02f0131fa2cf
LogRecord.SpanId:                  ee1e6fb2ceecfd1f
LogRecord.TraceFlags:              Recorded
LogRecord.CategoryName:            Microsoft.AspNetCore.Http.Result.OkObjectResult
LogRecord.Severity:                Info
LogRecord.SeverityText:            Information
LogRecord.FormattedMessage:        Writing value of type '<>f__AnonymousType37`4' as Json.
LogRecord.Body:                    Writing value of type '{Type}' as Json.
LogRecord.Attributes (Key:Value):
    Type: <>f__AnonymousType37`4
    OriginalFormat (a.k.a Body): Writing value of type '{Type}' as Json.
LogRecord.EventId:                 3
LogRecord.EventName:               WritingResultAsJson

Resource associated with LogRecord:
service.name: Appostolic.Api
service.instance.id: cfc7ce07-e6a4-4518-a7e3-7e4ff99e6a9f
info: Microsoft.AspNetCore.Http.Result.OkObjectResult[3]
      Writing value of type '<>f__AnonymousType37`4' as Json.
telemetry.sdk.name: opentelemetry
telemetry.sdk.language: dotnet
telemetry.sdk.version: 1.9.0

Activity.TraceId:            d2d85dd9f200f2edeead02f0131fa2cf
Activity.SpanId:             ee1e6fb2ceecfd1f
Activity.TraceFlags:         Recorded
Activity.ActivitySourceName: Microsoft.AspNetCore
Activity.DisplayName:        POST /api/dev/grant-roles
Activity.Kind:               Server
Activity.StartTime:          2025-09-20T11:48:08.7195900Z
Activity.Duration:           00:00:00.0013450
Activity.Tags:
    server.address: localhost
    http.request.method: POST
    url.scheme: http
    url.path: /api/dev/grant-roles
    network.protocol.version: 1.1
    tenant: kevin-personal
    user: kevin@example.com
    http.route: /api/dev/grant-roles
    http.response.status_code: 200
Resource associated with Activity:
    service.name: Appostolic.Api
    service.instance.id: cfc7ce07-e6a4-4518-a7e3-7e4ff99e6a9f
    telemetry.sdk.name: opentelemetry
    telemetry.sdk.language: dotnet
    telemetry.sdk.version: 1.9.0

Resource associated with Metric:
    service.name: Appostolic.Api
    service.instance.id: cfc7ce07-e6a4-4518-a7e3-7e4ff99e6a9f
    telemetry.sdk.name: opentelemetry
    telemetry.sdk.language: dotnet
    telemetry.sdk.version: 1.9.0

Metric Name: process.runtime.dotnet.gc.collections.count, Number of garbage collections that have occurred since process start., Meter: OpenTelemetry.Instrumentation.Runtime/1.9.0
(2025-09-20T11:48:08.5740930Z, 2025-09-20T11:48:08.7272350Z] generation: gen2 LongSum
Value: 3
(2025-09-20T11:48:08.5740930Z, 2025-09-20T11:48:08.7272350Z] generation: gen1 LongSum
Value: 7
(2025-09-20T11:48:08.5740930Z, 2025-09-20T11:48:08.7272350Z] generation: gen0 LongSum
Value: 3

Metric Name: process.runtime.dotnet.gc.objects.size, Count of bytes currently in use by objects in the GC heap that haven't been collected yet. Fragmentation and other GC committed memory pools are excluded., Unit: bytes, Meter: OpenTelemetry.Instrumentation.Runtime/1.9.0
(2025-09-20T11:48:08.5741030Z, 2025-09-20T11:48:08.7272350Z] LongSumNonMonotonic
Value: 173260080

Metric Name: process.runtime.dotnet.gc.allocations.size, Count of bytes allocated on the managed GC heap since the process start. .NET objects are allocated from this heap. Object allocations from unmanaged languages such as C/C++ do not use this heap., Unit: bytes, Meter: OpenTelemetry.Instrumentation.Runtime/1.9.0
(2025-09-20T11:48:08.5741090Z, 2025-09-20T11:48:08.7272350Z] LongSum
Value: 334511096

Metric Name: process.runtime.dotnet.gc.committed_memory.size, The amount of committed virtual memory for the managed GC heap, as observed during the latest garbage collection. Committed virtual memory may be larger than the heap size because it includes both memory for storing existing objects (the heap size) and some extra memory that is ready to handle newly allocated objects in the future. The value will be unavailable until at least one garbage collection has occurred., Unit: bytes, Meter: OpenTelemetry.Instrumentation.Runtime/1.9.0
(2025-09-20T11:48:08.5741140Z, 2025-09-20T11:48:08.7272350Z] LongSumNonMonotonic
Value: 162512896

Metric Name: process.runtime.dotnet.gc.heap.size, The heap size (including fragmentation), as observed during the latest garbage collection. The value will be unavailable until at least one garbage collection has occurred., Unit: bytes, Meter: OpenTelemetry.Instrumentation.Runtime/1.9.0
(2025-09-20T11:48:08.5741220Z, 2025-09-20T11:48:08.7272360Z] generation: gen0 LongSumNonMonotonic
Value: 5960120
(2025-09-20T11:48:08.5741220Z, 2025-09-20T11:48:08.7272360Z] generation: gen1 LongSumNonMonotonic
Value: 2190208
(2025-09-20T11:48:08.5741220Z, 2025-09-20T11:48:08.7272360Z] generation: gen2 LongSumNonMonotonic
Value: 9868376
(2025-09-20T11:48:08.5741220Z, 2025-09-20T11:48:08.7272360Z] generation: loh LongSumNonMonotonic
Value: 143790304
(2025-09-20T11:48:08.5741220Z, 2025-09-20T11:48:08.7272360Z] generation: poh LongSumNonMonotonic
Value: 262336

Metric Name: process.runtime.dotnet.gc.heap.fragmentation.size, The heap fragmentation, as observed during the latest garbage collection. The value will be unavailable until at least one garbage collection has occurred., Unit: bytes, Meter: OpenTelemetry.Instrumentation.Runtime/1.9.0
(2025-09-20T11:48:08.5741350Z, 2025-09-20T11:48:08.7272360Z] generation: gen0 LongSumNonMonotonic
Value: 5959552
(2025-09-20T11:48:08.5741350Z, 2025-09-20T11:48:08.7272360Z] generation: gen1 LongSumNonMonotonic
Value: 29064
(2025-09-20T11:48:08.5741350Z, 2025-09-20T11:48:08.7272360Z] generation: gen2 LongSumNonMonotonic
Value: 80792
(2025-09-20T11:48:08.5741350Z, 2025-09-20T11:48:08.7272360Z] generation: loh LongSumNonMonotonic
Value: 129328
(2025-09-20T11:48:08.5741350Z, 2025-09-20T11:48:08.7272360Z] generation: poh LongSumNonMonotonic
Value: 0

Metric Name: process.runtime.dotnet.gc.duration, The total amount of time paused in GC since the process start., Unit: ns, Meter: OpenTelemetry.Instrumentation.Runtime/1.9.0
(2025-09-20T11:48:08.5741410Z, 2025-09-20T11:48:08.7272360Z] LongSum
Value: 45890000

Metric Name: process.runtime.dotnet.jit.il_compiled.size, Count of bytes of intermediate language that have been compiled since the process start., Unit: bytes, Meter: OpenTelemetry.Instrumentation.Runtime/1.9.0
(2025-09-20T11:48:08.5741470Z, 2025-09-20T11:48:08.7272360Z] LongSum
Value: 1048478

Metric Name: process.runtime.dotnet.jit.methods_compiled.count, The number of times the JIT compiler compiled a method since the process start. The JIT compiler may be invoked multiple times for the same method to compile with different generic parameters, or because tiered compilation requested different optimization settings., Meter: OpenTelemetry.Instrumentation.Runtime/1.9.0
(2025-09-20T11:48:08.5741610Z, 2025-09-20T11:48:08.7272360Z] LongSum
Value: 14959

Metric Name: process.runtime.dotnet.jit.compilation_time, The amount of time the JIT compiler has spent compiling methods since the process start., Unit: ns, Meter: OpenTelemetry.Instrumentation.Runtime/1.9.0
(2025-09-20T11:48:08.5741700Z, 2025-09-20T11:48:08.7272360Z] LongSum
Value: 1011776500

Metric Name: process.runtime.dotnet.monitor.lock_contention.count, The number of times there was contention when trying to acquire a monitor lock since the process start. Monitor locks are commonly acquired by using the lock keyword in C#, or by calling Monitor.Enter() and Monitor.TryEnter()., Meter: OpenTelemetry.Instrumentation.Runtime/1.9.0
(2025-09-20T11:48:08.5741760Z, 2025-09-20T11:48:08.7272360Z] LongSum
Value: 5

Metric Name: process.runtime.dotnet.thread_pool.threads.count, The number of thread pool threads that currently exist., Meter: OpenTelemetry.Instrumentation.Runtime/1.9.0
(2025-09-20T11:48:08.5741820Z, 2025-09-20T11:48:08.7272360Z] LongSumNonMonotonic
Value: 8

Metric Name: process.runtime.dotnet.thread_pool.completed_items.count, The number of work items that have been processed by the thread pool since the process start., Meter: OpenTelemetry.Instrumentation.Runtime/1.9.0
(2025-09-20T11:48:08.5741870Z, 2025-09-20T11:48:08.7272360Z] LongSum
Value: 238

Metric Name: process.runtime.dotnet.thread_pool.queue.length, The number of work items that are currently queued to be processed by the thread pool., Meter: OpenTelemetry.Instrumentation.Runtime/1.9.0
(2025-09-20T11:48:08.5741930Z, 2025-09-20T11:48:08.7272360Z] LongSumNonMonotonic
Value: 0

Metric Name: process.runtime.dotnet.timer.count, The number of timer instances that are currently active. Timers can be created by many sources such as System.Threading.Timer, Task.Delay, or the timeout in a CancellationSource. An active timer is registered to tick at some point in the future and has not yet been canceled., Meter: OpenTelemetry.Instrumentation.Runtime/1.9.0
(2025-09-20T11:48:08.5741970Z, 2025-09-20T11:48:08.7272370Z] LongSumNonMonotonic
Value: 3

Metric Name: process.runtime.dotnet.assemblies.count, The number of .NET assemblies that are currently loaded., Meter: OpenTelemetry.Instrumentation.Runtime/1.9.0
(2025-09-20T11:48:08.5742030Z, 2025-09-20T11:48:08.7272370Z] LongSumNonMonotonic
Value: 193

Metric Name: http.server.active_requests, Number of active HTTP server requests., Unit: {request}, Meter: Microsoft.AspNetCore.Hosting
(2025-09-20T11:48:08.5742140Z, 2025-09-20T11:48:08.7272370Z] http.request.method: POST url.scheme: http LongSumNonMonotonic
Value: 0

Metric Name: http.server.request.duration, Duration of HTTP server requests., Unit: s, Meter: Microsoft.AspNetCore.Hosting
(2025-09-20T11:48:08.5742230Z, 2025-09-20T11:48:08.7272390Z] http.request.method: POST http.response.status_code: 200 http.route: /api/dev/grant-roles network.protocol.version: 1.1 url.scheme: http Histogram
Value: Sum: 0.08043340000000002 Count: 4 Min: 0.0013472 Max: 0.0666317 
(-Infinity,0.005]:2
(0.005,0.01]:1
(0.01,0.025]:0
(0.025,0.05]:0
(0.05,0.075]:1
(0.075,0.1]:0
(0.1,0.25]:0
(0.25,0.5]:0
(0.5,0.75]:0
(0.75,1]:0
(1,2.5]:0
(2.5,5]:0
(5,7.5]:0
(7.5,10]:0
(10,+Infinity]:0

(2025-09-20T11:48:08.5742230Z, 2025-09-20T11:48:08.7272390Z] http.request.method: POST http.response.status_code: 400 http.route: /api/dev/grant-roles network.protocol.version: 1.1 url.scheme: http Histogram
Value: Sum: 0.0026923 Count: 1 Min: 0.0026923 Max: 0.0026923 
(-Infinity,0.005]:1
(0.005,0.01]:0
(0.01,0.025]:0
(0.025,0.05]:0
(0.05,0.075]:0
(0.075,0.1]:0
(0.1,0.25]:0
(0.25,0.5]:0
(0.5,0.75]:0
(0.75,1]:0
(1,2.5]:0
(2.5,5]:0
(5,7.5]:0
(7.5,10]:0
(10,+Infinity]:0


Metric Name: aspnetcore.routing.match_attempts, Number of requests that were attempted to be matched to an endpoint., Unit: {match_attempt}, Meter: Microsoft.AspNetCore.Routing
(2025-09-20T11:48:08.6213960Z, 2025-09-20T11:48:08.7272390Z] aspnetcore.routing.is_fallback: false aspnetcore.routing.match_status: success http.route: /api/dev/grant-roles LongSum
Value: 5
[Startup] Warning: failed to ensure app.notification_dedupes exists: Relational-specific methods can only be used when the context is using a relational database provider.
info: Endpoints.V1[0]
      [MapV1Endpoints] Environment='Development' IsDevelopment=True
LogRecord.Timestamp:               2025-09-20T11:48:08.7869780Z
LogRecord.CategoryName:            Endpoints.V1
LogRecord.Severity:                Info
LogRecord.SeverityText:            Information
LogRecord.FormattedMessage:        [MapV1Endpoints] Environment='Development' IsDevelopment=True
LogRecord.Body:                    [MapV1Endpoints] Environment='{Env}' IsDevelopment={IsDev}
LogRecord.Attributes (Key:Value):
    Env: Development
    IsDev: true
    OriginalFormat (a.k.a Body): [MapV1Endpoints] Environment='{Env}' IsDevelopment={IsDev}

Resource associated with LogRecord:
service.name: Appostolic.Api
service.instance.id: cfc7ce07-e6a4-4518-a7e3-7e4ff99e6a9f
telemetry.sdk.name: opentelemetry
telemetry.sdk.language: dotnet
telemetry.sdk.version: 1.9.0

info: Microsoft.AspNetCore.DataProtection.KeyManagement.XmlKeyManager[62]
      User profile is available. Using '/Users/kevinmccreary/.aspnet/DataProtection-Keys' as key repository; keys will not be encrypted at rest.
LogRecord.Timestamp:               2025-09-20T11:48:08.7877100Z
LogRecord.CategoryName:            Microsoft.AspNetCore.DataProtection.KeyManagement.XmlKeyManager
LogRecord.Severity:                Info
LogRecord.SeverityText:            Information
LogRecord.FormattedMessage:        User profile is available. Using '/Users/kevinmccreary/.aspnet/DataProtection-Keys' as key repository; keys will not be encrypted at rest.
LogRecord.Body:                    User profile is available. Using '{FullName}' as key repository; keys will not be encrypted at rest.
LogRecord.Attributes (Key:Value):
    FullName: /Users/kevinmccreary/.aspnet/DataProtection-Keys
    OriginalFormat (a.k.a Body): User profile is available. Using '{FullName}' as key repository; keys will not be encrypted at rest.
LogRecord.EventId:                 62
LogRecord.EventName:               UsingProfileAsKeyRepository

Resource associated with LogRecord:
service.name: Appostolic.Api
service.instance.id: cfc7ce07-e6a4-4518-a7e3-7e4ff99e6a9f
telemetry.sdk.name: opentelemetry
telemetry.sdk.language: dotnet
telemetry.sdk.version: 1.9.0

info: Appostolic.Api.App.Notifications.AutoResendHostedService[0]
      AutoResend is disabled by configuration
LogRecord.Timestamp:               2025-09-20T11:48:08.7894950Z
LogRecord.CategoryName:            Appostolic.Api.App.Notifications.AutoResendHostedService
LogRecord.Severity:                Info
LogRecord.SeverityText:            Information
LogRecord.FormattedMessage:        AutoResend is disabled by configuration
LogRecord.Body:                    AutoResend is disabled by configuration
LogRecord.Attributes (Key:Value):
    OriginalFormat (a.k.a Body): AutoResend is disabled by configuration

Resource associated with LogRecord:
service.name: Appostolic.Api
service.instance.id: cfc7ce07-e6a4-4518-a7e3-7e4ff99e6a9f
telemetry.sdk.name: opentelemetry
telemetry.sdk.language: dotnet
telemetry.sdk.version: 1.9.0

info: Appostolic.Api.Infrastructure.Auth.DevHeaderAuthHandler[7]
      Dev was not authenticated. Failure message: Missing x-dev-user or x-tenant headers
LogRecord.Timestamp:               2025-09-20T11:48:08.8848920Z
LogRecord.TraceId:                 10ab155d1511192ba380fffb31a26334
LogRecord.SpanId:                  5672ed2846951464
LogRecord.TraceFlags:              Recorded
LogRecord.CategoryName:            Appostolic.Api.Infrastructure.Auth.DevHeaderAuthHandler
LogRecord.Severity:                Info
LogRecord.SeverityText:            Information
LogRecord.FormattedMessage:        Dev was not authenticated. Failure message: Missing x-dev-user or x-tenant headers
LogRecord.Body:                    {AuthenticationScheme} was not authenticated. Failure message: {FailureMessage}
LogRecord.Attributes (Key:Value):
    AuthenticationScheme: Dev
    FailureMessage: Missing x-dev-user or x-tenant headers
    OriginalFormat (a.k.a Body): {AuthenticationScheme} was not authenticated. Failure message: {FailureMessage}
LogRecord.EventId:                 7
LogRecord.EventName:               AuthenticationSchemeNotAuthenticatedWithFailure

Resource associated with LogRecord:
service.name: Appostolic.Api
service.instance.id: cfc7ce07-e6a4-4518-a7e3-7e4ff99e6a9f
telemetry.sdk.name: opentelemetry
telemetry.sdk.language: dotnet
telemetry.sdk.version: 1.9.0

info: Microsoft.AspNetCore.Http.Result.AcceptedResult[1]
      Setting HTTP status code 202.
LogRecord.Timestamp:               2025-09-20T11:48:08.8883060Z
LogRecord.TraceId:                 10ab155d1511192ba380fffb31a26334
LogRecord.SpanId:                  5672ed2846951464
LogRecord.TraceFlags:              Recorded
LogRecord.CategoryName:            Microsoft.AspNetCore.Http.Result.AcceptedResult
LogRecord.Severity:                Info
LogRecord.SeverityText:            Information
LogRecord.FormattedMessage:        Setting HTTP status code 202.
LogRecord.Body:                    Setting HTTP status code {StatusCode}.
LogRecord.Attributes (Key:Value):
    StatusCode: 202
    OriginalFormat (a.k.a Body): Setting HTTP status code {StatusCode}.
LogRecord.EventId:                 1
LogRecord.EventName:               WritingResultAsStatusCode

Resource associated with LogRecord:
service.name: Appostolic.Api
service.instance.id: cfc7ce07-e6a4-4518-a7e3-7e4ff99e6a9f
telemetry.sdk.name: opentelemetry
telemetry.sdk.language: dotnet
telemetry.sdk.version: 1.9.0

Activity.TraceId:            10ab155d1511192ba380fffb31a26334
Activity.SpanId:             5672ed2846951464
Activity.TraceFlags:         Recorded
Activity.ActivitySourceName: Microsoft.AspNetCore
Activity.DisplayName:        POST /api/notifications/webhook/sendgrid
Activity.Kind:               Server
Activity.StartTime:          2025-09-20T11:48:08.8433230Z
Activity.Duration:           00:00:00.0452150
Activity.Tags:
    server.address: localhost
    http.request.method: POST
    url.scheme: http
    url.path: /api/notifications/webhook/sendgrid
    network.protocol.version: 1.1
    http.route: /api/notifications/webhook/sendgrid
    http.response.status_code: 202
Resource associated with Activity:
    service.name: Appostolic.Api
    service.instance.id: cfc7ce07-e6a4-4518-a7e3-7e4ff99e6a9f
    telemetry.sdk.name: opentelemetry
    telemetry.sdk.language: dotnet
    telemetry.sdk.version: 1.9.0

info: Appostolic.Api.Infrastructure.Auth.DevHeaderAuthHandler[7]
      Dev was not authenticated. Failure message: Missing x-dev-user or x-tenant headers
LogRecord.Timestamp:               2025-09-20T11:48:08.9291470Z
LogRecord.TraceId:                 b37cf6a7e0708761ea7d7325c780cc00
LogRecord.SpanId:                  8ac846b9c356d9a9
LogRecord.TraceFlags:              Recorded
LogRecord.CategoryName:            Appostolic.Api.Infrastructure.Auth.DevHeaderAuthHandler
LogRecord.Severity:                Info
LogRecord.SeverityText:            Information
LogRecord.FormattedMessage:        Dev was not authenticated. Failure message: Missing x-dev-user or x-tenant headers
LogRecord.Body:                    {AuthenticationScheme} was not authenticated. Failure message: {FailureMessage}
LogRecord.Attributes (Key:Value):
    AuthenticationScheme: Dev
    FailureMessage: Missing x-dev-user or x-tenant headers
    OriginalFormat (a.k.a Body): {AuthenticationScheme} was not authenticated. Failure message: {FailureMessage}
LogRecord.EventId:                 7
LogRecord.EventName:               AuthenticationSchemeNotAuthenticatedWithFailure

Resource associated with LogRecord:
service.name: Appostolic.Api
service.instance.id: cfc7ce07-e6a4-4518-a7e3-7e4ff99e6a9f
telemetry.sdk.name: opentelemetry
telemetry.sdk.language: dotnet
telemetry.sdk.version: 1.9.0

LogRecord.Timestamp:               2025-09-20T11:48:08.9432200Z
info: Microsoft.AspNetCore.Http.Result.AcceptedResult[1]
      Setting HTTP status code 202.
LogRecord.TraceId:                 b37cf6a7e0708761ea7d7325c780cc00
LogRecord.SpanId:                  8ac846b9c356d9a9
LogRecord.TraceFlags:              Recorded
LogRecord.CategoryName:            Microsoft.AspNetCore.Http.Result.AcceptedResult
LogRecord.Severity:                Info
LogRecord.SeverityText:            Information
LogRecord.FormattedMessage:        Setting HTTP status code 202.
LogRecord.Body:                    Setting HTTP status code {StatusCode}.
LogRecord.Attributes (Key:Value):
    StatusCode: 202
    OriginalFormat (a.k.a Body): Setting HTTP status code {StatusCode}.
LogRecord.EventId:                 1
LogRecord.EventName:               WritingResultAsStatusCode

Resource associated with LogRecord:
service.name: Appostolic.Api
service.instance.id: cfc7ce07-e6a4-4518-a7e3-7e4ff99e6a9f
telemetry.sdk.name: opentelemetry
telemetry.sdk.language: dotnet
telemetry.sdk.version: 1.9.0

Activity.TraceId:            b37cf6a7e0708761ea7d7325c780cc00
Activity.SpanId:             8ac846b9c356d9a9
Activity.TraceFlags:         Recorded
Activity.ActivitySourceName: Microsoft.AspNetCore
Activity.DisplayName:        POST /api/notifications/webhook/sendgrid
Activity.Kind:               Server
Activity.StartTime:          2025-09-20T11:48:08.9273970Z
Activity.Duration:           00:00:00.0160640
Activity.Tags:
    server.address: localhost
    http.request.method: POST
    url.scheme: http
    url.path: /api/notifications/webhook/sendgrid
    network.protocol.version: 1.1
    http.route: /api/notifications/webhook/sendgrid
    http.response.status_code: 202
Resource associated with Activity:
    service.name: Appostolic.Api
    service.instance.id: cfc7ce07-e6a4-4518-a7e3-7e4ff99e6a9f
    telemetry.sdk.name: opentelemetry
    telemetry.sdk.language: dotnet
    telemetry.sdk.version: 1.9.0

Resource associated with Metric:
    service.name: Appostolic.Api
    service.instance.id: cfc7ce07-e6a4-4518-a7e3-7e4ff99e6a9f
    telemetry.sdk.name: opentelemetry
    telemetry.sdk.language: dotnet
    telemetry.sdk.version: 1.9.0

Metric Name: process.runtime.dotnet.gc.collections.count, Number of garbage collections that have occurred since process start., Meter: OpenTelemetry.Instrumentation.Runtime/1.9.0
(2025-09-20T11:48:08.7886260Z, 2025-09-20T11:48:08.9553890Z] generation: gen2 LongSum
Value: 3
(2025-09-20T11:48:08.7886260Z, 2025-09-20T11:48:08.9553890Z] generation: gen1 LongSum
Value: 7
(2025-09-20T11:48:08.7886260Z, 2025-09-20T11:48:08.9553890Z] generation: gen0 LongSum
Value: 4

Metric Name: process.runtime.dotnet.gc.objects.size, Count of bytes currently in use by objects in the GC heap that haven't been collected yet. Fragmentation and other GC committed memory pools are excluded., Unit: bytes, Meter: OpenTelemetry.Instrumentation.Runtime/1.9.0
(2025-09-20T11:48:08.7886360Z, 2025-09-20T11:48:08.9553890Z] LongSumNonMonotonic
Value: 182525848

Metric Name: process.runtime.dotnet.gc.allocations.size, Count of bytes allocated on the managed GC heap since the process start. .NET objects are allocated from this heap. Object allocations from unmanaged languages such as C/C++ do not use this heap., Unit: bytes, Meter: OpenTelemetry.Instrumentation.Runtime/1.9.0
(2025-09-20T11:48:08.7886420Z, 2025-09-20T11:48:08.9553890Z] LongSum
Value: 347786848

Metric Name: process.runtime.dotnet.gc.committed_memory.size, The amount of committed virtual memory for the managed GC heap, as observed during the latest garbage collection. Committed virtual memory may be larger than the heap size because it includes both memory for storing existing objects (the heap size) and some extra memory that is ready to handle newly allocated objects in the future. The value will be unavailable until at least one garbage collection has occurred., Unit: bytes, Meter: OpenTelemetry.Instrumentation.Runtime/1.9.0
(2025-09-20T11:48:08.7886480Z, 2025-09-20T11:48:08.9553890Z] LongSumNonMonotonic
Value: 168017920

Metric Name: process.runtime.dotnet.gc.heap.size, The heap size (including fragmentation), as observed during the latest garbage collection. The value will be unavailable until at least one garbage collection has occurred., Unit: bytes, Meter: OpenTelemetry.Instrumentation.Runtime/1.9.0
(2025-09-20T11:48:08.7886550Z, 2025-09-20T11:48:08.9553890Z] generation: gen0 LongSumNonMonotonic
Value: 6293264
(2025-09-20T11:48:08.7886550Z, 2025-09-20T11:48:08.9553890Z] generation: gen1 LongSumNonMonotonic
Value: 4286872
(2025-09-20T11:48:08.7886550Z, 2025-09-20T11:48:08.9553890Z] generation: gen2 LongSumNonMonotonic
Value: 9868376
(2025-09-20T11:48:08.7886550Z, 2025-09-20T11:48:08.9553890Z] generation: loh LongSumNonMonotonic
Value: 147185744
(2025-09-20T11:48:08.7886550Z, 2025-09-20T11:48:08.9553890Z] generation: poh LongSumNonMonotonic
Value: 262336

Metric Name: process.runtime.dotnet.gc.heap.fragmentation.size, The heap fragmentation, as observed during the latest garbage collection. The value will be unavailable until at least one garbage collection has occurred., Unit: bytes, Meter: OpenTelemetry.Instrumentation.Runtime/1.9.0
(2025-09-20T11:48:08.7886590Z, 2025-09-20T11:48:08.9553900Z] generation: gen0 LongSumNonMonotonic
Value: 6290888
(2025-09-20T11:48:08.7886590Z, 2025-09-20T11:48:08.9553900Z] generation: gen1 LongSumNonMonotonic
Value: 58464
(2025-09-20T11:48:08.7886590Z, 2025-09-20T11:48:08.9553900Z] generation: gen2 LongSumNonMonotonic
Value: 80792
(2025-09-20T11:48:08.7886590Z, 2025-09-20T11:48:08.9553900Z] generation: loh LongSumNonMonotonic
Value: 130096
(2025-09-20T11:48:08.7886590Z, 2025-09-20T11:48:08.9553900Z] generation: poh LongSumNonMonotonic
Value: 0

Metric Name: process.runtime.dotnet.gc.duration, The total amount of time paused in GC since the process start., Unit: ns, Meter: OpenTelemetry.Instrumentation.Runtime/1.9.0
(2025-09-20T11:48:08.7886650Z, 2025-09-20T11:48:08.9553900Z] LongSum
Value: 51603000

Metric Name: process.runtime.dotnet.jit.il_compiled.size, Count of bytes of intermediate language that have been compiled since the process start., Unit: bytes, Meter: OpenTelemetry.Instrumentation.Runtime/1.9.0
(2025-09-20T11:48:08.7886700Z, 2025-09-20T11:48:08.9553900Z] LongSum
Value: 1131396

Metric Name: process.runtime.dotnet.jit.methods_compiled.count, The number of times the JIT compiler compiled a method since the process start. The JIT compiler may be invoked multiple times for the same method to compile with different generic parameters, or because tiered compilation requested different optimization settings., Meter: OpenTelemetry.Instrumentation.Runtime/1.9.0
(2025-09-20T11:48:08.7886750Z, 2025-09-20T11:48:08.9553910Z] LongSum
Value: 15967

Metric Name: process.runtime.dotnet.jit.compilation_time, The amount of time the JIT compiler has spent compiling methods since the process start., Unit: ns, Meter: OpenTelemetry.Instrumentation.Runtime/1.9.0
(2025-09-20T11:48:08.7886840Z, 2025-09-20T11:48:08.9553910Z] LongSum
Value: 1137415300

Metric Name: process.runtime.dotnet.monitor.lock_contention.count, The number of times there was contention when trying to acquire a monitor lock since the process start. Monitor locks are commonly acquired by using the lock keyword in C#, or by calling Monitor.Enter() and Monitor.TryEnter()., Meter: OpenTelemetry.Instrumentation.Runtime/1.9.0
(2025-09-20T11:48:08.7886890Z, 2025-09-20T11:48:08.9553910Z] LongSum
Value: 6

Metric Name: process.runtime.dotnet.thread_pool.threads.count, The number of thread pool threads that currently exist., Meter: OpenTelemetry.Instrumentation.Runtime/1.9.0
(2025-09-20T11:48:08.7886930Z, 2025-09-20T11:48:08.9553910Z] LongSumNonMonotonic
Value: 8

Metric Name: process.runtime.dotnet.thread_pool.completed_items.count, The number of work items that have been processed by the thread pool since the process start., Meter: OpenTelemetry.Instrumentation.Runtime/1.9.0
(2025-09-20T11:48:08.7886980Z, 2025-09-20T11:48:08.9553910Z] LongSum
Value: 258

Metric Name: process.runtime.dotnet.thread_pool.queue.length, The number of work items that are currently queued to be processed by the thread pool., Meter: OpenTelemetry.Instrumentation.Runtime/1.9.0
(2025-09-20T11:48:08.7887040Z, 2025-09-20T11:48:08.9553920Z] LongSumNonMonotonic
Value: 0

Metric Name: process.runtime.dotnet.timer.count, The number of timer instances that are currently active. Timers can be created by many sources such as System.Threading.Timer, Task.Delay, or the timeout in a CancellationSource. An active timer is registered to tick at some point in the future and has not yet been canceled., Meter: OpenTelemetry.Instrumentation.Runtime/1.9.0
(2025-09-20T11:48:08.7887080Z, 2025-09-20T11:48:08.9553920Z] LongSumNonMonotonic
Value: 3

Metric Name: process.runtime.dotnet.assemblies.count, The number of .NET assemblies that are currently loaded., Meter: OpenTelemetry.Instrumentation.Runtime/1.9.0
(2025-09-20T11:48:08.7887130Z, 2025-09-20T11:48:08.9553920Z] LongSumNonMonotonic
Value: 193

Metric Name: http.server.active_requests, Number of active HTTP server requests., Unit: {request}, Meter: Microsoft.AspNetCore.Hosting
(2025-09-20T11:48:08.7887230Z, 2025-09-20T11:48:08.9553920Z] http.request.method: POST url.scheme: http LongSumNonMonotonic
Value: 0

Metric Name: http.server.request.duration, Duration of HTTP server requests., Unit: s, Meter: Microsoft.AspNetCore.Hosting
(2025-09-20T11:48:08.7887310Z, 2025-09-20T11:48:08.9553930Z] http.request.method: POST http.response.status_code: 202 http.route: /api/notifications/webhook/sendgrid network.protocol.version: 1.1 url.scheme: http Histogram
Value: Sum: 0.0613035 Count: 2 Min: 0.0160909 Max: 0.0452126 
(-Infinity,0.005]:0
(0.005,0.01]:0
(0.01,0.025]:1
(0.025,0.05]:1
(0.05,0.075]:0
(0.075,0.1]:0
(0.1,0.25]:0
(0.25,0.5]:0
(0.5,0.75]:0
(0.75,1]:0
(1,2.5]:0
(2.5,5]:0
(5,7.5]:0
(7.5,10]:0
(10,+Infinity]:0


Metric Name: aspnetcore.routing.match_attempts, Number of requests that were attempted to be matched to an endpoint., Unit: {match_attempt}, Meter: Microsoft.AspNetCore.Routing
(2025-09-20T11:48:08.8427580Z, 2025-09-20T11:48:08.9553940Z] aspnetcore.routing.is_fallback: false aspnetcore.routing.match_status: success http.route: /api/notifications/webhook/sendgrid LongSum
Value: 2
[Startup] Warning: failed to ensure app.notification_dedupes exists: Relational-specific methods can only be used when the context is using a relational database provider.
info: Endpoints.V1[0]
      [MapV1Endpoints] Environment='Development' IsDevelopment=True
LogRecord.Timestamp:               2025-09-20T11:48:09.3287310Z
LogRecord.CategoryName:            Endpoints.V1
LogRecord.Severity:                Info
LogRecord.SeverityText:            Information
LogRecord.FormattedMessage:        [MapV1Endpoints] Environment='Development' IsDevelopment=True
LogRecord.Body:                    [MapV1Endpoints] Environment='{Env}' IsDevelopment={IsDev}
LogRecord.Attributes (Key:Value):
    Env: Development
    IsDev: true
    OriginalFormat (a.k.a Body): [MapV1Endpoints] Environment='{Env}' IsDevelopment={IsDev}

Resource associated with LogRecord:
service.name: Appostolic.Api
service.instance.id: cfc7ce07-e6a4-4518-a7e3-7e4ff99e6a9f
telemetry.sdk.name: opentelemetry
telemetry.sdk.language: dotnet
telemetry.sdk.version: 1.9.0

info: Microsoft.AspNetCore.DataProtection.KeyManagement.XmlKeyManager[62]
      User profile is available. Using '/Users/kevinmccreary/.aspnet/DataProtection-Keys' as key repository; keys will not be encrypted at rest.
LogRecord.Timestamp:               2025-09-20T11:48:09.3295220Z
LogRecord.CategoryName:            Microsoft.AspNetCore.DataProtection.KeyManagement.XmlKeyManager
LogRecord.Severity:                Info
LogRecord.SeverityText:            Information
LogRecord.FormattedMessage:        User profile is available. Using '/Users/kevinmccreary/.aspnet/DataProtection-Keys' as key repository; keys will not be encrypted at rest.
LogRecord.Body:                    User profile is available. Using '{FullName}' as key repository; keys will not be encrypted at rest.
LogRecord.Attributes (Key:Value):
    FullName: /Users/kevinmccreary/.aspnet/DataProtection-Keys
    OriginalFormat (a.k.a Body): User profile is available. Using '{FullName}' as key repository; keys will not be encrypted at rest.
LogRecord.EventId:                 62
LogRecord.EventName:               UsingProfileAsKeyRepository

Resource associated with LogRecord:
service.name: Appostolic.Api
service.instance.id: cfc7ce07-e6a4-4518-a7e3-7e4ff99e6a9f
telemetry.sdk.name: opentelemetry
telemetry.sdk.language: dotnet
telemetry.sdk.version: 1.9.0

info: Appostolic.Api.App.Notifications.AutoResendHostedService[0]
      AutoResend is disabled by configuration
LogRecord.Timestamp:               2025-09-20T11:48:09.3311090Z
LogRecord.CategoryName:            Appostolic.Api.App.Notifications.AutoResendHostedService
LogRecord.Severity:                Info
LogRecord.SeverityText:            Information
LogRecord.FormattedMessage:        AutoResend is disabled by configuration
LogRecord.Body:                    AutoResend is disabled by configuration
LogRecord.Attributes (Key:Value):
    OriginalFormat (a.k.a Body): AutoResend is disabled by configuration

Resource associated with LogRecord:
service.name: Appostolic.Api
service.instance.id: cfc7ce07-e6a4-4518-a7e3-7e4ff99e6a9f
telemetry.sdk.name: opentelemetry
telemetry.sdk.language: dotnet
telemetry.sdk.version: 1.9.0

info: Appostolic.Api.Infrastructure.Auth.DevHeaderAuthHandler[7]
      Dev was not authenticated. Failure message: Missing x-dev-user or x-tenant headers
LogRecord.Timestamp:               2025-09-20T11:48:09.4366880Z
LogRecord.TraceId:                 f830d402768cfe5162beeeb3c8a69b42
LogRecord.SpanId:                  634aad661a758c26
LogRecord.TraceFlags:              Recorded
LogRecord.CategoryName:            Appostolic.Api.Infrastructure.Auth.DevHeaderAuthHandler
LogRecord.Severity:                Info
LogRecord.SeverityText:            Information
LogRecord.FormattedMessage:        Dev was not authenticated. Failure message: Missing x-dev-user or x-tenant headers
LogRecord.Body:                    {AuthenticationScheme} was not authenticated. Failure message: {FailureMessage}
LogRecord.Attributes (Key:Value):
    AuthenticationScheme: Dev
    FailureMessage: Missing x-dev-user or x-tenant headers
    OriginalFormat (a.k.a Body): {AuthenticationScheme} was not authenticated. Failure message: {FailureMessage}
LogRecord.EventId:                 7
LogRecord.EventName:               AuthenticationSchemeNotAuthenticatedWithFailure

Resource associated with LogRecord:
service.name: Appostolic.Api
service.instance.id: cfc7ce07-e6a4-4518-a7e3-7e4ff99e6a9f
telemetry.sdk.name: opentelemetry
telemetry.sdk.language: dotnet
telemetry.sdk.version: 1.9.0

info: Microsoft.AspNetCore.Http.Result.CreatedResult[1]
      Setting HTTP status code 201.
LogRecord.Timestamp:               2025-09-20T11:48:09.5582690Z
LogRecord.TraceId:                 f830d402768cfe5162beeeb3c8a69b42
LogRecord.SpanId:                  634aad661a758c26
LogRecord.TraceFlags:              Recorded
LogRecord.CategoryName:            Microsoft.AspNetCore.Http.Result.CreatedResult
LogRecord.Severity:                Info
LogRecord.SeverityText:            Information
LogRecord.FormattedMessage:        Setting HTTP status code 201.
LogRecord.Body:                    Setting HTTP status code {StatusCode}.
LogRecord.Attributes (Key:Value):
    StatusCode: 201
    OriginalFormat (a.k.a Body): Setting HTTP status code {StatusCode}.
LogRecord.EventId:                 1
LogRecord.EventName:               WritingResultAsStatusCode

Resource associated with LogRecord:
service.name: Appostolic.Api
service.instance.id: cfc7ce07-e6a4-4518-a7e3-7e4ff99e6a9f
telemetry.sdk.name: opentelemetry
telemetry.sdk.language: dotnet
telemetry.sdk.version: 1.9.0

info: Microsoft.AspNetCore.Http.Result.CreatedResult[3]
      Writing value of type '<>f__AnonymousType23`3' as Json.
LogRecord.Timestamp:               2025-09-20T11:48:09.5586660Z
LogRecord.TraceId:                 f830d402768cfe5162beeeb3c8a69b42
LogRecord.SpanId:                  634aad661a758c26
LogRecord.TraceFlags:              Recorded
LogRecord.CategoryName:            Microsoft.AspNetCore.Http.Result.CreatedResult
LogRecord.Severity:                Info
LogRecord.SeverityText:            Information
LogRecord.FormattedMessage:        Writing value of type '<>f__AnonymousType23`3' as Json.
LogRecord.Body:                    Writing value of type '{Type}' as Json.
LogRecord.Attributes (Key:Value):
    Type: <>f__AnonymousType23`3
    OriginalFormat (a.k.a Body): Writing value of type '{Type}' as Json.
LogRecord.EventId:                 3
LogRecord.EventName:               WritingResultAsJson

Resource associated with LogRecord:
service.name: Appostolic.Api
service.instance.id: cfc7ce07-e6a4-4518-a7e3-7e4ff99e6a9f
telemetry.sdk.name: opentelemetry
telemetry.sdk.language: dotnet
telemetry.sdk.version: 1.9.0

Activity.TraceId:            f830d402768cfe5162beeeb3c8a69b42
Activity.SpanId:             634aad661a758c26
Activity.TraceFlags:         Recorded
Activity.ActivitySourceName: Microsoft.AspNetCore
Activity.DisplayName:        POST /api/auth/signup
Activity.Kind:               Server
Activity.StartTime:          2025-09-20T11:48:09.3905540Z
Activity.Duration:           00:00:00.1687340
Activity.Tags:
    server.address: localhost
    http.request.method: POST
    url.scheme: http
    url.path: /api/auth/signup
    network.protocol.version: 1.1
    http.route: /api/auth/signup
    http.response.status_code: 201
Resource associated with Activity:
    service.name: Appostolic.Api
    service.instance.id: cfc7ce07-e6a4-4518-a7e3-7e4ff99e6a9f
    telemetry.sdk.name: opentelemetry
    telemetry.sdk.language: dotnet
    telemetry.sdk.version: 1.9.0

LogRecord.Timestamp:               2025-09-20T11:48:09.5662920Z
LogRecord.TraceId:                 9afd67f3e81f71fb95c5d3960d735ffc
LogRecord.SpanId:                  0563cf6c32264b04
LogRecord.TraceFlags:              Recorded
LogRecord.CategoryName:            Appostolic.Api.Infrastructure.Auth.DevHeaderAuthHandler
LogRecord.Severity:                Info
LogRecord.SeverityText:            Information
LogRecord.FormattedMessage:        Dev was not authenticated. Failure message: Missing x-dev-user or x-tenant headers
LogRecord.Body:                    {AuthenticationScheme} was not authenticated. Failure message: {FailureMessage}
LogRecord.Attributes (Key:Value):
    AuthenticationScheme: Dev
    FailureMessage: Missing x-dev-user or x-tenant headers
    OriginalFormat (a.k.a Body): {AuthenticationScheme} was not authenticated. Failure message: {FailureMessage}
LogRecord.EventId:                 7
LogRecord.EventName:               AuthenticationSchemeNotAuthenticatedWithFailure

Resource associated with LogRecord:
service.name: Appostolic.Api
service.instance.id: cfc7ce07-e6a4-4518-a7e3-7e4ff99e6a9f
telemetry.sdk.name: opentelemetry
telemetry.sdk.language: dotnet
telemetry.sdk.version: 1.9.0

info: Appostolic.Api.Infrastructure.Auth.DevHeaderAuthHandler[7]
      Dev was not authenticated. Failure message: Missing x-dev-user or x-tenant headers
info: Microsoft.AspNetCore.Http.Result.BadRequestObjectResult[1]
      Setting HTTP status code 400.
LogRecord.Timestamp:               2025-09-20T11:48:09.6907140Z
LogRecord.TraceId:                 9afd67f3e81f71fb95c5d3960d735ffc
LogRecord.SpanId:                  0563cf6c32264b04
LogRecord.TraceFlags:              Recorded
LogRecord.CategoryName:            Microsoft.AspNetCore.Http.Result.BadRequestObjectResult
LogRecord.Severity:                Info
LogRecord.SeverityText:            Information
LogRecord.FormattedMessage:        Setting HTTP status code 400.
LogRecord.Body:                    Setting HTTP status code {StatusCode}.
LogRecord.Attributes (Key:Value):
    StatusCode: 400
    OriginalFormat (a.k.a Body): Setting HTTP status code {StatusCode}.
LogRecord.EventId:                 1
LogRecord.EventName:               WritingResultAsStatusCode

Resource associated with LogRecord:
service.name: Appostolic.Api
service.instance.id: cfc7ce07-e6a4-4518-a7e3-7e4ff99e6a9f
telemetry.sdk.name: opentelemetry
telemetry.sdk.language: dotnet
telemetry.sdk.version: 1.9.0

info: Microsoft.AspNetCore.Http.Result.BadRequestObjectResult[3]
      Writing value of type '<>f__AnonymousType0`1' as Json.
LogRecord.Timestamp:               2025-09-20T11:48:09.6909230Z
LogRecord.TraceId:                 9afd67f3e81f71fb95c5d3960d735ffc
LogRecord.SpanId:                  0563cf6c32264b04
LogRecord.TraceFlags:              Recorded
LogRecord.CategoryName:            Microsoft.AspNetCore.Http.Result.BadRequestObjectResult
LogRecord.Severity:                Info
LogRecord.SeverityText:            Information
LogRecord.FormattedMessage:        Writing value of type '<>f__AnonymousType0`1' as Json.
LogRecord.Body:                    Writing value of type '{Type}' as Json.
LogRecord.Attributes (Key:Value):
    Type: <>f__AnonymousType0`1
    OriginalFormat (a.k.a Body): Writing value of type '{Type}' as Json.
LogRecord.EventId:                 3
LogRecord.EventName:               WritingResultAsJson

Resource associated with LogRecord:
service.name: Appostolic.Api
service.instance.id: cfc7ce07-e6a4-4518-a7e3-7e4ff99e6a9f
telemetry.sdk.name: opentelemetry
telemetry.sdk.language: dotnet
telemetry.sdk.version: 1.9.0

Activity.TraceId:            9afd67f3e81f71fb95c5d3960d735ffc
Activity.SpanId:             0563cf6c32264b04
Activity.TraceFlags:         Recorded
Activity.ActivitySourceName: Microsoft.AspNetCore
Activity.DisplayName:        POST /api/auth/signup
Activity.Kind:               Server
Activity.StartTime:          2025-09-20T11:48:09.5641800Z
Activity.Duration:           00:00:00.1270180
Activity.Tags:
    server.address: localhost
    http.request.method: POST
    url.scheme: http
    url.path: /api/auth/signup
    network.protocol.version: 1.1
    http.route: /api/auth/signup
    http.response.status_code: 400
Resource associated with Activity:
    service.name: Appostolic.Api
    service.instance.id: cfc7ce07-e6a4-4518-a7e3-7e4ff99e6a9f
    telemetry.sdk.name: opentelemetry
    telemetry.sdk.language: dotnet
    telemetry.sdk.version: 1.9.0

Resource associated with Metric:
    service.name: Appostolic.Api
    service.instance.id: cfc7ce07-e6a4-4518-a7e3-7e4ff99e6a9f
    telemetry.sdk.name: opentelemetry
    telemetry.sdk.language: dotnet
    telemetry.sdk.version: 1.9.0

Metric Name: process.runtime.dotnet.gc.collections.count, Number of garbage collections that have occurred since process start., Meter: OpenTelemetry.Instrumentation.Runtime/1.9.0
(2025-09-20T11:48:09.3302800Z, 2025-09-20T11:48:09.6921800Z] generation: gen2 LongSum
Value: 3
(2025-09-20T11:48:09.3302800Z, 2025-09-20T11:48:09.6921800Z] generation: gen1 LongSum
Value: 7
(2025-09-20T11:48:09.3302800Z, 2025-09-20T11:48:09.6921800Z] generation: gen0 LongSum
Value: 7

Metric Name: process.runtime.dotnet.gc.objects.size, Count of bytes currently in use by objects in the GC heap that haven't been collected yet. Fragmentation and other GC committed memory pools are excluded., Unit: bytes, Meter: OpenTelemetry.Instrumentation.Runtime/1.9.0
(2025-09-20T11:48:09.3302930Z, 2025-09-20T11:48:09.6921800Z] LongSumNonMonotonic
Value: 330885648

Metric Name: process.runtime.dotnet.gc.allocations.size, Count of bytes allocated on the managed GC heap since the process start. .NET objects are allocated from this heap. Object allocations from unmanaged languages such as C/C++ do not use this heap., Unit: bytes, Meter: OpenTelemetry.Instrumentation.Runtime/1.9.0
(2025-09-20T11:48:09.3302990Z, 2025-09-20T11:48:09.6921800Z] LongSum
Value: 509679304

Metric Name: process.runtime.dotnet.gc.committed_memory.size, The amount of committed virtual memory for the managed GC heap, as observed during the latest garbage collection. Committed virtual memory may be larger than the heap size because it includes both memory for storing existing objects (the heap size) and some extra memory that is ready to handle newly allocated objects in the future. The value will be unavailable until at least one garbage collection has occurred., Unit: bytes, Meter: OpenTelemetry.Instrumentation.Runtime/1.9.0
(2025-09-20T11:48:09.3303070Z, 2025-09-20T11:48:09.6921800Z] LongSumNonMonotonic
Value: 177717248

Metric Name: process.runtime.dotnet.gc.heap.size, The heap size (including fragmentation), as observed during the latest garbage collection. The value will be unavailable until at least one garbage collection has occurred., Unit: bytes, Meter: OpenTelemetry.Instrumentation.Runtime/1.9.0
(2025-09-20T11:48:09.3303110Z, 2025-09-20T11:48:09.6921810Z] generation: gen0 LongSumNonMonotonic
Value: 6718560
(2025-09-20T11:48:09.3303110Z, 2025-09-20T11:48:09.6921810Z] generation: gen1 LongSumNonMonotonic
Value: 9965944
(2025-09-20T11:48:09.3303110Z, 2025-09-20T11:48:09.6921810Z] generation: gen2 LongSumNonMonotonic
Value: 9868376
(2025-09-20T11:48:09.3303110Z, 2025-09-20T11:48:09.6921810Z] generation: loh LongSumNonMonotonic
Value: 150476200
(2025-09-20T11:48:09.3303110Z, 2025-09-20T11:48:09.6921810Z] generation: poh LongSumNonMonotonic
Value: 262336

Metric Name: process.runtime.dotnet.gc.heap.fragmentation.size, The heap fragmentation, as observed during the latest garbage collection. The value will be unavailable until at least one garbage collection has occurred., Unit: bytes, Meter: OpenTelemetry.Instrumentation.Runtime/1.9.0
(2025-09-20T11:48:09.3303190Z, 2025-09-20T11:48:09.6921810Z] generation: gen0 LongSumNonMonotonic
Value: 6718024
(2025-09-20T11:48:09.3303190Z, 2025-09-20T11:48:09.6921810Z] generation: gen1 LongSumNonMonotonic
Value: 150384
(2025-09-20T11:48:09.3303190Z, 2025-09-20T11:48:09.6921810Z] generation: gen2 LongSumNonMonotonic
Value: 80792
(2025-09-20T11:48:09.3303190Z, 2025-09-20T11:48:09.6921810Z] generation: loh LongSumNonMonotonic
Value: 130832
(2025-09-20T11:48:09.3303190Z, 2025-09-20T11:48:09.6921810Z] generation: poh LongSumNonMonotonic
Value: 0

Metric Name: process.runtime.dotnet.gc.duration, The total amount of time paused in GC since the process start., Unit: ns, Meter: OpenTelemetry.Instrumentation.Runtime/1.9.0
(2025-09-20T11:48:09.3303240Z, 2025-09-20T11:48:09.6921810Z] LongSum
Value: 67517000

Metric Name: process.runtime.dotnet.jit.il_compiled.size, Count of bytes of intermediate language that have been compiled since the process start., Unit: bytes, Meter: OpenTelemetry.Instrumentation.Runtime/1.9.0
(2025-09-20T11:48:09.3303290Z, 2025-09-20T11:48:09.6921810Z] LongSum
Value: 1390322

Metric Name: process.runtime.dotnet.jit.methods_compiled.count, The number of times the JIT compiler compiled a method since the process start. The JIT compiler may be invoked multiple times for the same method to compile with different generic parameters, or because tiered compilation requested different optimization settings., Meter: OpenTelemetry.Instrumentation.Runtime/1.9.0
(2025-09-20T11:48:09.3303370Z, 2025-09-20T11:48:09.6921820Z] LongSum
Value: 19632

Metric Name: process.runtime.dotnet.jit.compilation_time, The amount of time the JIT compiler has spent compiling methods since the process start., Unit: ns, Meter: OpenTelemetry.Instrumentation.Runtime/1.9.0
(2025-09-20T11:48:09.3303420Z, 2025-09-20T11:48:09.6921830Z] LongSum
Value: 1416968200

Metric Name: process.runtime.dotnet.monitor.lock_contention.count, The number of times there was contention when trying to acquire a monitor lock since the process start. Monitor locks are commonly acquired by using the lock keyword in C#, or by calling Monitor.Enter() and Monitor.TryEnter()., Meter: OpenTelemetry.Instrumentation.Runtime/1.9.0
(2025-09-20T11:48:09.3303490Z, 2025-09-20T11:48:09.6921830Z] LongSum
Value: 6

Metric Name: process.runtime.dotnet.thread_pool.threads.count, The number of thread pool threads that currently exist., Meter: OpenTelemetry.Instrumentation.Runtime/1.9.0
(2025-09-20T11:48:09.3303550Z, 2025-09-20T11:48:09.6921830Z] LongSumNonMonotonic
Value: 8

Metric Name: process.runtime.dotnet.thread_pool.completed_items.count, The number of work items that have been processed by the thread pool since the process start., Meter: OpenTelemetry.Instrumentation.Runtime/1.9.0
(2025-09-20T11:48:09.3303600Z, 2025-09-20T11:48:09.6921830Z] LongSum
Value: 354

Metric Name: process.runtime.dotnet.thread_pool.queue.length, The number of work items that are currently queued to be processed by the thread pool., Meter: OpenTelemetry.Instrumentation.Runtime/1.9.0
(2025-09-20T11:48:09.3303640Z, 2025-09-20T11:48:09.6921830Z] LongSumNonMonotonic
Value: 0

Metric Name: process.runtime.dotnet.timer.count, The number of timer instances that are currently active. Timers can be created by many sources such as System.Threading.Timer, Task.Delay, or the timeout in a CancellationSource. An active timer is registered to tick at some point in the future and has not yet been canceled., Meter: OpenTelemetry.Instrumentation.Runtime/1.9.0
(2025-09-20T11:48:09.3303700Z, 2025-09-20T11:48:09.6921830Z] LongSumNonMonotonic
Value: 3

Metric Name: process.runtime.dotnet.assemblies.count, The number of .NET assemblies that are currently loaded., Meter: OpenTelemetry.Instrumentation.Runtime/1.9.0
(2025-09-20T11:48:09.3303740Z, 2025-09-20T11:48:09.6921830Z] LongSumNonMonotonic
Value: 202

Metric Name: http.server.active_requests, Number of active HTTP server requests., Unit: {request}, Meter: Microsoft.AspNetCore.Hosting
(2025-09-20T11:48:09.3303860Z, 2025-09-20T11:48:09.6921850Z] http.request.method: POST url.scheme: http LongSumNonMonotonic
Value: 0

Metric Name: http.server.request.duration, Duration of HTTP server requests., Unit: s, Meter: Microsoft.AspNetCore.Hosting
(2025-09-20T11:48:09.3303940Z, 2025-09-20T11:48:09.6921870Z] http.request.method: POST http.response.status_code: 201 http.route: /api/auth/signup network.protocol.version: 1.1 url.scheme: http Histogram
Value: Sum: 0.1687225 Count: 1 Min: 0.1687225 Max: 0.1687225 
(-Infinity,0.005]:0
(0.005,0.01]:0
(0.01,0.025]:0
(0.025,0.05]:0
(0.05,0.075]:0
(0.075,0.1]:0
(0.1,0.25]:1
(0.25,0.5]:0
(0.5,0.75]:0
(0.75,1]:0
(1,2.5]:0
(2.5,5]:0
(5,7.5]:0
(7.5,10]:0
(10,+Infinity]:0

(2025-09-20T11:48:09.3303940Z, 2025-09-20T11:48:09.6921870Z] http.request.method: POST http.response.status_code: 400 http.route: /api/auth/signup network.protocol.version: 1.1 url.scheme: http Histogram
Value: Sum: 0.1269963 Count: 1 Min: 0.1269963 Max: 0.1269963 
(-Infinity,0.005]:0
(0.005,0.01]:0
(0.01,0.025]:0
(0.025,0.05]:0
(0.05,0.075]:0
(0.075,0.1]:0
(0.1,0.25]:1
(0.25,0.5]:0
(0.5,0.75]:0
(0.75,1]:0
(1,2.5]:0
(2.5,5]:0
(5,7.5]:0
(7.5,10]:0
(10,+Infinity]:0


Metric Name: aspnetcore.routing.match_attempts, Number of requests that were attempted to be matched to an endpoint., Unit: {match_attempt}, Meter: Microsoft.AspNetCore.Routing
(2025-09-20T11:48:09.3898570Z, 2025-09-20T11:48:09.6921870Z] aspnetcore.routing.is_fallback: false aspnetcore.routing.match_status: success http.route: /api/auth/signup LongSum
Value: 2
[Startup] Warning: failed to ensure app.notification_dedupes exists: Relational-specific methods can only be used when the context is using a relational database provider.
info: Endpoints.V1[0]
      [MapV1Endpoints] Environment='Development' IsDevelopment=True
LogRecord.Timestamp:               2025-09-20T11:48:09.8161490Z
LogRecord.CategoryName:            Endpoints.V1
LogRecord.Severity:                Info
LogRecord.SeverityText:            Information
LogRecord.FormattedMessage:        [MapV1Endpoints] Environment='Development' IsDevelopment=True
LogRecord.Body:                    [MapV1Endpoints] Environment='{Env}' IsDevelopment={IsDev}
LogRecord.Attributes (Key:Value):
    Env: Development
    IsDev: true
    OriginalFormat (a.k.a Body): [MapV1Endpoints] Environment='{Env}' IsDevelopment={IsDev}

Resource associated with LogRecord:
service.name: Appostolic.Api
service.instance.id: cfc7ce07-e6a4-4518-a7e3-7e4ff99e6a9f
telemetry.sdk.name: opentelemetry
telemetry.sdk.language: dotnet
telemetry.sdk.version: 1.9.0

info: Microsoft.AspNetCore.DataProtection.KeyManagement.XmlKeyManager[62]
      User profile is available. Using '/Users/kevinmccreary/.aspnet/DataProtection-Keys' as key repository; keys will not be encrypted at rest.
LogRecord.Timestamp:               2025-09-20T11:48:09.8191340Z
LogRecord.CategoryName:            Microsoft.AspNetCore.DataProtection.KeyManagement.XmlKeyManager
LogRecord.Severity:                Info
LogRecord.SeverityText:            Information
LogRecord.FormattedMessage:        User profile is available. Using '/Users/kevinmccreary/.aspnet/DataProtection-Keys' as key repository; keys will not be encrypted at rest.
LogRecord.Body:                    User profile is available. Using '{FullName}' as key repository; keys will not be encrypted at rest.
LogRecord.Attributes (Key:Value):
    FullName: /Users/kevinmccreary/.aspnet/DataProtection-Keys
    OriginalFormat (a.k.a Body): User profile is available. Using '{FullName}' as key repository; keys will not be encrypted at rest.
LogRecord.EventId:                 62
LogRecord.EventName:               UsingProfileAsKeyRepository

Resource associated with LogRecord:
service.name: Appostolic.Api
service.instance.id: cfc7ce07-e6a4-4518-a7e3-7e4ff99e6a9f
telemetry.sdk.name: opentelemetry
telemetry.sdk.language: dotnet
telemetry.sdk.version: 1.9.0

info: Appostolic.Api.App.Notifications.AutoResendHostedService[0]
      AutoResend is disabled by configuration
LogRecord.Timestamp:               2025-09-20T11:48:09.8499210Z
LogRecord.CategoryName:            Appostolic.Api.App.Notifications.AutoResendHostedService
LogRecord.Severity:                Info
LogRecord.SeverityText:            Information
LogRecord.FormattedMessage:        AutoResend is disabled by configuration
LogRecord.Body:                    AutoResend is disabled by configuration
LogRecord.Attributes (Key:Value):
    OriginalFormat (a.k.a Body): AutoResend is disabled by configuration

Resource associated with LogRecord:
service.name: Appostolic.Api
service.instance.id: cfc7ce07-e6a4-4518-a7e3-7e4ff99e6a9f
telemetry.sdk.name: opentelemetry
telemetry.sdk.language: dotnet
telemetry.sdk.version: 1.9.0

info: Microsoft.AspNetCore.Http.Result.ConflictObjectResult[1]
      Setting HTTP status code 409.
LogRecord.Timestamp:               2025-09-20T11:48:09.9624950Z
LogRecord.TraceId:                 d54198530f3eb03873c9050794d20133
LogRecord.SpanId:                  9b6aefcff6a2ff0c
LogRecord.TraceFlags:              Recorded
LogRecord.CategoryName:            Microsoft.AspNetCore.Http.Result.ConflictObjectResult
LogRecord.Severity:                Info
LogRecord.SeverityText:            Information
LogRecord.FormattedMessage:        Setting HTTP status code 409.
LogRecord.Body:                    Setting HTTP status code {StatusCode}.
LogRecord.Attributes (Key:Value):
    StatusCode: 409
    OriginalFormat (a.k.a Body): Setting HTTP status code {StatusCode}.
LogRecord.EventId:                 1
LogRecord.EventName:               WritingResultAsStatusCode

Resource associated with LogRecord:
service.name: Appostolic.Api
service.instance.id: cfc7ce07-e6a4-4518-a7e3-7e4ff99e6a9f
telemetry.sdk.name: opentelemetry
telemetry.sdk.language: dotnet
telemetry.sdk.version: 1.9.0

info: Microsoft.AspNetCore.Http.Result.ConflictObjectResult[3]
      Writing value of type '<>f__AnonymousType0`1' as Json.
LogRecord.Timestamp:               2025-09-20T11:48:09.9627540Z
LogRecord.TraceId:                 d54198530f3eb03873c9050794d20133
LogRecord.SpanId:                  9b6aefcff6a2ff0c
LogRecord.TraceFlags:              Recorded
LogRecord.CategoryName:            Microsoft.AspNetCore.Http.Result.ConflictObjectResult
LogRecord.Severity:                Info
LogRecord.SeverityText:            Information
LogRecord.FormattedMessage:        Writing value of type '<>f__AnonymousType0`1' as Json.
LogRecord.Body:                    Writing value of type '{Type}' as Json.
LogRecord.Attributes (Key:Value):
    Type: <>f__AnonymousType0`1
    OriginalFormat (a.k.a Body): Writing value of type '{Type}' as Json.
LogRecord.EventId:                 3
LogRecord.EventName:               WritingResultAsJson

Resource associated with LogRecord:
service.name: Appostolic.Api
service.instance.id: cfc7ce07-e6a4-4518-a7e3-7e4ff99e6a9f
telemetry.sdk.name: opentelemetry
telemetry.sdk.language: dotnet
telemetry.sdk.version: 1.9.0

Activity.TraceId:            d54198530f3eb03873c9050794d20133
Activity.SpanId:             9b6aefcff6a2ff0c
Activity.TraceFlags:         Recorded
Activity.ActivitySourceName: Microsoft.AspNetCore
Activity.DisplayName:        POST /api/tenants/{tenantId:guid}/memberships/{userId:guid}/roles
Activity.Kind:               Server
Activity.StartTime:          2025-09-20T11:48:09.9012500Z
Activity.Duration:           00:00:00.0617650
Activity.Tags:
    server.address: localhost
    http.request.method: POST
    url.scheme: http
    url.path: /api/tenants/d1680817-cd18-40b7-b3f4-a742eb46b27f/memberships/3c96a084-c15d-4027-912f-4f896e1826da/roles
    network.protocol.version: 1.1
    tenant: tenant-af06b864ee594b3ea2a7216e8d8a9257
    user: kevin@example.com
    http.route: /api/tenants/{tenantId:guid}/memberships/{userId:guid}/roles
    http.response.status_code: 409
Resource associated with Activity:
    service.name: Appostolic.Api
    service.instance.id: cfc7ce07-e6a4-4518-a7e3-7e4ff99e6a9f
    telemetry.sdk.name: opentelemetry
    telemetry.sdk.language: dotnet
    telemetry.sdk.version: 1.9.0

info: Microsoft.AspNetCore.Http.Result.NotFoundObjectResult[1]
      Setting HTTP status code 404.
LogRecord.Timestamp:               2025-09-20T11:48:09.9774000Z
LogRecord.TraceId:                 bc20a23e583ed3ae9534b9ce52e150eb
LogRecord.SpanId:                  009aa7af7debdb88
LogRecord.TraceFlags:              Recorded
LogRecord.CategoryName:            Microsoft.AspNetCore.Http.Result.NotFoundObjectResult
LogRecord.Severity:                Info
LogRecord.SeverityText:            Information
LogRecord.FormattedMessage:        Setting HTTP status code 404.
LogRecord.Body:                    Setting HTTP status code {StatusCode}.
LogRecord.Attributes (Key:Value):
    StatusCode: 404
    OriginalFormat (a.k.a Body): Setting HTTP status code {StatusCode}.
LogRecord.EventId:                 1
LogRecord.EventName:               WritingResultAsStatusCode

Resource associated with LogRecord:
service.name: Appostolic.Api
service.instance.id: cfc7ce07-e6a4-4518-a7e3-7e4ff99e6a9f
telemetry.sdk.name: opentelemetry
telemetry.sdk.language: dotnet
telemetry.sdk.version: 1.9.0

Activity.TraceId:            bc20a23e583ed3ae9534b9ce52e150eb
Activity.SpanId:             009aa7af7debdb88
Activity.TraceFlags:         Recorded
Activity.ActivitySourceName: Microsoft.AspNetCore
Activity.DisplayName:        POST /api/tenants/{tenantId:guid}/memberships/{userId:guid}/roles
Activity.Kind:               Server
Activity.StartTime:          2025-09-20T11:48:09.9747510Z
Activity.Duration:           00:00:00.0028660
Activity.Tags:
    server.address: localhost
    http.request.method: POST
    url.scheme: http
    url.path: /api/tenants/d5dc892c-3682-4b67-925d-72de4329ebef/memberships/79e564bf-af30-42e6-9239-9f83af52c692/roles
    network.protocol.version: 1.1
    tenant: kevin-personal
    user: kevin@example.com
    http.route: /api/tenants/{tenantId:guid}/memberships/{userId:guid}/roles
    http.response.status_code: 404
Resource associated with Activity:
    service.name: Appostolic.Api
    service.instance.id: cfc7ce07-e6a4-4518-a7e3-7e4ff99e6a9f
    telemetry.sdk.name: opentelemetry
    telemetry.sdk.language: dotnet
    telemetry.sdk.version: 1.9.0

info: Microsoft.AspNetCore.Http.Result.BadRequestObjectResult[1]
      Setting HTTP status code 400.
LogRecord.Timestamp:               2025-09-20T11:48:09.9803510Z
LogRecord.TraceId:                 82ed575e2bbe4dd09d41cab48e1d9d6c
LogRecord.SpanId:                  af2991c4a6d9de1d
LogRecord.TraceFlags:              Recorded
LogRecord.CategoryName:            Microsoft.AspNetCore.Http.Result.BadRequestObjectResult
LogRecord.Severity:                Info
LogRecord.SeverityText:            Information
LogRecord.FormattedMessage:        Setting HTTP status code 400.
LogRecord.Body:                    Setting HTTP status code {StatusCode}.
LogRecord.Attributes (Key:Value):
    StatusCode: 400
    OriginalFormat (a.k.a Body): Setting HTTP status code {StatusCode}.
LogRecord.EventId:                 1
LogRecord.EventName:               WritingResultAsStatusCode

Resource associated with LogRecord:
service.name: Appostolic.Api
service.instance.id: cfc7ce07-e6a4-4518-a7e3-7e4ff99e6a9f
telemetry.sdk.name: opentelemetry
telemetry.sdk.language: dotnet
telemetry.sdk.version: 1.9.0

LogRecord.Timestamp:               2025-09-20T11:48:09.9804120Z
LogRecord.TraceId:                 82ed575e2bbe4dd09d41cab48e1d9d6c
LogRecord.SpanId:                  af2991c4a6d9de1d
info: Microsoft.AspNetCore.Http.Result.BadRequestObjectResult[3]
      Writing value of type '<>f__AnonymousType0`1' as Json.
LogRecord.TraceFlags:              Recorded
LogRecord.CategoryName:            Microsoft.AspNetCore.Http.Result.BadRequestObjectResult
LogRecord.Severity:                Info
LogRecord.SeverityText:            Information
LogRecord.FormattedMessage:        Writing value of type '<>f__AnonymousType0`1' as Json.
LogRecord.Body:                    Writing value of type '{Type}' as Json.
LogRecord.Attributes (Key:Value):
    Type: <>f__AnonymousType0`1
    OriginalFormat (a.k.a Body): Writing value of type '{Type}' as Json.
LogRecord.EventId:                 3
LogRecord.EventName:               WritingResultAsJson

Resource associated with LogRecord:
service.name: Appostolic.Api
service.instance.id: cfc7ce07-e6a4-4518-a7e3-7e4ff99e6a9f
telemetry.sdk.name: opentelemetry
telemetry.sdk.language: dotnet
telemetry.sdk.version: 1.9.0

Activity.TraceId:            82ed575e2bbe4dd09d41cab48e1d9d6c
Activity.SpanId:             af2991c4a6d9de1d
Activity.TraceFlags:         Recorded
Activity.ActivitySourceName: Microsoft.AspNetCore
Activity.DisplayName:        POST /api/tenants/{tenantId:guid}/memberships/{userId:guid}/roles
Activity.Kind:               Server
Activity.StartTime:          2025-09-20T11:48:09.9782200Z
Activity.Duration:           00:00:00.0022860
Activity.Tags:
    server.address: localhost
    http.request.method: POST
    url.scheme: http
    url.path: /api/tenants/d5dc892c-3682-4b67-925d-72de4329ebef/memberships/4fdb244c-c67a-4666-9a93-2cdd61116d8b/roles
    network.protocol.version: 1.1
    tenant: kevin-personal
    user: kevin@example.com
    http.route: /api/tenants/{tenantId:guid}/memberships/{userId:guid}/roles
    http.response.status_code: 400
Resource associated with Activity:
    service.name: Appostolic.Api
    service.instance.id: cfc7ce07-e6a4-4518-a7e3-7e4ff99e6a9f
    telemetry.sdk.name: opentelemetry
    telemetry.sdk.language: dotnet
    telemetry.sdk.version: 1.9.0

LogRecord.Timestamp:               2025-09-20T11:48:09.9874220Z
info: Microsoft.AspNetCore.Http.Result.OkObjectResult[1]
      Setting HTTP status code 200.
LogRecord.TraceId:                 941d1b268a4567d390fcf23fd000d5b1
LogRecord.SpanId:                  fac82ad7deae4e3d
LogRecord.TraceFlags:              Recorded
LogRecord.CategoryName:            Microsoft.AspNetCore.Http.Result.OkObjectResult
LogRecord.Severity:                Info
LogRecord.SeverityText:            Information
LogRecord.FormattedMessage:        Setting HTTP status code 200.
LogRecord.Body:                    Setting HTTP status code {StatusCode}.
LogRecord.Attributes (Key:Value):
    StatusCode: 200
    OriginalFormat (a.k.a Body): Setting HTTP status code {StatusCode}.
LogRecord.EventId:                 1
LogRecord.EventName:               WritingResultAsStatusCode

Resource associated with LogRecord:
service.name: Appostolic.Api
service.instance.id: cfc7ce07-e6a4-4518-a7e3-7e4ff99e6a9f
telemetry.sdk.name: opentelemetry
telemetry.sdk.language: dotnet
telemetry.sdk.version: 1.9.0

LogRecord.Timestamp:               2025-09-20T11:48:09.9879520Z
LogRecord.TraceId:                 941d1b268a4567d390fcf23fd000d5b1
info: Microsoft.AspNetCore.Http.Result.OkObjectResult[3]
      Writing value of type '<>f__AnonymousType35`3' as Json.
LogRecord.SpanId:                  fac82ad7deae4e3d
LogRecord.TraceFlags:              Recorded
LogRecord.CategoryName:            Microsoft.AspNetCore.Http.Result.OkObjectResult
LogRecord.Severity:                Info
LogRecord.SeverityText:            Information
LogRecord.FormattedMessage:        Writing value of type '<>f__AnonymousType35`3' as Json.
LogRecord.Body:                    Writing value of type '{Type}' as Json.
LogRecord.Attributes (Key:Value):
    Type: <>f__AnonymousType35`3
    OriginalFormat (a.k.a Body): Writing value of type '{Type}' as Json.
LogRecord.EventId:                 3
LogRecord.EventName:               WritingResultAsJson

Resource associated with LogRecord:
service.name: Appostolic.Api
service.instance.id: cfc7ce07-e6a4-4518-a7e3-7e4ff99e6a9f
telemetry.sdk.name: opentelemetry
telemetry.sdk.language: dotnet
telemetry.sdk.version: 1.9.0

Activity.TraceId:            941d1b268a4567d390fcf23fd000d5b1
Activity.SpanId:             fac82ad7deae4e3d
Activity.TraceFlags:         Recorded
Activity.ActivitySourceName: Microsoft.AspNetCore
Activity.DisplayName:        POST /api/tenants/{tenantId:guid}/memberships/{userId:guid}/roles
Activity.Kind:               Server
Activity.StartTime:          2025-09-20T11:48:09.9823640Z
Activity.Duration:           00:00:00.0059620
Activity.Tags:
    server.address: localhost
    http.request.method: POST
    url.scheme: http
    url.path: /api/tenants/d5dc892c-3682-4b67-925d-72de4329ebef/memberships/eb039dbc-ba44-49dc-b908-4eb7972aff9b/roles
    network.protocol.version: 1.1
    tenant: kevin-personal
    user: kevin@example.com
    http.route: /api/tenants/{tenantId:guid}/memberships/{userId:guid}/roles
    http.response.status_code: 200
Resource associated with Activity:
    service.name: Appostolic.Api
    service.instance.id: cfc7ce07-e6a4-4518-a7e3-7e4ff99e6a9f
    telemetry.sdk.name: opentelemetry
    telemetry.sdk.language: dotnet
    telemetry.sdk.version: 1.9.0

info: Microsoft.AspNetCore.Http.Result.NoContentResult[1]
      Setting HTTP status code 204.
LogRecord.Timestamp:               2025-09-20T11:48:09.9895540Z
LogRecord.TraceId:                 2c7893ee3be35386170b8536f5687612
LogRecord.SpanId:                  ccbb9812df183c3d
LogRecord.TraceFlags:              Recorded
LogRecord.CategoryName:            Microsoft.AspNetCore.Http.Result.NoContentResult
LogRecord.Severity:                Info
LogRecord.SeverityText:            Information
LogRecord.FormattedMessage:        Setting HTTP status code 204.
LogRecord.Body:                    Setting HTTP status code {StatusCode}.
LogRecord.Attributes (Key:Value):
    StatusCode: 204
    OriginalFormat (a.k.a Body): Setting HTTP status code {StatusCode}.
LogRecord.EventId:                 1
LogRecord.EventName:               WritingResultAsStatusCode

Resource associated with LogRecord:
service.name: Appostolic.Api
service.instance.id: cfc7ce07-e6a4-4518-a7e3-7e4ff99e6a9f
telemetry.sdk.name: opentelemetry
telemetry.sdk.language: dotnet
telemetry.sdk.version: 1.9.0

Activity.TraceId:            2c7893ee3be35386170b8536f5687612
Activity.SpanId:             ccbb9812df183c3d
Activity.TraceFlags:         Recorded
Activity.ActivitySourceName: Microsoft.AspNetCore
Activity.DisplayName:        POST /api/tenants/{tenantId:guid}/memberships/{userId:guid}/roles
Activity.Kind:               Server
Activity.StartTime:          2025-09-20T11:48:09.9890050Z
Activity.Duration:           00:00:00.0006240
Activity.Tags:
    server.address: localhost
    http.request.method: POST
    url.scheme: http
    url.path: /api/tenants/d5dc892c-3682-4b67-925d-72de4329ebef/memberships/eb039dbc-ba44-49dc-b908-4eb7972aff9b/roles
    network.protocol.version: 1.1
    tenant: kevin-personal
    user: kevin@example.com
    http.route: /api/tenants/{tenantId:guid}/memberships/{userId:guid}/roles
    http.response.status_code: 204
Resource associated with Activity:
    service.name: Appostolic.Api
    service.instance.id: cfc7ce07-e6a4-4518-a7e3-7e4ff99e6a9f
    telemetry.sdk.name: opentelemetry
    telemetry.sdk.language: dotnet
    telemetry.sdk.version: 1.9.0

LogRecord.Timestamp:               2025-09-20T11:48:10.0047840Z
info: Microsoft.AspNetCore.Http.Result.OkObjectResult[1]
      Setting HTTP status code 200.
LogRecord.TraceId:                 876575dd4f42ebdbb7615381bf8751c9
LogRecord.SpanId:                  6c30981d657d96f1
LogRecord.TraceFlags:              Recorded
LogRecord.CategoryName:            Microsoft.AspNetCore.Http.Result.OkObjectResult
LogRecord.Severity:                Info
LogRecord.SeverityText:            Information
LogRecord.FormattedMessage:        Setting HTTP status code 200.
LogRecord.Body:                    Setting HTTP status code {StatusCode}.
LogRecord.Attributes (Key:Value):
    StatusCode: 200
    OriginalFormat (a.k.a Body): Setting HTTP status code {StatusCode}.
LogRecord.EventId:                 1
LogRecord.EventName:               WritingResultAsStatusCode

Resource associated with LogRecord:
service.name: Appostolic.Api
service.instance.id: cfc7ce07-e6a4-4518-a7e3-7e4ff99e6a9f
telemetry.sdk.name: opentelemetry
telemetry.sdk.language: dotnet
telemetry.sdk.version: 1.9.0

info: Microsoft.AspNetCore.Http.Result.OkObjectResult[3]
      Writing value of type 'List`1' as Json.
LogRecord.Timestamp:               2025-09-20T11:48:10.0061010Z
LogRecord.TraceId:                 876575dd4f42ebdbb7615381bf8751c9
LogRecord.SpanId:                  6c30981d657d96f1
LogRecord.TraceFlags:              Recorded
LogRecord.CategoryName:            Microsoft.AspNetCore.Http.Result.OkObjectResult
LogRecord.Severity:                Info
LogRecord.SeverityText:            Information
LogRecord.FormattedMessage:        Writing value of type 'List`1' as Json.
LogRecord.Body:                    Writing value of type '{Type}' as Json.
LogRecord.Attributes (Key:Value):
    Type: List`1
    OriginalFormat (a.k.a Body): Writing value of type '{Type}' as Json.
LogRecord.EventId:                 3
LogRecord.EventName:               WritingResultAsJson

Resource associated with LogRecord:
service.name: Appostolic.Api
service.instance.id: cfc7ce07-e6a4-4518-a7e3-7e4ff99e6a9f
telemetry.sdk.name: opentelemetry
telemetry.sdk.language: dotnet
telemetry.sdk.version: 1.9.0

Activity.TraceId:            876575dd4f42ebdbb7615381bf8751c9
Activity.SpanId:             6c30981d657d96f1
Activity.TraceFlags:         Recorded
Activity.ActivitySourceName: Microsoft.AspNetCore
Activity.DisplayName:        GET /api/tenants/{tenantId:guid}/memberships
Activity.Kind:               Server
Activity.StartTime:          2025-09-20T11:48:09.9909880Z
Activity.Duration:           00:00:00.0166460
Activity.Tags:
    server.address: localhost
    http.request.method: GET
    url.scheme: http
    url.path: /api/tenants/d5dc892c-3682-4b67-925d-72de4329ebef/memberships
    network.protocol.version: 1.1
    tenant: kevin-personal
    user: kevin@example.com
    http.route: /api/tenants/{tenantId:guid}/memberships
    http.response.status_code: 200
Resource associated with Activity:
    service.name: Appostolic.Api
    service.instance.id: cfc7ce07-e6a4-4518-a7e3-7e4ff99e6a9f
    telemetry.sdk.name: opentelemetry
    telemetry.sdk.language: dotnet
    telemetry.sdk.version: 1.9.0

info: Microsoft.AspNetCore.Authorization.DefaultAuthorizationService[2]
      Authorization failed. These requirements were not met:
      Appostolic.Api.Infrastructure.Auth.RoleRequirement
LogRecord.Timestamp:               2025-09-20T11:48:10.0091010Z
LogRecord.TraceId:                 85085036a27e8107b39165fa6ff5dd8e
LogRecord.SpanId:                  8dfc1f3ee3e8fe6b
LogRecord.TraceFlags:              Recorded
LogRecord.CategoryName:            Microsoft.AspNetCore.Authorization.DefaultAuthorizationService
LogRecord.Severity:                Info
LogRecord.SeverityText:            Information
LogRecord.FormattedMessage:        Authorization failed. These requirements were not met:
Appostolic.Api.Infrastructure.Auth.RoleRequirement
LogRecord.Body:                    Authorization failed. {Reason}
LogRecord.Attributes (Key:Value):
    Reason: These requirements were not met:
Appostolic.Api.Infrastructure.Auth.RoleRequirement
    OriginalFormat (a.k.a Body): Authorization failed. {Reason}
LogRecord.EventId:                 2
LogRecord.EventName:               UserAuthorizationFailed

Resource associated with LogRecord:
service.name: Appostolic.Api
service.instance.id: cfc7ce07-e6a4-4518-a7e3-7e4ff99e6a9f
telemetry.sdk.name: opentelemetry
telemetry.sdk.language: dotnet
telemetry.sdk.version: 1.9.0

Activity.TraceId:            85085036a27e8107b39165fa6ff5dd8e
Activity.SpanId:             8dfc1f3ee3e8fe6b
Activity.TraceFlags:         Recorded
Activity.ActivitySourceName: Microsoft.AspNetCore
Activity.DisplayName:        GET /api/tenants/{tenantId:guid}/memberships
Activity.Kind:               Server
Activity.StartTime:          2025-09-20T11:48:10.0083160Z
Activity.Duration:           00:00:00.0020230
Activity.Tags:
    server.address: localhost
    http.request.method: GET
    url.scheme: http
    url.path: /api/tenants/d5dc892c-3682-4b67-925d-72de4329ebef/memberships
    network.protocol.version: 1.1
    http.route: /api/tenants/{tenantId:guid}/memberships
    http.response.status_code: 403
Resource associated with Activity:
    service.name: Appostolic.Api
    service.instance.id: cfc7ce07-e6a4-4518-a7e3-7e4ff99e6a9f
    telemetry.sdk.name: opentelemetry
    telemetry.sdk.language: dotnet
    telemetry.sdk.version: 1.9.0

info: Microsoft.AspNetCore.Authorization.DefaultAuthorizationService[2]
      Authorization failed. These requirements were not met:
      Appostolic.Api.Infrastructure.Auth.RoleRequirement
LogRecord.Timestamp:               2025-09-20T11:48:10.0122260Z
LogRecord.TraceId:                 f4952a81679d86ba9a572280d867d770
LogRecord.SpanId:                  b888d1a4ee6f0bfe
LogRecord.TraceFlags:              Recorded
LogRecord.CategoryName:            Microsoft.AspNetCore.Authorization.DefaultAuthorizationService
LogRecord.Severity:                Info
LogRecord.SeverityText:            Information
LogRecord.FormattedMessage:        Authorization failed. These requirements were not met:
Appostolic.Api.Infrastructure.Auth.RoleRequirement
LogRecord.Body:                    Authorization failed. {Reason}
LogRecord.Attributes (Key:Value):
    Reason: These requirements were not met:
Appostolic.Api.Infrastructure.Auth.RoleRequirement
    OriginalFormat (a.k.a Body): Authorization failed. {Reason}
LogRecord.EventId:                 2
LogRecord.EventName:               UserAuthorizationFailed

Resource associated with LogRecord:
service.name: Appostolic.Api
service.instance.id: cfc7ce07-e6a4-4518-a7e3-7e4ff99e6a9f
telemetry.sdk.name: opentelemetry
telemetry.sdk.language: dotnet
telemetry.sdk.version: 1.9.0

Activity.TraceId:            f4952a81679d86ba9a572280d867d770
Activity.SpanId:             b888d1a4ee6f0bfe
Activity.TraceFlags:         Recorded
Activity.ActivitySourceName: Microsoft.AspNetCore
Activity.DisplayName:        POST /api/tenants/{tenantId:guid}/memberships/{userId:guid}/roles
Activity.Kind:               Server
Activity.StartTime:          2025-09-20T11:48:10.0117960Z
Activity.Duration:           00:00:00.0006290
Activity.Tags:
    server.address: localhost
    http.request.method: POST
    url.scheme: http
    url.path: /api/tenants/d5dc892c-3682-4b67-925d-72de4329ebef/memberships/3c03cf80-f1e1-4137-b2a8-488d6a56275a/roles
    network.protocol.version: 1.1
    http.route: /api/tenants/{tenantId:guid}/memberships/{userId:guid}/roles
    http.response.status_code: 403
Resource associated with Activity:
    service.name: Appostolic.Api
    service.instance.id: cfc7ce07-e6a4-4518-a7e3-7e4ff99e6a9f
    telemetry.sdk.name: opentelemetry
    telemetry.sdk.language: dotnet
    telemetry.sdk.version: 1.9.0

Resource associated with Metric:
    service.name: Appostolic.Api
    service.instance.id: cfc7ce07-e6a4-4518-a7e3-7e4ff99e6a9f
    telemetry.sdk.name: opentelemetry
    telemetry.sdk.language: dotnet
    telemetry.sdk.version: 1.9.0

Metric Name: process.runtime.dotnet.gc.collections.count, Number of garbage collections that have occurred since process start., Meter: OpenTelemetry.Instrumentation.Runtime/1.9.0
(2025-09-20T11:48:09.8487050Z, 2025-09-20T11:48:10.0130200Z] generation: gen2 LongSum
Value: 4
(2025-09-20T11:48:09.8487050Z, 2025-09-20T11:48:10.0130200Z] generation: gen1 LongSum
Value: 9
(2025-09-20T11:48:09.8487050Z, 2025-09-20T11:48:10.0130200Z] generation: gen0 LongSum
Value: 7

Metric Name: process.runtime.dotnet.gc.objects.size, Count of bytes currently in use by objects in the GC heap that haven't been collected yet. Fragmentation and other GC committed memory pools are excluded., Unit: bytes, Meter: OpenTelemetry.Instrumentation.Runtime/1.9.0
(2025-09-20T11:48:09.8487530Z, 2025-09-20T11:48:10.0130200Z] LongSumNonMonotonic
Value: 68045896

Metric Name: process.runtime.dotnet.gc.allocations.size, Count of bytes allocated on the managed GC heap since the process start. .NET objects are allocated from this heap. Object allocations from unmanaged languages such as C/C++ do not use this heap., Unit: bytes, Meter: OpenTelemetry.Instrumentation.Runtime/1.9.0
(2025-09-20T11:48:09.8487670Z, 2025-09-20T11:48:10.0130210Z] LongSum
Value: 526951000

Metric Name: process.runtime.dotnet.gc.committed_memory.size, The amount of committed virtual memory for the managed GC heap, as observed during the latest garbage collection. Committed virtual memory may be larger than the heap size because it includes both memory for storing existing objects (the heap size) and some extra memory that is ready to handle newly allocated objects in the future. The value will be unavailable until at least one garbage collection has occurred., Unit: bytes, Meter: OpenTelemetry.Instrumentation.Runtime/1.9.0
(2025-09-20T11:48:09.8487730Z, 2025-09-20T11:48:10.0130210Z] LongSumNonMonotonic
Value: 154353664

Metric Name: process.runtime.dotnet.gc.heap.size, The heap size (including fragmentation), as observed during the latest garbage collection. The value will be unavailable until at least one garbage collection has occurred., Unit: bytes, Meter: OpenTelemetry.Instrumentation.Runtime/1.9.0
(2025-09-20T11:48:09.8487790Z, 2025-09-20T11:48:10.0130210Z] generation: gen0 LongSumNonMonotonic
Value: 13437248
(2025-09-20T11:48:09.8487790Z, 2025-09-20T11:48:10.0130210Z] generation: gen1 LongSumNonMonotonic
Value: 2277424
(2025-09-20T11:48:09.8487790Z, 2025-09-20T11:48:10.0130210Z] generation: gen2 LongSumNonMonotonic
Value: 20500536
(2025-09-20T11:48:09.8487790Z, 2025-09-20T11:48:10.0130210Z] generation: loh LongSumNonMonotonic
Value: 117210112
(2025-09-20T11:48:09.8487790Z, 2025-09-20T11:48:10.0130210Z] generation: poh LongSumNonMonotonic
Value: 262336

Metric Name: process.runtime.dotnet.gc.heap.fragmentation.size, The heap fragmentation, as observed during the latest garbage collection. The value will be unavailable until at least one garbage collection has occurred., Unit: bytes, Meter: OpenTelemetry.Instrumentation.Runtime/1.9.0
(2025-09-20T11:48:09.8487850Z, 2025-09-20T11:48:10.0130210Z] generation: gen0 LongSumNonMonotonic
Value: 13436432
(2025-09-20T11:48:09.8487850Z, 2025-09-20T11:48:10.0130210Z] generation: gen1 LongSumNonMonotonic
Value: 30888
(2025-09-20T11:48:09.8487850Z, 2025-09-20T11:48:10.0130210Z] generation: gen2 LongSumNonMonotonic
Value: 306608
(2025-09-20T11:48:09.8487850Z, 2025-09-20T11:48:10.0130210Z] generation: loh LongSumNonMonotonic
Value: 97688272
(2025-09-20T11:48:09.8487850Z, 2025-09-20T11:48:10.0130210Z] generation: poh LongSumNonMonotonic
Value: 0

Metric Name: process.runtime.dotnet.gc.duration, The total amount of time paused in GC since the process start., Unit: ns, Meter: OpenTelemetry.Instrumentation.Runtime/1.9.0
(2025-09-20T11:48:09.8487900Z, 2025-09-20T11:48:10.0130210Z] LongSum
Value: 82513000

Metric Name: process.runtime.dotnet.jit.il_compiled.size, Count of bytes of intermediate language that have been compiled since the process start., Unit: bytes, Meter: OpenTelemetry.Instrumentation.Runtime/1.9.0
(2025-09-20T11:48:09.8487940Z, 2025-09-20T11:48:10.0130210Z] LongSum
Value: 1506659

Metric Name: process.runtime.dotnet.jit.methods_compiled.count, The number of times the JIT compiler compiled a method since the process start. The JIT compiler may be invoked multiple times for the same method to compile with different generic parameters, or because tiered compilation requested different optimization settings., Meter: OpenTelemetry.Instrumentation.Runtime/1.9.0
(2025-09-20T11:48:09.8488000Z, 2025-09-20T11:48:10.0130220Z] LongSum
Value: 20976

Metric Name: process.runtime.dotnet.jit.compilation_time, The amount of time the JIT compiler has spent compiling methods since the process start., Unit: ns, Meter: OpenTelemetry.Instrumentation.Runtime/1.9.0
(2025-09-20T11:48:09.8488040Z, 2025-09-20T11:48:10.0130220Z] LongSum
Value: 1567183400

Metric Name: process.runtime.dotnet.monitor.lock_contention.count, The number of times there was contention when trying to acquire a monitor lock since the process start. Monitor locks are commonly acquired by using the lock keyword in C#, or by calling Monitor.Enter() and Monitor.TryEnter()., Meter: OpenTelemetry.Instrumentation.Runtime/1.9.0
(2025-09-20T11:48:09.8488080Z, 2025-09-20T11:48:10.0130220Z] LongSum
Value: 7

Metric Name: process.runtime.dotnet.thread_pool.threads.count, The number of thread pool threads that currently exist., Meter: OpenTelemetry.Instrumentation.Runtime/1.9.0
(2025-09-20T11:48:09.8488120Z, 2025-09-20T11:48:10.0130220Z] LongSumNonMonotonic
Value: 8

Metric Name: process.runtime.dotnet.thread_pool.completed_items.count, The number of work items that have been processed by the thread pool since the process start., Meter: OpenTelemetry.Instrumentation.Runtime/1.9.0
(2025-09-20T11:48:09.8488160Z, 2025-09-20T11:48:10.0130220Z] LongSum
Value: 388

Metric Name: process.runtime.dotnet.thread_pool.queue.length, The number of work items that are currently queued to be processed by the thread pool., Meter: OpenTelemetry.Instrumentation.Runtime/1.9.0
(2025-09-20T11:48:09.8488200Z, 2025-09-20T11:48:10.0130220Z] LongSumNonMonotonic
Value: 0

Metric Name: process.runtime.dotnet.timer.count, The number of timer instances that are currently active. Timers can be created by many sources such as System.Threading.Timer, Task.Delay, or the timeout in a CancellationSource. An active timer is registered to tick at some point in the future and has not yet been canceled., Meter: OpenTelemetry.Instrumentation.Runtime/1.9.0
(2025-09-20T11:48:09.8488250Z, 2025-09-20T11:48:10.0130220Z] LongSumNonMonotonic
Value: 3

Metric Name: process.runtime.dotnet.assemblies.count, The number of .NET assemblies that are currently loaded., Meter: OpenTelemetry.Instrumentation.Runtime/1.9.0
(2025-09-20T11:48:09.8488290Z, 2025-09-20T11:48:10.0130220Z] LongSumNonMonotonic
Value: 202

Metric Name: http.server.active_requests, Number of active HTTP server requests., Unit: {request}, Meter: Microsoft.AspNetCore.Hosting
(2025-09-20T11:48:09.8488650Z, 2025-09-20T11:48:10.0130240Z] http.request.method: POST url.scheme: http LongSumNonMonotonic
Value: 0
(2025-09-20T11:48:09.8488650Z, 2025-09-20T11:48:10.0130240Z] http.request.method: GET url.scheme: http LongSumNonMonotonic
Value: 0

Metric Name: http.server.request.duration, Duration of HTTP server requests., Unit: s, Meter: Microsoft.AspNetCore.Hosting
(2025-09-20T11:48:09.8488750Z, 2025-09-20T11:48:10.0130280Z] http.request.method: POST http.response.status_code: 409 http.route: /api/tenants/{tenantId:guid}/memberships/{userId:guid}/roles network.protocol.version: 1.1 url.scheme: http Histogram
Value: Sum: 0.0617626 Count: 1 Min: 0.0617626 Max: 0.0617626 
(-Infinity,0.005]:0
(0.005,0.01]:0
(0.01,0.025]:0
(0.025,0.05]:0
(0.05,0.075]:1
(0.075,0.1]:0
(0.1,0.25]:0
(0.25,0.5]:0
(0.5,0.75]:0
(0.75,1]:0
(1,2.5]:0
(2.5,5]:0
(5,7.5]:0
(7.5,10]:0
(10,+Infinity]:0

(2025-09-20T11:48:09.8488750Z, 2025-09-20T11:48:10.0130280Z] http.request.method: POST http.response.status_code: 404 http.route: /api/tenants/{tenantId:guid}/memberships/{userId:guid}/roles network.protocol.version: 1.1 url.scheme: http Histogram
Value: Sum: 0.0028665 Count: 1 Min: 0.0028665 Max: 0.0028665 
(-Infinity,0.005]:1
(0.005,0.01]:0
(0.01,0.025]:0
(0.025,0.05]:0
(0.05,0.075]:0
(0.075,0.1]:0
(0.1,0.25]:0
(0.25,0.5]:0
(0.5,0.75]:0
(0.75,1]:0
(1,2.5]:0
(2.5,5]:0
(5,7.5]:0
(7.5,10]:0
(10,+Infinity]:0

(2025-09-20T11:48:09.8488750Z, 2025-09-20T11:48:10.0130280Z] http.request.method: POST http.response.status_code: 400 http.route: /api/tenants/{tenantId:guid}/memberships/{userId:guid}/roles network.protocol.version: 1.1 url.scheme: http Histogram
Value: Sum: 0.0022752 Count: 1 Min: 0.0022752 Max: 0.0022752 
(-Infinity,0.005]:1
(0.005,0.01]:0
(0.01,0.025]:0
(0.025,0.05]:0
(0.05,0.075]:0
(0.075,0.1]:0
(0.1,0.25]:0
(0.25,0.5]:0
(0.5,0.75]:0
(0.75,1]:0
(1,2.5]:0
(2.5,5]:0
(5,7.5]:0
(7.5,10]:0
(10,+Infinity]:0

(2025-09-20T11:48:09.8488750Z, 2025-09-20T11:48:10.0130280Z] http.request.method: POST http.response.status_code: 200 http.route: /api/tenants/{tenantId:guid}/memberships/{userId:guid}/roles network.protocol.version: 1.1 url.scheme: http Histogram
Value: Sum: 0.0059546 Count: 1 Min: 0.0059546 Max: 0.0059546 
(-Infinity,0.005]:0
(0.005,0.01]:1
(0.01,0.025]:0
(0.025,0.05]:0
(0.05,0.075]:0
(0.075,0.1]:0
(0.1,0.25]:0
(0.25,0.5]:0
(0.5,0.75]:0
(0.75,1]:0
(1,2.5]:0
(2.5,5]:0
(5,7.5]:0
(7.5,10]:0
(10,+Infinity]:0

(2025-09-20T11:48:09.8488750Z, 2025-09-20T11:48:10.0130280Z] http.request.method: POST http.response.status_code: 204 http.route: /api/tenants/{tenantId:guid}/memberships/{userId:guid}/roles network.protocol.version: 1.1 url.scheme: http Histogram
Value: Sum: 0.0006222 Count: 1 Min: 0.0006222 Max: 0.0006222 
(-Infinity,0.005]:1
(0.005,0.01]:0
(0.01,0.025]:0
(0.025,0.05]:0
(0.05,0.075]:0
(0.075,0.1]:0
(0.1,0.25]:0
(0.25,0.5]:0
(0.5,0.75]:0
(0.75,1]:0
(1,2.5]:0
(2.5,5]:0
(5,7.5]:0
(7.5,10]:0
(10,+Infinity]:0

(2025-09-20T11:48:09.8488750Z, 2025-09-20T11:48:10.0130280Z] http.request.method: GET http.response.status_code: 200 http.route: /api/tenants/{tenantId:guid}/memberships network.protocol.version: 1.1 url.scheme: http Histogram
Value: Sum: 0.0161957 Count: 1 Min: 0.0161957 Max: 0.0161957 
(-Infinity,0.005]:0
(0.005,0.01]:0
(0.01,0.025]:1
(0.025,0.05]:0
(0.05,0.075]:0
(0.075,0.1]:0
(0.1,0.25]:0
(0.25,0.5]:0
(0.5,0.75]:0
(0.75,1]:0
(1,2.5]:0
(2.5,5]:0
(5,7.5]:0
(7.5,10]:0
(10,+Infinity]:0

(2025-09-20T11:48:09.8488750Z, 2025-09-20T11:48:10.0130280Z] http.request.method: GET http.response.status_code: 403 http.route: /api/tenants/{tenantId:guid}/memberships network.protocol.version: 1.1 url.scheme: http Histogram
Value: Sum: 0.0020172 Count: 1 Min: 0.0020172 Max: 0.0020172 
(-Infinity,0.005]:1
(0.005,0.01]:0
(0.01,0.025]:0
(0.025,0.05]:0
(0.05,0.075]:0
(0.075,0.1]:0
(0.1,0.25]:0
(0.25,0.5]:0
(0.5,0.75]:0
(0.75,1]:0
(1,2.5]:0
(2.5,5]:0
(5,7.5]:0
(7.5,10]:0
(10,+Infinity]:0

(2025-09-20T11:48:09.8488750Z, 2025-09-20T11:48:10.0130280Z] http.request.method: POST http.response.status_code: 403 http.route: /api/tenants/{tenantId:guid}/memberships/{userId:guid}/roles network.protocol.version: 1.1 url.scheme: http Histogram
Value: Sum: 0.0006246 Count: 1 Min: 0.0006246 Max: 0.0006246 
(-Infinity,0.005]:1
(0.005,0.01]:0
(0.01,0.025]:0
(0.025,0.05]:0
(0.05,0.075]:0
(0.075,0.1]:0
(0.1,0.25]:0
(0.25,0.5]:0
(0.5,0.75]:0
(0.75,1]:0
(1,2.5]:0
(2.5,5]:0
(5,7.5]:0
(7.5,10]:0
(10,+Infinity]:0


Metric Name: aspnetcore.routing.match_attempts, Number of requests that were attempted to be matched to an endpoint., Unit: {match_attempt}, Meter: Microsoft.AspNetCore.Routing
(2025-09-20T11:48:09.8962010Z, 2025-09-20T11:48:10.0130280Z] aspnetcore.routing.is_fallback: false aspnetcore.routing.match_status: success http.route: /api/tenants/{tenantId:guid}/memberships/{userId:guid}/roles LongSum
Value: 6
(2025-09-20T11:48:09.8962010Z, 2025-09-20T11:48:10.0130280Z] aspnetcore.routing.is_fallback: false aspnetcore.routing.match_status: success http.route: /api/tenants/{tenantId:guid}/memberships LongSum
Value: 2
[Startup] Warning: failed to ensure app.notification_dedupes exists: Relational-specific methods can only be used when the context is using a relational database provider.
info: Endpoints.V1[0]
      [MapV1Endpoints] Environment='Development' IsDevelopment=True
LogRecord.Timestamp:               2025-09-20T11:48:10.1184810Z
LogRecord.CategoryName:            Endpoints.V1
LogRecord.Severity:                Info
LogRecord.SeverityText:            Information
LogRecord.FormattedMessage:        [MapV1Endpoints] Environment='Development' IsDevelopment=True
LogRecord.Body:                    [MapV1Endpoints] Environment='{Env}' IsDevelopment={IsDev}
LogRecord.Attributes (Key:Value):
    Env: Development
    IsDev: true
    OriginalFormat (a.k.a Body): [MapV1Endpoints] Environment='{Env}' IsDevelopment={IsDev}

Resource associated with LogRecord:
service.name: Appostolic.Api
service.instance.id: cfc7ce07-e6a4-4518-a7e3-7e4ff99e6a9f
telemetry.sdk.name: opentelemetry
telemetry.sdk.language: dotnet
telemetry.sdk.version: 1.9.0

info: Microsoft.AspNetCore.DataProtection.KeyManagement.XmlKeyManager[62]
      User profile is available. Using '/Users/kevinmccreary/.aspnet/DataProtection-Keys' as key repository; keys will not be encrypted at rest.
LogRecord.Timestamp:               2025-09-20T11:48:10.1190090Z
LogRecord.CategoryName:            Microsoft.AspNetCore.DataProtection.KeyManagement.XmlKeyManager
LogRecord.Severity:                Info
LogRecord.SeverityText:            Information
LogRecord.FormattedMessage:        User profile is available. Using '/Users/kevinmccreary/.aspnet/DataProtection-Keys' as key repository; keys will not be encrypted at rest.
LogRecord.Body:                    User profile is available. Using '{FullName}' as key repository; keys will not be encrypted at rest.
LogRecord.Attributes (Key:Value):
    FullName: /Users/kevinmccreary/.aspnet/DataProtection-Keys
    OriginalFormat (a.k.a Body): User profile is available. Using '{FullName}' as key repository; keys will not be encrypted at rest.
LogRecord.EventId:                 62
LogRecord.EventName:               UsingProfileAsKeyRepository

Resource associated with LogRecord:
service.name: Appostolic.Api
service.instance.id: cfc7ce07-e6a4-4518-a7e3-7e4ff99e6a9f
telemetry.sdk.name: opentelemetry
telemetry.sdk.language: dotnet
telemetry.sdk.version: 1.9.0

info: Appostolic.Api.App.Notifications.AutoResendHostedService[0]
      AutoResend is disabled by configuration
LogRecord.Timestamp:               2025-09-20T11:48:10.1203260Z
LogRecord.CategoryName:            Appostolic.Api.App.Notifications.AutoResendHostedService
LogRecord.Severity:                Info
LogRecord.SeverityText:            Information
LogRecord.FormattedMessage:        AutoResend is disabled by configuration
LogRecord.Body:                    AutoResend is disabled by configuration
LogRecord.Attributes (Key:Value):
    OriginalFormat (a.k.a Body): AutoResend is disabled by configuration

Resource associated with LogRecord:
service.name: Appostolic.Api
service.instance.id: cfc7ce07-e6a4-4518-a7e3-7e4ff99e6a9f
telemetry.sdk.name: opentelemetry
telemetry.sdk.language: dotnet
telemetry.sdk.version: 1.9.0

info: Microsoft.AspNetCore.Http.Result.CreatedResult[1]
      Setting HTTP status code 201.
LogRecord.Timestamp:               2025-09-20T11:48:10.2619110Z
LogRecord.TraceId:                 e1ba2601e42ff680f7c3244d42da82f6
LogRecord.SpanId:                  4e66391e405f4783
LogRecord.TraceFlags:              Recorded
LogRecord.CategoryName:            Microsoft.AspNetCore.Http.Result.CreatedResult
LogRecord.Severity:                Info
LogRecord.SeverityText:            Information
LogRecord.FormattedMessage:        Setting HTTP status code 201.
LogRecord.Body:                    Setting HTTP status code {StatusCode}.
LogRecord.Attributes (Key:Value):
    StatusCode: 201
    OriginalFormat (a.k.a Body): Setting HTTP status code {StatusCode}.
LogRecord.EventId:                 1
LogRecord.EventName:               WritingResultAsStatusCode

Resource associated with LogRecord:
service.name: Appostolic.Api
service.instance.id: cfc7ce07-e6a4-4518-a7e3-7e4ff99e6a9f
telemetry.sdk.name: opentelemetry
telemetry.sdk.language: dotnet
telemetry.sdk.version: 1.9.0

info: Microsoft.AspNetCore.Http.Result.CreatedResult[3]
      Writing value of type '<>f__AnonymousType29`4' as Json.
LogRecord.Timestamp:               2025-09-20T11:48:10.2625880Z
LogRecord.TraceId:                 e1ba2601e42ff680f7c3244d42da82f6
LogRecord.SpanId:                  4e66391e405f4783
LogRecord.TraceFlags:              Recorded
LogRecord.CategoryName:            Microsoft.AspNetCore.Http.Result.CreatedResult
LogRecord.Severity:                Info
LogRecord.SeverityText:            Information
LogRecord.FormattedMessage:        Writing value of type '<>f__AnonymousType29`4' as Json.
LogRecord.Body:                    Writing value of type '{Type}' as Json.
LogRecord.Attributes (Key:Value):
    Type: <>f__AnonymousType29`4
    OriginalFormat (a.k.a Body): Writing value of type '{Type}' as Json.
LogRecord.EventId:                 3
LogRecord.EventName:               WritingResultAsJson

Resource associated with LogRecord:
service.name: Appostolic.Api
service.instance.id: cfc7ce07-e6a4-4518-a7e3-7e4ff99e6a9f
telemetry.sdk.name: opentelemetry
telemetry.sdk.language: dotnet
telemetry.sdk.version: 1.9.0

Activity.TraceId:            e1ba2601e42ff680f7c3244d42da82f6
Activity.SpanId:             4e66391e405f4783
Activity.TraceFlags:         Recorded
Activity.ActivitySourceName: Microsoft.AspNetCore
Activity.DisplayName:        POST /api/tenants/{tenantId:guid}/invites
Activity.Kind:               Server
Activity.StartTime:          2025-09-20T11:48:10.1748690Z
Activity.Duration:           00:00:00.0890510
Activity.Tags:
    server.address: localhost
    http.request.method: POST
    url.scheme: http
    url.path: /api/tenants/918a6e9e-b92d-4208-a6f9-8927dd56932c/invites
    network.protocol.version: 1.1
    tenant: kevin-personal
    user: kevin@example.com
    http.route: /api/tenants/{tenantId:guid}/invites
    http.response.status_code: 201
Resource associated with Activity:
    service.name: Appostolic.Api
    service.instance.id: cfc7ce07-e6a4-4518-a7e3-7e4ff99e6a9f
    telemetry.sdk.name: opentelemetry
    telemetry.sdk.language: dotnet
    telemetry.sdk.version: 1.9.0

info: Microsoft.AspNetCore.Http.Result.OkObjectResult[1]
      Setting HTTP status code 200.
LogRecord.Timestamp:               2025-09-20T11:48:10.2761620Z
LogRecord.TraceId:                 2bf629d462eb5cafa64298b3ae2d49c5
LogRecord.SpanId:                  0020613f4fcc652c
LogRecord.TraceFlags:              Recorded
LogRecord.CategoryName:            Microsoft.AspNetCore.Http.Result.OkObjectResult
LogRecord.Severity:                Info
LogRecord.SeverityText:            Information
LogRecord.FormattedMessage:        Setting HTTP status code 200.
LogRecord.Body:                    Setting HTTP status code {StatusCode}.
LogRecord.Attributes (Key:Value):
    StatusCode: 200
    OriginalFormat (a.k.a Body): Setting HTTP status code {StatusCode}.
LogRecord.EventId:                 1
LogRecord.EventName:               WritingResultAsStatusCode

Resource associated with LogRecord:
service.name: Appostolic.Api
service.instance.id: cfc7ce07-e6a4-4518-a7e3-7e4ff99e6a9f
telemetry.sdk.name: opentelemetry
telemetry.sdk.language: dotnet
telemetry.sdk.version: 1.9.0

info: Microsoft.AspNetCore.Http.Result.OkObjectResult[3]
      Writing value of type 'List`1' as Json.
LogRecord.Timestamp:               2025-09-20T11:48:10.2775140Z
LogRecord.TraceId:                 2bf629d462eb5cafa64298b3ae2d49c5
LogRecord.SpanId:                  0020613f4fcc652c
LogRecord.TraceFlags:              Recorded
LogRecord.CategoryName:            Microsoft.AspNetCore.Http.Result.OkObjectResult
LogRecord.Severity:                Info
LogRecord.SeverityText:            Information
LogRecord.FormattedMessage:        Writing value of type 'List`1' as Json.
LogRecord.Body:                    Writing value of type '{Type}' as Json.
LogRecord.Attributes (Key:Value):
    Type: List`1
    OriginalFormat (a.k.a Body): Writing value of type '{Type}' as Json.
LogRecord.EventId:                 3
LogRecord.EventName:               WritingResultAsJson

Resource associated with LogRecord:
service.name: Appostolic.Api
service.instance.id: cfc7ce07-e6a4-4518-a7e3-7e4ff99e6a9f
telemetry.sdk.name: opentelemetry
telemetry.sdk.language: dotnet
telemetry.sdk.version: 1.9.0

Activity.TraceId:            2bf629d462eb5cafa64298b3ae2d49c5
Activity.SpanId:             0020613f4fcc652c
Activity.TraceFlags:         Recorded
Activity.ActivitySourceName: Microsoft.AspNetCore
Activity.DisplayName:        GET /api/tenants/{tenantId:guid}/invites
Activity.Kind:               Server
Activity.StartTime:          2025-09-20T11:48:10.2648200Z
Activity.Duration:           00:00:00.0136400
Activity.Tags:
    server.address: localhost
    http.request.method: GET
    url.scheme: http
    url.path: /api/tenants/918a6e9e-b92d-4208-a6f9-8927dd56932c/invites
    network.protocol.version: 1.1
    tenant: kevin-personal
    user: kevin@example.com
    http.route: /api/tenants/{tenantId:guid}/invites
    http.response.status_code: 200
Resource associated with Activity:
    service.name: Appostolic.Api
    service.instance.id: cfc7ce07-e6a4-4518-a7e3-7e4ff99e6a9f
    telemetry.sdk.name: opentelemetry
    telemetry.sdk.language: dotnet
    telemetry.sdk.version: 1.9.0

info: Microsoft.AspNetCore.Http.Result.CreatedResult[1]
      Setting HTTP status code 201.
LogRecord.Timestamp:               2025-09-20T11:48:10.2924250Z
LogRecord.TraceId:                 335af3dc0032b2d4ac9958d500742bb2
LogRecord.SpanId:                  2fd4e006ee3b7497
LogRecord.TraceFlags:              Recorded
LogRecord.CategoryName:            Microsoft.AspNetCore.Http.Result.CreatedResult
LogRecord.Severity:                Info
LogRecord.SeverityText:            Information
LogRecord.FormattedMessage:        Setting HTTP status code 201.
LogRecord.Body:                    Setting HTTP status code {StatusCode}.
LogRecord.Attributes (Key:Value):
    StatusCode: 201
    OriginalFormat (a.k.a Body): Setting HTTP status code {StatusCode}.
LogRecord.EventId:                 1
LogRecord.EventName:               WritingResultAsStatusCode

Resource associated with LogRecord:
service.name: Appostolic.Api
service.instance.id: cfc7ce07-e6a4-4518-a7e3-7e4ff99e6a9f
telemetry.sdk.name: opentelemetry
telemetry.sdk.language: dotnet
telemetry.sdk.version: 1.9.0

info: Microsoft.AspNetCore.Http.Result.CreatedResult[3]
      Writing value of type '<>f__AnonymousType29`4' as Json.
LogRecord.Timestamp:               2025-09-20T11:48:10.2924860Z
LogRecord.TraceId:                 335af3dc0032b2d4ac9958d500742bb2
LogRecord.SpanId:                  2fd4e006ee3b7497
LogRecord.TraceFlags:              Recorded
LogRecord.CategoryName:            Microsoft.AspNetCore.Http.Result.CreatedResult
LogRecord.Severity:                Info
LogRecord.SeverityText:            Information
LogRecord.FormattedMessage:        Writing value of type '<>f__AnonymousType29`4' as Json.
LogRecord.Body:                    Writing value of type '{Type}' as Json.
LogRecord.Attributes (Key:Value):
    Type: <>f__AnonymousType29`4
    OriginalFormat (a.k.a Body): Writing value of type '{Type}' as Json.
LogRecord.EventId:                 3
LogRecord.EventName:               WritingResultAsJson

Resource associated with LogRecord:
service.name: Appostolic.Api
service.instance.id: cfc7ce07-e6a4-4518-a7e3-7e4ff99e6a9f
telemetry.sdk.name: opentelemetry
telemetry.sdk.language: dotnet
telemetry.sdk.version: 1.9.0

Activity.TraceId:            335af3dc0032b2d4ac9958d500742bb2
Activity.SpanId:             2fd4e006ee3b7497
Activity.TraceFlags:         Recorded
Activity.ActivitySourceName: Microsoft.AspNetCore
Activity.DisplayName:        POST /api/tenants/{tenantId:guid}/invites
Activity.Kind:               Server
Activity.StartTime:          2025-09-20T11:48:10.2815400Z
Activity.Duration:           00:00:00.0111660
Activity.Tags:
    server.address: localhost
    http.request.method: POST
    url.scheme: http
    url.path: /api/tenants/918a6e9e-b92d-4208-a6f9-8927dd56932c/invites
    network.protocol.version: 1.1
    tenant: kevin-personal
    user: kevin@example.com
    http.route: /api/tenants/{tenantId:guid}/invites
    http.response.status_code: 201
Resource associated with Activity:
    service.name: Appostolic.Api
    service.instance.id: cfc7ce07-e6a4-4518-a7e3-7e4ff99e6a9f
    telemetry.sdk.name: opentelemetry
    telemetry.sdk.language: dotnet
    telemetry.sdk.version: 1.9.0

LogRecord.Timestamp:               2025-09-20T11:48:10.3061870Z
info: Microsoft.AspNetCore.Http.Result.OkObjectResult[1]
      Setting HTTP status code 200.
LogRecord.TraceId:                 146c36bc68699e1b508dd19b5a3283be
LogRecord.SpanId:                  3399071d99587c49
LogRecord.TraceFlags:              Recorded
LogRecord.CategoryName:            Microsoft.AspNetCore.Http.Result.OkObjectResult
LogRecord.Severity:                Info
LogRecord.SeverityText:            Information
LogRecord.FormattedMessage:        Setting HTTP status code 200.
LogRecord.Body:                    Setting HTTP status code {StatusCode}.
LogRecord.Attributes (Key:Value):
    StatusCode: 200
    OriginalFormat (a.k.a Body): Setting HTTP status code {StatusCode}.
LogRecord.EventId:                 1
LogRecord.EventName:               WritingResultAsStatusCode

Resource associated with LogRecord:
service.name: Appostolic.Api
service.instance.id: cfc7ce07-e6a4-4518-a7e3-7e4ff99e6a9f
telemetry.sdk.name: opentelemetry
telemetry.sdk.language: dotnet
telemetry.sdk.version: 1.9.0

LogRecord.Timestamp:               2025-09-20T11:48:10.3064840Z
info: Microsoft.AspNetCore.Http.Result.OkObjectResult[3]
      Writing value of type '<>f__AnonymousType36`7' as Json.
LogRecord.TraceId:                 146c36bc68699e1b508dd19b5a3283be
LogRecord.SpanId:                  3399071d99587c49
LogRecord.TraceFlags:              Recorded
LogRecord.CategoryName:            Microsoft.AspNetCore.Http.Result.OkObjectResult
LogRecord.Severity:                Info
LogRecord.SeverityText:            Information
LogRecord.FormattedMessage:        Writing value of type '<>f__AnonymousType36`7' as Json.
LogRecord.Body:                    Writing value of type '{Type}' as Json.
LogRecord.Attributes (Key:Value):
    Type: <>f__AnonymousType36`7
    OriginalFormat (a.k.a Body): Writing value of type '{Type}' as Json.
LogRecord.EventId:                 3
LogRecord.EventName:               WritingResultAsJson

Resource associated with LogRecord:
service.name: Appostolic.Api
service.instance.id: cfc7ce07-e6a4-4518-a7e3-7e4ff99e6a9f
telemetry.sdk.name: opentelemetry
telemetry.sdk.language: dotnet
telemetry.sdk.version: 1.9.0

Activity.TraceId:            146c36bc68699e1b508dd19b5a3283be
Activity.SpanId:             3399071d99587c49
Activity.TraceFlags:         Recorded
Activity.ActivitySourceName: Microsoft.AspNetCore
Activity.DisplayName:        POST /api/invites/accept
Activity.Kind:               Server
Activity.StartTime:          2025-09-20T11:48:10.2983340Z
Activity.Duration:           00:00:00.0088940
Activity.Tags:
    server.address: localhost
    http.request.method: POST
    url.scheme: http
    url.path: /api/invites/accept
    network.protocol.version: 1.1
    tenant: kevin-personal
    user: invitee-f32c7e2bdf6b4edb968f473ea14dddf1@example.com
    http.route: /api/invites/accept
    http.response.status_code: 200
Resource associated with Activity:
    service.name: Appostolic.Api
    service.instance.id: cfc7ce07-e6a4-4518-a7e3-7e4ff99e6a9f
    telemetry.sdk.name: opentelemetry
    telemetry.sdk.language: dotnet
    telemetry.sdk.version: 1.9.0

LogRecord.Timestamp:               2025-09-20T11:48:10.3199450Z
info: Microsoft.AspNetCore.Http.Result.BadRequestObjectResult[1]
      Setting HTTP status code 400.
LogRecord.TraceId:                 e86c6a017dfc2a22b9a7cf0d0ad5fa9b
LogRecord.SpanId:                  a8f2994252029c58
LogRecord.TraceFlags:              Recorded
LogRecord.CategoryName:            Microsoft.AspNetCore.Http.Result.BadRequestObjectResult
LogRecord.Severity:                Info
LogRecord.SeverityText:            Information
LogRecord.FormattedMessage:        Setting HTTP status code 400.
LogRecord.Body:                    Setting HTTP status code {StatusCode}.
LogRecord.Attributes (Key:Value):
    StatusCode: 400
    OriginalFormat (a.k.a Body): Setting HTTP status code {StatusCode}.
LogRecord.EventId:                 1
LogRecord.EventName:               WritingResultAsStatusCode

Resource associated with LogRecord:
service.name: Appostolic.Api
service.instance.id: cfc7ce07-e6a4-4518-a7e3-7e4ff99e6a9f
telemetry.sdk.name: opentelemetry
telemetry.sdk.language: dotnet
telemetry.sdk.version: 1.9.0

info: Microsoft.AspNetCore.Http.Result.BadRequestObjectResult[3]
      Writing value of type '<>f__AnonymousType0`1' as Json.
LogRecord.Timestamp:               2025-09-20T11:48:10.3201140Z
LogRecord.TraceId:                 e86c6a017dfc2a22b9a7cf0d0ad5fa9b
LogRecord.SpanId:                  a8f2994252029c58
LogRecord.TraceFlags:              Recorded
LogRecord.CategoryName:            Microsoft.AspNetCore.Http.Result.BadRequestObjectResult
LogRecord.Severity:                Info
LogRecord.SeverityText:            Information
LogRecord.FormattedMessage:        Writing value of type '<>f__AnonymousType0`1' as Json.
LogRecord.Body:                    Writing value of type '{Type}' as Json.
LogRecord.Attributes (Key:Value):
    Type: <>f__AnonymousType0`1
    OriginalFormat (a.k.a Body): Writing value of type '{Type}' as Json.
LogRecord.EventId:                 3
LogRecord.EventName:               WritingResultAsJson

Resource associated with LogRecord:
service.name: Appostolic.Api
service.instance.id: cfc7ce07-e6a4-4518-a7e3-7e4ff99e6a9f
telemetry.sdk.name: opentelemetry
telemetry.sdk.language: dotnet
telemetry.sdk.version: 1.9.0

Activity.TraceId:            e86c6a017dfc2a22b9a7cf0d0ad5fa9b
Activity.SpanId:             a8f2994252029c58
Activity.TraceFlags:         Recorded
Activity.ActivitySourceName: Microsoft.AspNetCore
Activity.DisplayName:        POST /api/tenants/{tenantId:guid}/invites
Activity.Kind:               Server
Activity.StartTime:          2025-09-20T11:48:10.3193510Z
Activity.Duration:           00:00:00.0009600
Activity.Tags:
    server.address: localhost
    http.request.method: POST
    url.scheme: http
    url.path: /api/tenants/918a6e9e-b92d-4208-a6f9-8927dd56932c/invites
    network.protocol.version: 1.1
    tenant: kevin-personal
    user: kevin@example.com
    http.route: /api/tenants/{tenantId:guid}/invites
    http.response.status_code: 400
Resource associated with Activity:
    service.name: Appostolic.Api
    service.instance.id: cfc7ce07-e6a4-4518-a7e3-7e4ff99e6a9f
    telemetry.sdk.name: opentelemetry
    telemetry.sdk.language: dotnet
    telemetry.sdk.version: 1.9.0

Resource associated with Metric:
    service.name: Appostolic.Api
    service.instance.id: cfc7ce07-e6a4-4518-a7e3-7e4ff99e6a9f
    telemetry.sdk.name: opentelemetry
    telemetry.sdk.language: dotnet
    telemetry.sdk.version: 1.9.0

Metric Name: process.runtime.dotnet.gc.collections.count, Number of garbage collections that have occurred since process start., Meter: OpenTelemetry.Instrumentation.Runtime/1.9.0
(2025-09-20T11:48:10.1196340Z, 2025-09-20T11:48:10.3209740Z] generation: gen2 LongSum
Value: 4
(2025-09-20T11:48:10.1196340Z, 2025-09-20T11:48:10.3209740Z] generation: gen1 LongSum
Value: 9
(2025-09-20T11:48:10.1196340Z, 2025-09-20T11:48:10.3209740Z] generation: gen0 LongSum
Value: 8

Metric Name: process.runtime.dotnet.gc.objects.size, Count of bytes currently in use by objects in the GC heap that haven't been collected yet. Fragmentation and other GC committed memory pools are excluded., Unit: bytes, Meter: OpenTelemetry.Instrumentation.Runtime/1.9.0
(2025-09-20T11:48:10.1196420Z, 2025-09-20T11:48:10.3209750Z] LongSumNonMonotonic
Value: 80353264

Metric Name: process.runtime.dotnet.gc.allocations.size, Count of bytes allocated on the managed GC heap since the process start. .NET objects are allocated from this heap. Object allocations from unmanaged languages such as C/C++ do not use this heap., Unit: bytes, Meter: OpenTelemetry.Instrumentation.Runtime/1.9.0
(2025-09-20T11:48:10.1196460Z, 2025-09-20T11:48:10.3209750Z] LongSum
Value: 543236776

Metric Name: process.runtime.dotnet.gc.committed_memory.size, The amount of committed virtual memory for the managed GC heap, as observed during the latest garbage collection. Committed virtual memory may be larger than the heap size because it includes both memory for storing existing objects (the heap size) and some extra memory that is ready to handle newly allocated objects in the future. The value will be unavailable until at least one garbage collection has occurred., Unit: bytes, Meter: OpenTelemetry.Instrumentation.Runtime/1.9.0
(2025-09-20T11:48:10.1196510Z, 2025-09-20T11:48:10.3209750Z] LongSumNonMonotonic
Value: 154353664

Metric Name: process.runtime.dotnet.gc.heap.size, The heap size (including fragmentation), as observed during the latest garbage collection. The value will be unavailable until at least one garbage collection has occurred., Unit: bytes, Meter: OpenTelemetry.Instrumentation.Runtime/1.9.0
(2025-09-20T11:48:10.1196550Z, 2025-09-20T11:48:10.3209760Z] generation: gen0 LongSumNonMonotonic
Value: 6380616
(2025-09-20T11:48:10.1196550Z, 2025-09-20T11:48:10.3209760Z] generation: gen1 LongSumNonMonotonic
Value: 4285008
(2025-09-20T11:48:10.1196550Z, 2025-09-20T11:48:10.3209760Z] generation: gen2 LongSumNonMonotonic
Value: 20500536
(2025-09-20T11:48:10.1196550Z, 2025-09-20T11:48:10.3209760Z] generation: loh LongSumNonMonotonic
Value: 117210112
(2025-09-20T11:48:10.1196550Z, 2025-09-20T11:48:10.3209760Z] generation: poh LongSumNonMonotonic
Value: 262336

Metric Name: process.runtime.dotnet.gc.heap.fragmentation.size, The heap fragmentation, as observed during the latest garbage collection. The value will be unavailable until at least one garbage collection has occurred., Unit: bytes, Meter: OpenTelemetry.Instrumentation.Runtime/1.9.0
(2025-09-20T11:48:10.1196590Z, 2025-09-20T11:48:10.3209760Z] generation: gen0 LongSumNonMonotonic
Value: 6380040
(2025-09-20T11:48:10.1196590Z, 2025-09-20T11:48:10.3209760Z] generation: gen1 LongSumNonMonotonic
Value: 58392
(2025-09-20T11:48:10.1196590Z, 2025-09-20T11:48:10.3209760Z] generation: gen2 LongSumNonMonotonic
Value: 306608
(2025-09-20T11:48:10.1196590Z, 2025-09-20T11:48:10.3209760Z] generation: loh LongSumNonMonotonic
Value: 92878064
(2025-09-20T11:48:10.1196590Z, 2025-09-20T11:48:10.3209760Z] generation: poh LongSumNonMonotonic
Value: 0

Metric Name: process.runtime.dotnet.gc.duration, The total amount of time paused in GC since the process start., Unit: ns, Meter: OpenTelemetry.Instrumentation.Runtime/1.9.0
(2025-09-20T11:48:10.1196630Z, 2025-09-20T11:48:10.3209770Z] LongSum
Value: 87920000

Metric Name: process.runtime.dotnet.jit.il_compiled.size, Count of bytes of intermediate language that have been compiled since the process start., Unit: bytes, Meter: OpenTelemetry.Instrumentation.Runtime/1.9.0
(2025-09-20T11:48:10.1196710Z, 2025-09-20T11:48:10.3209770Z] LongSum
Value: 1644840

Metric Name: process.runtime.dotnet.jit.methods_compiled.count, The number of times the JIT compiler compiled a method since the process start. The JIT compiler may be invoked multiple times for the same method to compile with different generic parameters, or because tiered compilation requested different optimization settings., Meter: OpenTelemetry.Instrumentation.Runtime/1.9.0
(2025-09-20T11:48:10.1196770Z, 2025-09-20T11:48:10.3209770Z] LongSum
Value: 22379

Metric Name: process.runtime.dotnet.jit.compilation_time, The amount of time the JIT compiler has spent compiling methods since the process start., Unit: ns, Meter: OpenTelemetry.Instrumentation.Runtime/1.9.0
(2025-09-20T11:48:10.1196820Z, 2025-09-20T11:48:10.3209780Z] LongSum
Value: 1734455200

Metric Name: process.runtime.dotnet.monitor.lock_contention.count, The number of times there was contention when trying to acquire a monitor lock since the process start. Monitor locks are commonly acquired by using the lock keyword in C#, or by calling Monitor.Enter() and Monitor.TryEnter()., Meter: OpenTelemetry.Instrumentation.Runtime/1.9.0
(2025-09-20T11:48:10.1196860Z, 2025-09-20T11:48:10.3209780Z] LongSum
Value: 8

Metric Name: process.runtime.dotnet.thread_pool.threads.count, The number of thread pool threads that currently exist., Meter: OpenTelemetry.Instrumentation.Runtime/1.9.0
(2025-09-20T11:48:10.1196900Z, 2025-09-20T11:48:10.3209790Z] LongSumNonMonotonic
Value: 8

Metric Name: process.runtime.dotnet.thread_pool.completed_items.count, The number of work items that have been processed by the thread pool since the process start., Meter: OpenTelemetry.Instrumentation.Runtime/1.9.0
(2025-09-20T11:48:10.1196940Z, 2025-09-20T11:48:10.3209790Z] LongSum
Value: 486

Metric Name: process.runtime.dotnet.thread_pool.queue.length, The number of work items that are currently queued to be processed by the thread pool., Meter: OpenTelemetry.Instrumentation.Runtime/1.9.0
(2025-09-20T11:48:10.1196980Z, 2025-09-20T11:48:10.3209790Z] LongSumNonMonotonic
Value: 0

Metric Name: process.runtime.dotnet.timer.count, The number of timer instances that are currently active. Timers can be created by many sources such as System.Threading.Timer, Task.Delay, or the timeout in a CancellationSource. An active timer is registered to tick at some point in the future and has not yet been canceled., Meter: OpenTelemetry.Instrumentation.Runtime/1.9.0
(2025-09-20T11:48:10.1197020Z, 2025-09-20T11:48:10.3209800Z] LongSumNonMonotonic
Value: 3

Metric Name: process.runtime.dotnet.assemblies.count, The number of .NET assemblies that are currently loaded., Meter: OpenTelemetry.Instrumentation.Runtime/1.9.0
(2025-09-20T11:48:10.1197070Z, 2025-09-20T11:48:10.3209800Z] LongSumNonMonotonic
Value: 205

Metric Name: http.server.active_requests, Number of active HTTP server requests., Unit: {request}, Meter: Microsoft.AspNetCore.Hosting
(2025-09-20T11:48:10.1197380Z, 2025-09-20T11:48:10.3209810Z] http.request.method: POST url.scheme: http LongSumNonMonotonic
Value: 0
(2025-09-20T11:48:10.1197380Z, 2025-09-20T11:48:10.3209810Z] http.request.method: GET url.scheme: http LongSumNonMonotonic
Value: 0

Metric Name: http.server.request.duration, Duration of HTTP server requests., Unit: s, Meter: Microsoft.AspNetCore.Hosting
(2025-09-20T11:48:10.1197440Z, 2025-09-20T11:48:10.3209830Z] http.request.method: POST http.response.status_code: 201 http.route: /api/tenants/{tenantId:guid}/invites network.protocol.version: 1.1 url.scheme: http Histogram
Value: Sum: 0.10021650000000001 Count: 2 Min: 0.011164 Max: 0.0890525 
(-Infinity,0.005]:0
(0.005,0.01]:0
(0.01,0.025]:1
(0.025,0.05]:0
(0.05,0.075]:0
(0.075,0.1]:1
(0.1,0.25]:0
(0.25,0.5]:0
(0.5,0.75]:0
(0.75,1]:0
(1,2.5]:0
(2.5,5]:0
(5,7.5]:0
(7.5,10]:0
(10,+Infinity]:0

(2025-09-20T11:48:10.1197440Z, 2025-09-20T11:48:10.3209830Z] http.request.method: GET http.response.status_code: 200 http.route: /api/tenants/{tenantId:guid}/invites network.protocol.version: 1.1 url.scheme: http Histogram
Value: Sum: 0.013638 Count: 1 Min: 0.013638 Max: 0.013638 
(-Infinity,0.005]:0
(0.005,0.01]:0
(0.01,0.025]:1
(0.025,0.05]:0
(0.05,0.075]:0
(0.075,0.1]:0
(0.1,0.25]:0
(0.25,0.5]:0
(0.5,0.75]:0
(0.75,1]:0
(1,2.5]:0
(2.5,5]:0
(5,7.5]:0
(7.5,10]:0
(10,+Infinity]:0

(2025-09-20T11:48:10.1197440Z, 2025-09-20T11:48:10.3209830Z] http.request.method: POST http.response.status_code: 200 http.route: /api/invites/accept network.protocol.version: 1.1 url.scheme: http Histogram
Value: Sum: 0.0088827 Count: 1 Min: 0.0088827 Max: 0.0088827 
(-Infinity,0.005]:0
(0.005,0.01]:1
(0.01,0.025]:0
(0.025,0.05]:0
(0.05,0.075]:0
(0.075,0.1]:0
(0.1,0.25]:0
(0.25,0.5]:0
(0.5,0.75]:0
(0.75,1]:0
(1,2.5]:0
(2.5,5]:0
(5,7.5]:0
(7.5,10]:0
(10,+Infinity]:0

(2025-09-20T11:48:10.1197440Z, 2025-09-20T11:48:10.3209830Z] http.request.method: POST http.response.status_code: 400 http.route: /api/tenants/{tenantId:guid}/invites network.protocol.version: 1.1 url.scheme: http Histogram
Value: Sum: 0.0009506 Count: 1 Min: 0.0009506 Max: 0.0009506 
(-Infinity,0.005]:1
(0.005,0.01]:0
(0.01,0.025]:0
(0.025,0.05]:0
(0.05,0.075]:0
(0.075,0.1]:0
(0.1,0.25]:0
(0.25,0.5]:0
(0.5,0.75]:0
(0.75,1]:0
(1,2.5]:0
(2.5,5]:0
(5,7.5]:0
(7.5,10]:0
(10,+Infinity]:0


Metric Name: aspnetcore.routing.match_attempts, Number of requests that were attempted to be matched to an endpoint., Unit: {match_attempt}, Meter: Microsoft.AspNetCore.Routing
(2025-09-20T11:48:10.1650940Z, 2025-09-20T11:48:10.3209830Z] aspnetcore.routing.is_fallback: false aspnetcore.routing.match_status: success http.route: /api/tenants/{tenantId:guid}/invites LongSum
Value: 4
(2025-09-20T11:48:10.1650940Z, 2025-09-20T11:48:10.3209830Z] aspnetcore.routing.is_fallback: false aspnetcore.routing.match_status: success http.route: /api/invites/accept LongSum
Value: 1

Metric Name: dns.lookup.duration, Measures the time taken to perform a DNS lookup., Unit: s, Meter: System.Net.NameResolution
(2025-09-20T11:48:10.2412680Z, 2025-09-20T11:48:10.3209840Z] dns.question.name: localhost Histogram
Value: Sum: 0.0017309 Count: 2 Min: 0.000419 Max: 0.0013119 
(-Infinity,0.005]:2
(0.005,0.01]:0
(0.01,0.025]:0
(0.025,0.05]:0
(0.05,0.075]:0
(0.075,0.1]:0
(0.1,0.25]:0
(0.25,0.5]:0
(0.5,0.75]:0
(0.75,1]:0
(1,2.5]:0
(2.5,5]:0
(5,7.5]:0
(7.5,10]:0
(10,+Infinity]:0

[Startup] Warning: failed to ensure app.notification_dedupes exists: Relational-specific methods can only be used when the context is using a relational database provider.
info: Endpoints.V1[0]
      [MapV1Endpoints] Environment='Development' IsDevelopment=True
LogRecord.Timestamp:               2025-09-20T11:48:10.3821530Z
LogRecord.CategoryName:            Endpoints.V1
LogRecord.Severity:                Info
LogRecord.SeverityText:            Information
LogRecord.FormattedMessage:        [MapV1Endpoints] Environment='Development' IsDevelopment=True
LogRecord.Body:                    [MapV1Endpoints] Environment='{Env}' IsDevelopment={IsDev}
LogRecord.Attributes (Key:Value):
    Env: Development
    IsDev: true
    OriginalFormat (a.k.a Body): [MapV1Endpoints] Environment='{Env}' IsDevelopment={IsDev}

Resource associated with LogRecord:
service.name: Appostolic.Api
service.instance.id: cfc7ce07-e6a4-4518-a7e3-7e4ff99e6a9f
telemetry.sdk.name: opentelemetry
telemetry.sdk.language: dotnet
telemetry.sdk.version: 1.9.0

info: Microsoft.AspNetCore.DataProtection.KeyManagement.XmlKeyManager[62]
      User profile is available. Using '/Users/kevinmccreary/.aspnet/DataProtection-Keys' as key repository; keys will not be encrypted at rest.
LogRecord.Timestamp:               2025-09-20T11:48:10.3827470Z
LogRecord.CategoryName:            Microsoft.AspNetCore.DataProtection.KeyManagement.XmlKeyManager
LogRecord.Severity:                Info
LogRecord.SeverityText:            Information
LogRecord.FormattedMessage:        User profile is available. Using '/Users/kevinmccreary/.aspnet/DataProtection-Keys' as key repository; keys will not be encrypted at rest.
LogRecord.Body:                    User profile is available. Using '{FullName}' as key repository; keys will not be encrypted at rest.
LogRecord.Attributes (Key:Value):
    FullName: /Users/kevinmccreary/.aspnet/DataProtection-Keys
    OriginalFormat (a.k.a Body): User profile is available. Using '{FullName}' as key repository; keys will not be encrypted at rest.
LogRecord.EventId:                 62
LogRecord.EventName:               UsingProfileAsKeyRepository

Resource associated with LogRecord:
service.name: Appostolic.Api
service.instance.id: cfc7ce07-e6a4-4518-a7e3-7e4ff99e6a9f
telemetry.sdk.name: opentelemetry
telemetry.sdk.language: dotnet
telemetry.sdk.version: 1.9.0

info: Appostolic.Api.App.Notifications.AutoResendHostedService[0]
      AutoResend is disabled by configuration
LogRecord.Timestamp:               2025-09-20T11:48:10.3841710Z
LogRecord.CategoryName:            Appostolic.Api.App.Notifications.AutoResendHostedService
LogRecord.Severity:                Info
LogRecord.SeverityText:            Information
LogRecord.FormattedMessage:        AutoResend is disabled by configuration
LogRecord.Body:                    AutoResend is disabled by configuration
LogRecord.Attributes (Key:Value):
    OriginalFormat (a.k.a Body): AutoResend is disabled by configuration

Resource associated with LogRecord:
service.name: Appostolic.Api
service.instance.id: cfc7ce07-e6a4-4518-a7e3-7e4ff99e6a9f
telemetry.sdk.name: opentelemetry
telemetry.sdk.language: dotnet
telemetry.sdk.version: 1.9.0

info: Microsoft.AspNetCore.Http.Result.NoContentResult[1]
      Setting HTTP status code 204.
LogRecord.Timestamp:               2025-09-20T11:48:10.4903420Z
LogRecord.TraceId:                 e9c89929243b00f9541db54dd3db04a5
LogRecord.SpanId:                  d194452bb08d3126
LogRecord.TraceFlags:              Recorded
LogRecord.CategoryName:            Microsoft.AspNetCore.Http.Result.NoContentResult
LogRecord.Severity:                Info
LogRecord.SeverityText:            Information
LogRecord.FormattedMessage:        Setting HTTP status code 204.
LogRecord.Body:                    Setting HTTP status code {StatusCode}.
LogRecord.Attributes (Key:Value):
    StatusCode: 204
    OriginalFormat (a.k.a Body): Setting HTTP status code {StatusCode}.
LogRecord.EventId:                 1
LogRecord.EventName:               WritingResultAsStatusCode

Resource associated with LogRecord:
service.name: Appostolic.Api
service.instance.id: cfc7ce07-e6a4-4518-a7e3-7e4ff99e6a9f
telemetry.sdk.name: opentelemetry
telemetry.sdk.language: dotnet
telemetry.sdk.version: 1.9.0

Activity.TraceId:            e9c89929243b00f9541db54dd3db04a5
Activity.SpanId:             d194452bb08d3126
Activity.TraceFlags:         Recorded
Activity.ActivitySourceName: Microsoft.AspNetCore
Activity.DisplayName:        PUT /api/tenants/{tenantId:guid}/members/{userId:guid}
Activity.Kind:               Server
Activity.StartTime:          2025-09-20T11:48:10.4409470Z
Activity.Duration:           00:00:00.0497860
Activity.Tags:
    server.address: localhost
    http.request.method: PUT
    url.scheme: http
    url.path: /api/tenants/c71d11d6-144f-4def-9b52-71cbc6b2f248/members/686924ff-d80f-47b4-91ad-353b7f227042
    network.protocol.version: 1.1
    tenant: kevin-personal
    user: kevin@example.com
    http.route: /api/tenants/{tenantId:guid}/members/{userId:guid}
    http.response.status_code: 204
Resource associated with Activity:
    service.name: Appostolic.Api
    service.instance.id: cfc7ce07-e6a4-4518-a7e3-7e4ff99e6a9f
    telemetry.sdk.name: opentelemetry
    telemetry.sdk.language: dotnet
    telemetry.sdk.version: 1.9.0

info: Microsoft.AspNetCore.Http.Result.ConflictObjectResult[1]
      Setting HTTP status code 409.
LogRecord.Timestamp:               2025-09-20T11:48:10.4969270Z
LogRecord.TraceId:                 254ba00c00e27ec6d3c81b8a0a67c83c
LogRecord.SpanId:                  9a2059f1db5064e1
LogRecord.TraceFlags:              Recorded
LogRecord.CategoryName:            Microsoft.AspNetCore.Http.Result.ConflictObjectResult
LogRecord.Severity:                Info
LogRecord.SeverityText:            Information
LogRecord.FormattedMessage:        Setting HTTP status code 409.
LogRecord.Body:                    Setting HTTP status code {StatusCode}.
LogRecord.Attributes (Key:Value):
    StatusCode: 409
    OriginalFormat (a.k.a Body): Setting HTTP status code {StatusCode}.
LogRecord.EventId:                 1
LogRecord.EventName:               WritingResultAsStatusCode

Resource associated with LogRecord:
service.name: Appostolic.Api
service.instance.id: cfc7ce07-e6a4-4518-a7e3-7e4ff99e6a9f
telemetry.sdk.name: opentelemetry
telemetry.sdk.language: dotnet
telemetry.sdk.version: 1.9.0

info: Microsoft.AspNetCore.Http.Result.ConflictObjectResult[3]
      Writing value of type '<>f__AnonymousType0`1' as Json.
LogRecord.Timestamp:               2025-09-20T11:48:10.4970690Z
LogRecord.TraceId:                 254ba00c00e27ec6d3c81b8a0a67c83c
LogRecord.SpanId:                  9a2059f1db5064e1
LogRecord.TraceFlags:              Recorded
LogRecord.CategoryName:            Microsoft.AspNetCore.Http.Result.ConflictObjectResult
LogRecord.Severity:                Info
LogRecord.SeverityText:            Information
LogRecord.FormattedMessage:        Writing value of type '<>f__AnonymousType0`1' as Json.
LogRecord.Body:                    Writing value of type '{Type}' as Json.
LogRecord.Attributes (Key:Value):
    Type: <>f__AnonymousType0`1
    OriginalFormat (a.k.a Body): Writing value of type '{Type}' as Json.
LogRecord.EventId:                 3
LogRecord.EventName:               WritingResultAsJson

Resource associated with LogRecord:
service.name: Appostolic.Api
service.instance.id: cfc7ce07-e6a4-4518-a7e3-7e4ff99e6a9f
telemetry.sdk.name: opentelemetry
telemetry.sdk.language: dotnet
telemetry.sdk.version: 1.9.0

Activity.TraceId:            254ba00c00e27ec6d3c81b8a0a67c83c
Activity.SpanId:             9a2059f1db5064e1
Activity.TraceFlags:         Recorded
Activity.ActivitySourceName: Microsoft.AspNetCore
Activity.DisplayName:        DELETE /api/tenants/{tenantId:guid}/members/{userId:guid}
Activity.Kind:               Server
Activity.StartTime:          2025-09-20T11:48:10.4911660Z
Activity.Duration:           00:00:00.0060620
Activity.Tags:
    server.address: localhost
    http.request.method: DELETE
    url.scheme: http
    url.path: /api/tenants/c71d11d6-144f-4def-9b52-71cbc6b2f248/members/686924ff-d80f-47b4-91ad-353b7f227042
    network.protocol.version: 1.1
    tenant: kevin-personal
    user: kevin@example.com
    http.route: /api/tenants/{tenantId:guid}/members/{userId:guid}
    http.response.status_code: 409
Resource associated with Activity:
    service.name: Appostolic.Api
    service.instance.id: cfc7ce07-e6a4-4518-a7e3-7e4ff99e6a9f
    telemetry.sdk.name: opentelemetry
    telemetry.sdk.language: dotnet
    telemetry.sdk.version: 1.9.0

LogRecord.Timestamp:               2025-09-20T11:48:10.5060360Z
info: Microsoft.AspNetCore.Http.Result.NoContentResult[1]
      Setting HTTP status code 204.
LogRecord.TraceId:                 7fd377e1b24e5ceaff79ed0d4eec3fe1
LogRecord.SpanId:                  32264b1dd2e16c3c
LogRecord.TraceFlags:              Recorded
LogRecord.CategoryName:            Microsoft.AspNetCore.Http.Result.NoContentResult
LogRecord.Severity:                Info
LogRecord.SeverityText:            Information
LogRecord.FormattedMessage:        Setting HTTP status code 204.
LogRecord.Body:                    Setting HTTP status code {StatusCode}.
LogRecord.Attributes (Key:Value):
    StatusCode: 204
    OriginalFormat (a.k.a Body): Setting HTTP status code {StatusCode}.
LogRecord.EventId:                 1
LogRecord.EventName:               WritingResultAsStatusCode

Resource associated with LogRecord:
service.name: Appostolic.Api
service.instance.id: cfc7ce07-e6a4-4518-a7e3-7e4ff99e6a9f
telemetry.sdk.name: opentelemetry
telemetry.sdk.language: dotnet
telemetry.sdk.version: 1.9.0

Activity.TraceId:            7fd377e1b24e5ceaff79ed0d4eec3fe1
Activity.SpanId:             32264b1dd2e16c3c
Activity.TraceFlags:         Recorded
Activity.ActivitySourceName: Microsoft.AspNetCore
Activity.DisplayName:        PUT /api/tenants/{tenantId:guid}/members/{userId:guid}
Activity.Kind:               Server
Activity.StartTime:          2025-09-20T11:48:10.5036560Z
Activity.Duration:           00:00:00.0026040
Activity.Tags:
    server.address: localhost
    http.request.method: PUT
    url.scheme: http
    url.path: /api/tenants/c71d11d6-144f-4def-9b52-71cbc6b2f248/members/e50e0746-7d5b-43a6-a475-a0d075b697b3
    network.protocol.version: 1.1
    tenant: kevin-personal
    user: kevin@example.com
    http.route: /api/tenants/{tenantId:guid}/members/{userId:guid}
    http.response.status_code: 204
Resource associated with Activity:
    service.name: Appostolic.Api
    service.instance.id: cfc7ce07-e6a4-4518-a7e3-7e4ff99e6a9f
    telemetry.sdk.name: opentelemetry
    telemetry.sdk.language: dotnet
    telemetry.sdk.version: 1.9.0

info: Microsoft.AspNetCore.Http.Result.NoContentResult[1]
      Setting HTTP status code 204.
LogRecord.Timestamp:               2025-09-20T11:48:10.5138050Z
LogRecord.TraceId:                 bf43c02d62e1cb1e32bbb28d950a76e0
LogRecord.SpanId:                  0f1b68a28a28bd05
LogRecord.TraceFlags:              Recorded
LogRecord.CategoryName:            Microsoft.AspNetCore.Http.Result.NoContentResult
LogRecord.Severity:                Info
LogRecord.SeverityText:            Information
LogRecord.FormattedMessage:        Setting HTTP status code 204.
LogRecord.Body:                    Setting HTTP status code {StatusCode}.
LogRecord.Attributes (Key:Value):
    StatusCode: 204
    OriginalFormat (a.k.a Body): Setting HTTP status code {StatusCode}.
LogRecord.EventId:                 1
LogRecord.EventName:               WritingResultAsStatusCode

Resource associated with LogRecord:
service.name: Appostolic.Api
service.instance.id: cfc7ce07-e6a4-4518-a7e3-7e4ff99e6a9f
telemetry.sdk.name: opentelemetry
telemetry.sdk.language: dotnet
telemetry.sdk.version: 1.9.0

Activity.TraceId:            bf43c02d62e1cb1e32bbb28d950a76e0
Activity.SpanId:             0f1b68a28a28bd05
Activity.TraceFlags:         Recorded
Activity.ActivitySourceName: Microsoft.AspNetCore
Activity.DisplayName:        DELETE /api/tenants/{tenantId:guid}/members/{userId:guid}
Activity.Kind:               Server
Activity.StartTime:          2025-09-20T11:48:10.5130040Z
Activity.Duration:           00:00:00.0010000
Activity.Tags:
    server.address: localhost
    http.request.method: DELETE
    url.scheme: http
    url.path: /api/tenants/c71d11d6-144f-4def-9b52-71cbc6b2f248/members/5237acce-432b-4397-8095-8a8b2d9cf086
    network.protocol.version: 1.1
    tenant: kevin-personal
    user: kevin@example.com
    http.route: /api/tenants/{tenantId:guid}/members/{userId:guid}
    http.response.status_code: 204
Resource associated with Activity:
    service.name: Appostolic.Api
    service.instance.id: cfc7ce07-e6a4-4518-a7e3-7e4ff99e6a9f
    telemetry.sdk.name: opentelemetry
    telemetry.sdk.language: dotnet
    telemetry.sdk.version: 1.9.0

info: Microsoft.AspNetCore.Http.Result.ForbidResult[1]
      Executing ChallengeResult with authentication schemes ().
LogRecord.Timestamp:               2025-09-20T11:48:10.5261690Z
LogRecord.TraceId:                 945e173506116072c357a58ba9b492a6
LogRecord.SpanId:                  ad643d79cf2a971d
LogRecord.TraceFlags:              Recorded
LogRecord.CategoryName:            Microsoft.AspNetCore.Http.Result.ForbidResult
LogRecord.Severity:                Info
LogRecord.SeverityText:            Information
LogRecord.FormattedMessage:        Executing ChallengeResult with authentication schemes ().
LogRecord.Body:                    Executing ChallengeResult with authentication schemes ({Schemes}).
LogRecord.Attributes (Key:Value):
    Schemes: []
    OriginalFormat (a.k.a Body): Executing ChallengeResult with authentication schemes ({Schemes}).
LogRecord.EventId:                 1
LogRecord.EventName:               ChallengeResultExecuting

Resource associated with LogRecord:
service.name: Appostolic.Api
service.instance.id: cfc7ce07-e6a4-4518-a7e3-7e4ff99e6a9f
telemetry.sdk.name: opentelemetry
telemetry.sdk.language: dotnet
telemetry.sdk.version: 1.9.0

LogRecord.Timestamp:               2025-09-20T11:48:10.5269650Z
info: Appostolic.Api.Infrastructure.Auth.DevHeaderAuthHandler[13]
      AuthenticationScheme: Dev was forbidden.
LogRecord.TraceId:                 945e173506116072c357a58ba9b492a6
LogRecord.SpanId:                  ad643d79cf2a971d
LogRecord.TraceFlags:              Recorded
LogRecord.CategoryName:            Appostolic.Api.Infrastructure.Auth.DevHeaderAuthHandler
LogRecord.Severity:                Info
LogRecord.SeverityText:            Information
LogRecord.FormattedMessage:        AuthenticationScheme: Dev was forbidden.
LogRecord.Body:                    AuthenticationScheme: {AuthenticationScheme} was forbidden.
LogRecord.Attributes (Key:Value):
    AuthenticationScheme: Dev
    OriginalFormat (a.k.a Body): AuthenticationScheme: {AuthenticationScheme} was forbidden.
LogRecord.EventId:                 13
LogRecord.EventName:               AuthenticationSchemeForbidden

Resource associated with LogRecord:
service.name: Appostolic.Api
service.instance.id: cfc7ce07-e6a4-4518-a7e3-7e4ff99e6a9f
telemetry.sdk.name: opentelemetry
telemetry.sdk.language: dotnet
telemetry.sdk.version: 1.9.0

Activity.TraceId:            945e173506116072c357a58ba9b492a6
Activity.SpanId:             ad643d79cf2a971d
Activity.TraceFlags:         Recorded
Activity.ActivitySourceName: Microsoft.AspNetCore
Activity.DisplayName:        PUT /api/tenants/{tenantId:guid}/members/{userId:guid}
Activity.Kind:               Server
Activity.StartTime:          2025-09-20T11:48:10.5246900Z
Activity.Duration:           00:00:00.0032970
Activity.Tags:
    server.address: localhost
    http.request.method: PUT
    url.scheme: http
    url.path: /api/tenants/c71d11d6-144f-4def-9b52-71cbc6b2f248/members/789ac4a8-e58f-4faa-9a0d-794663b6b092
    network.protocol.version: 1.1
    tenant: kevin-personal
    user: admin-e2a684873f54428f8e41fa28ebe19585@ex.com
    http.route: /api/tenants/{tenantId:guid}/members/{userId:guid}
    http.response.status_code: 403
Resource associated with Activity:
    service.name: Appostolic.Api
    service.instance.id: cfc7ce07-e6a4-4518-a7e3-7e4ff99e6a9f
    telemetry.sdk.name: opentelemetry
    telemetry.sdk.language: dotnet
    telemetry.sdk.version: 1.9.0

info: Microsoft.AspNetCore.Http.Result.NoContentResult[1]
      Setting HTTP status code 204.
LogRecord.Timestamp:               2025-09-20T11:48:10.5291930Z
LogRecord.TraceId:                 6fa5e774038cd05cd917b1b010410242
LogRecord.SpanId:                  51b3e165c016ee23
LogRecord.TraceFlags:              Recorded
LogRecord.CategoryName:            Microsoft.AspNetCore.Http.Result.NoContentResult
LogRecord.Severity:                Info
LogRecord.SeverityText:            Information
LogRecord.FormattedMessage:        Setting HTTP status code 204.
LogRecord.Body:                    Setting HTTP status code {StatusCode}.
LogRecord.Attributes (Key:Value):
    StatusCode: 204
    OriginalFormat (a.k.a Body): Setting HTTP status code {StatusCode}.
LogRecord.EventId:                 1
LogRecord.EventName:               WritingResultAsStatusCode

Resource associated with LogRecord:
service.name: Appostolic.Api
service.instance.id: cfc7ce07-e6a4-4518-a7e3-7e4ff99e6a9f
telemetry.sdk.name: opentelemetry
telemetry.sdk.language: dotnet
telemetry.sdk.version: 1.9.0

Activity.TraceId:            6fa5e774038cd05cd917b1b010410242
Activity.SpanId:             51b3e165c016ee23
Activity.TraceFlags:         Recorded
Activity.ActivitySourceName: Microsoft.AspNetCore
Activity.DisplayName:        PUT /api/tenants/{tenantId:guid}/members/{userId:guid}
Activity.Kind:               Server
Activity.StartTime:          2025-09-20T11:48:10.5283520Z
Activity.Duration:           00:00:00.0009170
Activity.Tags:
    server.address: localhost
    http.request.method: PUT
    url.scheme: http
    url.path: /api/tenants/c71d11d6-144f-4def-9b52-71cbc6b2f248/members/789ac4a8-e58f-4faa-9a0d-794663b6b092
    network.protocol.version: 1.1
    tenant: kevin-personal
    user: kevin@example.com
    http.route: /api/tenants/{tenantId:guid}/members/{userId:guid}
    http.response.status_code: 204
Resource associated with Activity:
    service.name: Appostolic.Api
    service.instance.id: cfc7ce07-e6a4-4518-a7e3-7e4ff99e6a9f
    telemetry.sdk.name: opentelemetry
    telemetry.sdk.language: dotnet
    telemetry.sdk.version: 1.9.0

info: Microsoft.AspNetCore.Http.Result.NoContentResult[1]
      Setting HTTP status code 204.
LogRecord.Timestamp:               2025-09-20T11:48:10.5369150Z
LogRecord.TraceId:                 d6e08d70d6d9ce5e62d30a6baaab2190
LogRecord.SpanId:                  caf25f192c2d0926
LogRecord.TraceFlags:              Recorded
LogRecord.CategoryName:            Microsoft.AspNetCore.Http.Result.NoContentResult
LogRecord.Severity:                Info
LogRecord.SeverityText:            Information
LogRecord.FormattedMessage:        Setting HTTP status code 204.
LogRecord.Body:                    Setting HTTP status code {StatusCode}.
LogRecord.Attributes (Key:Value):
    StatusCode: 204
    OriginalFormat (a.k.a Body): Setting HTTP status code {StatusCode}.
LogRecord.EventId:                 1
LogRecord.EventName:               WritingResultAsStatusCode

Resource associated with LogRecord:
service.name: Appostolic.Api
service.instance.id: cfc7ce07-e6a4-4518-a7e3-7e4ff99e6a9f
telemetry.sdk.name: opentelemetry
telemetry.sdk.language: dotnet
telemetry.sdk.version: 1.9.0

Activity.TraceId:            d6e08d70d6d9ce5e62d30a6baaab2190
Activity.SpanId:             caf25f192c2d0926
Activity.TraceFlags:         Recorded
Activity.ActivitySourceName: Microsoft.AspNetCore
Activity.DisplayName:        PUT /api/tenants/{tenantId:guid}/members/{userId:guid}
Activity.Kind:               Server
Activity.StartTime:          2025-09-20T11:48:10.5360500Z
Activity.Duration:           00:00:00.0010050
Activity.Tags:
    server.address: localhost
    http.request.method: PUT
    url.scheme: http
    url.path: /api/tenants/c71d11d6-144f-4def-9b52-71cbc6b2f248/members/686924ff-d80f-47b4-91ad-353b7f227042
    network.protocol.version: 1.1
    tenant: kevin-personal
    user: kevin@example.com
    http.route: /api/tenants/{tenantId:guid}/members/{userId:guid}
    http.response.status_code: 204
Resource associated with Activity:
    service.name: Appostolic.Api
    service.instance.id: cfc7ce07-e6a4-4518-a7e3-7e4ff99e6a9f
    telemetry.sdk.name: opentelemetry
    telemetry.sdk.language: dotnet
    telemetry.sdk.version: 1.9.0

Resource associated with Metric:
    service.name: Appostolic.Api
    service.instance.id: cfc7ce07-e6a4-4518-a7e3-7e4ff99e6a9f
    telemetry.sdk.name: opentelemetry
    telemetry.sdk.language: dotnet
    telemetry.sdk.version: 1.9.0

Metric Name: process.runtime.dotnet.gc.collections.count, Number of garbage collections that have occurred since process start., Meter: OpenTelemetry.Instrumentation.Runtime/1.9.0
(2025-09-20T11:48:10.3833810Z, 2025-09-20T11:48:10.5404050Z] generation: gen2 LongSum
Value: 4
(2025-09-20T11:48:10.3833810Z, 2025-09-20T11:48:10.5404050Z] generation: gen1 LongSum
Value: 9
(2025-09-20T11:48:10.3833810Z, 2025-09-20T11:48:10.5404050Z] generation: gen0 LongSum
Value: 10

Metric Name: process.runtime.dotnet.gc.objects.size, Count of bytes currently in use by objects in the GC heap that haven't been collected yet. Fragmentation and other GC committed memory pools are excluded., Unit: bytes, Meter: OpenTelemetry.Instrumentation.Runtime/1.9.0
(2025-09-20T11:48:10.3833900Z, 2025-09-20T11:48:10.5404060Z] LongSumNonMonotonic
Value: 87078224

Metric Name: process.runtime.dotnet.gc.allocations.size, Count of bytes allocated on the managed GC heap since the process start. .NET objects are allocated from this heap. Object allocations from unmanaged languages such as C/C++ do not use this heap., Unit: bytes, Meter: OpenTelemetry.Instrumentation.Runtime/1.9.0
(2025-09-20T11:48:10.3833940Z, 2025-09-20T11:48:10.5404060Z] LongSum
Value: 558525032

Metric Name: process.runtime.dotnet.gc.committed_memory.size, The amount of committed virtual memory for the managed GC heap, as observed during the latest garbage collection. Committed virtual memory may be larger than the heap size because it includes both memory for storing existing objects (the heap size) and some extra memory that is ready to handle newly allocated objects in the future. The value will be unavailable until at least one garbage collection has occurred., Unit: bytes, Meter: OpenTelemetry.Instrumentation.Runtime/1.9.0
(2025-09-20T11:48:10.3833980Z, 2025-09-20T11:48:10.5404060Z] LongSumNonMonotonic
Value: 154353664

Metric Name: process.runtime.dotnet.gc.heap.size, The heap size (including fragmentation), as observed during the latest garbage collection. The value will be unavailable until at least one garbage collection has occurred., Unit: bytes, Meter: OpenTelemetry.Instrumentation.Runtime/1.9.0
(2025-09-20T11:48:10.3834030Z, 2025-09-20T11:48:10.5404060Z] generation: gen0 LongSumNonMonotonic
Value: 6595904
(2025-09-20T11:48:10.3834030Z, 2025-09-20T11:48:10.5404060Z] generation: gen1 LongSumNonMonotonic
Value: 8204152
(2025-09-20T11:48:10.3834030Z, 2025-09-20T11:48:10.5404060Z] generation: gen2 LongSumNonMonotonic
Value: 20500536
(2025-09-20T11:48:10.3834030Z, 2025-09-20T11:48:10.5404060Z] generation: loh LongSumNonMonotonic
Value: 117210112
(2025-09-20T11:48:10.3834030Z, 2025-09-20T11:48:10.5404060Z] generation: poh LongSumNonMonotonic
Value: 262336

Metric Name: process.runtime.dotnet.gc.heap.fragmentation.size, The heap fragmentation, as observed during the latest garbage collection. The value will be unavailable until at least one garbage collection has occurred., Unit: bytes, Meter: OpenTelemetry.Instrumentation.Runtime/1.9.0
(2025-09-20T11:48:10.3834070Z, 2025-09-20T11:48:10.5404060Z] generation: gen0 LongSumNonMonotonic
Value: 6594944
(2025-09-20T11:48:10.3834070Z, 2025-09-20T11:48:10.5404060Z] generation: gen1 LongSumNonMonotonic
Value: 113160
(2025-09-20T11:48:10.3834070Z, 2025-09-20T11:48:10.5404060Z] generation: gen2 LongSumNonMonotonic
Value: 306608
(2025-09-20T11:48:10.3834070Z, 2025-09-20T11:48:10.5404060Z] generation: loh LongSumNonMonotonic
Value: 87910616
(2025-09-20T11:48:10.3834070Z, 2025-09-20T11:48:10.5404060Z] generation: poh LongSumNonMonotonic
Value: 0

Metric Name: process.runtime.dotnet.gc.duration, The total amount of time paused in GC since the process start., Unit: ns, Meter: OpenTelemetry.Instrumentation.Runtime/1.9.0
(2025-09-20T11:48:10.3834130Z, 2025-09-20T11:48:10.5404060Z] LongSum
Value: 97682000

Metric Name: process.runtime.dotnet.jit.il_compiled.size, Count of bytes of intermediate language that have been compiled since the process start., Unit: bytes, Meter: OpenTelemetry.Instrumentation.Runtime/1.9.0
(2025-09-20T11:48:10.3834180Z, 2025-09-20T11:48:10.5404060Z] LongSum
Value: 1703576

Metric Name: process.runtime.dotnet.jit.methods_compiled.count, The number of times the JIT compiler compiled a method since the process start. The JIT compiler may be invoked multiple times for the same method to compile with different generic parameters, or because tiered compilation requested different optimization settings., Meter: OpenTelemetry.Instrumentation.Runtime/1.9.0
(2025-09-20T11:48:10.3834310Z, 2025-09-20T11:48:10.5404070Z] LongSum
Value: 22692

Metric Name: process.runtime.dotnet.jit.compilation_time, The amount of time the JIT compiler has spent compiling methods since the process start., Unit: ns, Meter: OpenTelemetry.Instrumentation.Runtime/1.9.0
(2025-09-20T11:48:10.3834450Z, 2025-09-20T11:48:10.5404070Z] LongSum
Value: 1836519700

Metric Name: process.runtime.dotnet.monitor.lock_contention.count, The number of times there was contention when trying to acquire a monitor lock since the process start. Monitor locks are commonly acquired by using the lock keyword in C#, or by calling Monitor.Enter() and Monitor.TryEnter()., Meter: OpenTelemetry.Instrumentation.Runtime/1.9.0
(2025-09-20T11:48:10.3834530Z, 2025-09-20T11:48:10.5404070Z] LongSum
Value: 8

Metric Name: process.runtime.dotnet.thread_pool.threads.count, The number of thread pool threads that currently exist., Meter: OpenTelemetry.Instrumentation.Runtime/1.9.0
(2025-09-20T11:48:10.3834590Z, 2025-09-20T11:48:10.5404070Z] LongSumNonMonotonic
Value: 8

Metric Name: process.runtime.dotnet.thread_pool.completed_items.count, The number of work items that have been processed by the thread pool since the process start., Meter: OpenTelemetry.Instrumentation.Runtime/1.9.0
(2025-09-20T11:48:10.3834640Z, 2025-09-20T11:48:10.5404070Z] LongSum
Value: 516

Metric Name: process.runtime.dotnet.thread_pool.queue.length, The number of work items that are currently queued to be processed by the thread pool., Meter: OpenTelemetry.Instrumentation.Runtime/1.9.0
(2025-09-20T11:48:10.3834680Z, 2025-09-20T11:48:10.5404070Z] LongSumNonMonotonic
Value: 0

Metric Name: process.runtime.dotnet.timer.count, The number of timer instances that are currently active. Timers can be created by many sources such as System.Threading.Timer, Task.Delay, or the timeout in a CancellationSource. An active timer is registered to tick at some point in the future and has not yet been canceled., Meter: OpenTelemetry.Instrumentation.Runtime/1.9.0
(2025-09-20T11:48:10.3834720Z, 2025-09-20T11:48:10.5404070Z] LongSumNonMonotonic
Value: 3

Metric Name: process.runtime.dotnet.assemblies.count, The number of .NET assemblies that are currently loaded., Meter: OpenTelemetry.Instrumentation.Runtime/1.9.0
(2025-09-20T11:48:10.3834750Z, 2025-09-20T11:48:10.5404070Z] LongSumNonMonotonic
Value: 205

Metric Name: http.server.active_requests, Number of active HTTP server requests., Unit: {request}, Meter: Microsoft.AspNetCore.Hosting
(2025-09-20T11:48:10.3835120Z, 2025-09-20T11:48:10.5404090Z] http.request.method: PUT url.scheme: http LongSumNonMonotonic
Value: 0
(2025-09-20T11:48:10.3835120Z, 2025-09-20T11:48:10.5404090Z] http.request.method: DELETE url.scheme: http LongSumNonMonotonic
Value: 0

Metric Name: http.server.request.duration, Duration of HTTP server requests., Unit: s, Meter: Microsoft.AspNetCore.Hosting
(2025-09-20T11:48:10.3835160Z, 2025-09-20T11:48:10.5404110Z] http.request.method: PUT http.response.status_code: 204 http.route: /api/tenants/{tenantId:guid}/members/{userId:guid} network.protocol.version: 1.1 url.scheme: http Histogram
Value: Sum: 0.05428770000000001 Count: 4 Min: 0.0009187 Max: 0.0497493 
(-Infinity,0.005]:3
(0.005,0.01]:0
(0.01,0.025]:0
(0.025,0.05]:1
(0.05,0.075]:0
(0.075,0.1]:0
(0.1,0.25]:0
(0.25,0.5]:0
(0.5,0.75]:0
(0.75,1]:0
(1,2.5]:0
(2.5,5]:0
(5,7.5]:0
(7.5,10]:0
(10,+Infinity]:0

(2025-09-20T11:48:10.3835160Z, 2025-09-20T11:48:10.5404110Z] http.request.method: DELETE http.response.status_code: 409 http.route: /api/tenants/{tenantId:guid}/members/{userId:guid} network.protocol.version: 1.1 url.scheme: http Histogram
Value: Sum: 0.0060492 Count: 1 Min: 0.0060492 Max: 0.0060492 
(-Infinity,0.005]:0
(0.005,0.01]:1
(0.01,0.025]:0
(0.025,0.05]:0
(0.05,0.075]:0
(0.075,0.1]:0
(0.1,0.25]:0
(0.25,0.5]:0
(0.5,0.75]:0
(0.75,1]:0
(1,2.5]:0
(2.5,5]:0
(5,7.5]:0
(7.5,10]:0
(10,+Infinity]:0

(2025-09-20T11:48:10.3835160Z, 2025-09-20T11:48:10.5404110Z] http.request.method: DELETE http.response.status_code: 204 http.route: /api/tenants/{tenantId:guid}/members/{userId:guid} network.protocol.version: 1.1 url.scheme: http Histogram
Value: Sum: 0.000992 Count: 1 Min: 0.000992 Max: 0.000992 
(-Infinity,0.005]:1
(0.005,0.01]:0
(0.01,0.025]:0
(0.025,0.05]:0
(0.05,0.075]:0
(0.075,0.1]:0
(0.1,0.25]:0
(0.25,0.5]:0
(0.5,0.75]:0
(0.75,1]:0
(1,2.5]:0
(2.5,5]:0
(5,7.5]:0
(7.5,10]:0
(10,+Infinity]:0

(2025-09-20T11:48:10.3835160Z, 2025-09-20T11:48:10.5404110Z] http.request.method: PUT http.response.status_code: 403 http.route: /api/tenants/{tenantId:guid}/members/{userId:guid} network.protocol.version: 1.1 url.scheme: http Histogram
Value: Sum: 0.0033125 Count: 1 Min: 0.0033125 Max: 0.0033125 
(-Infinity,0.005]:1
(0.005,0.01]:0
(0.01,0.025]:0
(0.025,0.05]:0
(0.05,0.075]:0
(0.075,0.1]:0
(0.1,0.25]:0
(0.25,0.5]:0
(0.5,0.75]:0
(0.75,1]:0
(1,2.5]:0
(2.5,5]:0
(5,7.5]:0
(7.5,10]:0
(10,+Infinity]:0


Metric Name: aspnetcore.routing.match_attempts, Number of requests that were attempted to be matched to an endpoint., Unit: {match_attempt}, Meter: Microsoft.AspNetCore.Routing
(2025-09-20T11:48:10.4343020Z, 2025-09-20T11:48:10.5404110Z] aspnetcore.routing.is_fallback: false aspnetcore.routing.match_status: success http.route: /api/tenants/{tenantId:guid}/members/{userId:guid} LongSum
Value: 7
[Startup] Warning: failed to ensure app.notification_dedupes exists: Relational-specific methods can only be used when the context is using a relational database provider.
info: Endpoints.V1[0]
      [MapV1Endpoints] Environment='Development' IsDevelopment=True
LogRecord.Timestamp:               2025-09-20T11:48:10.5997440Z
LogRecord.CategoryName:            Endpoints.V1
LogRecord.Severity:                Info
LogRecord.SeverityText:            Information
LogRecord.FormattedMessage:        [MapV1Endpoints] Environment='Development' IsDevelopment=True
LogRecord.Body:                    [MapV1Endpoints] Environment='{Env}' IsDevelopment={IsDev}
LogRecord.Attributes (Key:Value):
    Env: Development
    IsDev: true
    OriginalFormat (a.k.a Body): [MapV1Endpoints] Environment='{Env}' IsDevelopment={IsDev}

Resource associated with LogRecord:
service.name: Appostolic.Api
service.instance.id: cfc7ce07-e6a4-4518-a7e3-7e4ff99e6a9f
telemetry.sdk.name: opentelemetry
telemetry.sdk.language: dotnet
telemetry.sdk.version: 1.9.0

info: Microsoft.AspNetCore.DataProtection.KeyManagement.XmlKeyManager[62]
      User profile is available. Using '/Users/kevinmccreary/.aspnet/DataProtection-Keys' as key repository; keys will not be encrypted at rest.
LogRecord.Timestamp:               2025-09-20T11:48:10.6002430Z
LogRecord.CategoryName:            Microsoft.AspNetCore.DataProtection.KeyManagement.XmlKeyManager
LogRecord.Severity:                Info
LogRecord.SeverityText:            Information
LogRecord.FormattedMessage:        User profile is available. Using '/Users/kevinmccreary/.aspnet/DataProtection-Keys' as key repository; keys will not be encrypted at rest.
LogRecord.Body:                    User profile is available. Using '{FullName}' as key repository; keys will not be encrypted at rest.
LogRecord.Attributes (Key:Value):
    FullName: /Users/kevinmccreary/.aspnet/DataProtection-Keys
    OriginalFormat (a.k.a Body): User profile is available. Using '{FullName}' as key repository; keys will not be encrypted at rest.
LogRecord.EventId:                 62
LogRecord.EventName:               UsingProfileAsKeyRepository

Resource associated with LogRecord:
service.name: Appostolic.Api
service.instance.id: cfc7ce07-e6a4-4518-a7e3-7e4ff99e6a9f
telemetry.sdk.name: opentelemetry
telemetry.sdk.language: dotnet
telemetry.sdk.version: 1.9.0

info: Appostolic.Api.App.Notifications.AutoResendHostedService[0]
      AutoResend is disabled by configuration
LogRecord.Timestamp:               2025-09-20T11:48:10.6016010Z
LogRecord.CategoryName:            Appostolic.Api.App.Notifications.AutoResendHostedService
LogRecord.Severity:                Info
LogRecord.SeverityText:            Information
LogRecord.FormattedMessage:        AutoResend is disabled by configuration
LogRecord.Body:                    AutoResend is disabled by configuration
LogRecord.Attributes (Key:Value):
    OriginalFormat (a.k.a Body): AutoResend is disabled by configuration

Resource associated with LogRecord:
service.name: Appostolic.Api
service.instance.id: cfc7ce07-e6a4-4518-a7e3-7e4ff99e6a9f
telemetry.sdk.name: opentelemetry
telemetry.sdk.language: dotnet
telemetry.sdk.version: 1.9.0

info: Microsoft.AspNetCore.Http.Result.NotFoundObjectResult[1]
      Setting HTTP status code 404.
LogRecord.Timestamp:               2025-09-20T11:48:10.7027400Z
LogRecord.TraceId:                 0a1fc7bd47187e122b905a2a695e4122
LogRecord.SpanId:                  734ff69db551f2c5
LogRecord.TraceFlags:              Recorded
LogRecord.CategoryName:            Microsoft.AspNetCore.Http.Result.NotFoundObjectResult
LogRecord.Severity:                Info
LogRecord.SeverityText:            Information
LogRecord.FormattedMessage:        Setting HTTP status code 404.
LogRecord.Body:                    Setting HTTP status code {StatusCode}.
LogRecord.Attributes (Key:Value):
    StatusCode: 404
    OriginalFormat (a.k.a Body): Setting HTTP status code {StatusCode}.
LogRecord.EventId:                 1
LogRecord.EventName:               WritingResultAsStatusCode

Resource associated with LogRecord:
service.name: Appostolic.Api
service.instance.id: cfc7ce07-e6a4-4518-a7e3-7e4ff99e6a9f
telemetry.sdk.name: opentelemetry
telemetry.sdk.language: dotnet
telemetry.sdk.version: 1.9.0

Activity.TraceId:            0a1fc7bd47187e122b905a2a695e4122
Activity.SpanId:             734ff69db551f2c5
Activity.TraceFlags:         Recorded
Activity.ActivitySourceName: Microsoft.AspNetCore
Activity.DisplayName:        POST /api/notifications/{id:guid}/resend
Activity.Kind:               Server
Activity.StartTime:          2025-09-20T11:48:10.6468340Z
Activity.Duration:           00:00:00.0561460
Activity.Tags:
    server.address: localhost
    http.request.method: POST
    url.scheme: http
    url.path: /api/notifications/1dcec4af-088f-4206-8899-cf7c6a5d7119/resend
    network.protocol.version: 1.1
    tenant: kevin-personal
    user: kevin@example.com
    http.route: /api/notifications/{id:guid}/resend
    http.response.status_code: 404
Resource associated with Activity:
    service.name: Appostolic.Api
    service.instance.id: cfc7ce07-e6a4-4518-a7e3-7e4ff99e6a9f
    telemetry.sdk.name: opentelemetry
    telemetry.sdk.language: dotnet
    telemetry.sdk.version: 1.9.0

Resource associated with Metric:
    service.name: Appostolic.Api
    service.instance.id: cfc7ce07-e6a4-4518-a7e3-7e4ff99e6a9f
    telemetry.sdk.name: opentelemetry
    telemetry.sdk.language: dotnet
    telemetry.sdk.version: 1.9.0

Metric Name: process.runtime.dotnet.gc.collections.count, Number of garbage collections that have occurred since process start., Meter: OpenTelemetry.Instrumentation.Runtime/1.9.0
(2025-09-20T11:48:10.6008530Z, 2025-09-20T11:48:10.7032450Z] generation: gen2 LongSum
Value: 4
(2025-09-20T11:48:10.6008530Z, 2025-09-20T11:48:10.7032450Z] generation: gen1 LongSum
Value: 9
(2025-09-20T11:48:10.6008530Z, 2025-09-20T11:48:10.7032450Z] generation: gen0 LongSum
Value: 11

Metric Name: process.runtime.dotnet.gc.objects.size, Count of bytes currently in use by objects in the GC heap that haven't been collected yet. Fragmentation and other GC committed memory pools are excluded., Unit: bytes, Meter: OpenTelemetry.Instrumentation.Runtime/1.9.0
(2025-09-20T11:48:10.6008620Z, 2025-09-20T11:48:10.7032450Z] LongSumNonMonotonic
Value: 95620064

Metric Name: process.runtime.dotnet.gc.allocations.size, Count of bytes allocated on the managed GC heap since the process start. .NET objects are allocated from this heap. Object allocations from unmanaged languages such as C/C++ do not use this heap., Unit: bytes, Meter: OpenTelemetry.Instrumentation.Runtime/1.9.0
(2025-09-20T11:48:10.6008660Z, 2025-09-20T11:48:10.7032450Z] LongSum
Value: 570797136

Metric Name: process.runtime.dotnet.gc.committed_memory.size, The amount of committed virtual memory for the managed GC heap, as observed during the latest garbage collection. Committed virtual memory may be larger than the heap size because it includes both memory for storing existing objects (the heap size) and some extra memory that is ready to handle newly allocated objects in the future. The value will be unavailable until at least one garbage collection has occurred., Unit: bytes, Meter: OpenTelemetry.Instrumentation.Runtime/1.9.0
(2025-09-20T11:48:10.6008710Z, 2025-09-20T11:48:10.7032450Z] LongSumNonMonotonic
Value: 155140096

Metric Name: process.runtime.dotnet.gc.heap.size, The heap size (including fragmentation), as observed during the latest garbage collection. The value will be unavailable until at least one garbage collection has occurred., Unit: bytes, Meter: OpenTelemetry.Instrumentation.Runtime/1.9.0
(2025-09-20T11:48:10.6008750Z, 2025-09-20T11:48:10.7032460Z] generation: gen0 LongSumNonMonotonic
Value: 6076104
(2025-09-20T11:48:10.6008750Z, 2025-09-20T11:48:10.7032460Z] generation: gen1 LongSumNonMonotonic
Value: 10496064
(2025-09-20T11:48:10.6008750Z, 2025-09-20T11:48:10.7032460Z] generation: gen2 LongSumNonMonotonic
Value: 20500536
(2025-09-20T11:48:10.6008750Z, 2025-09-20T11:48:10.7032460Z] generation: loh LongSumNonMonotonic
Value: 117210112
(2025-09-20T11:48:10.6008750Z, 2025-09-20T11:48:10.7032460Z] generation: poh LongSumNonMonotonic
Value: 262336

Metric Name: process.runtime.dotnet.gc.heap.fragmentation.size, The heap fragmentation, as observed during the latest garbage collection. The value will be unavailable until at least one garbage collection has occurred., Unit: bytes, Meter: OpenTelemetry.Instrumentation.Runtime/1.9.0
(2025-09-20T11:48:10.6008790Z, 2025-09-20T11:48:10.7032460Z] generation: gen0 LongSumNonMonotonic
Value: 6075760
(2025-09-20T11:48:10.6008790Z, 2025-09-20T11:48:10.7032460Z] generation: gen1 LongSumNonMonotonic
Value: 149624
(2025-09-20T11:48:10.6008790Z, 2025-09-20T11:48:10.7032460Z] generation: gen2 LongSumNonMonotonic
Value: 306608
(2025-09-20T11:48:10.6008790Z, 2025-09-20T11:48:10.7032460Z] generation: loh LongSumNonMonotonic
Value: 83742816
(2025-09-20T11:48:10.6008790Z, 2025-09-20T11:48:10.7032460Z] generation: poh LongSumNonMonotonic
Value: 0

Metric Name: process.runtime.dotnet.gc.duration, The total amount of time paused in GC since the process start., Unit: ns, Meter: OpenTelemetry.Instrumentation.Runtime/1.9.0
(2025-09-20T11:48:10.6008830Z, 2025-09-20T11:48:10.7032460Z] LongSum
Value: 102543000

Metric Name: process.runtime.dotnet.jit.il_compiled.size, Count of bytes of intermediate language that have been compiled since the process start., Unit: bytes, Meter: OpenTelemetry.Instrumentation.Runtime/1.9.0
(2025-09-20T11:48:10.6008870Z, 2025-09-20T11:48:10.7032460Z] LongSum
Value: 1728882

Metric Name: process.runtime.dotnet.jit.methods_compiled.count, The number of times the JIT compiler compiled a method since the process start. The JIT compiler may be invoked multiple times for the same method to compile with different generic parameters, or because tiered compilation requested different optimization settings., Meter: OpenTelemetry.Instrumentation.Runtime/1.9.0
(2025-09-20T11:48:10.6008930Z, 2025-09-20T11:48:10.7032460Z] LongSum
Value: 22883

Metric Name: process.runtime.dotnet.jit.compilation_time, The amount of time the JIT compiler has spent compiling methods since the process start., Unit: ns, Meter: OpenTelemetry.Instrumentation.Runtime/1.9.0
(2025-09-20T11:48:10.6008970Z, 2025-09-20T11:48:10.7032460Z] LongSum
Value: 1909850900

Metric Name: process.runtime.dotnet.monitor.lock_contention.count, The number of times there was contention when trying to acquire a monitor lock since the process start. Monitor locks are commonly acquired by using the lock keyword in C#, or by calling Monitor.Enter() and Monitor.TryEnter()., Meter: OpenTelemetry.Instrumentation.Runtime/1.9.0
(2025-09-20T11:48:10.6009020Z, 2025-09-20T11:48:10.7032460Z] LongSum
Value: 8

Metric Name: process.runtime.dotnet.thread_pool.threads.count, The number of thread pool threads that currently exist., Meter: OpenTelemetry.Instrumentation.Runtime/1.9.0
(2025-09-20T11:48:10.6009060Z, 2025-09-20T11:48:10.7032460Z] LongSumNonMonotonic
Value: 8

Metric Name: process.runtime.dotnet.thread_pool.completed_items.count, The number of work items that have been processed by the thread pool since the process start., Meter: OpenTelemetry.Instrumentation.Runtime/1.9.0
(2025-09-20T11:48:10.6009100Z, 2025-09-20T11:48:10.7032470Z] LongSum
Value: 530

Metric Name: process.runtime.dotnet.thread_pool.queue.length, The number of work items that are currently queued to be processed by the thread pool., Meter: OpenTelemetry.Instrumentation.Runtime/1.9.0
(2025-09-20T11:48:10.6009140Z, 2025-09-20T11:48:10.7032470Z] LongSumNonMonotonic
Value: 0

Metric Name: process.runtime.dotnet.timer.count, The number of timer instances that are currently active. Timers can be created by many sources such as System.Threading.Timer, Task.Delay, or the timeout in a CancellationSource. An active timer is registered to tick at some point in the future and has not yet been canceled., Meter: OpenTelemetry.Instrumentation.Runtime/1.9.0
(2025-09-20T11:48:10.6009180Z, 2025-09-20T11:48:10.7032470Z] LongSumNonMonotonic
Value: 3

Metric Name: process.runtime.dotnet.assemblies.count, The number of .NET assemblies that are currently loaded., Meter: OpenTelemetry.Instrumentation.Runtime/1.9.0
(2025-09-20T11:48:10.6009210Z, 2025-09-20T11:48:10.7032470Z] LongSumNonMonotonic
Value: 205

Metric Name: http.server.active_requests, Number of active HTTP server requests., Unit: {request}, Meter: Microsoft.AspNetCore.Hosting
(2025-09-20T11:48:10.6009610Z, 2025-09-20T11:48:10.7032480Z] http.request.method: POST url.scheme: http LongSumNonMonotonic
Value: 0

Metric Name: http.server.request.duration, Duration of HTTP server requests., Unit: s, Meter: Microsoft.AspNetCore.Hosting
(2025-09-20T11:48:10.6009650Z, 2025-09-20T11:48:10.7032490Z] http.request.method: POST http.response.status_code: 404 http.route: /api/notifications/{id:guid}/resend network.protocol.version: 1.1 url.scheme: http Histogram
Value: Sum: 0.0561463 Count: 1 Min: 0.0561463 Max: 0.0561463 
(-Infinity,0.005]:0
(0.005,0.01]:0
(0.01,0.025]:0
(0.025,0.05]:0
(0.05,0.075]:1
(0.075,0.1]:0
(0.1,0.25]:0
(0.25,0.5]:0
(0.5,0.75]:0
(0.75,1]:0
(1,2.5]:0
(2.5,5]:0
(5,7.5]:0
(7.5,10]:0
(10,+Infinity]:0


Metric Name: aspnetcore.routing.match_attempts, Number of requests that were attempted to be matched to an endpoint., Unit: {match_attempt}, Meter: Microsoft.AspNetCore.Routing
(2025-09-20T11:48:10.6463220Z, 2025-09-20T11:48:10.7032490Z] aspnetcore.routing.is_fallback: false aspnetcore.routing.match_status: success http.route: /api/notifications/{id:guid}/resend LongSum
Value: 1
[Startup] Warning: failed to ensure app.notification_dedupes exists: Relational-specific methods can only be used when the context is using a relational database provider.
info: Endpoints.V1[0]
      [MapV1Endpoints] Environment='Development' IsDevelopment=True
LogRecord.Timestamp:               2025-09-20T11:48:10.7625610Z
LogRecord.CategoryName:            Endpoints.V1
LogRecord.Severity:                Info
LogRecord.SeverityText:            Information
LogRecord.FormattedMessage:        [MapV1Endpoints] Environment='Development' IsDevelopment=True
LogRecord.Body:                    [MapV1Endpoints] Environment='{Env}' IsDevelopment={IsDev}
LogRecord.Attributes (Key:Value):
    Env: Development
    IsDev: true
    OriginalFormat (a.k.a Body): [MapV1Endpoints] Environment='{Env}' IsDevelopment={IsDev}

Resource associated with LogRecord:
service.name: Appostolic.Api
service.instance.id: cfc7ce07-e6a4-4518-a7e3-7e4ff99e6a9f
telemetry.sdk.name: opentelemetry
telemetry.sdk.language: dotnet
telemetry.sdk.version: 1.9.0

LogRecord.Timestamp:               2025-09-20T11:48:10.7630380Z
info: Microsoft.AspNetCore.DataProtection.KeyManagement.XmlKeyManager[62]
      User profile is available. Using '/Users/kevinmccreary/.aspnet/DataProtection-Keys' as key repository; keys will not be encrypted at rest.
LogRecord.CategoryName:            Microsoft.AspNetCore.DataProtection.KeyManagement.XmlKeyManager
LogRecord.Severity:                Info
LogRecord.SeverityText:            Information
LogRecord.FormattedMessage:        User profile is available. Using '/Users/kevinmccreary/.aspnet/DataProtection-Keys' as key repository; keys will not be encrypted at rest.
LogRecord.Body:                    User profile is available. Using '{FullName}' as key repository; keys will not be encrypted at rest.
LogRecord.Attributes (Key:Value):
    FullName: /Users/kevinmccreary/.aspnet/DataProtection-Keys
    OriginalFormat (a.k.a Body): User profile is available. Using '{FullName}' as key repository; keys will not be encrypted at rest.
LogRecord.EventId:                 62
LogRecord.EventName:               UsingProfileAsKeyRepository

Resource associated with LogRecord:
service.name: Appostolic.Api
service.instance.id: cfc7ce07-e6a4-4518-a7e3-7e4ff99e6a9f
telemetry.sdk.name: opentelemetry
telemetry.sdk.language: dotnet
telemetry.sdk.version: 1.9.0

LogRecord.Timestamp:               2025-09-20T11:48:10.7643930Z
LogRecord.CategoryName:            Appostolic.Api.App.Notifications.AutoResendHostedService
info: Appostolic.Api.App.Notifications.AutoResendHostedService[0]
      AutoResend is disabled by configuration
LogRecord.Severity:                Info
LogRecord.SeverityText:            Information
LogRecord.FormattedMessage:        AutoResend is disabled by configuration
LogRecord.Body:                    AutoResend is disabled by configuration
LogRecord.Attributes (Key:Value):
    OriginalFormat (a.k.a Body): AutoResend is disabled by configuration

Resource associated with LogRecord:
service.name: Appostolic.Api
service.instance.id: cfc7ce07-e6a4-4518-a7e3-7e4ff99e6a9f
telemetry.sdk.name: opentelemetry
telemetry.sdk.language: dotnet
telemetry.sdk.version: 1.9.0

info: Microsoft.AspNetCore.Http.Result.CreatedResult[1]
      Setting HTTP status code 201.
LogRecord.Timestamp:               2025-09-20T11:48:10.8763330Z
LogRecord.TraceId:                 c25a2a1450428f7f7a0d98a0bc4e9c26
LogRecord.SpanId:                  e0bc50fb24081241
LogRecord.TraceFlags:              Recorded
LogRecord.CategoryName:            Microsoft.AspNetCore.Http.Result.CreatedResult
LogRecord.Severity:                Info
LogRecord.SeverityText:            Information
LogRecord.FormattedMessage:        Setting HTTP status code 201.
LogRecord.Body:                    Setting HTTP status code {StatusCode}.
LogRecord.Attributes (Key:Value):
    StatusCode: 201
    OriginalFormat (a.k.a Body): Setting HTTP status code {StatusCode}.
LogRecord.EventId:                 1
LogRecord.EventName:               WritingResultAsStatusCode

Resource associated with LogRecord:
service.name: Appostolic.Api
service.instance.id: cfc7ce07-e6a4-4518-a7e3-7e4ff99e6a9f
telemetry.sdk.name: opentelemetry
telemetry.sdk.language: dotnet
telemetry.sdk.version: 1.9.0

info: Microsoft.AspNetCore.Http.Result.CreatedResult[3]
      Writing value of type '<>f__AnonymousType11`1' as Json.
LogRecord.Timestamp:               2025-09-20T11:48:10.8767390Z
LogRecord.TraceId:                 c25a2a1450428f7f7a0d98a0bc4e9c26
LogRecord.SpanId:                  e0bc50fb24081241
LogRecord.TraceFlags:              Recorded
LogRecord.CategoryName:            Microsoft.AspNetCore.Http.Result.CreatedResult
LogRecord.Severity:                Info
LogRecord.SeverityText:            Information
LogRecord.FormattedMessage:        Writing value of type '<>f__AnonymousType11`1' as Json.
LogRecord.Body:                    Writing value of type '{Type}' as Json.
LogRecord.Attributes (Key:Value):
    Type: <>f__AnonymousType11`1
    OriginalFormat (a.k.a Body): Writing value of type '{Type}' as Json.
LogRecord.EventId:                 3
LogRecord.EventName:               WritingResultAsJson

Resource associated with LogRecord:
service.name: Appostolic.Api
service.instance.id: cfc7ce07-e6a4-4518-a7e3-7e4ff99e6a9f
telemetry.sdk.name: opentelemetry
telemetry.sdk.language: dotnet
telemetry.sdk.version: 1.9.0

Activity.TraceId:            c25a2a1450428f7f7a0d98a0bc4e9c26
Activity.SpanId:             e0bc50fb24081241
Activity.TraceFlags:         Recorded
Activity.ActivitySourceName: Microsoft.AspNetCore
Activity.DisplayName:        POST /api/notifications/{id:guid}/resend
Activity.Kind:               Server
Activity.StartTime:          2025-09-20T11:48:10.8132960Z
Activity.Duration:           00:00:00.0638080
Activity.Tags:
    server.address: localhost
    http.request.method: POST
    url.scheme: http
    url.path: /api/notifications/4cb81caa-730b-4b04-8455-04c6b97b0daf/resend
    network.protocol.version: 1.1
    tenant: kevin-personal
    user: kevin@example.com
    http.route: /api/notifications/{id:guid}/resend
    http.response.status_code: 201
Resource associated with Activity:
    service.name: Appostolic.Api
    service.instance.id: cfc7ce07-e6a4-4518-a7e3-7e4ff99e6a9f
    telemetry.sdk.name: opentelemetry
    telemetry.sdk.language: dotnet
    telemetry.sdk.version: 1.9.0

LogRecord.Timestamp:               2025-09-20T11:48:10.8796020Z
info: Microsoft.AspNetCore.Http.Result.ForbidResult[1]
      Executing ChallengeResult with authentication schemes ().
LogRecord.TraceId:                 4ab3ae49a5413f76ed24c68ca0f60e34
LogRecord.SpanId:                  f4afd7ee7d817c61
LogRecord.TraceFlags:              Recorded
LogRecord.CategoryName:            Microsoft.AspNetCore.Http.Result.ForbidResult
LogRecord.Severity:                Info
LogRecord.SeverityText:            Information
LogRecord.FormattedMessage:        Executing ChallengeResult with authentication schemes ().
LogRecord.Body:                    Executing ChallengeResult with authentication schemes ({Schemes}).
LogRecord.Attributes (Key:Value):
    Schemes: []
    OriginalFormat (a.k.a Body): Executing ChallengeResult with authentication schemes ({Schemes}).
LogRecord.EventId:                 1
LogRecord.EventName:               ChallengeResultExecuting

Resource associated with LogRecord:
service.name: Appostolic.Api
service.instance.id: cfc7ce07-e6a4-4518-a7e3-7e4ff99e6a9f
telemetry.sdk.name: opentelemetry
telemetry.sdk.language: dotnet
telemetry.sdk.version: 1.9.0

LogRecord.Timestamp:               2025-09-20T11:48:10.8800920Z
LogRecord.TraceId:                 4ab3ae49a5413f76ed24c68ca0f60e34
LogRecord.SpanId:                  f4afd7ee7d817c61
LogRecord.TraceFlags:              Recorded
info: Appostolic.Api.Infrastructure.Auth.DevHeaderAuthHandler[13]
      AuthenticationScheme: Dev was forbidden.
LogRecord.CategoryName:            Appostolic.Api.Infrastructure.Auth.DevHeaderAuthHandler
LogRecord.Severity:                Info
LogRecord.SeverityText:            Information
LogRecord.FormattedMessage:        AuthenticationScheme: Dev was forbidden.
LogRecord.Body:                    AuthenticationScheme: {AuthenticationScheme} was forbidden.
LogRecord.Attributes (Key:Value):
    AuthenticationScheme: Dev
    OriginalFormat (a.k.a Body): AuthenticationScheme: {AuthenticationScheme} was forbidden.
LogRecord.EventId:                 13
LogRecord.EventName:               AuthenticationSchemeForbidden

Resource associated with LogRecord:
service.name: Appostolic.Api
service.instance.id: cfc7ce07-e6a4-4518-a7e3-7e4ff99e6a9f
telemetry.sdk.name: opentelemetry
telemetry.sdk.language: dotnet
telemetry.sdk.version: 1.9.0

Activity.TraceId:            4ab3ae49a5413f76ed24c68ca0f60e34
Activity.SpanId:             f4afd7ee7d817c61
Activity.TraceFlags:         Recorded
Activity.ActivitySourceName: Microsoft.AspNetCore
Activity.DisplayName:        POST /api/notifications/{id:guid}/resend
Activity.Kind:               Server
Activity.StartTime:          2025-09-20T11:48:10.8773990Z
Activity.Duration:           00:00:00.0029860
Activity.Tags:
    server.address: localhost
    http.request.method: POST
    url.scheme: http
    url.path: /api/notifications/06db1141-1f00-4411-9653-a890496b4ef2/resend
    network.protocol.version: 1.1
    tenant: kevin-personal
    user: kevin@example.com
    http.route: /api/notifications/{id:guid}/resend
    http.response.status_code: 403
Resource associated with Activity:
    service.name: Appostolic.Api
    service.instance.id: cfc7ce07-e6a4-4518-a7e3-7e4ff99e6a9f
    telemetry.sdk.name: opentelemetry
    telemetry.sdk.language: dotnet
    telemetry.sdk.version: 1.9.0

Resource associated with Metric:
    service.name: Appostolic.Api
    service.instance.id: cfc7ce07-e6a4-4518-a7e3-7e4ff99e6a9f
    telemetry.sdk.name: opentelemetry
    telemetry.sdk.language: dotnet
    telemetry.sdk.version: 1.9.0

Metric Name: process.runtime.dotnet.gc.collections.count, Number of garbage collections that have occurred since process start., Meter: OpenTelemetry.Instrumentation.Runtime/1.9.0
(2025-09-20T11:48:10.7636660Z, 2025-09-20T11:48:10.8805750Z] generation: gen2 LongSum
Value: 5
(2025-09-20T11:48:10.7636660Z, 2025-09-20T11:48:10.8805750Z] generation: gen1 LongSum
Value: 10
(2025-09-20T11:48:10.7636660Z, 2025-09-20T11:48:10.8805750Z] generation: gen0 LongSum
Value: 11

Metric Name: process.runtime.dotnet.gc.objects.size, Count of bytes currently in use by objects in the GC heap that haven't been collected yet. Fragmentation and other GC committed memory pools are excluded., Unit: bytes, Meter: OpenTelemetry.Instrumentation.Runtime/1.9.0
(2025-09-20T11:48:10.7636740Z, 2025-09-20T11:48:10.8805750Z] LongSumNonMonotonic
Value: 111214776

Metric Name: process.runtime.dotnet.gc.allocations.size, Count of bytes allocated on the managed GC heap since the process start. .NET objects are allocated from this heap. Object allocations from unmanaged languages such as C/C++ do not use this heap., Unit: bytes, Meter: OpenTelemetry.Instrumentation.Runtime/1.9.0
(2025-09-20T11:48:10.7636790Z, 2025-09-20T11:48:10.8805750Z] LongSum
Value: 584547216

Metric Name: process.runtime.dotnet.gc.committed_memory.size, The amount of committed virtual memory for the managed GC heap, as observed during the latest garbage collection. Committed virtual memory may be larger than the heap size because it includes both memory for storing existing objects (the heap size) and some extra memory that is ready to handle newly allocated objects in the future. The value will be unavailable until at least one garbage collection has occurred., Unit: bytes, Meter: OpenTelemetry.Instrumentation.Runtime/1.9.0
(2025-09-20T11:48:10.7636830Z, 2025-09-20T11:48:10.8805750Z] LongSumNonMonotonic
Value: 157499392

Metric Name: process.runtime.dotnet.gc.heap.size, The heap size (including fragmentation), as observed during the latest garbage collection. The value will be unavailable until at least one garbage collection has occurred., Unit: bytes, Meter: OpenTelemetry.Instrumentation.Runtime/1.9.0
(2025-09-20T11:48:10.7636880Z, 2025-09-20T11:48:10.8805750Z] generation: gen0 LongSumNonMonotonic
Value: 24
(2025-09-20T11:48:10.7636880Z, 2025-09-20T11:48:10.8805750Z] generation: gen1 LongSumNonMonotonic
Value: 8392152
(2025-09-20T11:48:10.7636880Z, 2025-09-20T11:48:10.8805750Z] generation: gen2 LongSumNonMonotonic
Value: 30993968
(2025-09-20T11:48:10.7636880Z, 2025-09-20T11:48:10.8805750Z] generation: loh LongSumNonMonotonic
Value: 117210112
(2025-09-20T11:48:10.7636880Z, 2025-09-20T11:48:10.8805750Z] generation: poh LongSumNonMonotonic
Value: 262336

Metric Name: process.runtime.dotnet.gc.heap.fragmentation.size, The heap fragmentation, as observed during the latest garbage collection. The value will be unavailable until at least one garbage collection has occurred., Unit: bytes, Meter: OpenTelemetry.Instrumentation.Runtime/1.9.0
(2025-09-20T11:48:10.7636920Z, 2025-09-20T11:48:10.8805760Z] generation: gen0 LongSumNonMonotonic
Value: 0
(2025-09-20T11:48:10.7636920Z, 2025-09-20T11:48:10.8805760Z] generation: gen1 LongSumNonMonotonic
Value: 6127248
(2025-09-20T11:48:10.7636920Z, 2025-09-20T11:48:10.8805760Z] generation: gen2 LongSumNonMonotonic
Value: 1016552
(2025-09-20T11:48:10.7636920Z, 2025-09-20T11:48:10.8805760Z] generation: loh LongSumNonMonotonic
Value: 79575016
(2025-09-20T11:48:10.7636920Z, 2025-09-20T11:48:10.8805760Z] generation: poh LongSumNonMonotonic
Value: 0

Metric Name: process.runtime.dotnet.gc.duration, The total amount of time paused in GC since the process start., Unit: ns, Meter: OpenTelemetry.Instrumentation.Runtime/1.9.0
(2025-09-20T11:48:10.7636960Z, 2025-09-20T11:48:10.8805760Z] LongSum
Value: 108603000

Metric Name: process.runtime.dotnet.jit.il_compiled.size, Count of bytes of intermediate language that have been compiled since the process start., Unit: bytes, Meter: OpenTelemetry.Instrumentation.Runtime/1.9.0
(2025-09-20T11:48:10.7637000Z, 2025-09-20T11:48:10.8805760Z] LongSum
Value: 1766614

Metric Name: process.runtime.dotnet.jit.methods_compiled.count, The number of times the JIT compiler compiled a method since the process start. The JIT compiler may be invoked multiple times for the same method to compile with different generic parameters, or because tiered compilation requested different optimization settings., Meter: OpenTelemetry.Instrumentation.Runtime/1.9.0
(2025-09-20T11:48:10.7637050Z, 2025-09-20T11:48:10.8805760Z] LongSum
Value: 23140

Metric Name: process.runtime.dotnet.jit.compilation_time, The amount of time the JIT compiler has spent compiling methods since the process start., Unit: ns, Meter: OpenTelemetry.Instrumentation.Runtime/1.9.0
(2025-09-20T11:48:10.7637090Z, 2025-09-20T11:48:10.8805760Z] LongSum
Value: 1993282900

Metric Name: process.runtime.dotnet.monitor.lock_contention.count, The number of times there was contention when trying to acquire a monitor lock since the process start. Monitor locks are commonly acquired by using the lock keyword in C#, or by calling Monitor.Enter() and Monitor.TryEnter()., Meter: OpenTelemetry.Instrumentation.Runtime/1.9.0
(2025-09-20T11:48:10.7637140Z, 2025-09-20T11:48:10.8805760Z] LongSum
Value: 9

Metric Name: process.runtime.dotnet.thread_pool.threads.count, The number of thread pool threads that currently exist., Meter: OpenTelemetry.Instrumentation.Runtime/1.9.0
(2025-09-20T11:48:10.7637170Z, 2025-09-20T11:48:10.8805760Z] LongSumNonMonotonic
Value: 8

Metric Name: process.runtime.dotnet.thread_pool.completed_items.count, The number of work items that have been processed by the thread pool since the process start., Meter: OpenTelemetry.Instrumentation.Runtime/1.9.0
(2025-09-20T11:48:10.7637210Z, 2025-09-20T11:48:10.8805760Z] LongSum
Value: 552

Metric Name: process.runtime.dotnet.thread_pool.queue.length, The number of work items that are currently queued to be processed by the thread pool., Meter: OpenTelemetry.Instrumentation.Runtime/1.9.0
(2025-09-20T11:48:10.7637250Z, 2025-09-20T11:48:10.8805760Z] LongSumNonMonotonic
Value: 0

Metric Name: process.runtime.dotnet.timer.count, The number of timer instances that are currently active. Timers can be created by many sources such as System.Threading.Timer, Task.Delay, or the timeout in a CancellationSource. An active timer is registered to tick at some point in the future and has not yet been canceled., Meter: OpenTelemetry.Instrumentation.Runtime/1.9.0
(2025-09-20T11:48:10.7637290Z, 2025-09-20T11:48:10.8805760Z] LongSumNonMonotonic
Value: 3

Metric Name: process.runtime.dotnet.assemblies.count, The number of .NET assemblies that are currently loaded., Meter: OpenTelemetry.Instrumentation.Runtime/1.9.0
(2025-09-20T11:48:10.7637320Z, 2025-09-20T11:48:10.8805770Z] LongSumNonMonotonic
Value: 205

Metric Name: http.server.active_requests, Number of active HTTP server requests., Unit: {request}, Meter: Microsoft.AspNetCore.Hosting
(2025-09-20T11:48:10.7637720Z, 2025-09-20T11:48:10.8805780Z] http.request.method: POST url.scheme: http LongSumNonMonotonic
Value: 0

Metric Name: http.server.request.duration, Duration of HTTP server requests., Unit: s, Meter: Microsoft.AspNetCore.Hosting
(2025-09-20T11:48:10.7637760Z, 2025-09-20T11:48:10.8805800Z] http.request.method: POST http.response.status_code: 201 http.route: /api/notifications/{id:guid}/resend network.protocol.version: 1.1 url.scheme: http Histogram
Value: Sum: 0.0638242 Count: 1 Min: 0.0638242 Max: 0.0638242 
(-Infinity,0.005]:0
(0.005,0.01]:0
(0.01,0.025]:0
(0.025,0.05]:0
(0.05,0.075]:1
(0.075,0.1]:0
(0.1,0.25]:0
(0.25,0.5]:0
(0.5,0.75]:0
(0.75,1]:0
(1,2.5]:0
(2.5,5]:0
(5,7.5]:0
(7.5,10]:0
(10,+Infinity]:0

(2025-09-20T11:48:10.7637760Z, 2025-09-20T11:48:10.8805800Z] http.request.method: POST http.response.status_code: 403 http.route: /api/notifications/{id:guid}/resend network.protocol.version: 1.1 url.scheme: http Histogram
Value: Sum: 0.0029928 Count: 1 Min: 0.0029928 Max: 0.0029928 
(-Infinity,0.005]:1
(0.005,0.01]:0
(0.01,0.025]:0
(0.025,0.05]:0
(0.05,0.075]:0
(0.075,0.1]:0
(0.1,0.25]:0
(0.25,0.5]:0
(0.5,0.75]:0
(0.75,1]:0
(1,2.5]:0
(2.5,5]:0
(5,7.5]:0
(7.5,10]:0
(10,+Infinity]:0


Metric Name: aspnetcore.routing.match_attempts, Number of requests that were attempted to be matched to an endpoint., Unit: {match_attempt}, Meter: Microsoft.AspNetCore.Routing
(2025-09-20T11:48:10.8084570Z, 2025-09-20T11:48:10.8805800Z] aspnetcore.routing.is_fallback: false aspnetcore.routing.match_status: success http.route: /api/notifications/{id:guid}/resend LongSum
Value: 2

Metric Name: email.resend.total, Total resends initiated, tagged by mode/outcome., Unit: {email}, Meter: Appostolic.Metrics
(2025-09-20T11:48:10.8760970Z, 2025-09-20T11:48:10.8805810Z] kind: Invite mode: manual outcome: created tenant_scope: self LongSum
Value: 1
[Startup] Warning: failed to ensure app.notification_dedupes exists: Relational-specific methods can only be used when the context is using a relational database provider.
info: Endpoints.V1[0]
      [MapV1Endpoints] Environment='Development' IsDevelopment=True
LogRecord.Timestamp:               2025-09-20T11:48:10.9479580Z
LogRecord.CategoryName:            Endpoints.V1
LogRecord.Severity:                Info
LogRecord.SeverityText:            Information
LogRecord.FormattedMessage:        [MapV1Endpoints] Environment='Development' IsDevelopment=True
LogRecord.Body:                    [MapV1Endpoints] Environment='{Env}' IsDevelopment={IsDev}
LogRecord.Attributes (Key:Value):
    Env: Development
    IsDev: true
    OriginalFormat (a.k.a Body): [MapV1Endpoints] Environment='{Env}' IsDevelopment={IsDev}

Resource associated with LogRecord:
service.name: Appostolic.Api
service.instance.id: cfc7ce07-e6a4-4518-a7e3-7e4ff99e6a9f
telemetry.sdk.name: opentelemetry
telemetry.sdk.language: dotnet
telemetry.sdk.version: 1.9.0

LogRecord.Timestamp:               2025-09-20T11:48:10.9485950Z
info: Microsoft.AspNetCore.DataProtection.KeyManagement.XmlKeyManager[62]
      User profile is available. Using '/Users/kevinmccreary/.aspnet/DataProtection-Keys' as key repository; keys will not be encrypted at rest.
LogRecord.CategoryName:            Microsoft.AspNetCore.DataProtection.KeyManagement.XmlKeyManager
LogRecord.Severity:                Info
LogRecord.SeverityText:            Information
LogRecord.FormattedMessage:        User profile is available. Using '/Users/kevinmccreary/.aspnet/DataProtection-Keys' as key repository; keys will not be encrypted at rest.
LogRecord.Body:                    User profile is available. Using '{FullName}' as key repository; keys will not be encrypted at rest.
LogRecord.Attributes (Key:Value):
    FullName: /Users/kevinmccreary/.aspnet/DataProtection-Keys
    OriginalFormat (a.k.a Body): User profile is available. Using '{FullName}' as key repository; keys will not be encrypted at rest.
LogRecord.EventId:                 62
LogRecord.EventName:               UsingProfileAsKeyRepository

Resource associated with LogRecord:
service.name: Appostolic.Api
service.instance.id: cfc7ce07-e6a4-4518-a7e3-7e4ff99e6a9f
telemetry.sdk.name: opentelemetry
telemetry.sdk.language: dotnet
telemetry.sdk.version: 1.9.0

LogRecord.Timestamp:               2025-09-20T11:48:10.9501170Z
LogRecord.CategoryName:            Appostolic.Api.App.Notifications.AutoResendHostedService
LogRecord.Severity:                Info
info: Appostolic.Api.App.Notifications.AutoResendHostedService[0]
      AutoResend is disabled by configuration
LogRecord.SeverityText:            Information
LogRecord.FormattedMessage:        AutoResend is disabled by configuration
LogRecord.Body:                    AutoResend is disabled by configuration
LogRecord.Attributes (Key:Value):
    OriginalFormat (a.k.a Body): AutoResend is disabled by configuration

Resource associated with LogRecord:
service.name: Appostolic.Api
service.instance.id: cfc7ce07-e6a4-4518-a7e3-7e4ff99e6a9f
telemetry.sdk.name: opentelemetry
telemetry.sdk.language: dotnet
telemetry.sdk.version: 1.9.0

info: Microsoft.AspNetCore.Http.Result.OkObjectResult[1]
      Setting HTTP status code 200.
LogRecord.Timestamp:               2025-09-20T11:48:11.0597240Z
LogRecord.TraceId:                 e9832f8686be088d20075fefa96cded8
LogRecord.SpanId:                  5386b8f6588c8b79
LogRecord.TraceFlags:              Recorded
LogRecord.CategoryName:            Microsoft.AspNetCore.Http.Result.OkObjectResult
LogRecord.Severity:                Info
LogRecord.SeverityText:            Information
LogRecord.FormattedMessage:        Setting HTTP status code 200.
LogRecord.Body:                    Setting HTTP status code {StatusCode}.
LogRecord.Attributes (Key:Value):
    StatusCode: 200
    OriginalFormat (a.k.a Body): Setting HTTP status code {StatusCode}.
LogRecord.EventId:                 1
LogRecord.EventName:               WritingResultAsStatusCode

Resource associated with LogRecord:
service.name: Appostolic.Api
service.instance.id: cfc7ce07-e6a4-4518-a7e3-7e4ff99e6a9f
telemetry.sdk.name: opentelemetry
telemetry.sdk.language: dotnet
telemetry.sdk.version: 1.9.0

info: Microsoft.AspNetCore.Http.Result.OkObjectResult[3]
      Writing value of type 'List`1' as Json.
LogRecord.Timestamp:               2025-09-20T11:48:11.0651930Z
LogRecord.TraceId:                 e9832f8686be088d20075fefa96cded8
LogRecord.SpanId:                  5386b8f6588c8b79
LogRecord.TraceFlags:              Recorded
LogRecord.CategoryName:            Microsoft.AspNetCore.Http.Result.OkObjectResult
LogRecord.Severity:                Info
LogRecord.SeverityText:            Information
LogRecord.FormattedMessage:        Writing value of type 'List`1' as Json.
LogRecord.Body:                    Writing value of type '{Type}' as Json.
LogRecord.Attributes (Key:Value):
    Type: List`1
    OriginalFormat (a.k.a Body): Writing value of type '{Type}' as Json.
LogRecord.EventId:                 3
LogRecord.EventName:               WritingResultAsJson

Resource associated with LogRecord:
service.name: Appostolic.Api
service.instance.id: cfc7ce07-e6a4-4518-a7e3-7e4ff99e6a9f
telemetry.sdk.name: opentelemetry
telemetry.sdk.language: dotnet
telemetry.sdk.version: 1.9.0

Activity.TraceId:            e9832f8686be088d20075fefa96cded8
Activity.SpanId:             5386b8f6588c8b79
Activity.TraceFlags:         Recorded
Activity.ActivitySourceName: Microsoft.AspNetCore
Activity.DisplayName:        GET /api/notifications/
Activity.Kind:               Server
Activity.StartTime:          2025-09-20T11:48:10.9972140Z
Activity.Duration:           00:00:00.0708590
Activity.Tags:
    server.address: localhost
    url.query: ?take=Redacted
    http.request.method: GET
    url.scheme: http
    url.path: /api/notifications
    network.protocol.version: 1.1
    tenant: kevin-personal
    user: kevin@example.com
    http.route: /api/notifications/
    http.response.status_code: 200
Resource associated with Activity:
    service.name: Appostolic.Api
    service.instance.id: cfc7ce07-e6a4-4518-a7e3-7e4ff99e6a9f
    telemetry.sdk.name: opentelemetry
    telemetry.sdk.language: dotnet
    telemetry.sdk.version: 1.9.0

LogRecord.Timestamp:               2025-09-20T11:48:11.0718670Z
info: Microsoft.AspNetCore.Http.Result.AcceptedResult[1]
      Setting HTTP status code 202.
LogRecord.TraceId:                 7fdf2ef01ce299e5699867fcf9db97ce
LogRecord.SpanId:                  c8cd366be223a433
LogRecord.TraceFlags:              Recorded
LogRecord.CategoryName:            Microsoft.AspNetCore.Http.Result.AcceptedResult
LogRecord.Severity:                Info
LogRecord.SeverityText:            Information
LogRecord.FormattedMessage:        Setting HTTP status code 202.
LogRecord.Body:                    Setting HTTP status code {StatusCode}.
LogRecord.Attributes (Key:Value):
    StatusCode: 202
    OriginalFormat (a.k.a Body): Setting HTTP status code {StatusCode}.
LogRecord.EventId:                 1
LogRecord.EventName:               WritingResultAsStatusCode

Resource associated with LogRecord:
service.name: Appostolic.Api
service.instance.id: cfc7ce07-e6a4-4518-a7e3-7e4ff99e6a9f
telemetry.sdk.name: opentelemetry
telemetry.sdk.language: dotnet
telemetry.sdk.version: 1.9.0

Activity.TraceId:            7fdf2ef01ce299e5699867fcf9db97ce
Activity.SpanId:             c8cd366be223a433
Activity.TraceFlags:         Recorded
Activity.ActivitySourceName: Microsoft.AspNetCore
Activity.DisplayName:        POST /api/notifications/{id:guid}/retry
Activity.Kind:               Server
Activity.StartTime:          2025-09-20T11:48:11.0686330Z
Activity.Duration:           00:00:00.0033270
Activity.Tags:
    server.address: localhost
    http.request.method: POST
    url.scheme: http
    url.path: /api/notifications/b1c3cd00-34d9-48a1-8f45-cf1798c5c2d9/retry
    network.protocol.version: 1.1
    tenant: kevin-personal
    user: kevin@example.com
    http.route: /api/notifications/{id:guid}/retry
    http.response.status_code: 202
Resource associated with Activity:
    service.name: Appostolic.Api
    service.instance.id: cfc7ce07-e6a4-4518-a7e3-7e4ff99e6a9f
    telemetry.sdk.name: opentelemetry
    telemetry.sdk.language: dotnet
    telemetry.sdk.version: 1.9.0

Resource associated with Metric:
    service.name: Appostolic.Api
    service.instance.id: cfc7ce07-e6a4-4518-a7e3-7e4ff99e6a9f
    telemetry.sdk.name: opentelemetry
    telemetry.sdk.language: dotnet
    telemetry.sdk.version: 1.9.0

Metric Name: process.runtime.dotnet.gc.collections.count, Number of garbage collections that have occurred since process start., Meter: OpenTelemetry.Instrumentation.Runtime/1.9.0
(2025-09-20T11:48:10.9492890Z, 2025-09-20T11:48:11.0766670Z] generation: gen2 LongSum
Value: 5
(2025-09-20T11:48:10.9492890Z, 2025-09-20T11:48:11.0766670Z] generation: gen1 LongSum
Value: 10
(2025-09-20T11:48:10.9492890Z, 2025-09-20T11:48:11.0766670Z] generation: gen0 LongSum
Value: 12

Metric Name: process.runtime.dotnet.gc.objects.size, Count of bytes currently in use by objects in the GC heap that haven't been collected yet. Fragmentation and other GC committed memory pools are excluded., Unit: bytes, Meter: OpenTelemetry.Instrumentation.Runtime/1.9.0
(2025-09-20T11:48:10.9492990Z, 2025-09-20T11:48:11.0766670Z] LongSumNonMonotonic
Value: 118071744

Metric Name: process.runtime.dotnet.gc.allocations.size, Count of bytes allocated on the managed GC heap since the process start. .NET objects are allocated from this heap. Object allocations from unmanaged languages such as C/C++ do not use this heap., Unit: bytes, Meter: OpenTelemetry.Instrumentation.Runtime/1.9.0
(2025-09-20T11:48:10.9493210Z, 2025-09-20T11:48:11.0766680Z] LongSum
Value: 598442440

Metric Name: process.runtime.dotnet.gc.committed_memory.size, The amount of committed virtual memory for the managed GC heap, as observed during the latest garbage collection. Committed virtual memory may be larger than the heap size because it includes both memory for storing existing objects (the heap size) and some extra memory that is ready to handle newly allocated objects in the future. The value will be unavailable until at least one garbage collection has occurred., Unit: bytes, Meter: OpenTelemetry.Instrumentation.Runtime/1.9.0
(2025-09-20T11:48:10.9493260Z, 2025-09-20T11:48:11.0766680Z] LongSumNonMonotonic
Value: 165101568

Metric Name: process.runtime.dotnet.gc.heap.size, The heap size (including fragmentation), as observed during the latest garbage collection. The value will be unavailable until at least one garbage collection has occurred., Unit: bytes, Meter: OpenTelemetry.Instrumentation.Runtime/1.9.0
(2025-09-20T11:48:10.9493310Z, 2025-09-20T11:48:11.0766680Z] generation: gen0 LongSumNonMonotonic
Value: 6361824
(2025-09-20T11:48:10.9493310Z, 2025-09-20T11:48:11.0766680Z] generation: gen1 LongSumNonMonotonic
Value: 9653248
(2025-09-20T11:48:10.9493310Z, 2025-09-20T11:48:11.0766680Z] generation: gen2 LongSumNonMonotonic
Value: 30993968
(2025-09-20T11:48:10.9493310Z, 2025-09-20T11:48:11.0766680Z] generation: loh LongSumNonMonotonic
Value: 117210112
(2025-09-20T11:48:10.9493310Z, 2025-09-20T11:48:11.0766680Z] generation: poh LongSumNonMonotonic
Value: 262336

Metric Name: process.runtime.dotnet.gc.heap.fragmentation.size, The heap fragmentation, as observed during the latest garbage collection. The value will be unavailable until at least one garbage collection has occurred., Unit: bytes, Meter: OpenTelemetry.Instrumentation.Runtime/1.9.0
(2025-09-20T11:48:10.9493370Z, 2025-09-20T11:48:11.0766680Z] generation: gen0 LongSumNonMonotonic
Value: 6352720
(2025-09-20T11:48:10.9493370Z, 2025-09-20T11:48:11.0766680Z] generation: gen1 LongSumNonMonotonic
Value: 5143936
(2025-09-20T11:48:10.9493370Z, 2025-09-20T11:48:11.0766680Z] generation: gen2 LongSumNonMonotonic
Value: 1239632
(2025-09-20T11:48:10.9493370Z, 2025-09-20T11:48:11.0766680Z] generation: loh LongSumNonMonotonic
Value: 75931976
(2025-09-20T11:48:10.9493370Z, 2025-09-20T11:48:11.0766680Z] generation: poh LongSumNonMonotonic
Value: 0

Metric Name: process.runtime.dotnet.gc.duration, The total amount of time paused in GC since the process start., Unit: ns, Meter: OpenTelemetry.Instrumentation.Runtime/1.9.0
(2025-09-20T11:48:10.9493410Z, 2025-09-20T11:48:11.0766680Z] LongSum
Value: 115542000

Metric Name: process.runtime.dotnet.jit.il_compiled.size, Count of bytes of intermediate language that have been compiled since the process start., Unit: bytes, Meter: OpenTelemetry.Instrumentation.Runtime/1.9.0
(2025-09-20T11:48:10.9493460Z, 2025-09-20T11:48:11.0766680Z] LongSum
Value: 1815244

Metric Name: process.runtime.dotnet.jit.methods_compiled.count, The number of times the JIT compiler compiled a method since the process start. The JIT compiler may be invoked multiple times for the same method to compile with different generic parameters, or because tiered compilation requested different optimization settings., Meter: OpenTelemetry.Instrumentation.Runtime/1.9.0
(2025-09-20T11:48:10.9493520Z, 2025-09-20T11:48:11.0766680Z] LongSum
Value: 23577

Metric Name: process.runtime.dotnet.jit.compilation_time, The amount of time the JIT compiler has spent compiling methods since the process start., Unit: ns, Meter: OpenTelemetry.Instrumentation.Runtime/1.9.0
(2025-09-20T11:48:10.9493560Z, 2025-09-20T11:48:11.0766680Z] LongSum
Value: 2082236000

Metric Name: process.runtime.dotnet.monitor.lock_contention.count, The number of times there was contention when trying to acquire a monitor lock since the process start. Monitor locks are commonly acquired by using the lock keyword in C#, or by calling Monitor.Enter() and Monitor.TryEnter()., Meter: OpenTelemetry.Instrumentation.Runtime/1.9.0
(2025-09-20T11:48:10.9493610Z, 2025-09-20T11:48:11.0766690Z] LongSum
Value: 9

Metric Name: process.runtime.dotnet.thread_pool.threads.count, The number of thread pool threads that currently exist., Meter: OpenTelemetry.Instrumentation.Runtime/1.9.0
(2025-09-20T11:48:10.9493660Z, 2025-09-20T11:48:11.0766690Z] LongSumNonMonotonic
Value: 8
[Startup] Warning: failed to ensure app.notification_dedupes exists: Relational-specific methods can only be used when the context is using a relational database provider.

Metric Name: process.runtime.dotnet.thread_pool.completed_items.count, The number of work items that have been processed by the thread pool since the process start., Meter: OpenTelemetry.Instrumentation.Runtime/1.9.0
(2025-09-20T11:48:10.9493720Z, 2025-09-20T11:48:11.0766690Z] LongSum
Value: 574

Metric Name: process.runtime.dotnet.thread_pool.queue.length, The number of work items that are currently queued to be processed by the thread pool., Meter: OpenTelemetry.Instrumentation.Runtime/1.9.0
(2025-09-20T11:48:10.9493750Z, 2025-09-20T11:48:11.0766690Z] LongSumNonMonotonic
Value: 0

Metric Name: process.runtime.dotnet.timer.count, The number of timer instances that are currently active. Timers can be created by many sources such as System.Threading.Timer, Task.Delay, or the timeout in a CancellationSource. An active timer is registered to tick at some point in the future and has not yet been canceled., Meter: OpenTelemetry.Instrumentation.Runtime/1.9.0
(2025-09-20T11:48:10.9493800Z, 2025-09-20T11:48:11.0766690Z] LongSumNonMonotonic
Value: 3

Metric Name: process.runtime.dotnet.assemblies.count, The number of .NET assemblies that are currently loaded., Meter: OpenTelemetry.Instrumentation.Runtime/1.9.0
(2025-09-20T11:48:10.9493860Z, 2025-09-20T11:48:11.0766690Z] LongSumNonMonotonic
Value: 206

Metric Name: http.server.active_requests, Number of active HTTP server requests., Unit: {request}, Meter: Microsoft.AspNetCore.Hosting
(2025-09-20T11:48:10.9494600Z, 2025-09-20T11:48:11.0766720Z] http.request.method: GET url.scheme: http LongSumNonMonotonic
Value: 0
(2025-09-20T11:48:10.9494600Z, 2025-09-20T11:48:11.0766720Z] http.request.method: POST url.scheme: http LongSumNonMonotonic
Value: 0

Metric Name: http.server.request.duration, Duration of HTTP server requests., Unit: s, Meter: Microsoft.AspNetCore.Hosting
(2025-09-20T11:48:10.9494660Z, 2025-09-20T11:48:11.0766720Z] http.request.method: GET http.response.status_code: 200 http.route: /api/notifications/ network.protocol.version: 1.1 url.scheme: http Histogram
Value: Sum: 0.0708525 Count: 1 Min: 0.0708525 Max: 0.0708525 
(-Infinity,0.005]:0
(0.005,0.01]:0
(0.01,0.025]:0
(0.025,0.05]:0
(0.05,0.075]:1
(0.075,0.1]:0
(0.1,0.25]:0
(0.25,0.5]:0
(0.5,0.75]:0
(0.75,1]:0
(1,2.5]:0
(2.5,5]:0
(5,7.5]:0
(7.5,10]:0
(10,+Infinity]:0

(2025-09-20T11:48:10.9494660Z, 2025-09-20T11:48:11.0766720Z] http.request.method: POST http.response.status_code: 202 http.route: /api/notifications/{id:guid}/retry network.protocol.version: 1.1 url.scheme: http Histogram
Value: Sum: 0.003325 Count: 1 Min: 0.003325 Max: 0.003325 
(-Infinity,0.005]:1
(0.005,0.01]:0
(0.01,0.025]:0
(0.025,0.05]:0
(0.05,0.075]:0
(0.075,0.1]:0
(0.1,0.25]:0
(0.25,0.5]:0
(0.5,0.75]:0
(0.75,1]:0
(1,2.5]:0
(2.5,5]:0
(5,7.5]:0
(7.5,10]:0
(10,+Infinity]:0


Metric Name: aspnetcore.routing.match_attempts, Number of requests that were attempted to be matched to an endpoint., Unit: {match_attempt}, Meter: Microsoft.AspNetCore.Routing
(2025-09-20T11:48:10.9955630Z, 2025-09-20T11:48:11.0766730Z] aspnetcore.routing.is_fallback: false aspnetcore.routing.match_status: success http.route: /api/notifications/ LongSum
Value: 1
(2025-09-20T11:48:10.9955630Z, 2025-09-20T11:48:11.0766730Z] aspnetcore.routing.is_fallback: false aspnetcore.routing.match_status: success http.route: /api/notifications/{id:guid}/retry LongSum
Value: 1
info: Endpoints.V1[0]
      [MapV1Endpoints] Environment='Development' IsDevelopment=True
LogRecord.Timestamp:               2025-09-20T11:49:01.7577750Z
LogRecord.CategoryName:            Endpoints.V1
LogRecord.Severity:                Info
LogRecord.SeverityText:            Information
LogRecord.FormattedMessage:        [MapV1Endpoints] Environment='Development' IsDevelopment=True
LogRecord.Body:                    [MapV1Endpoints] Environment='{Env}' IsDevelopment={IsDev}
LogRecord.Attributes (Key:Value):
    Env: Development
    IsDev: true
    OriginalFormat (a.k.a Body): [MapV1Endpoints] Environment='{Env}' IsDevelopment={IsDev}

Resource associated with LogRecord:
service.name: Appostolic.Api
service.instance.id: cfc7ce07-e6a4-4518-a7e3-7e4ff99e6a9f
telemetry.sdk.name: opentelemetry
telemetry.sdk.language: dotnet
telemetry.sdk.version: 1.9.0

info: Microsoft.AspNetCore.DataProtection.KeyManagement.XmlKeyManager[62]
      User profile is available. Using '/Users/kevinmccreary/.aspnet/DataProtection-Keys' as key repository; keys will not be encrypted at rest.
LogRecord.Timestamp:               2025-09-20T11:49:01.7608530Z
LogRecord.CategoryName:            Microsoft.AspNetCore.DataProtection.KeyManagement.XmlKeyManager
LogRecord.Severity:                Info
LogRecord.SeverityText:            Information
LogRecord.FormattedMessage:        User profile is available. Using '/Users/kevinmccreary/.aspnet/DataProtection-Keys' as key repository; keys will not be encrypted at rest.
LogRecord.Body:                    User profile is available. Using '{FullName}' as key repository; keys will not be encrypted at rest.
LogRecord.Attributes (Key:Value):
    FullName: /Users/kevinmccreary/.aspnet/DataProtection-Keys
    OriginalFormat (a.k.a Body): User profile is available. Using '{FullName}' as key repository; keys will not be encrypted at rest.
LogRecord.EventId:                 62
LogRecord.EventName:               UsingProfileAsKeyRepository

Resource associated with LogRecord:
service.name: Appostolic.Api
service.instance.id: cfc7ce07-e6a4-4518-a7e3-7e4ff99e6a9f
telemetry.sdk.name: opentelemetry
telemetry.sdk.language: dotnet
telemetry.sdk.version: 1.9.0

LogRecord.Timestamp:               2025-09-20T11:49:01.7668780Z
LogRecord.CategoryName:            Appostolic.Api.App.Notifications.AutoResendHostedService
LogRecord.Severity:                Info
LogRecord.SeverityText:            Information
LogRecord.FormattedMessage:        AutoResend is disabled by configuration
LogRecord.Body:                    AutoResend is disabled by configuration
LogRecord.Attributes (Key:Value):
    OriginalFormat (a.k.a Body): AutoResend is disabled by configuration

Resource associated with LogRecord:
service.name: Appostolic.Api
service.instance.id: cfc7ce07-e6a4-4518-a7e3-7e4ff99e6a9f
telemetry.sdk.name: opentelemetry
telemetry.sdk.language: dotnet
telemetry.sdk.version: 1.9.0

info: Appostolic.Api.App.Notifications.AutoResendHostedService[0]
      AutoResend is disabled by configuration
info: Microsoft.AspNetCore.Http.Result.OkObjectResult[1]
      Setting HTTP status code 200.
LogRecord.Timestamp:               2025-09-20T11:49:01.9744590Z
LogRecord.TraceId:                 a3f3d51a813e58a418371cc72def09da
LogRecord.SpanId:                  e9e1fe675eadafa4
LogRecord.TraceFlags:              Recorded
LogRecord.CategoryName:            Microsoft.AspNetCore.Http.Result.OkObjectResult
LogRecord.Severity:                Info
LogRecord.SeverityText:            Information
LogRecord.FormattedMessage:        Setting HTTP status code 200.
LogRecord.Body:                    Setting HTTP status code {StatusCode}.
LogRecord.Attributes (Key:Value):
    StatusCode: 200
    OriginalFormat (a.k.a Body): Setting HTTP status code {StatusCode}.
LogRecord.EventId:                 1
LogRecord.EventName:               WritingResultAsStatusCode

Resource associated with LogRecord:
service.name: Appostolic.Api
service.instance.id: cfc7ce07-e6a4-4518-a7e3-7e4ff99e6a9f
telemetry.sdk.name: opentelemetry
telemetry.sdk.language: dotnet
telemetry.sdk.version: 1.9.0

info: Microsoft.AspNetCore.Http.Result.OkObjectResult[3]
      Writing value of type 'List`1' as Json.
LogRecord.Timestamp:               2025-09-20T11:49:01.9753490Z
LogRecord.TraceId:                 a3f3d51a813e58a418371cc72def09da
LogRecord.SpanId:                  e9e1fe675eadafa4
LogRecord.TraceFlags:              Recorded
LogRecord.CategoryName:            Microsoft.AspNetCore.Http.Result.OkObjectResult
LogRecord.Severity:                Info
LogRecord.SeverityText:            Information
LogRecord.FormattedMessage:        Writing value of type 'List`1' as Json.
LogRecord.Body:                    Writing value of type '{Type}' as Json.
LogRecord.Attributes (Key:Value):
    Type: List`1
    OriginalFormat (a.k.a Body): Writing value of type '{Type}' as Json.
LogRecord.EventId:                 3
LogRecord.EventName:               WritingResultAsJson

Resource associated with LogRecord:
service.name: Appostolic.Api
service.instance.id: cfc7ce07-e6a4-4518-a7e3-7e4ff99e6a9f
telemetry.sdk.name: opentelemetry
telemetry.sdk.language: dotnet
telemetry.sdk.version: 1.9.0

Activity.TraceId:            a3f3d51a813e58a418371cc72def09da
Activity.SpanId:             e9e1fe675eadafa4
Activity.TraceFlags:         Recorded
Activity.ActivitySourceName: Microsoft.AspNetCore
Activity.DisplayName:        GET /api/notifications/
Activity.Kind:               Server
Activity.StartTime:          2025-09-20T11:49:01.8411180Z
Activity.Duration:           00:00:00.1354410
Activity.Tags:
    server.address: localhost
    url.query: ?take=Redacted
    http.request.method: GET
    url.scheme: http
    url.path: /api/notifications
    network.protocol.version: 1.1
    tenant: kevin-personal
    user: kevin@example.com
    http.route: /api/notifications/
    http.response.status_code: 200
Resource associated with Activity:
    service.name: Appostolic.Api
    service.instance.id: cfc7ce07-e6a4-4518-a7e3-7e4ff99e6a9f
    telemetry.sdk.name: opentelemetry
    telemetry.sdk.language: dotnet
    telemetry.sdk.version: 1.9.0

info: Microsoft.AspNetCore.Http.Result.OkObjectResult[1]
      Setting HTTP status code 200.
LogRecord.Timestamp:               2025-09-20T11:49:01.9855980Z
LogRecord.TraceId:                 c2c9b07b5550edc006429fa70d7b49e5
LogRecord.SpanId:                  9529b0befac5266a
LogRecord.TraceFlags:              Recorded
LogRecord.CategoryName:            Microsoft.AspNetCore.Http.Result.OkObjectResult
LogRecord.Severity:                Info
LogRecord.SeverityText:            Information
LogRecord.FormattedMessage:        Setting HTTP status code 200.
LogRecord.Body:                    Setting HTTP status code {StatusCode}.
LogRecord.Attributes (Key:Value):
    StatusCode: 200
    OriginalFormat (a.k.a Body): Setting HTTP status code {StatusCode}.
LogRecord.EventId:                 1
LogRecord.EventName:               WritingResultAsStatusCode

Resource associated with LogRecord:
service.name: Appostolic.Api
service.instance.id: cfc7ce07-e6a4-4518-a7e3-7e4ff99e6a9f
telemetry.sdk.name: opentelemetry
telemetry.sdk.language: dotnet
telemetry.sdk.version: 1.9.0

LogRecord.Timestamp:               2025-09-20T11:49:01.9857020Z
LogRecord.TraceId:                 c2c9b07b5550edc006429fa70d7b49e5
LogRecord.SpanId:                  9529b0befac5266a
LogRecord.TraceFlags:              Recorded
LogRecord.CategoryName:            Microsoft.AspNetCore.Http.Result.OkObjectResult
LogRecord.Severity:                Info
LogRecord.SeverityText:            Information
LogRecord.FormattedMessage:        Writing value of type 'List`1' as Json.
LogRecord.Body:                    Writing value of type '{Type}' as Json.
LogRecord.Attributes (Key:Value):
    Type: List`1
    OriginalFormat (a.k.a Body): Writing value of type '{Type}' as Json.
LogRecord.EventId:                 3
LogRecord.EventName:               WritingResultAsJson

Resource associated with LogRecord:
service.name: Appostolic.Api
service.instance.id: cfc7ce07-e6a4-4518-a7e3-7e4ff99e6a9f
info: Microsoft.AspNetCore.Http.Result.OkObjectResult[3]
      Writing value of type 'List`1' as Json.
telemetry.sdk.name: opentelemetry
telemetry.sdk.language: dotnet
telemetry.sdk.version: 1.9.0

Activity.TraceId:            c2c9b07b5550edc006429fa70d7b49e5
Activity.SpanId:             9529b0befac5266a
Activity.TraceFlags:         Recorded
Activity.ActivitySourceName: Microsoft.AspNetCore
Activity.DisplayName:        GET /api/notifications/
Activity.Kind:               Server
Activity.StartTime:          2025-09-20T11:49:01.9772240Z
Activity.Duration:           00:00:00.0086350
Activity.Tags:
    server.address: localhost
    url.query: ?tenantId=Redacted
    http.request.method: GET
    url.scheme: http
    url.path: /api/notifications
    network.protocol.version: 1.1
    tenant: kevin-personal
    user: kevin@example.com
    http.route: /api/notifications/
    http.response.status_code: 200
Resource associated with Activity:
    service.name: Appostolic.Api
    service.instance.id: cfc7ce07-e6a4-4518-a7e3-7e4ff99e6a9f
    telemetry.sdk.name: opentelemetry
    telemetry.sdk.language: dotnet
    telemetry.sdk.version: 1.9.0

Resource associated with Metric:
    service.name: Appostolic.Api
    service.instance.id: cfc7ce07-e6a4-4518-a7e3-7e4ff99e6a9f
    telemetry.sdk.name: opentelemetry
    telemetry.sdk.language: dotnet
    telemetry.sdk.version: 1.9.0

Metric Name: process.runtime.dotnet.gc.collections.count, Number of garbage collections that have occurred since process start., Meter: OpenTelemetry.Instrumentation.Runtime/1.9.0
(2025-09-20T11:49:01.7638690Z, 2025-09-20T11:49:01.9867080Z] generation: gen2 LongSum
Value: 5
(2025-09-20T11:49:01.7638690Z, 2025-09-20T11:49:01.9867080Z] generation: gen1 LongSum
Value: 10
(2025-09-20T11:49:01.7638690Z, 2025-09-20T11:49:01.9867080Z] generation: gen0 LongSum
Value: 13

Metric Name: process.runtime.dotnet.gc.objects.size, Count of bytes currently in use by objects in the GC heap that haven't been collected yet. Fragmentation and other GC committed memory pools are excluded., Unit: bytes, Meter: OpenTelemetry.Instrumentation.Runtime/1.9.0
(2025-09-20T11:49:01.7638850Z, 2025-09-20T11:49:01.9867080Z] LongSumNonMonotonic
Value: 128807944

Metric Name: process.runtime.dotnet.gc.allocations.size, Count of bytes allocated on the managed GC heap since the process start. .NET objects are allocated from this heap. Object allocations from unmanaged languages such as C/C++ do not use this heap., Unit: bytes, Meter: OpenTelemetry.Instrumentation.Runtime/1.9.0
(2025-09-20T11:49:01.7638920Z, 2025-09-20T11:49:01.9867080Z] LongSum
Value: 612384528

Metric Name: process.runtime.dotnet.gc.committed_memory.size, The amount of committed virtual memory for the managed GC heap, as observed during the latest garbage collection. Committed virtual memory may be larger than the heap size because it includes both memory for storing existing objects (the heap size) and some extra memory that is ready to handle newly allocated objects in the future. The value will be unavailable until at least one garbage collection has occurred., Unit: bytes, Meter: OpenTelemetry.Instrumentation.Runtime/1.9.0
(2025-09-20T11:49:01.7639080Z, 2025-09-20T11:49:01.9867080Z] LongSumNonMonotonic
Value: 167198720

Metric Name: process.runtime.dotnet.gc.heap.size, The heap size (including fragmentation), as observed during the latest garbage collection. The value will be unavailable until at least one garbage collection has occurred., Unit: bytes, Meter: OpenTelemetry.Instrumentation.Runtime/1.9.0
(2025-09-20T11:49:01.7639920Z, 2025-09-20T11:49:01.9867090Z] generation: gen0 LongSumNonMonotonic
Value: 5864120
(2025-09-20T11:49:01.7639920Z, 2025-09-20T11:49:01.9867090Z] generation: gen1 LongSumNonMonotonic
Value: 12186848
(2025-09-20T11:49:01.7639920Z, 2025-09-20T11:49:01.9867090Z] generation: gen2 LongSumNonMonotonic
Value: 30993968
(2025-09-20T11:49:01.7639920Z, 2025-09-20T11:49:01.9867090Z] generation: loh LongSumNonMonotonic
Value: 117210112
(2025-09-20T11:49:01.7639920Z, 2025-09-20T11:49:01.9867090Z] generation: poh LongSumNonMonotonic
Value: 262336

Metric Name: process.runtime.dotnet.gc.heap.fragmentation.size, The heap fragmentation, as observed during the latest garbage collection. The value will be unavailable until at least one garbage collection has occurred., Unit: bytes, Meter: OpenTelemetry.Instrumentation.Runtime/1.9.0
(2025-09-20T11:49:01.7640010Z, 2025-09-20T11:49:01.9867090Z] generation: gen0 LongSumNonMonotonic
Value: 5863880
(2025-09-20T11:49:01.7640010Z, 2025-09-20T11:49:01.9867090Z] generation: gen1 LongSumNonMonotonic
Value: 5171816
(2025-09-20T11:49:01.7640010Z, 2025-09-20T11:49:01.9867090Z] generation: gen2 LongSumNonMonotonic
Value: 1239632
(2025-09-20T11:49:01.7640010Z, 2025-09-20T11:49:01.9867090Z] generation: loh LongSumNonMonotonic
Value: 70912240
(2025-09-20T11:49:01.7640010Z, 2025-09-20T11:49:01.9867090Z] generation: poh LongSumNonMonotonic
Value: 0

Metric Name: process.runtime.dotnet.gc.duration, The total amount of time paused in GC since the process start., Unit: ns, Meter: OpenTelemetry.Instrumentation.Runtime/1.9.0
(2025-09-20T11:49:01.7640120Z, 2025-09-20T11:49:01.9867090Z] LongSum
Value: 130659000

Metric Name: process.runtime.dotnet.jit.il_compiled.size, Count of bytes of intermediate language that have been compiled since the process start., Unit: bytes, Meter: OpenTelemetry.Instrumentation.Runtime/1.9.0
(2025-09-20T11:49:01.7640190Z, 2025-09-20T11:49:01.9867090Z] LongSum
Value: 2649043

Metric Name: process.runtime.dotnet.jit.methods_compiled.count, The number of times the JIT compiler compiled a method since the process start. The JIT compiler may be invoked multiple times for the same method to compile with different generic parameters, or because tiered compilation requested different optimization settings., Meter: OpenTelemetry.Instrumentation.Runtime/1.9.0
(2025-09-20T11:49:01.7640270Z, 2025-09-20T11:49:01.9867090Z] LongSum
Value: 34353

Metric Name: process.runtime.dotnet.jit.compilation_time, The amount of time the JIT compiler has spent compiling methods since the process start., Unit: ns, Meter: OpenTelemetry.Instrumentation.Runtime/1.9.0
(2025-09-20T11:49:01.7640370Z, 2025-09-20T11:49:01.9867090Z] LongSum
Value: 3399307100

Metric Name: process.runtime.dotnet.monitor.lock_contention.count, The number of times there was contention when trying to acquire a monitor lock since the process start. Monitor locks are commonly acquired by using the lock keyword in C#, or by calling Monitor.Enter() and Monitor.TryEnter()., Meter: OpenTelemetry.Instrumentation.Runtime/1.9.0
(2025-09-20T11:49:01.7640450Z, 2025-09-20T11:49:01.9867100Z] LongSum
Value: 14

Metric Name: process.runtime.dotnet.thread_pool.threads.count, The number of thread pool threads that currently exist., Meter: OpenTelemetry.Instrumentation.Runtime/1.9.0
(2025-09-20T11:49:01.7640490Z, 2025-09-20T11:49:01.9867100Z] LongSumNonMonotonic
Value: 5

Metric Name: process.runtime.dotnet.thread_pool.completed_items.count, The number of work items that have been processed by the thread pool since the process start., Meter: OpenTelemetry.Instrumentation.Runtime/1.9.0
(2025-09-20T11:49:01.7640570Z, 2025-09-20T11:49:01.9867100Z] LongSum
Value: 1268

Metric Name: process.runtime.dotnet.thread_pool.queue.length, The number of work items that are currently queued to be processed by the thread pool., Meter: OpenTelemetry.Instrumentation.Runtime/1.9.0
(2025-09-20T11:49:01.7640660Z, 2025-09-20T11:49:01.9867100Z] LongSumNonMonotonic
Value: 0

Metric Name: process.runtime.dotnet.timer.count, The number of timer instances that are currently active. Timers can be created by many sources such as System.Threading.Timer, Task.Delay, or the timeout in a CancellationSource. An active timer is registered to tick at some point in the future and has not yet been canceled., Meter: OpenTelemetry.Instrumentation.Runtime/1.9.0
(2025-09-20T11:49:01.7640720Z, 2025-09-20T11:49:01.9867100Z] LongSumNonMonotonic
Value: 3

Metric Name: process.runtime.dotnet.assemblies.count, The number of .NET assemblies that are currently loaded., Meter: OpenTelemetry.Instrumentation.Runtime/1.9.0
(2025-09-20T11:49:01.7640930Z, 2025-09-20T11:49:01.9867110Z] LongSumNonMonotonic
Value: 206

Metric Name: http.server.active_requests, Number of active HTTP server requests., Unit: {request}, Meter: Microsoft.AspNetCore.Hosting
(2025-09-20T11:49:01.7642700Z, 2025-09-20T11:49:01.9867150Z] http.request.method: GET url.scheme: http LongSumNonMonotonic
Value: 0

Metric Name: http.server.request.duration, Duration of HTTP server requests., Unit: s, Meter: Microsoft.AspNetCore.Hosting
(2025-09-20T11:49:01.7642830Z, 2025-09-20T11:49:01.9867160Z] http.request.method: GET http.response.status_code: 200 http.route: /api/notifications/ network.protocol.version: 1.1 url.scheme: http Histogram
Value: Sum: 0.14408 Count: 2 Min: 0.0086368 Max: 0.1354432 
(-Infinity,0.005]:0
(0.005,0.01]:1
(0.01,0.025]:0
(0.025,0.05]:0
(0.05,0.075]:0
(0.075,0.1]:0
(0.1,0.25]:1
(0.25,0.5]:0
(0.5,0.75]:0
(0.75,1]:0
(1,2.5]:0
(2.5,5]:0
(5,7.5]:0
(7.5,10]:0
(10,+Infinity]:0


Metric Name: aspnetcore.routing.match_attempts, Number of requests that were attempted to be matched to an endpoint., Unit: {match_attempt}, Meter: Microsoft.AspNetCore.Routing
(2025-09-20T11:49:01.8383980Z, 2025-09-20T11:49:01.9867170Z] aspnetcore.routing.is_fallback: false aspnetcore.routing.match_status: success http.route: /api/notifications/ LongSum
Value: 2
[Startup] Warning: failed to ensure app.notification_dedupes exists: Relational-specific methods can only be used when the context is using a relational database provider.
LogRecord.Timestamp:               2025-09-20T11:49:02.0794170Z
LogRecord.CategoryName:            Endpoints.V1
LogRecord.Severity:                Info
LogRecord.SeverityText:            Information
LogRecord.FormattedMessage:        [MapV1Endpoints] Environment='Development' IsDevelopment=True
LogRecord.Body:                    [MapV1Endpoints] Environment='{Env}' IsDevelopment={IsDev}
LogRecord.Attributes (Key:Value):
    Env: Development
    IsDev: true
    OriginalFormat (a.k.a Body): [MapV1Endpoints] Environment='{Env}' IsDevelopment={IsDev}

Resource associated with LogRecord:
service.name: Appostolic.Api
service.instance.id: cfc7ce07-e6a4-4518-a7e3-7e4ff99e6a9f
telemetry.sdk.name: opentelemetry
telemetry.sdk.language: dotnet
telemetry.sdk.version: 1.9.0

info: Endpoints.V1[0]
      [MapV1Endpoints] Environment='Development' IsDevelopment=True
LogRecord.Timestamp:               2025-09-20T11:49:02.0803370Z
LogRecord.CategoryName:            Microsoft.AspNetCore.DataProtection.KeyManagement.XmlKeyManager
LogRecord.Severity:                Info
LogRecord.SeverityText:            Information
LogRecord.FormattedMessage:        User profile is available. Using '/Users/kevinmccreary/.aspnet/DataProtection-Keys' as key repository; keys will not be encrypted at rest.
LogRecord.Body:                    User profile is available. Using '{FullName}' as key repository; keys will not be encrypted at rest.
LogRecord.Attributes (Key:Value):
    FullName: /Users/kevinmccreary/.aspnet/DataProtection-Keys
    OriginalFormat (a.k.a Body): User profile is available. Using '{FullName}' as key repository; keys will not be encrypted at rest.
LogRecord.EventId:                 62
LogRecord.EventName:               UsingProfileAsKeyRepository

Resource associated with LogRecord:
service.name: Appostolic.Api
service.instance.id: cfc7ce07-e6a4-4518-a7e3-7e4ff99e6a9f
telemetry.sdk.name: opentelemetry
telemetry.sdk.language: dotnet
telemetry.sdk.version: 1.9.0

info: Microsoft.AspNetCore.DataProtection.KeyManagement.XmlKeyManager[62]
      User profile is available. Using '/Users/kevinmccreary/.aspnet/DataProtection-Keys' as key repository; keys will not be encrypted at rest.
info: Appostolic.Api.App.Notifications.AutoResendHostedService[0]
      AutoResend is disabled by configuration
LogRecord.Timestamp:               2025-09-20T11:49:02.0822300Z
LogRecord.CategoryName:            Appostolic.Api.App.Notifications.AutoResendHostedService
LogRecord.Severity:                Info
LogRecord.SeverityText:            Information
LogRecord.FormattedMessage:        AutoResend is disabled by configuration
LogRecord.Body:                    AutoResend is disabled by configuration
LogRecord.Attributes (Key:Value):
    OriginalFormat (a.k.a Body): AutoResend is disabled by configuration

Resource associated with LogRecord:
service.name: Appostolic.Api
service.instance.id: cfc7ce07-e6a4-4518-a7e3-7e4ff99e6a9f
telemetry.sdk.name: opentelemetry
telemetry.sdk.language: dotnet
telemetry.sdk.version: 1.9.0

info: Microsoft.AspNetCore.Authorization.DefaultAuthorizationService[2]
      Authorization failed. These requirements were not met:
      Appostolic.Api.Infrastructure.Auth.RoleRequirement
LogRecord.Timestamp:               2025-09-20T11:49:02.2102720Z
LogRecord.TraceId:                 697949a53da3b02b66f1e595f9796f89
LogRecord.SpanId:                  06e6a9227b0cbc9e
LogRecord.TraceFlags:              Recorded
LogRecord.CategoryName:            Microsoft.AspNetCore.Authorization.DefaultAuthorizationService
LogRecord.Severity:                Info
LogRecord.SeverityText:            Information
LogRecord.FormattedMessage:        Authorization failed. These requirements were not met:
Appostolic.Api.Infrastructure.Auth.RoleRequirement
LogRecord.Body:                    Authorization failed. {Reason}
LogRecord.Attributes (Key:Value):
    Reason: These requirements were not met:
Appostolic.Api.Infrastructure.Auth.RoleRequirement
    OriginalFormat (a.k.a Body): Authorization failed. {Reason}
LogRecord.EventId:                 2
LogRecord.EventName:               UserAuthorizationFailed

Resource associated with LogRecord:
service.name: Appostolic.Api
service.instance.id: cfc7ce07-e6a4-4518-a7e3-7e4ff99e6a9f
telemetry.sdk.name: opentelemetry
telemetry.sdk.language: dotnet
telemetry.sdk.version: 1.9.0

Activity.TraceId:            697949a53da3b02b66f1e595f9796f89
Activity.SpanId:             06e6a9227b0cbc9e
Activity.TraceFlags:         Recorded
Activity.ActivitySourceName: Microsoft.AspNetCore
Activity.DisplayName:        GET /api/tenants/{tenantId:guid}/members
Activity.Kind:               Server
Activity.StartTime:          2025-09-20T11:49:02.1450050Z
Activity.Duration:           00:00:00.0656690
Activity.Tags:
    server.address: localhost
    http.request.method: GET
    url.scheme: http
    url.path: /api/tenants/b436e687-4c2f-45e0-81c1-8af73b14f054/members
    network.protocol.version: 1.1
    http.route: /api/tenants/{tenantId:guid}/members
    http.response.status_code: 403
Resource associated with Activity:
    service.name: Appostolic.Api
    service.instance.id: cfc7ce07-e6a4-4518-a7e3-7e4ff99e6a9f
    telemetry.sdk.name: opentelemetry
    telemetry.sdk.language: dotnet
    telemetry.sdk.version: 1.9.0

info: Microsoft.AspNetCore.Http.Result.OkObjectResult[1]
      Setting HTTP status code 200.
LogRecord.Timestamp:               2025-09-20T11:49:02.2319190Z
LogRecord.TraceId:                 6c0cdb30361ad57366454d0b7df3817c
LogRecord.SpanId:                  a26a6a4b13bbf82b
LogRecord.TraceFlags:              Recorded
LogRecord.CategoryName:            Microsoft.AspNetCore.Http.Result.OkObjectResult
LogRecord.Severity:                Info
LogRecord.SeverityText:            Information
LogRecord.FormattedMessage:        Setting HTTP status code 200.
LogRecord.Body:                    Setting HTTP status code {StatusCode}.
LogRecord.Attributes (Key:Value):
    StatusCode: 200
    OriginalFormat (a.k.a Body): Setting HTTP status code {StatusCode}.
LogRecord.EventId:                 1
LogRecord.EventName:               WritingResultAsStatusCode

Resource associated with LogRecord:
service.name: Appostolic.Api
service.instance.id: cfc7ce07-e6a4-4518-a7e3-7e4ff99e6a9f
telemetry.sdk.name: opentelemetry
telemetry.sdk.language: dotnet
telemetry.sdk.version: 1.9.0

info: Microsoft.AspNetCore.Http.Result.OkObjectResult[3]
      Writing value of type 'List`1' as Json.
LogRecord.Timestamp:               2025-09-20T11:49:02.2329540Z
LogRecord.TraceId:                 6c0cdb30361ad57366454d0b7df3817c
LogRecord.SpanId:                  a26a6a4b13bbf82b
LogRecord.TraceFlags:              Recorded
LogRecord.CategoryName:            Microsoft.AspNetCore.Http.Result.OkObjectResult
LogRecord.Severity:                Info
LogRecord.SeverityText:            Information
LogRecord.FormattedMessage:        Writing value of type 'List`1' as Json.
LogRecord.Body:                    Writing value of type '{Type}' as Json.
LogRecord.Attributes (Key:Value):
    Type: List`1
    OriginalFormat (a.k.a Body): Writing value of type '{Type}' as Json.
LogRecord.EventId:                 3
LogRecord.EventName:               WritingResultAsJson

Resource associated with LogRecord:
service.name: Appostolic.Api
service.instance.id: cfc7ce07-e6a4-4518-a7e3-7e4ff99e6a9f
telemetry.sdk.name: opentelemetry
telemetry.sdk.language: dotnet
telemetry.sdk.version: 1.9.0

Activity.TraceId:            6c0cdb30361ad57366454d0b7df3817c
Activity.SpanId:             a26a6a4b13bbf82b
Activity.TraceFlags:         Recorded
Activity.ActivitySourceName: Microsoft.AspNetCore
Activity.DisplayName:        GET /api/tenants/{tenantId:guid}/members
Activity.Kind:               Server
Activity.StartTime:          2025-09-20T11:49:02.2137080Z
Activity.Duration:           00:00:00.0200030
Activity.Tags:
    server.address: localhost
    http.request.method: GET
    url.scheme: http
    url.path: /api/tenants/b436e687-4c2f-45e0-81c1-8af73b14f054/members
    network.protocol.version: 1.1
    tenant: kevin-personal
    user: kevin@example.com
    http.route: /api/tenants/{tenantId:guid}/members
    http.response.status_code: 200
Resource associated with Activity:
    service.name: Appostolic.Api
    service.instance.id: cfc7ce07-e6a4-4518-a7e3-7e4ff99e6a9f
    telemetry.sdk.name: opentelemetry
    telemetry.sdk.language: dotnet
    telemetry.sdk.version: 1.9.0

info: Appostolic.Api.Infrastructure.Auth.DevHeaderAuthHandler[7]
      Dev was not authenticated. Failure message: Missing x-dev-user or x-tenant headers
LogRecord.Timestamp:               2025-09-20T11:49:02.2397310Z
LogRecord.TraceId:                 a12b52e183aa5591f8df794cd413a61c
LogRecord.SpanId:                  911b1c4bb55aada3
LogRecord.TraceFlags:              Recorded
LogRecord.CategoryName:            Appostolic.Api.Infrastructure.Auth.DevHeaderAuthHandler
LogRecord.Severity:                Info
LogRecord.SeverityText:            Information
LogRecord.FormattedMessage:        Dev was not authenticated. Failure message: Missing x-dev-user or x-tenant headers
LogRecord.Body:                    {AuthenticationScheme} was not authenticated. Failure message: {FailureMessage}
LogRecord.Attributes (Key:Value):
    AuthenticationScheme: Dev
    FailureMessage: Missing x-dev-user or x-tenant headers
    OriginalFormat (a.k.a Body): {AuthenticationScheme} was not authenticated. Failure message: {FailureMessage}
LogRecord.EventId:                 7
LogRecord.EventName:               AuthenticationSchemeNotAuthenticatedWithFailure

Resource associated with LogRecord:
service.name: Appostolic.Api
service.instance.id: cfc7ce07-e6a4-4518-a7e3-7e4ff99e6a9f
telemetry.sdk.name: opentelemetry
telemetry.sdk.language: dotnet
telemetry.sdk.version: 1.9.0

info: Microsoft.AspNetCore.Authorization.DefaultAuthorizationService[2]
      Authorization failed. These requirements were not met:
      DenyAnonymousAuthorizationRequirement: Requires an authenticated user.
      Appostolic.Api.Infrastructure.Auth.RoleRequirement
LogRecord.Timestamp:               2025-09-20T11:49:02.2408520Z
LogRecord.TraceId:                 a12b52e183aa5591f8df794cd413a61c
LogRecord.SpanId:                  911b1c4bb55aada3
LogRecord.TraceFlags:              Recorded
LogRecord.CategoryName:            Microsoft.AspNetCore.Authorization.DefaultAuthorizationService
LogRecord.Severity:                Info
LogRecord.SeverityText:            Information
LogRecord.FormattedMessage:        Authorization failed. These requirements were not met:
DenyAnonymousAuthorizationRequirement: Requires an authenticated user.
Appostolic.Api.Infrastructure.Auth.RoleRequirement
LogRecord.Body:                    Authorization failed. {Reason}
LogRecord.Attributes (Key:Value):
    Reason: These requirements were not met:
DenyAnonymousAuthorizationRequirement: Requires an authenticated user.
Appostolic.Api.Infrastructure.Auth.RoleRequirement
    OriginalFormat (a.k.a Body): Authorization failed. {Reason}
LogRecord.EventId:                 2
LogRecord.EventName:               UserAuthorizationFailed

Resource associated with LogRecord:
service.name: Appostolic.Api
service.instance.id: cfc7ce07-e6a4-4518-a7e3-7e4ff99e6a9f
telemetry.sdk.name: opentelemetry
telemetry.sdk.language: dotnet
telemetry.sdk.version: 1.9.0

info: Appostolic.Api.Infrastructure.Auth.DevHeaderAuthHandler[12]
      AuthenticationScheme: Dev was challenged.
LogRecord.Timestamp:               2025-09-20T11:49:02.2417370Z
LogRecord.TraceId:                 a12b52e183aa5591f8df794cd413a61c
LogRecord.SpanId:                  911b1c4bb55aada3
LogRecord.TraceFlags:              Recorded
LogRecord.CategoryName:            Appostolic.Api.Infrastructure.Auth.DevHeaderAuthHandler
LogRecord.Severity:                Info
LogRecord.SeverityText:            Information
LogRecord.FormattedMessage:        AuthenticationScheme: Dev was challenged.
LogRecord.Body:                    AuthenticationScheme: {AuthenticationScheme} was challenged.
LogRecord.Attributes (Key:Value):
    AuthenticationScheme: Dev
    OriginalFormat (a.k.a Body): AuthenticationScheme: {AuthenticationScheme} was challenged.
LogRecord.EventId:                 12
LogRecord.EventName:               AuthenticationSchemeChallenged

Resource associated with LogRecord:
service.name: Appostolic.Api
service.instance.id: cfc7ce07-e6a4-4518-a7e3-7e4ff99e6a9f
telemetry.sdk.name: opentelemetry
telemetry.sdk.language: dotnet
telemetry.sdk.version: 1.9.0

Activity.TraceId:            a12b52e183aa5591f8df794cd413a61c
Activity.SpanId:             911b1c4bb55aada3
Activity.TraceFlags:         Recorded
Activity.ActivitySourceName: Microsoft.AspNetCore
Activity.DisplayName:        GET /api/tenants/{tenantId:guid}/members
Activity.Kind:               Server
Activity.StartTime:          2025-09-20T11:49:02.2373550Z
Activity.Duration:           00:00:00.0050870
Activity.Tags:
    server.address: localhost
    http.request.method: GET
    url.scheme: http
    url.path: /api/tenants/b436e687-4c2f-45e0-81c1-8af73b14f054/members
    network.protocol.version: 1.1
    http.route: /api/tenants/{tenantId:guid}/members
    http.response.status_code: 401
Resource associated with Activity:
    service.name: Appostolic.Api
    service.instance.id: cfc7ce07-e6a4-4518-a7e3-7e4ff99e6a9f
    telemetry.sdk.name: opentelemetry
    telemetry.sdk.language: dotnet
    telemetry.sdk.version: 1.9.0

Resource associated with Metric:
    service.name: Appostolic.Api
    service.instance.id: cfc7ce07-e6a4-4518-a7e3-7e4ff99e6a9f
    telemetry.sdk.name: opentelemetry
    telemetry.sdk.language: dotnet
    telemetry.sdk.version: 1.9.0

Metric Name: process.runtime.dotnet.gc.collections.count, Number of garbage collections that have occurred since process start., Meter: OpenTelemetry.Instrumentation.Runtime/1.9.0
(2025-09-20T11:49:02.0813070Z, 2025-09-20T11:49:02.2439360Z] generation: gen2 LongSum
Value: 5
(2025-09-20T11:49:02.0813070Z, 2025-09-20T11:49:02.2439360Z] generation: gen1 LongSum
Value: 10
(2025-09-20T11:49:02.0813070Z, 2025-09-20T11:49:02.2439360Z] generation: gen0 LongSum
Value: 14

Metric Name: process.runtime.dotnet.gc.objects.size, Count of bytes currently in use by objects in the GC heap that haven't been collected yet. Fragmentation and other GC committed memory pools are excluded., Unit: bytes, Meter: OpenTelemetry.Instrumentation.Runtime/1.9.0
(2025-09-20T11:49:02.0813150Z, 2025-09-20T11:49:02.2439370Z] LongSumNonMonotonic
Value: 139266488

Metric Name: process.runtime.dotnet.gc.allocations.size, Count of bytes allocated on the managed GC heap since the process start. .NET objects are allocated from this heap. Object allocations from unmanaged languages such as C/C++ do not use this heap., Unit: bytes, Meter: OpenTelemetry.Instrumentation.Runtime/1.9.0
(2025-09-20T11:49:02.0813200Z, 2025-09-20T11:49:02.2439370Z] LongSum
Value: 626244760

Metric Name: process.runtime.dotnet.gc.committed_memory.size, The amount of committed virtual memory for the managed GC heap, as observed during the latest garbage collection. Committed virtual memory may be larger than the heap size because it includes both memory for storing existing objects (the heap size) and some extra memory that is ready to handle newly allocated objects in the future. The value will be unavailable until at least one garbage collection has occurred., Unit: bytes, Meter: OpenTelemetry.Instrumentation.Runtime/1.9.0
(2025-09-20T11:49:02.0813250Z, 2025-09-20T11:49:02.2439370Z] LongSumNonMonotonic
Value: 169558016

Metric Name: process.runtime.dotnet.gc.heap.size, The heap size (including fragmentation), as observed during the latest garbage collection. The value will be unavailable until at least one garbage collection has occurred., Unit: bytes, Meter: OpenTelemetry.Instrumentation.Runtime/1.9.0
(2025-09-20T11:49:02.0813300Z, 2025-09-20T11:49:02.2439370Z] generation: gen0 LongSumNonMonotonic
Value: 6018472
(2025-09-20T11:49:02.0813300Z, 2025-09-20T11:49:02.2439370Z] generation: gen1 LongSumNonMonotonic
Value: 14557928
(2025-09-20T11:49:02.0813300Z, 2025-09-20T11:49:02.2439370Z] generation: gen2 LongSumNonMonotonic
Value: 30993968
(2025-09-20T11:49:02.0813300Z, 2025-09-20T11:49:02.2439370Z] generation: loh LongSumNonMonotonic
Value: 117210112
(2025-09-20T11:49:02.0813300Z, 2025-09-20T11:49:02.2439370Z] generation: poh LongSumNonMonotonic
Value: 262336

Metric Name: process.runtime.dotnet.gc.heap.fragmentation.size, The heap fragmentation, as observed during the latest garbage collection. The value will be unavailable until at least one garbage collection has occurred., Unit: bytes, Meter: OpenTelemetry.Instrumentation.Runtime/1.9.0
(2025-09-20T11:49:02.0813340Z, 2025-09-20T11:49:02.2439380Z] generation: gen0 LongSumNonMonotonic
Value: 6018064
(2025-09-20T11:49:02.0813340Z, 2025-09-20T11:49:02.2439380Z] generation: gen1 LongSumNonMonotonic
Value: 5203160
(2025-09-20T11:49:02.0813340Z, 2025-09-20T11:49:02.2439380Z] generation: gen2 LongSumNonMonotonic
Value: 1239632
(2025-09-20T11:49:02.0813340Z, 2025-09-20T11:49:02.2439380Z] generation: loh LongSumNonMonotonic
Value: 66023600
(2025-09-20T11:49:02.0813340Z, 2025-09-20T11:49:02.2439380Z] generation: poh LongSumNonMonotonic
Value: 0

Metric Name: process.runtime.dotnet.gc.duration, The total amount of time paused in GC since the process start., Unit: ns, Meter: OpenTelemetry.Instrumentation.Runtime/1.9.0
(2025-09-20T11:49:02.0813380Z, 2025-09-20T11:49:02.2439380Z] LongSum
Value: 136157000

Metric Name: process.runtime.dotnet.jit.il_compiled.size, Count of bytes of intermediate language that have been compiled since the process start., Unit: bytes, Meter: OpenTelemetry.Instrumentation.Runtime/1.9.0
(2025-09-20T11:49:02.0813420Z, 2025-09-20T11:49:02.2439380Z] LongSum
Value: 2703899

Metric Name: process.runtime.dotnet.jit.methods_compiled.count, The number of times the JIT compiler compiled a method since the process start. The JIT compiler may be invoked multiple times for the same method to compile with different generic parameters, or because tiered compilation requested different optimization settings., Meter: OpenTelemetry.Instrumentation.Runtime/1.9.0
(2025-09-20T11:49:02.0813480Z, 2025-09-20T11:49:02.2439380Z] LongSum
Value: 34743

Metric Name: process.runtime.dotnet.jit.compilation_time, The amount of time the JIT compiler has spent compiling methods since the process start., Unit: ns, Meter: OpenTelemetry.Instrumentation.Runtime/1.9.0
(2025-09-20T11:49:02.0813520Z, 2025-09-20T11:49:02.2439380Z] LongSum
Value: 3560275900

Metric Name: process.runtime.dotnet.monitor.lock_contention.count, The number of times there was contention when trying to acquire a monitor lock since the process start. Monitor locks are commonly acquired by using the lock keyword in C#, or by calling Monitor.Enter() and Monitor.TryEnter()., Meter: OpenTelemetry.Instrumentation.Runtime/1.9.0
(2025-09-20T11:49:02.0813570Z, 2025-09-20T11:49:02.2439390Z] LongSum
Value: 18

Metric Name: process.runtime.dotnet.thread_pool.threads.count, The number of thread pool threads that currently exist., Meter: OpenTelemetry.Instrumentation.Runtime/1.9.0
(2025-09-20T11:49:02.0813610Z, 2025-09-20T11:49:02.2439390Z] LongSumNonMonotonic
Value: 6

Metric Name: process.runtime.dotnet.thread_pool.completed_items.count, The number of work items that have been processed by the thread pool since the process start., Meter: OpenTelemetry.Instrumentation.Runtime/1.9.0
(2025-09-20T11:49:02.0813650Z, 2025-09-20T11:49:02.2439390Z] LongSum
Value: 1294

Metric Name: process.runtime.dotnet.thread_pool.queue.length, The number of work items that are currently queued to be processed by the thread pool., Meter: OpenTelemetry.Instrumentation.Runtime/1.9.0
(2025-09-20T11:49:02.0813700Z, 2025-09-20T11:49:02.2439390Z] LongSumNonMonotonic
Value: 0

Metric Name: process.runtime.dotnet.timer.count, The number of timer instances that are currently active. Timers can be created by many sources such as System.Threading.Timer, Task.Delay, or the timeout in a CancellationSource. An active timer is registered to tick at some point in the future and has not yet been canceled., Meter: OpenTelemetry.Instrumentation.Runtime/1.9.0
(2025-09-20T11:49:02.0813740Z, 2025-09-20T11:49:02.2439390Z] LongSumNonMonotonic
Value: 3

Metric Name: process.runtime.dotnet.assemblies.count, The number of .NET assemblies that are currently loaded., Meter: OpenTelemetry.Instrumentation.Runtime/1.9.0
(2025-09-20T11:49:02.0813780Z, 2025-09-20T11:49:02.2439390Z] LongSumNonMonotonic
Value: 206

Metric Name: http.server.active_requests, Number of active HTTP server requests., Unit: {request}, Meter: Microsoft.AspNetCore.Hosting
(2025-09-20T11:49:02.0814430Z, 2025-09-20T11:49:02.2439450Z] http.request.method: GET url.scheme: http LongSumNonMonotonic
Value: 0

Metric Name: http.server.request.duration, Duration of HTTP server requests., Unit: s, Meter: Microsoft.AspNetCore.Hosting
(2025-09-20T11:49:02.0814470Z, 2025-09-20T11:49:02.2439470Z] http.request.method: GET http.response.status_code: 403 http.route: /api/tenants/{tenantId:guid}/members network.protocol.version: 1.1 url.scheme: http Histogram
Value: Sum: 0.0656741 Count: 1 Min: 0.0656741 Max: 0.0656741 
(-Infinity,0.005]:0
(0.005,0.01]:0
(0.01,0.025]:0
(0.025,0.05]:0
(0.05,0.075]:1
(0.075,0.1]:0
(0.1,0.25]:0
(0.25,0.5]:0
(0.5,0.75]:0
(0.75,1]:0
(1,2.5]:0
(2.5,5]:0
(5,7.5]:0
(7.5,10]:0
(10,+Infinity]:0

(2025-09-20T11:49:02.0814470Z, 2025-09-20T11:49:02.2439470Z] http.request.method: GET http.response.status_code: 200 http.route: /api/tenants/{tenantId:guid}/members network.protocol.version: 1.1 url.scheme: http Histogram
Value: Sum: 0.0199776 Count: 1 Min: 0.0199776 Max: 0.0199776 
(-Infinity,0.005]:0
(0.005,0.01]:0
(0.01,0.025]:1
(0.025,0.05]:0
(0.05,0.075]:0
(0.075,0.1]:0
(0.1,0.25]:0
(0.25,0.5]:0
(0.5,0.75]:0
(0.75,1]:0
(1,2.5]:0
(2.5,5]:0
(5,7.5]:0
(7.5,10]:0
(10,+Infinity]:0

(2025-09-20T11:49:02.0814470Z, 2025-09-20T11:49:02.2439470Z] http.request.method: GET http.response.status_code: 401 http.route: /api/tenants/{tenantId:guid}/members network.protocol.version: 1.1 url.scheme: http Histogram
Value: Sum: 0.0048477 Count: 1 Min: 0.0048477 Max: 0.0048477 
(-Infinity,0.005]:1
(0.005,0.01]:0
(0.01,0.025]:0
(0.025,0.05]:0
(0.05,0.075]:0
(0.075,0.1]:0
(0.1,0.25]:0
(0.25,0.5]:0
(0.5,0.75]:0
(0.75,1]:0
(1,2.5]:0
(2.5,5]:0
(5,7.5]:0
(7.5,10]:0
(10,+Infinity]:0


Metric Name: aspnetcore.routing.match_attempts, Number of requests that were attempted to be matched to an endpoint., Unit: {match_attempt}, Meter: Microsoft.AspNetCore.Routing
(2025-09-20T11:49:02.1422830Z, 2025-09-20T11:49:02.2439470Z] aspnetcore.routing.is_fallback: false aspnetcore.routing.match_status: success http.route: /api/tenants/{tenantId:guid}/members LongSum
Value: 3
[Startup] Warning: failed to ensure app.notification_dedupes exists: Relational-specific methods can only be used when the context is using a relational database provider.
info: Endpoints.V1[0]
      [MapV1Endpoints] Environment='Development' IsDevelopment=True
LogRecord.Timestamp:               2025-09-20T11:49:02.3269520Z
LogRecord.CategoryName:            Endpoints.V1
LogRecord.Severity:                Info
LogRecord.SeverityText:            Information
LogRecord.FormattedMessage:        [MapV1Endpoints] Environment='Development' IsDevelopment=True
LogRecord.Body:                    [MapV1Endpoints] Environment='{Env}' IsDevelopment={IsDev}
LogRecord.Attributes (Key:Value):
    Env: Development
    IsDev: true
    OriginalFormat (a.k.a Body): [MapV1Endpoints] Environment='{Env}' IsDevelopment={IsDev}

Resource associated with LogRecord:
service.name: Appostolic.Api
service.instance.id: cfc7ce07-e6a4-4518-a7e3-7e4ff99e6a9f
telemetry.sdk.name: opentelemetry
telemetry.sdk.language: dotnet
telemetry.sdk.version: 1.9.0

info: Microsoft.AspNetCore.DataProtection.KeyManagement.XmlKeyManager[62]
      User profile is available. Using '/Users/kevinmccreary/.aspnet/DataProtection-Keys' as key repository; keys will not be encrypted at rest.
LogRecord.Timestamp:               2025-09-20T11:49:02.3274040Z
LogRecord.CategoryName:            Microsoft.AspNetCore.DataProtection.KeyManagement.XmlKeyManager
LogRecord.Severity:                Info
LogRecord.SeverityText:            Information
LogRecord.FormattedMessage:        User profile is available. Using '/Users/kevinmccreary/.aspnet/DataProtection-Keys' as key repository; keys will not be encrypted at rest.
LogRecord.Body:                    User profile is available. Using '{FullName}' as key repository; keys will not be encrypted at rest.
LogRecord.Attributes (Key:Value):
    FullName: /Users/kevinmccreary/.aspnet/DataProtection-Keys
    OriginalFormat (a.k.a Body): User profile is available. Using '{FullName}' as key repository; keys will not be encrypted at rest.
LogRecord.EventId:                 62
LogRecord.EventName:               UsingProfileAsKeyRepository

Resource associated with LogRecord:
service.name: Appostolic.Api
service.instance.id: cfc7ce07-e6a4-4518-a7e3-7e4ff99e6a9f
telemetry.sdk.name: opentelemetry
telemetry.sdk.language: dotnet
telemetry.sdk.version: 1.9.0

LogRecord.Timestamp:               2025-09-20T11:49:02.3288970Z
LogRecord.CategoryName:            Appostolic.Api.App.Notifications.AutoResendHostedService
LogRecord.Severity:                Info
LogRecord.SeverityText:            Information
LogRecord.FormattedMessage:        AutoResend is disabled by configuration
LogRecord.Body:                    AutoResend is disabled by configuration
LogRecord.Attributes (Key:Value):
    OriginalFormat (a.k.a Body): AutoResend is disabled by configuration

Resource associated with LogRecord:
service.name: Appostolic.Api
service.instance.id: cfc7ce07-e6a4-4518-a7e3-7e4ff99e6a9f
telemetry.sdk.name: opentelemetry
telemetry.sdk.language: dotnet
telemetry.sdk.version: 1.9.0
info: Appostolic.Api.App.Notifications.AutoResendHostedService[0]
      AutoResend is disabled by configuration

LogRecord.Timestamp:               2025-09-20T11:49:02.4653840Z
LogRecord.TraceId:                 503670048158a4bef88f2ebefb0be76b
LogRecord.SpanId:                  509cea1dac957fe7
LogRecord.TraceFlags:              Recorded
LogRecord.CategoryName:            Microsoft.AspNetCore.Http.Result.OkObjectResult
LogRecord.Severity:                Info
LogRecord.SeverityText:            Information
LogRecord.FormattedMessage:        Setting HTTP status code 200.
LogRecord.Body:                    Setting HTTP status code {StatusCode}.
LogRecord.Attributes (Key:Value):
    StatusCode: 200
    OriginalFormat (a.k.a Body): Setting HTTP status code {StatusCode}.
LogRecord.EventId:                 1
LogRecord.EventName:               WritingResultAsStatusCode

Resource associated with LogRecord:
service.name: Appostolic.Api
service.instance.id: cfc7ce07-e6a4-4518-a7e3-7e4ff99e6a9f
telemetry.sdk.name: opentelemetry
telemetry.sdk.language: dotnet
telemetry.sdk.version: 1.9.0

LogRecord.Timestamp:               2025-09-20T11:49:02.4658040Z
LogRecord.TraceId:                 503670048158a4bef88f2ebefb0be76b
LogRecord.SpanId:                  509cea1dac957fe7
LogRecord.TraceFlags:              Recorded
LogRecord.CategoryName:            Microsoft.AspNetCore.Http.Result.OkObjectResult
LogRecord.Severity:                Info
LogRecord.SeverityText:            Information
LogRecord.FormattedMessage:        Writing value of type '<>f__AnonymousType35`3' as Json.
LogRecord.Body:                    Writing value of type '{Type}' as Json.
LogRecord.Attributes (Key:Value):
    Type: <>f__AnonymousType35`3
    OriginalFormat (a.k.a Body): Writing value of type '{Type}' as Json.
LogRecord.EventId:                 3
LogRecord.EventName:               WritingResultAsJson

Resource associated with LogRecord:
service.name: Appostolic.Api
service.instance.id: cfc7ce07-e6a4-4518-a7e3-7e4ff99e6a9f
telemetry.sdk.name: opentelemetry
telemetry.sdk.language: dotnet
telemetry.sdk.version: 1.9.0

info: Microsoft.AspNetCore.Http.Result.OkObjectResult[1]
      Setting HTTP status code 200.
info: Microsoft.AspNetCore.Http.Result.OkObjectResult[3]
      Writing value of type '<>f__AnonymousType35`3' as Json.
Activity.TraceId:            503670048158a4bef88f2ebefb0be76b
Activity.SpanId:             509cea1dac957fe7
Activity.TraceFlags:         Recorded
Activity.ActivitySourceName: Microsoft.AspNetCore
Activity.DisplayName:        POST /api/tenants/{tenantId:guid}/memberships/{userId:guid}/roles
Activity.Kind:               Server
Activity.StartTime:          2025-09-20T11:49:02.3882940Z
Activity.Duration:           00:00:00.0957250
Activity.Tags:
    server.address: localhost
    http.request.method: POST
    url.scheme: http
    url.path: /api/tenants/b06f1bdb-15f0-49a2-ba86-906e2944f5b6/memberships/723d7b58-1e2d-4005-b389-f0652d786412/roles
    network.protocol.version: 1.1
    tenant: kevin-personal
    user: kevin@example.com
    http.route: /api/tenants/{tenantId:guid}/memberships/{userId:guid}/roles
    http.response.status_code: 200
Resource associated with Activity:
    service.name: Appostolic.Api
    service.instance.id: cfc7ce07-e6a4-4518-a7e3-7e4ff99e6a9f
    telemetry.sdk.name: opentelemetry
    telemetry.sdk.language: dotnet
    telemetry.sdk.version: 1.9.0

Resource associated with Metric:
    service.name: Appostolic.Api
    service.instance.id: cfc7ce07-e6a4-4518-a7e3-7e4ff99e6a9f
    telemetry.sdk.name: opentelemetry
    telemetry.sdk.language: dotnet
    telemetry.sdk.version: 1.9.0

Metric Name: process.runtime.dotnet.gc.collections.count, Number of garbage collections that have occurred since process start., Meter: OpenTelemetry.Instrumentation.Runtime/1.9.0
(2025-09-20T11:49:02.3279840Z, 2025-09-20T11:49:02.5021440Z] generation: gen2 LongSum
Value: 5
(2025-09-20T11:49:02.3279840Z, 2025-09-20T11:49:02.5021440Z] generation: gen1 LongSum
Value: 11
(2025-09-20T11:49:02.3279840Z, 2025-09-20T11:49:02.5021440Z] generation: gen0 LongSum
Value: 14

Metric Name: process.runtime.dotnet.gc.objects.size, Count of bytes currently in use by objects in the GC heap that haven't been collected yet. Fragmentation and other GC committed memory pools are excluded., Unit: bytes, Meter: OpenTelemetry.Instrumentation.Runtime/1.9.0
(2025-09-20T11:49:02.3279950Z, 2025-09-20T11:49:02.5021450Z] LongSumNonMonotonic
Value: 142012336

Metric Name: process.runtime.dotnet.gc.allocations.size, Count of bytes allocated on the managed GC heap since the process start. .NET objects are allocated from this heap. Object allocations from unmanaged languages such as C/C++ do not use this heap., Unit: bytes, Meter: OpenTelemetry.Instrumentation.Runtime/1.9.0
(2025-09-20T11:49:02.3280130Z, 2025-09-20T11:49:02.5021450Z] LongSum
Value: 639646856

Metric Name: process.runtime.dotnet.gc.committed_memory.size, The amount of committed virtual memory for the managed GC heap, as observed during the latest garbage collection. Committed virtual memory may be larger than the heap size because it includes both memory for storing existing objects (the heap size) and some extra memory that is ready to handle newly allocated objects in the future. The value will be unavailable until at least one garbage collection has occurred., Unit: bytes, Meter: OpenTelemetry.Instrumentation.Runtime/1.9.0
(2025-09-20T11:49:02.3280310Z, 2025-09-20T11:49:02.5021450Z] LongSumNonMonotonic
Value: 171917312

Metric Name: process.runtime.dotnet.gc.heap.size, The heap size (including fragmentation), as observed during the latest garbage collection. The value will be unavailable until at least one garbage collection has occurred., Unit: bytes, Meter: OpenTelemetry.Instrumentation.Runtime/1.9.0
(2025-09-20T11:49:02.3280380Z, 2025-09-20T11:49:02.5021460Z] generation: gen0 LongSumNonMonotonic
Value: 12567152
(2025-09-20T11:49:02.3280380Z, 2025-09-20T11:49:02.5021460Z] generation: gen1 LongSumNonMonotonic
Value: 2275416
(2025-09-20T11:49:02.3280380Z, 2025-09-20T11:49:02.5021460Z] generation: gen2 LongSumNonMonotonic
Value: 39098416
(2025-09-20T11:49:02.3280380Z, 2025-09-20T11:49:02.5021460Z] generation: loh LongSumNonMonotonic
Value: 117210112
(2025-09-20T11:49:02.3280380Z, 2025-09-20T11:49:02.5021460Z] generation: poh LongSumNonMonotonic
Value: 262336

Metric Name: process.runtime.dotnet.gc.heap.fragmentation.size, The heap fragmentation, as observed during the latest garbage collection. The value will be unavailable until at least one garbage collection has occurred., Unit: bytes, Meter: OpenTelemetry.Instrumentation.Runtime/1.9.0
(2025-09-20T11:49:02.3280420Z, 2025-09-20T11:49:02.5021460Z] generation: gen0 LongSumNonMonotonic
Value: 12566728
(2025-09-20T11:49:02.3280420Z, 2025-09-20T11:49:02.5021460Z] generation: gen1 LongSumNonMonotonic
Value: 29352
(2025-09-20T11:49:02.3280420Z, 2025-09-20T11:49:02.5021460Z] generation: gen2 LongSumNonMonotonic
Value: 456024
(2025-09-20T11:49:02.3280420Z, 2025-09-20T11:49:02.5021460Z] generation: loh LongSumNonMonotonic
Value: 60872768
(2025-09-20T11:49:02.3280420Z, 2025-09-20T11:49:02.5021460Z] generation: poh LongSumNonMonotonic
Value: 0

Metric Name: process.runtime.dotnet.gc.duration, The total amount of time paused in GC since the process start., Unit: ns, Meter: OpenTelemetry.Instrumentation.Runtime/1.9.0
(2025-09-20T11:49:02.3280470Z, 2025-09-20T11:49:02.5021460Z] LongSum
Value: 156076000

Metric Name: process.runtime.dotnet.jit.il_compiled.size, Count of bytes of intermediate language that have been compiled since the process start., Unit: bytes, Meter: OpenTelemetry.Instrumentation.Runtime/1.9.0
(2025-09-20T11:49:02.3280530Z, 2025-09-20T11:49:02.5021460Z] LongSum
Value: 2728899

Metric Name: process.runtime.dotnet.jit.methods_compiled.count, The number of times the JIT compiler compiled a method since the process start. The JIT compiler may be invoked multiple times for the same method to compile with different generic parameters, or because tiered compilation requested different optimization settings., Meter: OpenTelemetry.Instrumentation.Runtime/1.9.0
(2025-09-20T11:49:02.3280580Z, 2025-09-20T11:49:02.5021460Z] LongSum
Value: 34933

Metric Name: process.runtime.dotnet.jit.compilation_time, The amount of time the JIT compiler has spent compiling methods since the process start., Unit: ns, Meter: OpenTelemetry.Instrumentation.Runtime/1.9.0
(2025-09-20T11:49:02.3280630Z, 2025-09-20T11:49:02.5021470Z] LongSum
Value: 3658686700

Metric Name: process.runtime.dotnet.monitor.lock_contention.count, The number of times there was contention when trying to acquire a monitor lock since the process start. Monitor locks are commonly acquired by using the lock keyword in C#, or by calling Monitor.Enter() and Monitor.TryEnter()., Meter: OpenTelemetry.Instrumentation.Runtime/1.9.0
(2025-09-20T11:49:02.3280690Z, 2025-09-20T11:49:02.5021470Z] LongSum
Value: 21

Metric Name: process.runtime.dotnet.thread_pool.threads.count, The number of thread pool threads that currently exist., Meter: OpenTelemetry.Instrumentation.Runtime/1.9.0
(2025-09-20T11:49:02.3280730Z, 2025-09-20T11:49:02.5021470Z] LongSumNonMonotonic
Value: 6

Metric Name: process.runtime.dotnet.thread_pool.completed_items.count, The number of work items that have been processed by the thread pool since the process start., Meter: OpenTelemetry.Instrumentation.Runtime/1.9.0
(2025-09-20T11:49:02.3280780Z, 2025-09-20T11:49:02.5021470Z] LongSum
Value: 1311

Metric Name: process.runtime.dotnet.thread_pool.queue.length, The number of work items that are currently queued to be processed by the thread pool., Meter: OpenTelemetry.Instrumentation.Runtime/1.9.0
(2025-09-20T11:49:02.3280840Z, 2025-09-20T11:49:02.5021480Z] LongSumNonMonotonic
Value: 0

Metric Name: process.runtime.dotnet.timer.count, The number of timer instances that are currently active. Timers can be created by many sources such as System.Threading.Timer, Task.Delay, or the timeout in a CancellationSource. An active timer is registered to tick at some point in the future and has not yet been canceled., Meter: OpenTelemetry.Instrumentation.Runtime/1.9.0
(2025-09-20T11:49:02.3280880Z, 2025-09-20T11:49:02.5021480Z] LongSumNonMonotonic
Value: 3

Metric Name: process.runtime.dotnet.assemblies.count, The number of .NET assemblies that are currently loaded., Meter: OpenTelemetry.Instrumentation.Runtime/1.9.0
(2025-09-20T11:49:02.3280940Z, 2025-09-20T11:49:02.5021480Z] LongSumNonMonotonic
Value: 206

Metric Name: http.server.active_requests, Number of active HTTP server requests., Unit: {request}, Meter: Microsoft.AspNetCore.Hosting
(2025-09-20T11:49:02.3282270Z, 2025-09-20T11:49:02.5021540Z] http.request.method: POST url.scheme: http LongSumNonMonotonic
Value: 0

Metric Name: http.server.request.duration, Duration of HTTP server requests., Unit: s, Meter: Microsoft.AspNetCore.Hosting
(2025-09-20T11:49:02.3282310Z, 2025-09-20T11:49:02.5021560Z] http.request.method: POST http.response.status_code: 200 http.route: /api/tenants/{tenantId:guid}/memberships/{userId:guid}/roles network.protocol.version: 1.1 url.scheme: http Histogram
Value: Sum: 0.0966509 Count: 1 Min: 0.0966509 Max: 0.0966509 
(-Infinity,0.005]:0
(0.005,0.01]:0
(0.01,0.025]:0
(0.025,0.05]:0
(0.05,0.075]:0
(0.075,0.1]:1
(0.1,0.25]:0
(0.25,0.5]:0
(0.5,0.75]:0
(0.75,1]:0
(1,2.5]:0
(2.5,5]:0
(5,7.5]:0
(7.5,10]:0
(10,+Infinity]:0


Metric Name: aspnetcore.routing.match_attempts, Number of requests that were attempted to be matched to an endpoint., Unit: {match_attempt}, Meter: Microsoft.AspNetCore.Routing
(2025-09-20T11:49:02.3851330Z, 2025-09-20T11:49:02.5021560Z] aspnetcore.routing.is_fallback: false aspnetcore.routing.match_status: success http.route: /api/tenants/{tenantId:guid}/memberships/{userId:guid}/roles LongSum
Value: 1
[Startup] Warning: failed to ensure app.notification_dedupes exists: Relational-specific methods can only be used when the context is using a relational database provider.
info: Endpoints.V1[0]
      [MapV1Endpoints] Environment='Development' IsDevelopment=True
LogRecord.Timestamp:               2025-09-20T11:49:02.5813150Z
LogRecord.CategoryName:            Endpoints.V1
LogRecord.Severity:                Info
LogRecord.SeverityText:            Information
LogRecord.FormattedMessage:        [MapV1Endpoints] Environment='Development' IsDevelopment=True
LogRecord.Body:                    [MapV1Endpoints] Environment='{Env}' IsDevelopment={IsDev}
LogRecord.Attributes (Key:Value):
    Env: Development
    IsDev: true
    OriginalFormat (a.k.a Body): [MapV1Endpoints] Environment='{Env}' IsDevelopment={IsDev}

Resource associated with LogRecord:
service.name: Appostolic.Api
service.instance.id: cfc7ce07-e6a4-4518-a7e3-7e4ff99e6a9f
telemetry.sdk.name: opentelemetry
telemetry.sdk.language: dotnet
telemetry.sdk.version: 1.9.0

info: Microsoft.AspNetCore.DataProtection.KeyManagement.XmlKeyManager[62]
      User profile is available. Using '/Users/kevinmccreary/.aspnet/DataProtection-Keys' as key repository; keys will not be encrypted at rest.
LogRecord.Timestamp:               2025-09-20T11:49:02.5817870Z
LogRecord.CategoryName:            Microsoft.AspNetCore.DataProtection.KeyManagement.XmlKeyManager
LogRecord.Severity:                Info
LogRecord.SeverityText:            Information
LogRecord.FormattedMessage:        User profile is available. Using '/Users/kevinmccreary/.aspnet/DataProtection-Keys' as key repository; keys will not be encrypted at rest.
LogRecord.Body:                    User profile is available. Using '{FullName}' as key repository; keys will not be encrypted at rest.
LogRecord.Attributes (Key:Value):
    FullName: /Users/kevinmccreary/.aspnet/DataProtection-Keys
    OriginalFormat (a.k.a Body): User profile is available. Using '{FullName}' as key repository; keys will not be encrypted at rest.
LogRecord.EventId:                 62
LogRecord.EventName:               UsingProfileAsKeyRepository

Resource associated with LogRecord:
service.name: Appostolic.Api
service.instance.id: cfc7ce07-e6a4-4518-a7e3-7e4ff99e6a9f
telemetry.sdk.name: opentelemetry
telemetry.sdk.language: dotnet
telemetry.sdk.version: 1.9.0

info: Appostolic.Api.App.Notifications.AutoResendHostedService[0]
      AutoResend is disabled by configuration
LogRecord.Timestamp:               2025-09-20T11:49:02.5832420Z
LogRecord.CategoryName:            Appostolic.Api.App.Notifications.AutoResendHostedService
LogRecord.Severity:                Info
LogRecord.SeverityText:            Information
LogRecord.FormattedMessage:        AutoResend is disabled by configuration
LogRecord.Body:                    AutoResend is disabled by configuration
LogRecord.Attributes (Key:Value):
    OriginalFormat (a.k.a Body): AutoResend is disabled by configuration

Resource associated with LogRecord:
service.name: Appostolic.Api
service.instance.id: cfc7ce07-e6a4-4518-a7e3-7e4ff99e6a9f
telemetry.sdk.name: opentelemetry
telemetry.sdk.language: dotnet
telemetry.sdk.version: 1.9.0

LogRecord.Timestamp:               2025-09-20T11:49:02.7573200Z
LogRecord.TraceId:                 4b5645067b3032b22b17b9b2fc08a706
LogRecord.SpanId:                  51fd3d1da4f36d24
LogRecord.TraceFlags:              Recorded
LogRecord.CategoryName:            Microsoft.AspNetCore.Http.Result.CreatedResult
LogRecord.Severity:                Info
LogRecord.SeverityText:            Information
LogRecord.FormattedMessage:        Setting HTTP status code 201.
LogRecord.Body:                    Setting HTTP status code {StatusCode}.
LogRecord.Attributes (Key:Value):
    StatusCode: 201
    OriginalFormat (a.k.a Body): Setting HTTP status code {StatusCode}.
LogRecord.EventId:                 1
LogRecord.EventName:               WritingResultAsStatusCode

Resource associated with LogRecord:
service.name: Appostolic.Api
service.instance.id: cfc7ce07-e6a4-4518-a7e3-7e4ff99e6a9f
telemetry.sdk.name: opentelemetry
telemetry.sdk.language: dotnet
telemetry.sdk.version: 1.9.0

info: Microsoft.AspNetCore.Http.Result.CreatedResult[1]
      Setting HTTP status code 201.
LogRecord.Timestamp:               2025-09-20T11:49:02.7577670Z
LogRecord.TraceId:                 4b5645067b3032b22b17b9b2fc08a706
LogRecord.SpanId:                  51fd3d1da4f36d24
LogRecord.TraceFlags:              Recorded
LogRecord.CategoryName:            Microsoft.AspNetCore.Http.Result.CreatedResult
LogRecord.Severity:                Info
LogRecord.SeverityText:            Information
LogRecord.FormattedMessage:        Writing value of type '<>f__AnonymousType29`4' as Json.
LogRecord.Body:                    Writing value of type '{Type}' as Json.
LogRecord.Attributes (Key:Value):
    Type: <>f__AnonymousType29`4
    OriginalFormat (a.k.a Body): Writing value of type '{Type}' as Json.
LogRecord.EventId:                 3
LogRecord.EventName:               WritingResultAsJson

Resource associated with LogRecord:
service.name: Appostolic.Api
service.instance.id: cfc7ce07-e6a4-4518-a7e3-7e4ff99e6a9f
telemetry.sdk.name: opentelemetry
telemetry.sdk.language: dotnet
telemetry.sdk.version: 1.9.0

info: Microsoft.AspNetCore.Http.Result.CreatedResult[3]
      Writing value of type '<>f__AnonymousType29`4' as Json.
Activity.TraceId:            4b5645067b3032b22b17b9b2fc08a706
Activity.SpanId:             51fd3d1da4f36d24
Activity.TraceFlags:         Recorded
Activity.ActivitySourceName: Microsoft.AspNetCore
Activity.DisplayName:        POST /api/tenants/{tenantId:guid}/invites
Activity.Kind:               Server
Activity.StartTime:          2025-09-20T11:49:02.6407460Z
Activity.Duration:           00:00:00.1182110
Activity.Tags:
    server.address: localhost
    http.request.method: POST
    url.scheme: http
    url.path: /api/tenants/299d37c0-9322-4619-90e9-e0ed0c34006a/invites
    network.protocol.version: 1.1
    tenant: kevin-personal
    user: kevin@example.com
    http.route: /api/tenants/{tenantId:guid}/invites
    http.response.status_code: 201
Resource associated with Activity:
    service.name: Appostolic.Api
    service.instance.id: cfc7ce07-e6a4-4518-a7e3-7e4ff99e6a9f
    telemetry.sdk.name: opentelemetry
    telemetry.sdk.language: dotnet
    telemetry.sdk.version: 1.9.0

info: Microsoft.AspNetCore.Http.Result.OkObjectResult[1]
      Setting HTTP status code 200.
LogRecord.Timestamp:               2025-09-20T11:49:02.7662690Z
LogRecord.TraceId:                 e09dcd2dc4af681983353c7ff1df9b1e
LogRecord.SpanId:                  ef935dc27d96418a
LogRecord.TraceFlags:              Recorded
LogRecord.CategoryName:            Microsoft.AspNetCore.Http.Result.OkObjectResult
LogRecord.Severity:                Info
LogRecord.SeverityText:            Information
LogRecord.FormattedMessage:        Setting HTTP status code 200.
LogRecord.Body:                    Setting HTTP status code {StatusCode}.
LogRecord.Attributes (Key:Value):
    StatusCode: 200
    OriginalFormat (a.k.a Body): Setting HTTP status code {StatusCode}.
LogRecord.EventId:                 1
LogRecord.EventName:               WritingResultAsStatusCode

Resource associated with LogRecord:
service.name: Appostolic.Api
service.instance.id: cfc7ce07-e6a4-4518-a7e3-7e4ff99e6a9f
telemetry.sdk.name: opentelemetry
telemetry.sdk.language: dotnet
telemetry.sdk.version: 1.9.0

info: Microsoft.AspNetCore.Http.Result.OkObjectResult[3]
      Writing value of type '<>f__AnonymousType36`7' as Json.
LogRecord.Timestamp:               2025-09-20T11:49:02.7665140Z
LogRecord.TraceId:                 e09dcd2dc4af681983353c7ff1df9b1e
LogRecord.SpanId:                  ef935dc27d96418a
LogRecord.TraceFlags:              Recorded
LogRecord.CategoryName:            Microsoft.AspNetCore.Http.Result.OkObjectResult
LogRecord.Severity:                Info
LogRecord.SeverityText:            Information
LogRecord.FormattedMessage:        Writing value of type '<>f__AnonymousType36`7' as Json.
LogRecord.Body:                    Writing value of type '{Type}' as Json.
LogRecord.Attributes (Key:Value):
    Type: <>f__AnonymousType36`7
    OriginalFormat (a.k.a Body): Writing value of type '{Type}' as Json.
LogRecord.EventId:                 3
LogRecord.EventName:               WritingResultAsJson

Resource associated with LogRecord:
service.name: Appostolic.Api
service.instance.id: cfc7ce07-e6a4-4518-a7e3-7e4ff99e6a9f
telemetry.sdk.name: opentelemetry
telemetry.sdk.language: dotnet
telemetry.sdk.version: 1.9.0

Activity.TraceId:            e09dcd2dc4af681983353c7ff1df9b1e
Activity.SpanId:             ef935dc27d96418a
Activity.TraceFlags:         Recorded
Activity.ActivitySourceName: Microsoft.AspNetCore
Activity.DisplayName:        POST /api/invites/accept
Activity.Kind:               Server
Activity.StartTime:          2025-09-20T11:49:02.7631790Z
Activity.Duration:           00:00:00.0036870
Activity.Tags:
    server.address: localhost
    http.request.method: POST
    url.scheme: http
    url.path: /api/invites/accept
    network.protocol.version: 1.1
    tenant: kevin-personal
    user: invitee-a1492446738c42caa4d76d58080eeff6@example.com
    http.route: /api/invites/accept
    http.response.status_code: 200
Resource associated with Activity:
    service.name: Appostolic.Api
    service.instance.id: cfc7ce07-e6a4-4518-a7e3-7e4ff99e6a9f
    telemetry.sdk.name: opentelemetry
    telemetry.sdk.language: dotnet
    telemetry.sdk.version: 1.9.0

LogRecord.Timestamp:               2025-09-20T11:49:02.7795840Z
LogRecord.TraceId:                 4290a66ac7ff37fddf95715eb52be1b0
LogRecord.SpanId:                  a3a219aa5c6304fe
LogRecord.TraceFlags:              Recorded
LogRecord.CategoryName:            Microsoft.AspNetCore.Http.Result.BadRequestObjectResult
LogRecord.Severity:                Info
LogRecord.SeverityText:            Information
LogRecord.FormattedMessage:        Setting HTTP status code 400.
LogRecord.Body:                    Setting HTTP status code {StatusCode}.
LogRecord.Attributes (Key:Value):
    StatusCode: 400
    OriginalFormat (a.k.a Body): Setting HTTP status code {StatusCode}.
LogRecord.EventId:                 1
LogRecord.EventName:               WritingResultAsStatusCode

Resource associated with LogRecord:
service.name: Appostolic.Api
service.instance.id: cfc7ce07-e6a4-4518-a7e3-7e4ff99e6a9f
telemetry.sdk.name: opentelemetry
telemetry.sdk.language: dotnet
telemetry.sdk.version: 1.9.0

LogRecord.Timestamp:               2025-09-20T11:49:02.7799840Z
LogRecord.TraceId:                 4290a66ac7ff37fddf95715eb52be1b0
LogRecord.SpanId:                  a3a219aa5c6304fe
LogRecord.TraceFlags:              Recorded
LogRecord.CategoryName:            Microsoft.AspNetCore.Http.Result.BadRequestObjectResult
LogRecord.Severity:                Info
LogRecord.SeverityText:            Information
LogRecord.FormattedMessage:        Writing value of type '<>f__AnonymousType0`1' as Json.
LogRecord.Body:                    Writing value of type '{Type}' as Json.
LogRecord.Attributes (Key:Value):
    Type: <>f__AnonymousType0`1
    OriginalFormat (a.k.a Body): Writing value of type '{Type}' as Json.
LogRecord.EventId:                 3
LogRecord.EventName:               WritingResultAsJson

Resource associated with LogRecord:
service.name: Appostolic.Api
service.instance.id: cfc7ce07-e6a4-4518-a7e3-7e4ff99e6a9f
telemetry.sdk.name: opentelemetry
telemetry.sdk.language: dotnet
telemetry.sdk.version: 1.9.0

info: Microsoft.AspNetCore.Http.Result.BadRequestObjectResult[1]
      Setting HTTP status code 400.
info: Microsoft.AspNetCore.Http.Result.BadRequestObjectResult[3]
      Writing value of type '<>f__AnonymousType0`1' as Json.
Activity.TraceId:            4290a66ac7ff37fddf95715eb52be1b0
Activity.SpanId:             a3a219aa5c6304fe
Activity.TraceFlags:         Recorded
Activity.ActivitySourceName: Microsoft.AspNetCore
Activity.DisplayName:        POST /api/invites/accept
Activity.Kind:               Server
Activity.StartTime:          2025-09-20T11:49:02.7752040Z
Activity.Duration:           00:00:00.0062550
Activity.Tags:
    server.address: localhost
    http.request.method: POST
    url.scheme: http
    url.path: /api/invites/accept
    network.protocol.version: 1.1
    tenant: kevin-personal
    user: kevin@example.com
    http.route: /api/invites/accept
    http.response.status_code: 400
Resource associated with Activity:
    service.name: Appostolic.Api
    service.instance.id: cfc7ce07-e6a4-4518-a7e3-7e4ff99e6a9f
    telemetry.sdk.name: opentelemetry
    telemetry.sdk.language: dotnet
    telemetry.sdk.version: 1.9.0

Resource associated with Metric:
    service.name: Appostolic.Api
    service.instance.id: cfc7ce07-e6a4-4518-a7e3-7e4ff99e6a9f
    telemetry.sdk.name: opentelemetry
    telemetry.sdk.language: dotnet
    telemetry.sdk.version: 1.9.0

Metric Name: process.runtime.dotnet.gc.collections.count, Number of garbage collections that have occurred since process start., Meter: OpenTelemetry.Instrumentation.Runtime/1.9.0
(2025-09-20T11:49:02.5824850Z, 2025-09-20T11:49:02.7822520Z] generation: gen2 LongSum
Value: 5
(2025-09-20T11:49:02.5824850Z, 2025-09-20T11:49:02.7822520Z] generation: gen1 LongSum
Value: 11
(2025-09-20T11:49:02.5824850Z, 2025-09-20T11:49:02.7822520Z] generation: gen0 LongSum
Value: 15

Metric Name: process.runtime.dotnet.gc.objects.size, Count of bytes currently in use by objects in the GC heap that haven't been collected yet. Fragmentation and other GC committed memory pools are excluded., Unit: bytes, Meter: OpenTelemetry.Instrumentation.Runtime/1.9.0
(2025-09-20T11:49:02.5824970Z, 2025-09-20T11:49:02.7822520Z] LongSumNonMonotonic
Value: 152468256

Metric Name: process.runtime.dotnet.gc.allocations.size, Count of bytes allocated on the managed GC heap since the process start. .NET objects are allocated from this heap. Object allocations from unmanaged languages such as C/C++ do not use this heap., Unit: bytes, Meter: OpenTelemetry.Instrumentation.Runtime/1.9.0
(2025-09-20T11:49:02.5825020Z, 2025-09-20T11:49:02.7822520Z] LongSum
Value: 653674168

Metric Name: process.runtime.dotnet.gc.committed_memory.size, The amount of committed virtual memory for the managed GC heap, as observed during the latest garbage collection. Committed virtual memory may be larger than the heap size because it includes both memory for storing existing objects (the heap size) and some extra memory that is ready to handle newly allocated objects in the future. The value will be unavailable until at least one garbage collection has occurred., Unit: bytes, Meter: OpenTelemetry.Instrumentation.Runtime/1.9.0
(2025-09-20T11:49:02.5825060Z, 2025-09-20T11:49:02.7822530Z] LongSumNonMonotonic
Value: 171917312

Metric Name: process.runtime.dotnet.gc.heap.size, The heap size (including fragmentation), as observed during the latest garbage collection. The value will be unavailable until at least one garbage collection has occurred., Unit: bytes, Meter: OpenTelemetry.Instrumentation.Runtime/1.9.0
(2025-09-20T11:49:02.5825110Z, 2025-09-20T11:49:02.7822530Z] generation: gen0 LongSumNonMonotonic
Value: 6071168
(2025-09-20T11:49:02.5825110Z, 2025-09-20T11:49:02.7822530Z] generation: gen1 LongSumNonMonotonic
Value: 4593048
(2025-09-20T11:49:02.5825110Z, 2025-09-20T11:49:02.7822530Z] generation: gen2 LongSumNonMonotonic
Value: 39098416
(2025-09-20T11:49:02.5825110Z, 2025-09-20T11:49:02.7822530Z] generation: loh LongSumNonMonotonic
Value: 117210112
(2025-09-20T11:49:02.5825110Z, 2025-09-20T11:49:02.7822530Z] generation: poh LongSumNonMonotonic
Value: 262336

Metric Name: process.runtime.dotnet.gc.heap.fragmentation.size, The heap fragmentation, as observed during the latest garbage collection. The value will be unavailable until at least one garbage collection has occurred., Unit: bytes, Meter: OpenTelemetry.Instrumentation.Runtime/1.9.0
(2025-09-20T11:49:02.5825150Z, 2025-09-20T11:49:02.7822530Z] generation: gen0 LongSumNonMonotonic
Value: 6070768
(2025-09-20T11:49:02.5825150Z, 2025-09-20T11:49:02.7822530Z] generation: gen1 LongSumNonMonotonic
Value: 60096
(2025-09-20T11:49:02.5825150Z, 2025-09-20T11:49:02.7822530Z] generation: gen2 LongSumNonMonotonic
Value: 456024
(2025-09-20T11:49:02.5825150Z, 2025-09-20T11:49:02.7822530Z] generation: loh LongSumNonMonotonic
Value: 55984128
(2025-09-20T11:49:02.5825150Z, 2025-09-20T11:49:02.7822530Z] generation: poh LongSumNonMonotonic
Value: 0

Metric Name: process.runtime.dotnet.gc.duration, The total amount of time paused in GC since the process start., Unit: ns, Meter: OpenTelemetry.Instrumentation.Runtime/1.9.0
(2025-09-20T11:49:02.5825190Z, 2025-09-20T11:49:02.7822530Z] LongSum
Value: 162418000

Metric Name: process.runtime.dotnet.jit.il_compiled.size, Count of bytes of intermediate language that have been compiled since the process start., Unit: bytes, Meter: OpenTelemetry.Instrumentation.Runtime/1.9.0
(2025-09-20T11:49:02.5825240Z, 2025-09-20T11:49:02.7822530Z] LongSum
Value: 2781917

Metric Name: process.runtime.dotnet.jit.methods_compiled.count, The number of times the JIT compiler compiled a method since the process start. The JIT compiler may be invoked multiple times for the same method to compile with different generic parameters, or because tiered compilation requested different optimization settings., Meter: OpenTelemetry.Instrumentation.Runtime/1.9.0
(2025-09-20T11:49:02.5825290Z, 2025-09-20T11:49:02.7822530Z] LongSum
Value: 35336

Metric Name: process.runtime.dotnet.jit.compilation_time, The amount of time the JIT compiler has spent compiling methods since the process start., Unit: ns, Meter: OpenTelemetry.Instrumentation.Runtime/1.9.0
(2025-09-20T11:49:02.5825330Z, 2025-09-20T11:49:02.7822540Z] LongSum
Value: 3888023000

Metric Name: process.runtime.dotnet.monitor.lock_contention.count, The number of times there was contention when trying to acquire a monitor lock since the process start. Monitor locks are commonly acquired by using the lock keyword in C#, or by calling Monitor.Enter() and Monitor.TryEnter()., Meter: OpenTelemetry.Instrumentation.Runtime/1.9.0
(2025-09-20T11:49:02.5825370Z, 2025-09-20T11:49:02.7822540Z] LongSum
Value: 23

Metric Name: process.runtime.dotnet.thread_pool.threads.count, The number of thread pool threads that currently exist., Meter: OpenTelemetry.Instrumentation.Runtime/1.9.0
(2025-09-20T11:49:02.5825400Z, 2025-09-20T11:49:02.7822540Z] LongSumNonMonotonic
Value: 7

Metric Name: process.runtime.dotnet.thread_pool.completed_items.count, The number of work items that have been processed by the thread pool since the process start., Meter: OpenTelemetry.Instrumentation.Runtime/1.9.0
(2025-09-20T11:49:02.5825440Z, 2025-09-20T11:49:02.7822540Z] LongSum
Value: 1353

Metric Name: process.runtime.dotnet.thread_pool.queue.length, The number of work items that are currently queued to be processed by the thread pool., Meter: OpenTelemetry.Instrumentation.Runtime/1.9.0
(2025-09-20T11:49:02.5825480Z, 2025-09-20T11:49:02.7822540Z] LongSumNonMonotonic
Value: 0

Metric Name: process.runtime.dotnet.timer.count, The number of timer instances that are currently active. Timers can be created by many sources such as System.Threading.Timer, Task.Delay, or the timeout in a CancellationSource. An active timer is registered to tick at some point in the future and has not yet been canceled., Meter: OpenTelemetry.Instrumentation.Runtime/1.9.0
(2025-09-20T11:49:02.5825520Z, 2025-09-20T11:49:02.7822540Z] LongSumNonMonotonic
Value: 3

Metric Name: process.runtime.dotnet.assemblies.count, The number of .NET assemblies that are currently loaded., Meter: OpenTelemetry.Instrumentation.Runtime/1.9.0
(2025-09-20T11:49:02.5825560Z, 2025-09-20T11:49:02.7822540Z] LongSumNonMonotonic
Value: 206

Metric Name: dns.lookup.duration, Measures the time taken to perform a DNS lookup., Unit: s, Meter: System.Net.NameResolution
(2025-09-20T11:49:02.5826160Z, 2025-09-20T11:49:02.7822600Z] dns.question.name: localhost Histogram
Value: Sum: 0.0015222 Count: 1 Min: 0.0015222 Max: 0.0015222 
(-Infinity,0.005]:1
(0.005,0.01]:0
(0.01,0.025]:0
(0.025,0.05]:0
(0.05,0.075]:0
(0.075,0.1]:0
(0.1,0.25]:0
(0.25,0.5]:0
(0.5,0.75]:0
(0.75,1]:0
(1,2.5]:0
(2.5,5]:0
(5,7.5]:0
(7.5,10]:0
(10,+Infinity]:0


Metric Name: http.server.active_requests, Number of active HTTP server requests., Unit: {request}, Meter: Microsoft.AspNetCore.Hosting
(2025-09-20T11:49:02.5826200Z, 2025-09-20T11:49:02.7822600Z] http.request.method: POST url.scheme: http LongSumNonMonotonic
Value: 0

Metric Name: http.server.request.duration, Duration of HTTP server requests., Unit: s, Meter: Microsoft.AspNetCore.Hosting
(2025-09-20T11:49:02.5826240Z, 2025-09-20T11:49:02.7822620Z] http.request.method: POST http.response.status_code: 201 http.route: /api/tenants/{tenantId:guid}/invites network.protocol.version: 1.1 url.scheme: http Histogram
Value: Sum: 0.1190645 Count: 1 Min: 0.1190645 Max: 0.1190645 
(-Infinity,0.005]:0
(0.005,0.01]:0
(0.01,0.025]:0
(0.025,0.05]:0
(0.05,0.075]:0
(0.075,0.1]:0
(0.1,0.25]:1
(0.25,0.5]:0
(0.5,0.75]:0
(0.75,1]:0
(1,2.5]:0
(2.5,5]:0
(5,7.5]:0
(7.5,10]:0
(10,+Infinity]:0

(2025-09-20T11:49:02.5826240Z, 2025-09-20T11:49:02.7822620Z] http.request.method: POST http.response.status_code: 200 http.route: /api/invites/accept network.protocol.version: 1.1 url.scheme: http Histogram
Value: Sum: 0.0037358 Count: 1 Min: 0.0037358 Max: 0.0037358 
(-Infinity,0.005]:1
(0.005,0.01]:0
(0.01,0.025]:0
(0.025,0.05]:0
(0.05,0.075]:0
(0.075,0.1]:0
(0.1,0.25]:0
(0.25,0.5]:0
(0.5,0.75]:0
(0.75,1]:0
(1,2.5]:0
(2.5,5]:0
(5,7.5]:0
(7.5,10]:0
(10,+Infinity]:0

(2025-09-20T11:49:02.5826240Z, 2025-09-20T11:49:02.7822620Z] http.request.method: POST http.response.status_code: 400 http.route: /api/invites/accept network.protocol.version: 1.1 url.scheme: http Histogram
Value: Sum: 0.0062503 Count: 1 Min: 0.0062503 Max: 0.0062503 
(-Infinity,0.005]:0
(0.005,0.01]:1
(0.01,0.025]:0
(0.025,0.05]:0
(0.05,0.075]:0
(0.075,0.1]:0
(0.1,0.25]:0
(0.25,0.5]:0
(0.5,0.75]:0
(0.75,1]:0
(1,2.5]:0
(2.5,5]:0
(5,7.5]:0
(7.5,10]:0
(10,+Infinity]:0


Metric Name: aspnetcore.routing.match_attempts, Number of requests that were attempted to be matched to an endpoint., Unit: {match_attempt}, Meter: Microsoft.AspNetCore.Routing
(2025-09-20T11:49:02.6380460Z, 2025-09-20T11:49:02.7822620Z] aspnetcore.routing.is_fallback: false aspnetcore.routing.match_status: success http.route: /api/tenants/{tenantId:guid}/invites LongSum
Value: 1
(2025-09-20T11:49:02.6380460Z, 2025-09-20T11:49:02.7822620Z] aspnetcore.routing.is_fallback: false aspnetcore.routing.match_status: success http.route: /api/invites/accept LongSum
Value: 2
[Startup] Warning: failed to ensure app.notification_dedupes exists: Relational-specific methods can only be used when the context is using a relational database provider.
info: Endpoints.V1[0]
      [MapV1Endpoints] Environment='Development' IsDevelopment=True
LogRecord.Timestamp:               2025-09-20T11:49:02.9373940Z
LogRecord.CategoryName:            Endpoints.V1
LogRecord.Severity:                Info
LogRecord.SeverityText:            Information
LogRecord.FormattedMessage:        [MapV1Endpoints] Environment='Development' IsDevelopment=True
LogRecord.Body:                    [MapV1Endpoints] Environment='{Env}' IsDevelopment={IsDev}
LogRecord.Attributes (Key:Value):
    Env: Development
    IsDev: true
    OriginalFormat (a.k.a Body): [MapV1Endpoints] Environment='{Env}' IsDevelopment={IsDev}

Resource associated with LogRecord:
service.name: Appostolic.Api
service.instance.id: cfc7ce07-e6a4-4518-a7e3-7e4ff99e6a9f
telemetry.sdk.name: opentelemetry
telemetry.sdk.language: dotnet
telemetry.sdk.version: 1.9.0

LogRecord.Timestamp:               2025-09-20T11:49:02.9387310Z
LogRecord.CategoryName:            Microsoft.AspNetCore.DataProtection.KeyManagement.XmlKeyManager
LogRecord.Severity:                Info
info: Microsoft.AspNetCore.DataProtection.KeyManagement.XmlKeyManager[62]
      User profile is available. Using '/Users/kevinmccreary/.aspnet/DataProtection-Keys' as key repository; keys will not be encrypted at rest.
LogRecord.SeverityText:            Information
LogRecord.FormattedMessage:        User profile is available. Using '/Users/kevinmccreary/.aspnet/DataProtection-Keys' as key repository; keys will not be encrypted at rest.
LogRecord.Body:                    User profile is available. Using '{FullName}' as key repository; keys will not be encrypted at rest.
LogRecord.Attributes (Key:Value):
    FullName: /Users/kevinmccreary/.aspnet/DataProtection-Keys
    OriginalFormat (a.k.a Body): User profile is available. Using '{FullName}' as key repository; keys will not be encrypted at rest.
LogRecord.EventId:                 62
LogRecord.EventName:               UsingProfileAsKeyRepository

Resource associated with LogRecord:
service.name: Appostolic.Api
service.instance.id: cfc7ce07-e6a4-4518-a7e3-7e4ff99e6a9f
telemetry.sdk.name: opentelemetry
telemetry.sdk.language: dotnet
telemetry.sdk.version: 1.9.0

LogRecord.Timestamp:               2025-09-20T11:49:02.9457640Z
info: Appostolic.Api.App.Notifications.NotificationsPurgeHostedService[0]
      NotificationsPurge started
LogRecord.CategoryName:            Appostolic.Api.App.Notifications.NotificationsPurgeHostedService
LogRecord.Severity:                Info
LogRecord.SeverityText:            Information
LogRecord.FormattedMessage:        NotificationsPurge started
LogRecord.Body:                    NotificationsPurge started
LogRecord.Attributes (Key:Value):
    OriginalFormat (a.k.a Body): NotificationsPurge started

Resource associated with LogRecord:
service.name: Appostolic.Api
service.instance.id: cfc7ce07-e6a4-4518-a7e3-7e4ff99e6a9f
telemetry.sdk.name: opentelemetry
telemetry.sdk.language: dotnet
telemetry.sdk.version: 1.9.0

LogRecord.Timestamp:               2025-09-20T11:49:03.0010700Z
info: Appostolic.Api.App.Notifications.AutoResendHostedService[0]
      AutoResend is disabled by configuration
LogRecord.CategoryName:            Appostolic.Api.App.Notifications.AutoResendHostedService
LogRecord.Severity:                Info
LogRecord.SeverityText:            Information
LogRecord.FormattedMessage:        AutoResend is disabled by configuration
LogRecord.Body:                    AutoResend is disabled by configuration
LogRecord.Attributes (Key:Value):
    OriginalFormat (a.k.a Body): AutoResend is disabled by configuration

Resource associated with LogRecord:
service.name: Appostolic.Api
service.instance.id: cfc7ce07-e6a4-4518-a7e3-7e4ff99e6a9f
telemetry.sdk.name: opentelemetry
telemetry.sdk.language: dotnet
telemetry.sdk.version: 1.9.0

LogRecord.Timestamp:               2025-09-20T11:49:03.0022380Z
LogRecord.CategoryName:            Appostolic.Api.App.Notifications.EmailDispatcherHostedService
LogRecord.Severity:                Info
LogRecord.SeverityText:            Information
LogRecord.FormattedMessage:        EmailDispatcher started
LogRecord.Body:                    EmailDispatcher started
LogRecord.Attributes (Key:Value):
    OriginalFormat (a.k.a Body): EmailDispatcher started

Resource associated with LogRecord:
service.name: Appostolic.Api
service.instance.id: cfc7ce07-e6a4-4518-a7e3-7e4ff99e6a9f
telemetry.sdk.name: opentelemetry
telemetry.sdk.language: dotnet
telemetry.sdk.version: 1.9.0

info: Appostolic.Api.App.Notifications.EmailDispatcherHostedService[0]
      EmailDispatcher started
LogRecord.Timestamp:               2025-09-20T11:49:03.0039840Z
LogRecord.CategoryName:            Appostolic.Api.App.Notifications.NotificationDispatcherHostedService
LogRecord.Severity:                Info
LogRecord.SeverityText:            Information
LogRecord.FormattedMessage:        NotificationDispatcher started
LogRecord.Body:                    NotificationDispatcher started
LogRecord.Attributes (Key:Value):
    OriginalFormat (a.k.a Body): NotificationDispatcher started

Resource associated with LogRecord:
service.name: Appostolic.Api
service.instance.id: cfc7ce07-e6a4-4518-a7e3-7e4ff99e6a9f
telemetry.sdk.name: opentelemetry
telemetry.sdk.language: dotnet
telemetry.sdk.version: 1.9.0

info: Appostolic.Api.App.Notifications.NotificationDispatcherHostedService[0]
      NotificationDispatcher started
LogRecord.Timestamp:               2025-09-20T11:49:03.0074580Z
LogRecord.CategoryName:            Appostolic.Api.Application.Agents.Queue.AgentTaskWorker
LogRecord.Severity:                Info
LogRecord.SeverityText:            Information
LogRecord.FormattedMessage:        AgentTaskWorker started.
LogRecord.Body:                    AgentTaskWorker started.
LogRecord.Attributes (Key:Value):
    OriginalFormat (a.k.a Body): AgentTaskWorker started.

Resource associated with LogRecord:
service.name: Appostolic.Api
service.instance.id: cfc7ce07-e6a4-4518-a7e3-7e4ff99e6a9f
telemetry.sdk.name: opentelemetry
telemetry.sdk.language: dotnet
telemetry.sdk.version: 1.9.0

info: Appostolic.Api.Application.Agents.Queue.AgentTaskWorker[0]
      AgentTaskWorker started.
LogRecord.Timestamp:               2025-09-20T11:49:03.1293810Z
LogRecord.TraceId:                 2291f85708151965cb81738dbda3d10b
LogRecord.SpanId:                  dbb1ef3bb5809a45
LogRecord.TraceFlags:              Recorded
LogRecord.CategoryName:            Microsoft.AspNetCore.Http.Result.CreatedResult
LogRecord.Severity:                Info
LogRecord.SeverityText:            Information
LogRecord.FormattedMessage:        Setting HTTP status code 201.
LogRecord.Body:                    Setting HTTP status code {StatusCode}.
LogRecord.Attributes (Key:Value):
    StatusCode: 201
    OriginalFormat (a.k.a Body): Setting HTTP status code {StatusCode}.
LogRecord.EventId:                 1
LogRecord.EventName:               WritingResultAsStatusCode

Resource associated with LogRecord:
service.name: Appostolic.Api
service.instance.id: cfc7ce07-e6a4-4518-a7e3-7e4ff99e6a9f
telemetry.sdk.name: opentelemetry
telemetry.sdk.language: dotnet
telemetry.sdk.version: 1.9.0

info: Microsoft.AspNetCore.Http.Result.CreatedResult[1]
      Setting HTTP status code 201.
info: Microsoft.AspNetCore.Http.Result.CreatedResult[3]
      Writing value of type 'AgentTaskSummary' as Json.
LogRecord.Timestamp:               2025-09-20T11:49:03.1306540Z
LogRecord.TraceId:                 2291f85708151965cb81738dbda3d10b
LogRecord.SpanId:                  dbb1ef3bb5809a45
LogRecord.TraceFlags:              Recorded
LogRecord.CategoryName:            Microsoft.AspNetCore.Http.Result.CreatedResult
LogRecord.Severity:                Info
LogRecord.SeverityText:            Information
LogRecord.FormattedMessage:        Writing value of type 'AgentTaskSummary' as Json.
LogRecord.Body:                    Writing value of type '{Type}' as Json.
LogRecord.Attributes (Key:Value):
    Type: AgentTaskSummary
    OriginalFormat (a.k.a Body): Writing value of type '{Type}' as Json.
LogRecord.EventId:                 3
LogRecord.EventName:               WritingResultAsJson

Resource associated with LogRecord:
service.name: Appostolic.Api
service.instance.id: cfc7ce07-e6a4-4518-a7e3-7e4ff99e6a9f
telemetry.sdk.name: opentelemetry
telemetry.sdk.language: dotnet
telemetry.sdk.version: 1.9.0

Activity.TraceId:            2291f85708151965cb81738dbda3d10b
Activity.SpanId:             dbb1ef3bb5809a45
Activity.TraceFlags:         Recorded
Activity.ActivitySourceName: Microsoft.AspNetCore
Activity.DisplayName:        POST /api/agent-tasks/
Activity.Kind:               Server
Activity.StartTime:          2025-09-20T11:49:03.0763660Z
Activity.Duration:           00:00:00.0553860
Activity.Tags:
    server.address: localhost
    http.request.method: POST
    url.scheme: http
    url.path: /api/agent-tasks
    network.protocol.version: 1.1
    tenant: acme
    user: dev@example.com
    http.route: /api/agent-tasks/
    http.response.status_code: 201
Resource associated with Activity:
    service.name: Appostolic.Api
    service.instance.id: cfc7ce07-e6a4-4518-a7e3-7e4ff99e6a9f
    telemetry.sdk.name: opentelemetry
    telemetry.sdk.language: dotnet
    telemetry.sdk.version: 1.9.0

info: Microsoft.AspNetCore.Http.Result.AcceptedResult[1]
      Setting HTTP status code 202.
LogRecord.Timestamp:               2025-09-20T11:49:03.1428120Z
LogRecord.TraceId:                 ad1e83a289f5e31a238efec09b17c789
LogRecord.SpanId:                  6fbbc30c3e1f4716
LogRecord.TraceFlags:              Recorded
LogRecord.CategoryName:            Microsoft.AspNetCore.Http.Result.AcceptedResult
LogRecord.Severity:                Info
LogRecord.SeverityText:            Information
LogRecord.FormattedMessage:        Setting HTTP status code 202.
LogRecord.Body:                    Setting HTTP status code {StatusCode}.
LogRecord.Attributes (Key:Value):
    StatusCode: 202
    OriginalFormat (a.k.a Body): Setting HTTP status code {StatusCode}.
LogRecord.EventId:                 1
LogRecord.EventName:               WritingResultAsStatusCode

Resource associated with LogRecord:
service.name: Appostolic.Api
service.instance.id: cfc7ce07-e6a4-4518-a7e3-7e4ff99e6a9f
telemetry.sdk.name: opentelemetry
telemetry.sdk.language: dotnet
telemetry.sdk.version: 1.9.0

LogRecord.Timestamp:               2025-09-20T11:49:03.1430840Z
LogRecord.TraceId:                 ad1e83a289f5e31a238efec09b17c789
LogRecord.SpanId:                  6fbbc30c3e1f4716
LogRecord.TraceFlags:              Recorded
LogRecord.CategoryName:            Microsoft.AspNetCore.Http.Result.AcceptedResult
LogRecord.Severity:                Info
LogRecord.SeverityText:            Information
LogRecord.FormattedMessage:        Writing value of type '<>f__AnonymousType3`2' as Json.
LogRecord.Body:                    Writing value of type '{Type}' as Json.
LogRecord.Attributes (Key:Value):
    Type: <>f__AnonymousType3`2
    OriginalFormat (a.k.a Body): Writing value of type '{Type}' as Json.
LogRecord.EventId:                 3
LogRecord.EventName:               WritingResultAsJson

Resource associated with LogRecord:
info: Microsoft.AspNetCore.Http.Result.AcceptedResult[3]
      Writing value of type '<>f__AnonymousType3`2' as Json.
service.name: Appostolic.Api
service.instance.id: cfc7ce07-e6a4-4518-a7e3-7e4ff99e6a9f
telemetry.sdk.name: opentelemetry
telemetry.sdk.language: dotnet
telemetry.sdk.version: 1.9.0

Activity.TraceId:            ad1e83a289f5e31a238efec09b17c789
Activity.SpanId:             6fbbc30c3e1f4716
Activity.TraceFlags:         Recorded
Activity.ActivitySourceName: Microsoft.AspNetCore
Activity.DisplayName:        POST /api/agent-tasks/{id:guid}/cancel
Activity.Kind:               Server
Activity.StartTime:          2025-09-20T11:49:03.1333110Z
Activity.Duration:           00:00:00.0104600
Activity.Tags:
    server.address: localhost
    http.request.method: POST
    url.scheme: http
    url.path: /api/agent-tasks/0ae7a4d1-a442-46e3-89ca-bed18e3e7ce9/cancel
    network.protocol.version: 1.1
    tenant: acme
    user: dev@example.com
    http.route: /api/agent-tasks/{id:guid}/cancel
    http.response.status_code: 202
Resource associated with Activity:
    service.name: Appostolic.Api
    service.instance.id: cfc7ce07-e6a4-4518-a7e3-7e4ff99e6a9f
    telemetry.sdk.name: opentelemetry
    telemetry.sdk.language: dotnet
    telemetry.sdk.version: 1.9.0

info: Microsoft.AspNetCore.Http.Result.OkObjectResult[1]
      Setting HTTP status code 200.
LogRecord.Timestamp:               2025-09-20T11:49:03.1524100Z
LogRecord.TraceId:                 1082a7b4c9823a73326770be32f8f53b
LogRecord.SpanId:                  1965cb226873636d
LogRecord.TraceFlags:              Recorded
LogRecord.CategoryName:            Microsoft.AspNetCore.Http.Result.OkObjectResult
LogRecord.Severity:                Info
LogRecord.SeverityText:            Information
LogRecord.FormattedMessage:        Setting HTTP status code 200.
LogRecord.Body:                    Setting HTTP status code {StatusCode}.
LogRecord.Attributes (Key:Value):
    StatusCode: 200
    OriginalFormat (a.k.a Body): Setting HTTP status code {StatusCode}.
LogRecord.EventId:                 1
LogRecord.EventName:               WritingResultAsStatusCode

Resource associated with LogRecord:
service.name: Appostolic.Api
service.instance.id: cfc7ce07-e6a4-4518-a7e3-7e4ff99e6a9f
telemetry.sdk.name: opentelemetry
telemetry.sdk.language: dotnet
telemetry.sdk.version: 1.9.0

LogRecord.Timestamp:               2025-09-20T11:49:03.1550030Z
LogRecord.TraceId:                 1082a7b4c9823a73326770be32f8f53b
LogRecord.SpanId:                  1965cb226873636d
LogRecord.TraceFlags:              Recorded
LogRecord.CategoryName:            Microsoft.AspNetCore.Http.Result.OkObjectResult
LogRecord.Severity:                Info
LogRecord.SeverityText:            Information
LogRecord.FormattedMessage:        Writing value of type 'AgentTaskDetails' as Json.
LogRecord.Body:                    Writing value of type '{Type}' as Json.
LogRecord.Attributes (Key:Value):
    Type: AgentTaskDetails
    OriginalFormat (a.k.a Body): Writing value of type '{Type}' as Json.
LogRecord.EventId:                 3
LogRecord.EventName:               WritingResultAsJson

Resource associated with LogRecord:
service.name: Appostolic.Api
service.instance.id: cfc7ce07-e6a4-4518-a7e3-7e4ff99e6a9f
telemetry.sdk.name: opentelemetry
telemetry.sdk.language: dotnet
telemetry.sdk.version: 1.9.0

info: Microsoft.AspNetCore.Http.Result.OkObjectResult[3]
      Writing value of type 'AgentTaskDetails' as Json.
Activity.TraceId:            1082a7b4c9823a73326770be32f8f53b
Activity.SpanId:             1965cb226873636d
Activity.TraceFlags:         Recorded
Activity.ActivitySourceName: Microsoft.AspNetCore
Activity.DisplayName:        GET /api/agent-tasks/{id:guid}
Activity.Kind:               Server
Activity.StartTime:          2025-09-20T11:49:03.1441790Z
Activity.Duration:           00:00:00.0117390
Activity.Tags:
    server.address: localhost
    http.request.method: GET
    url.scheme: http
    url.path: /api/agent-tasks/0ae7a4d1-a442-46e3-89ca-bed18e3e7ce9
    network.protocol.version: 1.1
    tenant: acme
    user: dev@example.com
    http.route: /api/agent-tasks/{id:guid}
    http.response.status_code: 200
Resource associated with Activity:
    service.name: Appostolic.Api
    service.instance.id: cfc7ce07-e6a4-4518-a7e3-7e4ff99e6a9f
    telemetry.sdk.name: opentelemetry
    telemetry.sdk.language: dotnet
    telemetry.sdk.version: 1.9.0

Activity.TraceId:            44e51fc4a401ca309a0db26a05b60e55
Activity.SpanId:             de0bbebcb7f48a49
Activity.TraceFlags:         Recorded
Activity.ParentSpanId:       f468839e90f9233b
Activity.ActivitySourceName: Appostolic.AgentRuntime
Activity.DisplayName:        agent.model
Activity.Kind:               Internal
Activity.StartTime:          2025-09-20T11:49:03.1748080Z
Activity.Duration:           00:00:00.0009270
Activity.Tags:
    agent.id: 11111111-1111-1111-1111-111111111111
    task.id: 91310bd4-fdc4-4949-b437-856fe11e4d4d
    tenant: acme
    user: dev@example.com
    step: 1
    model.name: gpt-4o-mini
    maxSteps: 8
    duration.ms: 0
Resource associated with Activity:
    service.name: Appostolic.Api
    service.instance.id: cfc7ce07-e6a4-4518-a7e3-7e4ff99e6a9f
    telemetry.sdk.name: opentelemetry
    telemetry.sdk.language: dotnet
    telemetry.sdk.version: 1.9.0

info: Appostolic.Api.Application.Agents.Tools.WebSearchTool[0]
      web.search q="intro" hits=1
LogRecord.Timestamp:               2025-09-20T11:49:03.1855070Z
LogRecord.TraceId:                 44e51fc4a401ca309a0db26a05b60e55
LogRecord.SpanId:                  849149d4b74994fa
LogRecord.TraceFlags:              Recorded
LogRecord.CategoryName:            Appostolic.Api.Application.Agents.Tools.WebSearchTool
LogRecord.Severity:                Info
LogRecord.SeverityText:            Information
LogRecord.FormattedMessage:        web.search q="intro" hits=1
LogRecord.Body:                    web.search q="{Query}" hits={HitCount}
LogRecord.Attributes (Key:Value):
    Query: intro
    HitCount: 1
    OriginalFormat (a.k.a Body): web.search q="{Query}" hits={HitCount}

Resource associated with LogRecord:
service.name: Appostolic.Api
service.instance.id: cfc7ce07-e6a4-4518-a7e3-7e4ff99e6a9f
telemetry.sdk.name: opentelemetry
telemetry.sdk.language: dotnet
telemetry.sdk.version: 1.9.0

LogRecord.Timestamp:               2025-09-20T11:49:03.1859040Z
info: Appostolic.Api.Application.Agents.Tools.WebSearchTool[0]
      tool.call name=web.search tenant=acme user=dev@example.com success=True durationMs=1
LogRecord.TraceId:                 44e51fc4a401ca309a0db26a05b60e55
LogRecord.SpanId:                  849149d4b74994fa
LogRecord.TraceFlags:              Recorded
LogRecord.CategoryName:            Appostolic.Api.Application.Agents.Tools.WebSearchTool
LogRecord.Severity:                Info
LogRecord.SeverityText:            Information
LogRecord.FormattedMessage:        tool.call name=web.search tenant=acme user=dev@example.com success=True durationMs=1
LogRecord.Body:                    tool.call name={Name} tenant={Tenant} user={User} success={Success} durationMs={DurationMs}
LogRecord.Attributes (Key:Value):
    Name: web.search
    Tenant: acme
    User: dev@example.com
    Success: true
    DurationMs: 1
    OriginalFormat (a.k.a Body): tool.call name={Name} tenant={Tenant} user={User} success={Success} durationMs={DurationMs}

Resource associated with LogRecord:
service.name: Appostolic.Api
service.instance.id: cfc7ce07-e6a4-4518-a7e3-7e4ff99e6a9f
telemetry.sdk.name: opentelemetry
telemetry.sdk.language: dotnet
telemetry.sdk.version: 1.9.0

Activity.TraceId:            44e51fc4a401ca309a0db26a05b60e55
Activity.SpanId:             849149d4b74994fa
Activity.TraceFlags:         Recorded
Activity.ParentSpanId:       bc4597a8a63eb501
Activity.ActivitySourceName: Appostolic.Tools
Activity.DisplayName:        tool.invoke
Activity.Kind:               Internal
Activity.StartTime:          2025-09-20T11:49:03.1849250Z
Activity.Duration:           00:00:00.0010070
Activity.Tags:
    tool.name: web.search
    tenant: acme
    user: dev@example.com
    duration.ms: 1
    success: true
Resource associated with Activity:
    service.name: Appostolic.Api
    service.instance.id: cfc7ce07-e6a4-4518-a7e3-7e4ff99e6a9f
    telemetry.sdk.name: opentelemetry
    telemetry.sdk.language: dotnet
    telemetry.sdk.version: 1.9.0

Activity.TraceId:            44e51fc4a401ca309a0db26a05b60e55
Activity.SpanId:             bc4597a8a63eb501
Activity.TraceFlags:         Recorded
Activity.ParentSpanId:       f468839e90f9233b
Activity.ActivitySourceName: Appostolic.Tools
Activity.DisplayName:        tool.web.search
Activity.Kind:               Internal
Activity.StartTime:          2025-09-20T11:49:03.1849060Z
Activity.Duration:           00:00:00.0010620
Activity.Tags:
    tool.name: web.search
    tenant: acme
    user: dev@example.com
    success: true
    duration.ms: 1
Resource associated with Activity:
    service.name: Appostolic.Api
    service.instance.id: cfc7ce07-e6a4-4518-a7e3-7e4ff99e6a9f
    telemetry.sdk.name: opentelemetry
    telemetry.sdk.language: dotnet
    telemetry.sdk.version: 1.9.0

Activity.TraceId:            44e51fc4a401ca309a0db26a05b60e55
Activity.SpanId:             55a3b99ad5bd6976
Activity.TraceFlags:         Recorded
Activity.ParentSpanId:       f468839e90f9233b
Activity.ActivitySourceName: Appostolic.AgentRuntime
Activity.DisplayName:        agent.model
Activity.Kind:               Internal
Activity.StartTime:          2025-09-20T11:49:03.1864040Z
Activity.Duration:           00:00:00.0002260
Activity.Tags:
    agent.id: 11111111-1111-1111-1111-111111111111
    task.id: 91310bd4-fdc4-4949-b437-856fe11e4d4d
    tenant: acme
    user: dev@example.com
    step: 3
    model.name: gpt-4o-mini
    maxSteps: 8
    duration.ms: 0
Resource associated with Activity:
    service.name: Appostolic.Api
    service.instance.id: cfc7ce07-e6a4-4518-a7e3-7e4ff99e6a9f
    telemetry.sdk.name: opentelemetry
    telemetry.sdk.language: dotnet
    telemetry.sdk.version: 1.9.0

info: Appostolic.Api.Application.Agents.Runtime.AgentOrchestrator[0]
      Task succeeded at step 3
LogRecord.Timestamp:               2025-09-20T11:49:03.1868420Z
LogRecord.TraceId:                 44e51fc4a401ca309a0db26a05b60e55
LogRecord.SpanId:                  f468839e90f9233b
LogRecord.TraceFlags:              Recorded
LogRecord.CategoryName:            Appostolic.Api.Application.Agents.Runtime.AgentOrchestrator
LogRecord.Severity:                Info
LogRecord.SeverityText:            Information
LogRecord.FormattedMessage:        Task succeeded at step 3
LogRecord.Body:                    Task succeeded at step {Step}
LogRecord.Attributes (Key:Value):
    Step: 3
    OriginalFormat (a.k.a Body): Task succeeded at step {Step}

Resource associated with LogRecord:
service.name: Appostolic.Api
service.instance.id: cfc7ce07-e6a4-4518-a7e3-7e4ff99e6a9f
telemetry.sdk.name: opentelemetry
telemetry.sdk.language: dotnet
telemetry.sdk.version: 1.9.0

Activity.TraceId:            44e51fc4a401ca309a0db26a05b60e55
Activity.SpanId:             f468839e90f9233b
Activity.TraceFlags:         Recorded
Activity.ActivitySourceName: Appostolic.AgentRuntime
Activity.DisplayName:        agent.run
Activity.Kind:               Internal
Activity.StartTime:          2025-09-20T11:49:03.1744140Z
Activity.Duration:           00:00:00.0126760
Activity.Tags:
    task.id: 91310bd4-fdc4-4949-b437-856fe11e4d4d
    agent.id: 11111111-1111-1111-1111-111111111111
    tenant: acme
    user: dev@example.com
Resource associated with Activity:
    service.name: Appostolic.Api
    service.instance.id: cfc7ce07-e6a4-4518-a7e3-7e4ff99e6a9f
    telemetry.sdk.name: opentelemetry
    telemetry.sdk.language: dotnet
    telemetry.sdk.version: 1.9.0

info: Microsoft.AspNetCore.Http.Result.CreatedResult[1]
      Setting HTTP status code 201.
LogRecord.Timestamp:               2025-09-20T11:49:03.1871680Z
LogRecord.TraceId:                 7f46fd1dcba40c08d93cf527e5d41127
LogRecord.SpanId:                  6b472868305925b4
LogRecord.TraceFlags:              Recorded
LogRecord.CategoryName:            Microsoft.AspNetCore.Http.Result.CreatedResult
LogRecord.Severity:                Info
LogRecord.SeverityText:            Information
LogRecord.FormattedMessage:        Setting HTTP status code 201.
LogRecord.Body:                    Setting HTTP status code {StatusCode}.
LogRecord.Attributes (Key:Value):
    StatusCode: 201
    OriginalFormat (a.k.a Body): Setting HTTP status code {StatusCode}.
LogRecord.EventId:                 1
LogRecord.EventName:               WritingResultAsStatusCode

Resource associated with LogRecord:
service.name: Appostolic.Api
service.instance.id: cfc7ce07-e6a4-4518-a7e3-7e4ff99e6a9f
telemetry.sdk.name: opentelemetry
telemetry.sdk.language: dotnet
telemetry.sdk.version: 1.9.0

LogRecord.Timestamp:               2025-09-20T11:49:03.1872360Z
info: Microsoft.AspNetCore.Http.Result.CreatedResult[3]
      Writing value of type 'AgentTaskSummary' as Json.
LogRecord.TraceId:                 7f46fd1dcba40c08d93cf527e5d41127
LogRecord.SpanId:                  6b472868305925b4
LogRecord.TraceFlags:              Recorded
LogRecord.CategoryName:            Microsoft.AspNetCore.Http.Result.CreatedResult
LogRecord.Severity:                Info
LogRecord.SeverityText:            Information
LogRecord.FormattedMessage:        Writing value of type 'AgentTaskSummary' as Json.
LogRecord.Body:                    Writing value of type '{Type}' as Json.
LogRecord.Attributes (Key:Value):
    Type: AgentTaskSummary
    OriginalFormat (a.k.a Body): Writing value of type '{Type}' as Json.
LogRecord.EventId:                 3
LogRecord.EventName:               WritingResultAsJson

Resource associated with LogRecord:
service.name: Appostolic.Api
service.instance.id: cfc7ce07-e6a4-4518-a7e3-7e4ff99e6a9f
telemetry.sdk.name: opentelemetry
telemetry.sdk.language: dotnet
telemetry.sdk.version: 1.9.0

Activity.TraceId:            7f46fd1dcba40c08d93cf527e5d41127
Activity.SpanId:             6b472868305925b4
Activity.TraceFlags:         Recorded
Activity.ActivitySourceName: Microsoft.AspNetCore
Activity.DisplayName:        POST /api/agent-tasks/
Activity.Kind:               Server
Activity.StartTime:          2025-09-20T11:49:03.1581040Z
Activity.Duration:           00:00:00.0293490
Activity.Tags:
    server.address: localhost
    http.request.method: POST
    url.scheme: http
    url.path: /api/agent-tasks
    network.protocol.version: 1.1
    tenant: acme
    user: dev@example.com
    http.route: /api/agent-tasks/
    http.response.status_code: 201
Resource associated with Activity:
    service.name: Appostolic.Api
    service.instance.id: cfc7ce07-e6a4-4518-a7e3-7e4ff99e6a9f
    telemetry.sdk.name: opentelemetry
    telemetry.sdk.language: dotnet
    telemetry.sdk.version: 1.9.0

info: Microsoft.AspNetCore.Http.Result.OkObjectResult[1]
      Setting HTTP status code 200.
LogRecord.Timestamp:               2025-09-20T11:49:03.1904020Z
LogRecord.TraceId:                 31f293b5369ff72f3ccc11ec3938cbed
LogRecord.SpanId:                  1e7fbe4404f3dc48
LogRecord.TraceFlags:              Recorded
LogRecord.CategoryName:            Microsoft.AspNetCore.Http.Result.OkObjectResult
LogRecord.Severity:                Info
LogRecord.SeverityText:            Information
LogRecord.FormattedMessage:        Setting HTTP status code 200.
LogRecord.Body:                    Setting HTTP status code {StatusCode}.
LogRecord.Attributes (Key:Value):
    StatusCode: 200
    OriginalFormat (a.k.a Body): Setting HTTP status code {StatusCode}.
LogRecord.EventId:                 1
LogRecord.EventName:               WritingResultAsStatusCode

Resource associated with LogRecord:
service.name: Appostolic.Api
service.instance.id: cfc7ce07-e6a4-4518-a7e3-7e4ff99e6a9f
telemetry.sdk.name: opentelemetry
telemetry.sdk.language: dotnet
telemetry.sdk.version: 1.9.0

info: Microsoft.AspNetCore.Http.Result.OkObjectResult[3]
      Writing value of type 'AgentTaskDetails' as Json.
LogRecord.Timestamp:               2025-09-20T11:49:03.1904620Z
LogRecord.TraceId:                 31f293b5369ff72f3ccc11ec3938cbed
LogRecord.SpanId:                  1e7fbe4404f3dc48
LogRecord.TraceFlags:              Recorded
LogRecord.CategoryName:            Microsoft.AspNetCore.Http.Result.OkObjectResult
LogRecord.Severity:                Info
LogRecord.SeverityText:            Information
LogRecord.FormattedMessage:        Writing value of type 'AgentTaskDetails' as Json.
LogRecord.Body:                    Writing value of type '{Type}' as Json.
LogRecord.Attributes (Key:Value):
    Type: AgentTaskDetails
    OriginalFormat (a.k.a Body): Writing value of type '{Type}' as Json.
LogRecord.EventId:                 3
LogRecord.EventName:               WritingResultAsJson

Resource associated with LogRecord:
service.name: Appostolic.Api
service.instance.id: cfc7ce07-e6a4-4518-a7e3-7e4ff99e6a9f
telemetry.sdk.name: opentelemetry
telemetry.sdk.language: dotnet
telemetry.sdk.version: 1.9.0

Activity.TraceId:            31f293b5369ff72f3ccc11ec3938cbed
Activity.SpanId:             1e7fbe4404f3dc48
Activity.TraceFlags:         Recorded
Activity.ActivitySourceName: Microsoft.AspNetCore
Activity.DisplayName:        GET /api/agent-tasks/{id:guid}
Activity.Kind:               Server
Activity.StartTime:          2025-09-20T11:49:03.1895980Z
Activity.Duration:           00:00:00.0017260
Activity.Tags:
    server.address: localhost
    url.query: ?includeTraces=Redacted
    http.request.method: GET
    url.scheme: http
    url.path: /api/agent-tasks/91310bd4-fdc4-4949-b437-856fe11e4d4d
    network.protocol.version: 1.1
    tenant: acme
    user: dev@example.com
    http.route: /api/agent-tasks/{id:guid}
    http.response.status_code: 200
Resource associated with Activity:
    service.name: Appostolic.Api
    service.instance.id: cfc7ce07-e6a4-4518-a7e3-7e4ff99e6a9f
    telemetry.sdk.name: opentelemetry
    telemetry.sdk.language: dotnet
    telemetry.sdk.version: 1.9.0

info: Microsoft.AspNetCore.Http.Result.ConflictObjectResult[1]
      Setting HTTP status code 409.
LogRecord.Timestamp:               2025-09-20T11:49:03.1938440Z
LogRecord.TraceId:                 a3a3d6e065b7354a552498361e530996
LogRecord.SpanId:                  48844a16b42e1a65
LogRecord.TraceFlags:              Recorded
LogRecord.CategoryName:            Microsoft.AspNetCore.Http.Result.ConflictObjectResult
LogRecord.Severity:                Info
LogRecord.SeverityText:            Information
LogRecord.FormattedMessage:        Setting HTTP status code 409.
LogRecord.Body:                    Setting HTTP status code {StatusCode}.
LogRecord.Attributes (Key:Value):
    StatusCode: 409
    OriginalFormat (a.k.a Body): Setting HTTP status code {StatusCode}.
LogRecord.EventId:                 1
LogRecord.EventName:               WritingResultAsStatusCode

Resource associated with LogRecord:
service.name: Appostolic.Api
service.instance.id: cfc7ce07-e6a4-4518-a7e3-7e4ff99e6a9f
telemetry.sdk.name: opentelemetry
telemetry.sdk.language: dotnet
telemetry.sdk.version: 1.9.0

LogRecord.Timestamp:               2025-09-20T11:49:03.1940450Z
info: Microsoft.AspNetCore.Http.Result.ConflictObjectResult[3]
      Writing value of type '<>f__AnonymousType2`1' as Json.
LogRecord.TraceId:                 a3a3d6e065b7354a552498361e530996
LogRecord.SpanId:                  48844a16b42e1a65
LogRecord.TraceFlags:              Recorded
LogRecord.CategoryName:            Microsoft.AspNetCore.Http.Result.ConflictObjectResult
LogRecord.Severity:                Info
LogRecord.SeverityText:            Information
LogRecord.FormattedMessage:        Writing value of type '<>f__AnonymousType2`1' as Json.
LogRecord.Body:                    Writing value of type '{Type}' as Json.
LogRecord.Attributes (Key:Value):
    Type: <>f__AnonymousType2`1
    OriginalFormat (a.k.a Body): Writing value of type '{Type}' as Json.
LogRecord.EventId:                 3
LogRecord.EventName:               WritingResultAsJson

Resource associated with LogRecord:
service.name: Appostolic.Api
service.instance.id: cfc7ce07-e6a4-4518-a7e3-7e4ff99e6a9f
telemetry.sdk.name: opentelemetry
telemetry.sdk.language: dotnet
telemetry.sdk.version: 1.9.0

Activity.TraceId:            a3a3d6e065b7354a552498361e530996
Activity.SpanId:             48844a16b42e1a65
Activity.TraceFlags:         Recorded
Activity.ActivitySourceName: Microsoft.AspNetCore
Activity.DisplayName:        POST /api/agent-tasks/{id:guid}/cancel
Activity.Kind:               Server
Activity.StartTime:          2025-09-20T11:49:03.1928250Z
Activity.Duration:           00:00:00.0014330
Activity.Tags:
    server.address: localhost
    http.request.method: POST
    url.scheme: http
    url.path: /api/agent-tasks/91310bd4-fdc4-4949-b437-856fe11e4d4d/cancel
    network.protocol.version: 1.1
    tenant: acme
    user: dev@example.com
    http.route: /api/agent-tasks/{id:guid}/cancel
    http.response.status_code: 409
Resource associated with Activity:
    service.name: Appostolic.Api
    service.instance.id: cfc7ce07-e6a4-4518-a7e3-7e4ff99e6a9f
    telemetry.sdk.name: opentelemetry
    telemetry.sdk.language: dotnet
    telemetry.sdk.version: 1.9.0

Activity.TraceId:            f7da3800a11e998ec87b9f8345cfb299
Activity.SpanId:             8911d52a2ab5353f
Activity.TraceFlags:         Recorded
Activity.ParentSpanId:       14df8625c4aa9a5e
Activity.ActivitySourceName: Appostolic.AgentRuntime
Activity.DisplayName:        agent.model
Activity.Kind:               Internal
Activity.StartTime:          2025-09-20T11:49:03.1991370Z
Activity.Duration:           00:00:00.0000120
Activity.Tags:
    agent.id: 11111111-1111-1111-1111-111111111111
    task.id: 8e78279f-7782-4243-939a-de5a4d11c4f8
    tenant: acme
    user: dev@example.com
    step: 1
    model.name: gpt-4o-mini
    maxSteps: 8
    duration.ms: 0
Resource associated with Activity:
    service.name: Appostolic.Api
    service.instance.id: cfc7ce07-e6a4-4518-a7e3-7e4ff99e6a9f
    telemetry.sdk.name: opentelemetry
    telemetry.sdk.language: dotnet
    telemetry.sdk.version: 1.9.0

info: Appostolic.Api.Application.Agents.Tools.WebSearchTool[0]
      web.search q="intro" hits=1
LogRecord.Timestamp:               2025-09-20T11:49:03.1994110Z
LogRecord.TraceId:                 f7da3800a11e998ec87b9f8345cfb299
LogRecord.SpanId:                  5246019d0f7fbafe
LogRecord.TraceFlags:              Recorded
LogRecord.CategoryName:            Appostolic.Api.Application.Agents.Tools.WebSearchTool
LogRecord.Severity:                Info
LogRecord.SeverityText:            Information
LogRecord.FormattedMessage:        web.search q="intro" hits=1
LogRecord.Body:                    web.search q="{Query}" hits={HitCount}
LogRecord.Attributes (Key:Value):
    Query: intro
    HitCount: 1
    OriginalFormat (a.k.a Body): web.search q="{Query}" hits={HitCount}

Resource associated with LogRecord:
service.name: Appostolic.Api
service.instance.id: cfc7ce07-e6a4-4518-a7e3-7e4ff99e6a9f
telemetry.sdk.name: opentelemetry
telemetry.sdk.language: dotnet
telemetry.sdk.version: 1.9.0

info: Appostolic.Api.Application.Agents.Tools.WebSearchTool[0]
      tool.call name=web.search tenant=acme user=dev@example.com success=True durationMs=1
LogRecord.Timestamp:               2025-09-20T11:49:03.1996640Z
LogRecord.TraceId:                 f7da3800a11e998ec87b9f8345cfb299
LogRecord.SpanId:                  5246019d0f7fbafe
LogRecord.TraceFlags:              Recorded
LogRecord.CategoryName:            Appostolic.Api.Application.Agents.Tools.WebSearchTool
LogRecord.Severity:                Info
LogRecord.SeverityText:            Information
LogRecord.FormattedMessage:        tool.call name=web.search tenant=acme user=dev@example.com success=True durationMs=1
LogRecord.Body:                    tool.call name={Name} tenant={Tenant} user={User} success={Success} durationMs={DurationMs}
LogRecord.Attributes (Key:Value):
    Name: web.search
    Tenant: acme
    User: dev@example.com
    Success: true
    DurationMs: 1
    OriginalFormat (a.k.a Body): tool.call name={Name} tenant={Tenant} user={User} success={Success} durationMs={DurationMs}

Resource associated with LogRecord:
service.name: Appostolic.Api
service.instance.id: cfc7ce07-e6a4-4518-a7e3-7e4ff99e6a9f
telemetry.sdk.name: opentelemetry
telemetry.sdk.language: dotnet
telemetry.sdk.version: 1.9.0

Activity.TraceId:            f7da3800a11e998ec87b9f8345cfb299
Activity.SpanId:             5246019d0f7fbafe
Activity.TraceFlags:         Recorded
Activity.ParentSpanId:       12a79b001346ed56
Activity.ActivitySourceName: Appostolic.Tools
Activity.DisplayName:        tool.invoke
Activity.Kind:               Internal
Activity.StartTime:          2025-09-20T11:49:03.1993610Z
Activity.Duration:           00:00:00.0003750
Activity.Tags:
    tool.name: web.search
    tenant: acme
    user: dev@example.com
    duration.ms: 1
    success: true
Resource associated with Activity:
    service.name: Appostolic.Api
    service.instance.id: cfc7ce07-e6a4-4518-a7e3-7e4ff99e6a9f
    telemetry.sdk.name: opentelemetry
    telemetry.sdk.language: dotnet
    telemetry.sdk.version: 1.9.0

Activity.TraceId:            f7da3800a11e998ec87b9f8345cfb299
Activity.SpanId:             12a79b001346ed56
Activity.TraceFlags:         Recorded
Activity.ParentSpanId:       14df8625c4aa9a5e
Activity.ActivitySourceName: Appostolic.Tools
Activity.DisplayName:        tool.web.search
Activity.Kind:               Internal
Activity.StartTime:          2025-09-20T11:49:03.1993580Z
Activity.Duration:           00:00:00.0004410
Activity.Tags:
    tool.name: web.search
    tenant: acme
    user: dev@example.com
    success: true
    duration.ms: 0
Resource associated with Activity:
    service.name: Appostolic.Api
    service.instance.id: cfc7ce07-e6a4-4518-a7e3-7e4ff99e6a9f
    telemetry.sdk.name: opentelemetry
    telemetry.sdk.language: dotnet
    telemetry.sdk.version: 1.9.0

Activity.TraceId:            f7da3800a11e998ec87b9f8345cfb299
Activity.SpanId:             9135b59230eb24b7
Activity.TraceFlags:         Recorded
Activity.ParentSpanId:       14df8625c4aa9a5e
Activity.ActivitySourceName: Appostolic.AgentRuntime
Activity.DisplayName:        agent.model
Activity.Kind:               Internal
Activity.StartTime:          2025-09-20T11:49:03.2003100Z
Activity.Duration:           00:00:00.0000500
Activity.Tags:
    agent.id: 11111111-1111-1111-1111-111111111111
    task.id: 8e78279f-7782-4243-939a-de5a4d11c4f8
    tenant: acme
    user: dev@example.com
    step: 3
    model.name: gpt-4o-mini
    maxSteps: 8
    duration.ms: 0
Resource associated with Activity:
    service.name: Appostolic.Api
    service.instance.id: cfc7ce07-e6a4-4518-a7e3-7e4ff99e6a9f
    telemetry.sdk.name: opentelemetry
    telemetry.sdk.language: dotnet
    telemetry.sdk.version: 1.9.0

info: Appostolic.Api.Application.Agents.Runtime.AgentOrchestrator[0]
      Task succeeded at step 3
LogRecord.Timestamp:               2025-09-20T11:49:03.2006410Z
LogRecord.TraceId:                 f7da3800a11e998ec87b9f8345cfb299
LogRecord.SpanId:                  14df8625c4aa9a5e
LogRecord.TraceFlags:              Recorded
LogRecord.CategoryName:            Appostolic.Api.Application.Agents.Runtime.AgentOrchestrator
LogRecord.Severity:                Info
LogRecord.SeverityText:            Information
LogRecord.FormattedMessage:        Task succeeded at step 3
LogRecord.Body:                    Task succeeded at step {Step}
LogRecord.Attributes (Key:Value):
    Step: 3
    OriginalFormat (a.k.a Body): Task succeeded at step {Step}

Resource associated with LogRecord:
service.name: Appostolic.Api
service.instance.id: cfc7ce07-e6a4-4518-a7e3-7e4ff99e6a9f
telemetry.sdk.name: opentelemetry
telemetry.sdk.language: dotnet
telemetry.sdk.version: 1.9.0

Activity.TraceId:            f7da3800a11e998ec87b9f8345cfb299
Activity.SpanId:             14df8625c4aa9a5e
Activity.TraceFlags:         Recorded
Activity.ActivitySourceName: Appostolic.AgentRuntime
Activity.DisplayName:        agent.run
Activity.Kind:               Internal
Activity.StartTime:          2025-09-20T11:49:03.1990620Z
Activity.Duration:           00:00:00.0017530
Activity.Tags:
    task.id: 8e78279f-7782-4243-939a-de5a4d11c4f8
    agent.id: 11111111-1111-1111-1111-111111111111
    tenant: acme
    user: dev@example.com
Resource associated with Activity:
    service.name: Appostolic.Api
    service.instance.id: cfc7ce07-e6a4-4518-a7e3-7e4ff99e6a9f
    telemetry.sdk.name: opentelemetry
    telemetry.sdk.language: dotnet
    telemetry.sdk.version: 1.9.0

LogRecord.Timestamp:               2025-09-20T11:49:03.2008880Z
LogRecord.TraceId:                 35cf921ed8b75d8c1c8b2dd35ac8fc87
LogRecord.SpanId:                  1995e0ba2edfdcce
LogRecord.TraceFlags:              Recorded
LogRecord.CategoryName:            Microsoft.AspNetCore.Http.Result.CreatedResult
LogRecord.Severity:                Info
LogRecord.SeverityText:            Information
LogRecord.FormattedMessage:        Setting HTTP status code 201.
LogRecord.Body:                    Setting HTTP status code {StatusCode}.
LogRecord.Attributes (Key:Value):
info: Microsoft.AspNetCore.Http.Result.CreatedResult[1]
      Setting HTTP status code 201.
    StatusCode: 201
    OriginalFormat (a.k.a Body): Setting HTTP status code {StatusCode}.
LogRecord.EventId:                 1
LogRecord.EventName:               WritingResultAsStatusCode

Resource associated with LogRecord:
service.name: Appostolic.Api
service.instance.id: cfc7ce07-e6a4-4518-a7e3-7e4ff99e6a9f
telemetry.sdk.name: opentelemetry
telemetry.sdk.language: dotnet
telemetry.sdk.version: 1.9.0

info: Microsoft.AspNetCore.Http.Result.CreatedResult[3]
      Writing value of type 'AgentTaskSummary' as Json.
LogRecord.Timestamp:               2025-09-20T11:49:03.2012220Z
LogRecord.TraceId:                 35cf921ed8b75d8c1c8b2dd35ac8fc87
LogRecord.SpanId:                  1995e0ba2edfdcce
LogRecord.TraceFlags:              Recorded
LogRecord.CategoryName:            Microsoft.AspNetCore.Http.Result.CreatedResult
LogRecord.Severity:                Info
LogRecord.SeverityText:            Information
LogRecord.FormattedMessage:        Writing value of type 'AgentTaskSummary' as Json.
LogRecord.Body:                    Writing value of type '{Type}' as Json.
LogRecord.Attributes (Key:Value):
    Type: AgentTaskSummary
    OriginalFormat (a.k.a Body): Writing value of type '{Type}' as Json.
LogRecord.EventId:                 3
LogRecord.EventName:               WritingResultAsJson

Resource associated with LogRecord:
service.name: Appostolic.Api
service.instance.id: cfc7ce07-e6a4-4518-a7e3-7e4ff99e6a9f
telemetry.sdk.name: opentelemetry
telemetry.sdk.language: dotnet
telemetry.sdk.version: 1.9.0

Activity.TraceId:            35cf921ed8b75d8c1c8b2dd35ac8fc87
Activity.SpanId:             1995e0ba2edfdcce
Activity.TraceFlags:         Recorded
Activity.ActivitySourceName: Microsoft.AspNetCore
Activity.DisplayName:        POST /api/agent-tasks/
Activity.Kind:               Server
Activity.StartTime:          2025-09-20T11:49:03.1968750Z
Activity.Duration:           00:00:00.0049220
Activity.Tags:
    server.address: localhost
    http.request.method: POST
    url.scheme: http
    url.path: /api/agent-tasks
    network.protocol.version: 1.1
    tenant: acme
    user: dev@example.com
    http.route: /api/agent-tasks/
    http.response.status_code: 201
Resource associated with Activity:
    service.name: Appostolic.Api
    service.instance.id: cfc7ce07-e6a4-4518-a7e3-7e4ff99e6a9f
    telemetry.sdk.name: opentelemetry
    telemetry.sdk.language: dotnet
    telemetry.sdk.version: 1.9.0

info: Microsoft.AspNetCore.Http.Result.OkObjectResult[1]
      Setting HTTP status code 200.
LogRecord.Timestamp:               2025-09-20T11:49:03.2028800Z
LogRecord.TraceId:                 dd1d3c48931feaa2dfb30251d612e2c7
LogRecord.SpanId:                  7da08d78f039e0ea
LogRecord.TraceFlags:              Recorded
LogRecord.CategoryName:            Microsoft.AspNetCore.Http.Result.OkObjectResult
LogRecord.Severity:                Info
LogRecord.SeverityText:            Information
LogRecord.FormattedMessage:        Setting HTTP status code 200.
LogRecord.Body:                    Setting HTTP status code {StatusCode}.
LogRecord.Attributes (Key:Value):
    StatusCode: 200
    OriginalFormat (a.k.a Body): Setting HTTP status code {StatusCode}.
LogRecord.EventId:                 1
LogRecord.EventName:               WritingResultAsStatusCode

Resource associated with LogRecord:
service.name: Appostolic.Api
service.instance.id: cfc7ce07-e6a4-4518-a7e3-7e4ff99e6a9f
telemetry.sdk.name: opentelemetry
telemetry.sdk.language: dotnet
telemetry.sdk.version: 1.9.0

LogRecord.Timestamp:               2025-09-20T11:49:03.2029240Z
LogRecord.TraceId:                 dd1d3c48931feaa2dfb30251d612e2c7
info: Microsoft.AspNetCore.Http.Result.OkObjectResult[3]
      Writing value of type 'AgentTaskDetails' as Json.
LogRecord.SpanId:                  7da08d78f039e0ea
LogRecord.TraceFlags:              Recorded
LogRecord.CategoryName:            Microsoft.AspNetCore.Http.Result.OkObjectResult
LogRecord.Severity:                Info
LogRecord.SeverityText:            Information
LogRecord.FormattedMessage:        Writing value of type 'AgentTaskDetails' as Json.
LogRecord.Body:                    Writing value of type '{Type}' as Json.
LogRecord.Attributes (Key:Value):
    Type: AgentTaskDetails
    OriginalFormat (a.k.a Body): Writing value of type '{Type}' as Json.
LogRecord.EventId:                 3
LogRecord.EventName:               WritingResultAsJson

Resource associated with LogRecord:
service.name: Appostolic.Api
service.instance.id: cfc7ce07-e6a4-4518-a7e3-7e4ff99e6a9f
telemetry.sdk.name: opentelemetry
telemetry.sdk.language: dotnet
telemetry.sdk.version: 1.9.0

Activity.TraceId:            dd1d3c48931feaa2dfb30251d612e2c7
Activity.SpanId:             7da08d78f039e0ea
Activity.TraceFlags:         Recorded
Activity.ActivitySourceName: Microsoft.AspNetCore
Activity.DisplayName:        GET /api/agent-tasks/{id:guid}
Activity.Kind:               Server
Activity.StartTime:          2025-09-20T11:49:03.2023840Z
Activity.Duration:           00:00:00.0006640
Activity.Tags:
    server.address: localhost
    url.query: ?includeTraces=Redacted
    http.request.method: GET
    url.scheme: http
    url.path: /api/agent-tasks/8e78279f-7782-4243-939a-de5a4d11c4f8
    network.protocol.version: 1.1
    tenant: acme
    user: dev@example.com
    http.route: /api/agent-tasks/{id:guid}
    http.response.status_code: 200
Resource associated with Activity:
    service.name: Appostolic.Api
    service.instance.id: cfc7ce07-e6a4-4518-a7e3-7e4ff99e6a9f
    telemetry.sdk.name: opentelemetry
    telemetry.sdk.language: dotnet
    telemetry.sdk.version: 1.9.0

Activity.TraceId:            b650e99a257de2419bdaddab8b45a2eb
Activity.SpanId:             763b87d5dc5918c8
Activity.TraceFlags:         Recorded
Activity.ParentSpanId:       18ad8143a2cec953
Activity.ActivitySourceName: Appostolic.AgentRuntime
Activity.DisplayName:        agent.model
Activity.Kind:               Internal
Activity.StartTime:          2025-09-20T11:49:03.2070460Z
Activity.Duration:           00:00:00.0000120
Activity.Tags:
    agent.id: 11111111-1111-1111-1111-111111111111
    task.id: 3b6a4631-4cb7-4789-8eac-b9178ffbfb32
    tenant: acme
    user: dev@example.com
    step: 1
    model.name: gpt-4o-mini
    maxSteps: 8
    duration.ms: 0
Resource associated with Activity:
    service.name: Appostolic.Api
    service.instance.id: cfc7ce07-e6a4-4518-a7e3-7e4ff99e6a9f
    telemetry.sdk.name: opentelemetry
    telemetry.sdk.language: dotnet
    telemetry.sdk.version: 1.9.0

LogRecord.Timestamp:               2025-09-20T11:49:03.2077740Z
LogRecord.TraceId:                 b650e99a257de2419bdaddab8b45a2eb
LogRecord.SpanId:                  2637c3a8148aed7f
LogRecord.TraceFlags:              Recorded
LogRecord.CategoryName:            Appostolic.Api.Application.Agents.Tools.WebSearchTool
LogRecord.Severity:                Info
LogRecord.SeverityText:            Information
LogRecord.FormattedMessage:        web.search q="intro" hits=1
LogRecord.Body:                    web.search q="{Query}" hits={HitCount}
LogRecord.Attributes (Key:Value):
    Query: intro
    HitCount: 1
    OriginalFormat (a.k.a Body): web.search q="{Query}" hits={HitCount}

Resource associated with LogRecord:
service.name: Appostolic.Api
service.instance.id: cfc7ce07-e6a4-4518-a7e3-7e4ff99e6a9f
telemetry.sdk.name: opentelemetry
telemetry.sdk.language: dotnet
telemetry.sdk.version: 1.9.0

info: Appostolic.Api.Application.Agents.Tools.WebSearchTool[0]
      web.search q="intro" hits=1
info: Appostolic.Api.Application.Agents.Tools.WebSearchTool[0]
      tool.call name=web.search tenant=acme user=dev@example.com success=True durationMs=1
LogRecord.Timestamp:               2025-09-20T11:49:03.2079530Z
LogRecord.TraceId:                 b650e99a257de2419bdaddab8b45a2eb
LogRecord.SpanId:                  2637c3a8148aed7f
LogRecord.TraceFlags:              Recorded
LogRecord.CategoryName:            Appostolic.Api.Application.Agents.Tools.WebSearchTool
LogRecord.Severity:                Info
LogRecord.SeverityText:            Information
LogRecord.FormattedMessage:        tool.call name=web.search tenant=acme user=dev@example.com success=True durationMs=1
LogRecord.Body:                    tool.call name={Name} tenant={Tenant} user={User} success={Success} durationMs={DurationMs}
LogRecord.Attributes (Key:Value):
    Name: web.search
    Tenant: acme
    User: dev@example.com
    Success: true
    DurationMs: 1
    OriginalFormat (a.k.a Body): tool.call name={Name} tenant={Tenant} user={User} success={Success} durationMs={DurationMs}

Resource associated with LogRecord:
service.name: Appostolic.Api
service.instance.id: cfc7ce07-e6a4-4518-a7e3-7e4ff99e6a9f
telemetry.sdk.name: opentelemetry
telemetry.sdk.language: dotnet
telemetry.sdk.version: 1.9.0

Activity.TraceId:            b650e99a257de2419bdaddab8b45a2eb
Activity.SpanId:             2637c3a8148aed7f
Activity.TraceFlags:         Recorded
Activity.ParentSpanId:       a5c0b21c84328ce6
Activity.ActivitySourceName: Appostolic.Tools
Activity.DisplayName:        tool.invoke
Activity.Kind:               Internal
Activity.StartTime:          2025-09-20T11:49:03.2076760Z
Activity.Duration:           00:00:00.0003230
Activity.Tags:
    tool.name: web.search
    tenant: acme
    user: dev@example.com
    duration.ms: 1
    success: true
Resource associated with Activity:
    service.name: Appostolic.Api
    service.instance.id: cfc7ce07-e6a4-4518-a7e3-7e4ff99e6a9f
    telemetry.sdk.name: opentelemetry
    telemetry.sdk.language: dotnet
    telemetry.sdk.version: 1.9.0

Activity.TraceId:            b650e99a257de2419bdaddab8b45a2eb
Activity.SpanId:             a5c0b21c84328ce6
Activity.TraceFlags:         Recorded
Activity.ParentSpanId:       18ad8143a2cec953
Activity.ActivitySourceName: Appostolic.Tools
Activity.DisplayName:        tool.web.search
Activity.Kind:               Internal
Activity.StartTime:          2025-09-20T11:49:03.2076700Z
Activity.Duration:           00:00:00.0003560
Activity.Tags:
    tool.name: web.search
    tenant: acme
    user: dev@example.com
    success: true
    duration.ms: 0
Resource associated with Activity:
    service.name: Appostolic.Api
    service.instance.id: cfc7ce07-e6a4-4518-a7e3-7e4ff99e6a9f
    telemetry.sdk.name: opentelemetry
    telemetry.sdk.language: dotnet
    telemetry.sdk.version: 1.9.0

Activity.TraceId:            b650e99a257de2419bdaddab8b45a2eb
Activity.SpanId:             0e85ac6e6d585058
Activity.TraceFlags:         Recorded
Activity.ParentSpanId:       18ad8143a2cec953
Activity.ActivitySourceName: Appostolic.AgentRuntime
Activity.DisplayName:        agent.model
Activity.Kind:               Internal
Activity.StartTime:          2025-09-20T11:49:03.2083310Z
Activity.Duration:           00:00:00.0000890
Activity.Tags:
    agent.id: 11111111-1111-1111-1111-111111111111
    task.id: 3b6a4631-4cb7-4789-8eac-b9178ffbfb32
    tenant: acme
    user: dev@example.com
    step: 3
    model.name: gpt-4o-mini
    maxSteps: 8
    duration.ms: 0
Resource associated with Activity:
    service.name: Appostolic.Api
    service.instance.id: cfc7ce07-e6a4-4518-a7e3-7e4ff99e6a9f
    telemetry.sdk.name: opentelemetry
    telemetry.sdk.language: dotnet
    telemetry.sdk.version: 1.9.0

LogRecord.Timestamp:               2025-09-20T11:49:03.2085480Z
LogRecord.TraceId:                 b650e99a257de2419bdaddab8b45a2eb
LogRecord.SpanId:                  18ad8143a2cec953
LogRecord.TraceFlags:              Recorded
LogRecord.CategoryName:            Appostolic.Api.Application.Agents.Runtime.AgentOrchestrator
info: Appostolic.Api.Application.Agents.Runtime.AgentOrchestrator[0]
      Task succeeded at step 3
LogRecord.Severity:                Info
LogRecord.SeverityText:            Information
LogRecord.FormattedMessage:        Task succeeded at step 3
LogRecord.Body:                    Task succeeded at step {Step}
LogRecord.Attributes (Key:Value):
    Step: 3
    OriginalFormat (a.k.a Body): Task succeeded at step {Step}

Resource associated with LogRecord:
service.name: Appostolic.Api
service.instance.id: cfc7ce07-e6a4-4518-a7e3-7e4ff99e6a9f
telemetry.sdk.name: opentelemetry
telemetry.sdk.language: dotnet
telemetry.sdk.version: 1.9.0

Activity.TraceId:            b650e99a257de2419bdaddab8b45a2eb
Activity.SpanId:             18ad8143a2cec953
Activity.TraceFlags:         Recorded
Activity.ActivitySourceName: Appostolic.AgentRuntime
Activity.DisplayName:        agent.run
Activity.Kind:               Internal
Activity.StartTime:          2025-09-20T11:49:03.2069630Z
Activity.Duration:           00:00:00.0016340
Activity.Tags:
    task.id: 3b6a4631-4cb7-4789-8eac-b9178ffbfb32
    agent.id: 11111111-1111-1111-1111-111111111111
    tenant: acme
    user: dev@example.com
Resource associated with Activity:
    service.name: Appostolic.Api
    service.instance.id: cfc7ce07-e6a4-4518-a7e3-7e4ff99e6a9f
    telemetry.sdk.name: opentelemetry
    telemetry.sdk.language: dotnet
    telemetry.sdk.version: 1.9.0

info: Microsoft.AspNetCore.Http.Result.CreatedResult[1]
      Setting HTTP status code 201.
LogRecord.Timestamp:               2025-09-20T11:49:03.2088080Z
LogRecord.TraceId:                 39c85b53a24152dab6dd49549092a241
LogRecord.SpanId:                  706da07bc67ea649
LogRecord.TraceFlags:              Recorded
LogRecord.CategoryName:            Microsoft.AspNetCore.Http.Result.CreatedResult
LogRecord.Severity:                Info
LogRecord.SeverityText:            Information
LogRecord.FormattedMessage:        Setting HTTP status code 201.
LogRecord.Body:                    Setting HTTP status code {StatusCode}.
LogRecord.Attributes (Key:Value):
    StatusCode: 201
    OriginalFormat (a.k.a Body): Setting HTTP status code {StatusCode}.
LogRecord.EventId:                 1
LogRecord.EventName:               WritingResultAsStatusCode

Resource associated with LogRecord:
service.name: Appostolic.Api
service.instance.id: cfc7ce07-e6a4-4518-a7e3-7e4ff99e6a9f
telemetry.sdk.name: opentelemetry
telemetry.sdk.language: dotnet
telemetry.sdk.version: 1.9.0

LogRecord.Timestamp:               2025-09-20T11:49:03.2088720Z
LogRecord.TraceId:                 39c85b53a24152dab6dd49549092a241
LogRecord.SpanId:                  706da07bc67ea649
LogRecord.TraceFlags:              Recorded
LogRecord.CategoryName:            Microsoft.AspNetCore.Http.Result.CreatedResult
LogRecord.Severity:                Info
LogRecord.SeverityText:            Information
LogRecord.FormattedMessage:        Writing value of type 'AgentTaskSummary' as Json.
LogRecord.Body:                    Writing value of type '{Type}' as Json.
LogRecord.Attributes (Key:Value):
    Type: AgentTaskSummary
    OriginalFormat (a.k.a Body): Writing value of type '{Type}' as Json.
info: Microsoft.AspNetCore.Http.Result.CreatedResult[3]
      Writing value of type 'AgentTaskSummary' as Json.
LogRecord.EventId:                 3
LogRecord.EventName:               WritingResultAsJson

Resource associated with LogRecord:
service.name: Appostolic.Api
service.instance.id: cfc7ce07-e6a4-4518-a7e3-7e4ff99e6a9f
telemetry.sdk.name: opentelemetry
telemetry.sdk.language: dotnet
telemetry.sdk.version: 1.9.0

Activity.TraceId:            39c85b53a24152dab6dd49549092a241
Activity.SpanId:             706da07bc67ea649
Activity.TraceFlags:         Recorded
Activity.ActivitySourceName: Microsoft.AspNetCore
Activity.DisplayName:        POST /api/agent-tasks/{id:guid}/retry
Activity.Kind:               Server
Activity.StartTime:          2025-09-20T11:49:03.2032890Z
Activity.Duration:           00:00:00.0057590
Activity.Tags:
    server.address: localhost
    http.request.method: POST
    url.scheme: http
    url.path: /api/agent-tasks/8e78279f-7782-4243-939a-de5a4d11c4f8/retry
    network.protocol.version: 1.1
    tenant: acme
    user: dev@example.com
    http.route: /api/agent-tasks/{id:guid}/retry
    http.response.status_code: 201
Resource associated with Activity:
    service.name: Appostolic.Api
    service.instance.id: cfc7ce07-e6a4-4518-a7e3-7e4ff99e6a9f
    telemetry.sdk.name: opentelemetry
    telemetry.sdk.language: dotnet
    telemetry.sdk.version: 1.9.0

LogRecord.Timestamp:               2025-09-20T11:49:03.2099570Z
info: Microsoft.AspNetCore.Http.Result.OkObjectResult[1]
      Setting HTTP status code 200.
LogRecord.TraceId:                 491cba0adf38a171797681e41402e26c
LogRecord.SpanId:                  569646fd3b6e7a79
LogRecord.TraceFlags:              Recorded
LogRecord.CategoryName:            Microsoft.AspNetCore.Http.Result.OkObjectResult
LogRecord.Severity:                Info
LogRecord.SeverityText:            Information
LogRecord.FormattedMessage:        Setting HTTP status code 200.
LogRecord.Body:                    Setting HTTP status code {StatusCode}.
LogRecord.Attributes (Key:Value):
    StatusCode: 200
    OriginalFormat (a.k.a Body): Setting HTTP status code {StatusCode}.
LogRecord.EventId:                 1
LogRecord.EventName:               WritingResultAsStatusCode

Resource associated with LogRecord:
service.name: Appostolic.Api
service.instance.id: cfc7ce07-e6a4-4518-a7e3-7e4ff99e6a9f
telemetry.sdk.name: opentelemetry
telemetry.sdk.language: dotnet
telemetry.sdk.version: 1.9.0

LogRecord.Timestamp:               2025-09-20T11:49:03.2100100Z
LogRecord.TraceId:                 491cba0adf38a171797681e41402e26c
LogRecord.SpanId:                  569646fd3b6e7a79
LogRecord.TraceFlags:              Recorded
LogRecord.CategoryName:            Microsoft.AspNetCore.Http.Result.OkObjectResult
LogRecord.Severity:                Info
LogRecord.SeverityText:            Information
LogRecord.FormattedMessage:        Writing value of type 'AgentTaskDetails' as Json.
LogRecord.Body:                    Writing value of type '{Type}' as Json.
LogRecord.Attributes (Key:Value):
    Type: AgentTaskDetails
    OriginalFormat (a.k.a Body): Writing value of type '{Type}' as Json.
LogRecord.EventId:                 3
LogRecord.EventName:               WritingResultAsJson

Resource associated with LogRecord:
service.name: Appostolic.Api
service.instance.id: cfc7ce07-e6a4-4518-a7e3-7e4ff99e6a9f
telemetry.sdk.name: opentelemetry
telemetry.sdk.language: dotnet
telemetry.sdk.version: 1.9.0

info: Microsoft.AspNetCore.Http.Result.OkObjectResult[3]
      Writing value of type 'AgentTaskDetails' as Json.
Activity.TraceId:            491cba0adf38a171797681e41402e26c
Activity.SpanId:             569646fd3b6e7a79
Activity.TraceFlags:         Recorded
Activity.ActivitySourceName: Microsoft.AspNetCore
Activity.DisplayName:        GET /api/agent-tasks/{id:guid}
Activity.Kind:               Server
Activity.StartTime:          2025-09-20T11:49:03.2093090Z
Activity.Duration:           00:00:00.0007920
Activity.Tags:
    server.address: localhost
    url.query: ?includeTraces=Redacted
    http.request.method: GET
    url.scheme: http
    url.path: /api/agent-tasks/3b6a4631-4cb7-4789-8eac-b9178ffbfb32
    network.protocol.version: 1.1
    tenant: acme
    user: dev@example.com
    http.route: /api/agent-tasks/{id:guid}
    http.response.status_code: 200
Resource associated with Activity:
    service.name: Appostolic.Api
    service.instance.id: cfc7ce07-e6a4-4518-a7e3-7e4ff99e6a9f
    telemetry.sdk.name: opentelemetry
    telemetry.sdk.language: dotnet
    telemetry.sdk.version: 1.9.0

info: Microsoft.AspNetCore.Http.Result.OkObjectResult[1]
      Setting HTTP status code 200.
LogRecord.Timestamp:               2025-09-20T11:49:03.2107600Z
LogRecord.TraceId:                 0cf6af4ca00f3422f47f47e4329c1081
LogRecord.SpanId:                  d3e0caae5f971a10
LogRecord.TraceFlags:              Recorded
LogRecord.CategoryName:            Microsoft.AspNetCore.Http.Result.OkObjectResult
LogRecord.Severity:                Info
LogRecord.SeverityText:            Information
LogRecord.FormattedMessage:        Setting HTTP status code 200.
LogRecord.Body:                    Setting HTTP status code {StatusCode}.
LogRecord.Attributes (Key:Value):
    StatusCode: 200
    OriginalFormat (a.k.a Body): Setting HTTP status code {StatusCode}.
LogRecord.EventId:                 1
LogRecord.EventName:               WritingResultAsStatusCode

Resource associated with LogRecord:
service.name: Appostolic.Api
service.instance.id: cfc7ce07-e6a4-4518-a7e3-7e4ff99e6a9f
telemetry.sdk.name: opentelemetry
telemetry.sdk.language: dotnet
telemetry.sdk.version: 1.9.0

LogRecord.Timestamp:               2025-09-20T11:49:03.2108010Z
info: Microsoft.AspNetCore.Http.Result.OkObjectResult[3]
      Writing value of type 'AgentTaskDetails' as Json.
LogRecord.TraceId:                 0cf6af4ca00f3422f47f47e4329c1081
LogRecord.SpanId:                  d3e0caae5f971a10
LogRecord.TraceFlags:              Recorded
LogRecord.CategoryName:            Microsoft.AspNetCore.Http.Result.OkObjectResult
LogRecord.Severity:                Info
LogRecord.SeverityText:            Information
LogRecord.FormattedMessage:        Writing value of type 'AgentTaskDetails' as Json.
LogRecord.Body:                    Writing value of type '{Type}' as Json.
LogRecord.Attributes (Key:Value):
    Type: AgentTaskDetails
    OriginalFormat (a.k.a Body): Writing value of type '{Type}' as Json.
LogRecord.EventId:                 3
LogRecord.EventName:               WritingResultAsJson

Resource associated with LogRecord:
service.name: Appostolic.Api
service.instance.id: cfc7ce07-e6a4-4518-a7e3-7e4ff99e6a9f
telemetry.sdk.name: opentelemetry
telemetry.sdk.language: dotnet
telemetry.sdk.version: 1.9.0

Activity.TraceId:            0cf6af4ca00f3422f47f47e4329c1081
Activity.SpanId:             d3e0caae5f971a10
Activity.TraceFlags:         Recorded
Activity.ActivitySourceName: Microsoft.AspNetCore
Activity.DisplayName:        GET /api/agent-tasks/{id:guid}
Activity.Kind:               Server
Activity.StartTime:          2025-09-20T11:49:03.2103020Z
Activity.Duration:           00:00:00.0006330
Activity.Tags:
    server.address: localhost
    url.query: ?includeTraces=Redacted
    http.request.method: GET
    url.scheme: http
    url.path: /api/agent-tasks/3b6a4631-4cb7-4789-8eac-b9178ffbfb32
    network.protocol.version: 1.1
    tenant: acme
    user: dev@example.com
    http.route: /api/agent-tasks/{id:guid}
    http.response.status_code: 200
Resource associated with Activity:
    service.name: Appostolic.Api
    service.instance.id: cfc7ce07-e6a4-4518-a7e3-7e4ff99e6a9f
    telemetry.sdk.name: opentelemetry
    telemetry.sdk.language: dotnet
    telemetry.sdk.version: 1.9.0

LogRecord.Timestamp:               2025-09-20T11:49:03.2120680Z
info: Appostolic.Api.Application.Agents.Queue.AgentTaskWorker[0]
      AgentTaskWorker stopping. dequeued=3 inflight=False inflightTaskId=(null)
LogRecord.CategoryName:            Appostolic.Api.Application.Agents.Queue.AgentTaskWorker
LogRecord.Severity:                Info
LogRecord.SeverityText:            Information
LogRecord.FormattedMessage:        AgentTaskWorker stopping. dequeued=3 inflight=False inflightTaskId=(null)
LogRecord.Body:                    AgentTaskWorker stopping. dequeued={Count} inflight={HasInFlight} inflightTaskId={TaskId}
LogRecord.Attributes (Key:Value):
    Count: 3
    HasInFlight: false
    OriginalFormat (a.k.a Body): AgentTaskWorker stopping. dequeued={Count} inflight={HasInFlight} inflightTaskId={TaskId}

Resource associated with LogRecord:
service.name: Appostolic.Api
service.instance.id: cfc7ce07-e6a4-4518-a7e3-7e4ff99e6a9f
telemetry.sdk.name: opentelemetry
telemetry.sdk.language: dotnet
telemetry.sdk.version: 1.9.0

LogRecord.Timestamp:               2025-09-20T11:49:03.2130600Z
LogRecord.CategoryName:            Appostolic.Api.App.Notifications.NotificationDispatcherHostedService
LogRecord.Severity:                Info
LogRecord.SeverityText:            Information
LogRecord.FormattedMessage:        NotificationDispatcher stopping
LogRecord.Body:                    NotificationDispatcher stopping
LogRecord.Attributes (Key:Value):
    OriginalFormat (a.k.a Body): NotificationDispatcher stopping

Resource associated with LogRecord:
service.name: Appostolic.Api
service.instance.id: cfc7ce07-e6a4-4518-a7e3-7e4ff99e6a9f
telemetry.sdk.name: opentelemetry
telemetry.sdk.language: dotnet
telemetry.sdk.version: 1.9.0

info: Appostolic.Api.App.Notifications.NotificationDispatcherHostedService[0]
      NotificationDispatcher stopping
LogRecord.Timestamp:               2025-09-20T11:49:03.2135270Z
info: Appostolic.Api.App.Notifications.EmailDispatcherHostedService[0]
      EmailDispatcher stopping
LogRecord.CategoryName:            Appostolic.Api.App.Notifications.EmailDispatcherHostedService
LogRecord.Severity:                Info
LogRecord.SeverityText:            Information
LogRecord.FormattedMessage:        EmailDispatcher stopping
LogRecord.Body:                    EmailDispatcher stopping
LogRecord.Attributes (Key:Value):
    OriginalFormat (a.k.a Body): EmailDispatcher stopping

Resource associated with LogRecord:
service.name: Appostolic.Api
service.instance.id: cfc7ce07-e6a4-4518-a7e3-7e4ff99e6a9f
telemetry.sdk.name: opentelemetry
telemetry.sdk.language: dotnet
telemetry.sdk.version: 1.9.0

LogRecord.Timestamp:               2025-09-20T11:49:03.2136320Z
LogRecord.CategoryName:            Appostolic.Api.App.Notifications.NotificationsPurgeHostedService
LogRecord.Severity:                Info
LogRecord.SeverityText:            Information
LogRecord.FormattedMessage:        NotificationsPurge stopping
LogRecord.Body:                    NotificationsPurge stopping
LogRecord.Attributes (Key:Value):
    OriginalFormat (a.k.a Body): NotificationsPurge stopping

Resource associated with LogRecord:
service.name: Appostolic.Api
service.instance.id: cfc7ce07-e6a4-4518-a7e3-7e4ff99e6a9f
telemetry.sdk.name: opentelemetry
telemetry.sdk.language: dotnet
telemetry.sdk.version: 1.9.0

info: Appostolic.Api.App.Notifications.NotificationsPurgeHostedService[0]
      NotificationsPurge stopping
Resource associated with Metric:
    service.name: Appostolic.Api
    service.instance.id: cfc7ce07-e6a4-4518-a7e3-7e4ff99e6a9f
    telemetry.sdk.name: opentelemetry
    telemetry.sdk.language: dotnet
    telemetry.sdk.version: 1.9.0

Metric Name: process.runtime.dotnet.gc.collections.count, Number of garbage collections that have occurred since process start., Meter: OpenTelemetry.Instrumentation.Runtime/1.9.0
(2025-09-20T11:49:02.9437570Z, 2025-09-20T11:49:03.2141320Z] generation: gen2 LongSum
Value: 5
(2025-09-20T11:49:02.9437570Z, 2025-09-20T11:49:03.2141320Z] generation: gen1 LongSum
Value: 11
(2025-09-20T11:49:02.9437570Z, 2025-09-20T11:49:03.2141320Z] generation: gen0 LongSum
Value: 17

Metric Name: process.runtime.dotnet.gc.objects.size, Count of bytes currently in use by objects in the GC heap that haven't been collected yet. Fragmentation and other GC committed memory pools are excluded., Unit: bytes, Meter: OpenTelemetry.Instrumentation.Runtime/1.9.0
(2025-09-20T11:49:02.9437660Z, 2025-09-20T11:49:03.2141320Z] LongSumNonMonotonic
Value: 164180392

Metric Name: process.runtime.dotnet.gc.allocations.size, Count of bytes allocated on the managed GC heap since the process start. .NET objects are allocated from this heap. Object allocations from unmanaged languages such as C/C++ do not use this heap., Unit: bytes, Meter: OpenTelemetry.Instrumentation.Runtime/1.9.0
(2025-09-20T11:49:02.9437700Z, 2025-09-20T11:49:03.2141330Z] LongSum
Value: 673212400

Metric Name: process.runtime.dotnet.gc.committed_memory.size, The amount of committed virtual memory for the managed GC heap, as observed during the latest garbage collection. Committed virtual memory may be larger than the heap size because it includes both memory for storing existing objects (the heap size) and some extra memory that is ready to handle newly allocated objects in the future. The value will be unavailable until at least one garbage collection has occurred., Unit: bytes, Meter: OpenTelemetry.Instrumentation.Runtime/1.9.0
(2025-09-20T11:49:02.9437740Z, 2025-09-20T11:49:03.2141330Z] LongSumNonMonotonic
Value: 172441600

Metric Name: process.runtime.dotnet.gc.heap.size, The heap size (including fragmentation), as observed during the latest garbage collection. The value will be unavailable until at least one garbage collection has occurred., Unit: bytes, Meter: OpenTelemetry.Instrumentation.Runtime/1.9.0
(2025-09-20T11:49:02.9437800Z, 2025-09-20T11:49:03.2141330Z] generation: gen0 LongSumNonMonotonic
Value: 3449296
(2025-09-20T11:49:02.9437800Z, 2025-09-20T11:49:03.2141330Z] generation: gen1 LongSumNonMonotonic
Value: 8934696
(2025-09-20T11:49:02.9437800Z, 2025-09-20T11:49:03.2141330Z] generation: gen2 LongSumNonMonotonic
Value: 39098416
(2025-09-20T11:49:02.9437800Z, 2025-09-20T11:49:03.2141330Z] generation: loh LongSumNonMonotonic
Value: 117210112
(2025-09-20T11:49:02.9437800Z, 2025-09-20T11:49:03.2141330Z] generation: poh LongSumNonMonotonic
Value: 262784

Metric Name: process.runtime.dotnet.gc.heap.fragmentation.size, The heap fragmentation, as observed during the latest garbage collection. The value will be unavailable until at least one garbage collection has occurred., Unit: bytes, Meter: OpenTelemetry.Instrumentation.Runtime/1.9.0
(2025-09-20T11:49:02.9437860Z, 2025-09-20T11:49:03.2141330Z] generation: gen0 LongSumNonMonotonic
Value: 3449024
(2025-09-20T11:49:02.9437860Z, 2025-09-20T11:49:03.2141330Z] generation: gen1 LongSumNonMonotonic
Value: 121608
(2025-09-20T11:49:02.9437860Z, 2025-09-20T11:49:03.2141330Z] generation: gen2 LongSumNonMonotonic
Value: 456024
(2025-09-20T11:49:02.9437860Z, 2025-09-20T11:49:03.2141330Z] generation: loh LongSumNonMonotonic
Value: 50702200
(2025-09-20T11:49:02.9437860Z, 2025-09-20T11:49:03.2141330Z] generation: poh LongSumNonMonotonic
Value: 0

Metric Name: process.runtime.dotnet.gc.duration, The total amount of time paused in GC since the process start., Unit: ns, Meter: OpenTelemetry.Instrumentation.Runtime/1.9.0
(2025-09-20T11:49:02.9437900Z, 2025-09-20T11:49:03.2141330Z] LongSum
Value: 174931000

Metric Name: process.runtime.dotnet.jit.il_compiled.size, Count of bytes of intermediate language that have been compiled since the process start., Unit: bytes, Meter: OpenTelemetry.Instrumentation.Runtime/1.9.0
(2025-09-20T11:49:02.9437950Z, 2025-09-20T11:49:03.2141340Z] LongSum
Value: 2905477

Metric Name: process.runtime.dotnet.jit.methods_compiled.count, The number of times the JIT compiler compiled a method since the process start. The JIT compiler may be invoked multiple times for the same method to compile with different generic parameters, or because tiered compilation requested different optimization settings., Meter: OpenTelemetry.Instrumentation.Runtime/1.9.0
(2025-09-20T11:49:02.9438020Z, 2025-09-20T11:49:03.2141340Z] LongSum
Value: 36284

Metric Name: process.runtime.dotnet.jit.compilation_time, The amount of time the JIT compiler has spent compiling methods since the process start., Unit: ns, Meter: OpenTelemetry.Instrumentation.Runtime/1.9.0
(2025-09-20T11:49:02.9438060Z, 2025-09-20T11:49:03.2141340Z] LongSum
Value: 4105350700

Metric Name: process.runtime.dotnet.monitor.lock_contention.count, The number of times there was contention when trying to acquire a monitor lock since the process start. Monitor locks are commonly acquired by using the lock keyword in C#, or by calling Monitor.Enter() and Monitor.TryEnter()., Meter: OpenTelemetry.Instrumentation.Runtime/1.9.0
(2025-09-20T11:49:02.9438110Z, 2025-09-20T11:49:03.2141340Z] LongSum
Value: 30

Metric Name: process.runtime.dotnet.thread_pool.threads.count, The number of thread pool threads that currently exist., Meter: OpenTelemetry.Instrumentation.Runtime/1.9.0
(2025-09-20T11:49:02.9438160Z, 2025-09-20T11:49:03.2141340Z] LongSumNonMonotonic
Value: 7

Metric Name: process.runtime.dotnet.thread_pool.completed_items.count, The number of work items that have been processed by the thread pool since the process start., Meter: OpenTelemetry.Instrumentation.Runtime/1.9.0
(2025-09-20T11:49:02.9438220Z, 2025-09-20T11:49:03.2141340Z] LongSum
Value: 1403

Metric Name: process.runtime.dotnet.thread_pool.queue.length, The number of work items that are currently queued to be processed by the thread pool., Meter: OpenTelemetry.Instrumentation.Runtime/1.9.0
(2025-09-20T11:49:02.9438260Z, 2025-09-20T11:49:03.2141340Z] LongSumNonMonotonic
Value: 0

Metric Name: process.runtime.dotnet.timer.count, The number of timer instances that are currently active. Timers can be created by many sources such as System.Threading.Timer, Task.Delay, or the timeout in a CancellationSource. An active timer is registered to tick at some point in the future and has not yet been canceled., Meter: OpenTelemetry.Instrumentation.Runtime/1.9.0
(2025-09-20T11:49:02.9438330Z, 2025-09-20T11:49:03.2141350Z] LongSumNonMonotonic
Value: 7

Metric Name: process.runtime.dotnet.assemblies.count, The number of .NET assemblies that are currently loaded., Meter: OpenTelemetry.Instrumentation.Runtime/1.9.0
(2025-09-20T11:49:02.9438380Z, 2025-09-20T11:49:03.2141350Z] LongSumNonMonotonic
Value: 206

Metric Name: process.runtime.dotnet.exceptions.count, Count of exceptions that have been thrown in managed code, since the observation started. The value will be unavailable until an exception has been thrown after OpenTelemetry.Instrumentation.Runtime initialization., Meter: OpenTelemetry.Instrumentation.Runtime/1.9.0
(2025-09-20T11:49:02.9438420Z, 2025-09-20T11:49:03.2141350Z] LongSum
Value: 4

Metric Name: agent.tasks.created, Count of agent tasks created., Unit: {task}, Meter: Appostolic.Metrics
(2025-09-20T11:49:02.9438460Z, 2025-09-20T11:49:03.2141350Z] agent.id: 11111111-1111-1111-1111-111111111111 tenant: acme LongSum
Value: 3

Metric Name: agent.tasks.completed, Count of agent tasks completed by status., Unit: {task}, Meter: Appostolic.Metrics
(2025-09-20T11:49:02.9438520Z, 2025-09-20T11:49:03.2141350Z] status: Succeeded LongSum
Value: 3

Metric Name: agent.task.duration, End-to-end task duration from CreatedAt to FinishedAt., Unit: ms, Meter: Appostolic.Metrics
(2025-09-20T11:49:02.9438920Z, 2025-09-20T11:49:03.2141370Z] status: Succeeded Histogram
Value: Sum: 32 Count: 3 Min: 2 Max: 27 
(-Infinity,0]:0
(0,5]:2
(5,10]:0
(10,25]:0
(25,50]:1
(50,75]:0
(75,100]:0
(100,250]:0
(250,500]:0
(500,750]:0
(750,1000]:0
(1000,2500]:0
(2500,5000]:0
(5000,7500]:0
(7500,10000]:0
(10000,+Infinity]:0


Metric Name: agent.model.tokens, Total tokens used by model decisions (prompt + completion)., Unit: {token}, Meter: Appostolic.Metrics
(2025-09-20T11:49:02.9439270Z, 2025-09-20T11:49:03.2141370Z] agentId: 11111111-1111-1111-1111-111111111111 model: gpt-4o-mini LongSum
Value: 744

Metric Name: agent.tool.duration, Duration of tool invocations., Unit: ms, Meter: Appostolic.Metrics
(2025-09-20T11:49:02.9439400Z, 2025-09-20T11:49:03.2141380Z] tool: web.search Histogram
Value: Sum: 1 Count: 3 Min: 0 Max: 1 
(-Infinity,0]:2
(0,5]:1
(5,10]:0
(10,25]:0
(25,50]:0
(50,75]:0
(75,100]:0
(100,250]:0
(250,500]:0
(500,750]:0
(750,1000]:0
(1000,2500]:0
(2500,5000]:0
(5000,7500]:0
(7500,10000]:0
(10000,+Infinity]:0


Metric Name: http.server.active_requests, Number of active HTTP server requests., Unit: {request}, Meter: Microsoft.AspNetCore.Hosting
(2025-09-20T11:49:02.9441390Z, 2025-09-20T11:49:03.2141410Z] http.request.method: POST url.scheme: http LongSumNonMonotonic
Value: 0
(2025-09-20T11:49:02.9441390Z, 2025-09-20T11:49:03.2141410Z] http.request.method: GET url.scheme: http LongSumNonMonotonic
Value: 0

Metric Name: http.server.request.duration, Duration of HTTP server requests., Unit: s, Meter: Microsoft.AspNetCore.Hosting
(2025-09-20T11:49:02.9441540Z, 2025-09-20T11:49:03.2141430Z] http.request.method: POST http.response.status_code: 201 http.route: /api/agent-tasks/ network.protocol.version: 1.1 url.scheme: http Histogram
Value: Sum: 0.0897013 Count: 3 Min: 0.004926 Max: 0.0554194 
(-Infinity,0.005]:1
(0.005,0.01]:0
(0.01,0.025]:0
(0.025,0.05]:1
(0.05,0.075]:1
(0.075,0.1]:0
(0.1,0.25]:0
(0.25,0.5]:0
(0.5,0.75]:0
(0.75,1]:0
(1,2.5]:0
(2.5,5]:0
(5,7.5]:0
(7.5,10]:0
(10,+Infinity]:0

(2025-09-20T11:49:02.9441540Z, 2025-09-20T11:49:03.2141430Z] http.request.method: POST http.response.status_code: 202 http.route: /api/agent-tasks/{id:guid}/cancel network.protocol.version: 1.1 url.scheme: http Histogram
Value: Sum: 0.0104376 Count: 1 Min: 0.0104376 Max: 0.0104376 
(-Infinity,0.005]:0
(0.005,0.01]:0
(0.01,0.025]:1
(0.025,0.05]:0
(0.05,0.075]:0
(0.075,0.1]:0
(0.1,0.25]:0
(0.25,0.5]:0
(0.5,0.75]:0
(0.75,1]:0
(1,2.5]:0
(2.5,5]:0
(5,7.5]:0
(7.5,10]:0
(10,+Infinity]:0

(2025-09-20T11:49:02.9441540Z, 2025-09-20T11:49:03.2141430Z] http.request.method: GET http.response.status_code: 200 http.route: /api/agent-tasks/{id:guid} network.protocol.version: 1.1 url.scheme: http Histogram
Value: Sum: 0.0155697 Count: 5 Min: 0.0006332 Max: 0.011733 
(-Infinity,0.005]:4
(0.005,0.01]:0
(0.01,0.025]:1
(0.025,0.05]:0
(0.05,0.075]:0
(0.075,0.1]:0
(0.1,0.25]:0
(0.25,0.5]:0
(0.5,0.75]:0
(0.75,1]:0
(1,2.5]:0
(2.5,5]:0
(5,7.5]:0
(7.5,10]:0
(10,+Infinity]:0

(2025-09-20T11:49:02.9441540Z, 2025-09-20T11:49:03.2141430Z] http.request.method: POST http.response.status_code: 409 http.route: /api/agent-tasks/{id:guid}/cancel network.protocol.version: 1.1 url.scheme: http Histogram
Value: Sum: 0.0014289 Count: 1 Min: 0.0014289 Max: 0.0014289 
(-Infinity,0.005]:1
(0.005,0.01]:0
(0.01,0.025]:0
(0.025,0.05]:0
(0.05,0.075]:0
(0.075,0.1]:0
(0.1,0.25]:0
(0.25,0.5]:0
(0.5,0.75]:0
(0.75,1]:0
(1,2.5]:0
(2.5,5]:0
(5,7.5]:0
(7.5,10]:0
(10,+Infinity]:0

(2025-09-20T11:49:02.9441540Z, 2025-09-20T11:49:03.2141430Z] http.request.method: POST http.response.status_code: 201 http.route: /api/agent-tasks/{id:guid}/retry network.protocol.version: 1.1 url.scheme: http Histogram
Value: Sum: 0.0057488 Count: 1 Min: 0.0057488 Max: 0.0057488 
(-Infinity,0.005]:0
(0.005,0.01]:1
(0.01,0.025]:0
(0.025,0.05]:0
(0.05,0.075]:0
(0.075,0.1]:0
(0.1,0.25]:0
(0.25,0.5]:0
(0.5,0.75]:0
(0.75,1]:0
(1,2.5]:0
(2.5,5]:0
(5,7.5]:0
(7.5,10]:0
(10,+Infinity]:0


Metric Name: aspnetcore.routing.match_attempts, Number of requests that were attempted to be matched to an endpoint., Unit: {match_attempt}, Meter: Microsoft.AspNetCore.Routing
(2025-09-20T11:49:03.0647880Z, 2025-09-20T11:49:03.2141440Z] aspnetcore.routing.is_fallback: false aspnetcore.routing.match_status: success http.route: /api/agent-tasks/ LongSum
Value: 3
(2025-09-20T11:49:03.0647880Z, 2025-09-20T11:49:03.2141440Z] aspnetcore.routing.is_fallback: false aspnetcore.routing.match_status: success http.route: /api/agent-tasks/{id:guid}/cancel LongSum
Value: 2
(2025-09-20T11:49:03.0647880Z, 2025-09-20T11:49:03.2141440Z] aspnetcore.routing.is_fallback: false aspnetcore.routing.match_status: success http.route: /api/agent-tasks/{id:guid} LongSum
Value: 5
(2025-09-20T11:49:03.0647880Z, 2025-09-20T11:49:03.2141440Z] aspnetcore.routing.is_fallback: false aspnetcore.routing.match_status: success http.route: /api/agent-tasks/{id:guid}/retry LongSum
Value: 1
[Startup] Warning: failed to ensure app.notification_dedupes exists: Relational-specific methods can only be used when the context is using a relational database provider.
info: Endpoints.V1[0]
      [MapV1Endpoints] Environment='Development' IsDevelopment=True
LogRecord.Timestamp:               2025-09-20T11:49:03.2877170Z
LogRecord.CategoryName:            Endpoints.V1
LogRecord.Severity:                Info
LogRecord.SeverityText:            Information
LogRecord.FormattedMessage:        [MapV1Endpoints] Environment='Development' IsDevelopment=True
LogRecord.Body:                    [MapV1Endpoints] Environment='{Env}' IsDevelopment={IsDev}
LogRecord.Attributes (Key:Value):
    Env: Development
    IsDev: true
    OriginalFormat (a.k.a Body): [MapV1Endpoints] Environment='{Env}' IsDevelopment={IsDev}

Resource associated with LogRecord:
service.name: Appostolic.Api
service.instance.id: cfc7ce07-e6a4-4518-a7e3-7e4ff99e6a9f
telemetry.sdk.name: opentelemetry
telemetry.sdk.language: dotnet
telemetry.sdk.version: 1.9.0

LogRecord.Timestamp:               2025-09-20T11:49:03.2882910Z
info: Microsoft.AspNetCore.DataProtection.KeyManagement.XmlKeyManager[62]
      User profile is available. Using '/Users/kevinmccreary/.aspnet/DataProtection-Keys' as key repository; keys will not be encrypted at rest.
LogRecord.CategoryName:            Microsoft.AspNetCore.DataProtection.KeyManagement.XmlKeyManager
LogRecord.Severity:                Info
LogRecord.SeverityText:            Information
LogRecord.FormattedMessage:        User profile is available. Using '/Users/kevinmccreary/.aspnet/DataProtection-Keys' as key repository; keys will not be encrypted at rest.
LogRecord.Body:                    User profile is available. Using '{FullName}' as key repository; keys will not be encrypted at rest.
LogRecord.Attributes (Key:Value):
    FullName: /Users/kevinmccreary/.aspnet/DataProtection-Keys
    OriginalFormat (a.k.a Body): User profile is available. Using '{FullName}' as key repository; keys will not be encrypted at rest.
LogRecord.EventId:                 62
LogRecord.EventName:               UsingProfileAsKeyRepository

Resource associated with LogRecord:
service.name: Appostolic.Api
service.instance.id: cfc7ce07-e6a4-4518-a7e3-7e4ff99e6a9f
telemetry.sdk.name: opentelemetry
telemetry.sdk.language: dotnet
telemetry.sdk.version: 1.9.0

info: Appostolic.Api.App.Notifications.AutoResendHostedService[0]
      AutoResend is disabled by configuration
LogRecord.Timestamp:               2025-09-20T11:49:03.2895250Z
LogRecord.CategoryName:            Appostolic.Api.App.Notifications.AutoResendHostedService
LogRecord.Severity:                Info
LogRecord.SeverityText:            Information
LogRecord.FormattedMessage:        AutoResend is disabled by configuration
LogRecord.Body:                    AutoResend is disabled by configuration
LogRecord.Attributes (Key:Value):
    OriginalFormat (a.k.a Body): AutoResend is disabled by configuration

Resource associated with LogRecord:
service.name: Appostolic.Api
service.instance.id: cfc7ce07-e6a4-4518-a7e3-7e4ff99e6a9f
telemetry.sdk.name: opentelemetry
telemetry.sdk.language: dotnet
telemetry.sdk.version: 1.9.0

LogRecord.Timestamp:               2025-09-20T11:49:03.4122340Z
info: Microsoft.AspNetCore.Http.Result.OkObjectResult[1]
      Setting HTTP status code 200.
LogRecord.TraceId:                 0449f642c58e77ca23efcb712198635e
LogRecord.SpanId:                  3d0d069e2b5e917b
LogRecord.TraceFlags:              Recorded
LogRecord.CategoryName:            Microsoft.AspNetCore.Http.Result.OkObjectResult
LogRecord.Severity:                Info
LogRecord.SeverityText:            Information
LogRecord.FormattedMessage:        Setting HTTP status code 200.
LogRecord.Body:                    Setting HTTP status code {StatusCode}.
LogRecord.Attributes (Key:Value):
    StatusCode: 200
    OriginalFormat (a.k.a Body): Setting HTTP status code {StatusCode}.
LogRecord.EventId:                 1
LogRecord.EventName:               WritingResultAsStatusCode

Resource associated with LogRecord:
service.name: Appostolic.Api
service.instance.id: cfc7ce07-e6a4-4518-a7e3-7e4ff99e6a9f
telemetry.sdk.name: opentelemetry
telemetry.sdk.language: dotnet
telemetry.sdk.version: 1.9.0

LogRecord.Timestamp:               2025-09-20T11:49:03.4132040Z
info: Microsoft.AspNetCore.Http.Result.OkObjectResult[3]
      Writing value of type 'ReplayDlqResult' as Json.
LogRecord.TraceId:                 0449f642c58e77ca23efcb712198635e
LogRecord.SpanId:                  3d0d069e2b5e917b
LogRecord.TraceFlags:              Recorded
LogRecord.CategoryName:            Microsoft.AspNetCore.Http.Result.OkObjectResult
LogRecord.Severity:                Info
LogRecord.SeverityText:            Information
LogRecord.FormattedMessage:        Writing value of type 'ReplayDlqResult' as Json.
LogRecord.Body:                    Writing value of type '{Type}' as Json.
LogRecord.Attributes (Key:Value):
    Type: ReplayDlqResult
    OriginalFormat (a.k.a Body): Writing value of type '{Type}' as Json.
LogRecord.EventId:                 3
LogRecord.EventName:               WritingResultAsJson

Resource associated with LogRecord:
service.name: Appostolic.Api
service.instance.id: cfc7ce07-e6a4-4518-a7e3-7e4ff99e6a9f
telemetry.sdk.name: opentelemetry
telemetry.sdk.language: dotnet
telemetry.sdk.version: 1.9.0

Activity.TraceId:            0449f642c58e77ca23efcb712198635e
Activity.SpanId:             3d0d069e2b5e917b
Activity.TraceFlags:         Recorded
Activity.ActivitySourceName: Microsoft.AspNetCore
Activity.DisplayName:        POST /api/notifications/dlq/replay
Activity.Kind:               Server
Activity.StartTime:          2025-09-20T11:49:03.3419390Z
Activity.Duration:           00:00:00.0729470
Activity.Tags:
    server.address: localhost
    http.request.method: POST
    url.scheme: http
    url.path: /api/notifications/dlq/replay
    network.protocol.version: 1.1
    tenant: kevin-personal
    user: kevin@example.com
    http.route: /api/notifications/dlq/replay
    http.response.status_code: 200
Resource associated with Activity:
    service.name: Appostolic.Api
    service.instance.id: cfc7ce07-e6a4-4518-a7e3-7e4ff99e6a9f
    telemetry.sdk.name: opentelemetry
    telemetry.sdk.language: dotnet
    telemetry.sdk.version: 1.9.0

Resource associated with Metric:
    service.name: Appostolic.Api
    service.instance.id: cfc7ce07-e6a4-4518-a7e3-7e4ff99e6a9f
    telemetry.sdk.name: opentelemetry
    telemetry.sdk.language: dotnet
    telemetry.sdk.version: 1.9.0

Metric Name: process.runtime.dotnet.gc.collections.count, Number of garbage collections that have occurred since process start., Meter: OpenTelemetry.Instrumentation.Runtime/1.9.0
(2025-09-20T11:49:03.2888330Z, 2025-09-20T11:49:03.4196720Z] generation: gen2 LongSum
Value: 6
(2025-09-20T11:49:03.2888330Z, 2025-09-20T11:49:03.4196720Z] generation: gen1 LongSum
Value: 12
(2025-09-20T11:49:03.2888330Z, 2025-09-20T11:49:03.4196720Z] generation: gen0 LongSum
Value: 17

Metric Name: process.runtime.dotnet.gc.objects.size, Count of bytes currently in use by objects in the GC heap that haven't been collected yet. Fragmentation and other GC committed memory pools are excluded., Unit: bytes, Meter: OpenTelemetry.Instrumentation.Runtime/1.9.0
(2025-09-20T11:49:03.2888410Z, 2025-09-20T11:49:03.4196720Z] LongSumNonMonotonic
Value: 179301696

Metric Name: process.runtime.dotnet.gc.allocations.size, Count of bytes allocated on the managed GC heap since the process start. .NET objects are allocated from this heap. Object allocations from unmanaged languages such as C/C++ do not use this heap., Unit: bytes, Meter: OpenTelemetry.Instrumentation.Runtime/1.9.0
(2025-09-20T11:49:03.2888460Z, 2025-09-20T11:49:03.4196720Z] LongSum
Value: 686742424

Metric Name: process.runtime.dotnet.gc.committed_memory.size, The amount of committed virtual memory for the managed GC heap, as observed during the latest garbage collection. Committed virtual memory may be larger than the heap size because it includes both memory for storing existing objects (the heap size) and some extra memory that is ready to handle newly allocated objects in the future. The value will be unavailable until at least one garbage collection has occurred., Unit: bytes, Meter: OpenTelemetry.Instrumentation.Runtime/1.9.0
(2025-09-20T11:49:03.2888500Z, 2025-09-20T11:49:03.4196720Z] LongSumNonMonotonic
Value: 174538752

Metric Name: process.runtime.dotnet.gc.heap.size, The heap size (including fragmentation), as observed during the latest garbage collection. The value will be unavailable until at least one garbage collection has occurred., Unit: bytes, Meter: OpenTelemetry.Instrumentation.Runtime/1.9.0
(2025-09-20T11:49:03.2888550Z, 2025-09-20T11:49:03.4196730Z] generation: gen0 LongSumNonMonotonic
Value: 24
(2025-09-20T11:49:03.2888550Z, 2025-09-20T11:49:03.4196730Z] generation: gen1 LongSumNonMonotonic
Value: 8395768
(2025-09-20T11:49:03.2888550Z, 2025-09-20T11:49:03.4196730Z] generation: gen2 LongSumNonMonotonic
Value: 48032680
(2025-09-20T11:49:03.2888550Z, 2025-09-20T11:49:03.4196730Z] generation: loh LongSumNonMonotonic
Value: 117210112
(2025-09-20T11:49:03.2888550Z, 2025-09-20T11:49:03.4196730Z] generation: poh LongSumNonMonotonic
Value: 262784

Metric Name: process.runtime.dotnet.gc.heap.fragmentation.size, The heap fragmentation, as observed during the latest garbage collection. The value will be unavailable until at least one garbage collection has occurred., Unit: bytes, Meter: OpenTelemetry.Instrumentation.Runtime/1.9.0
(2025-09-20T11:49:03.2888590Z, 2025-09-20T11:49:03.4196730Z] generation: gen0 LongSumNonMonotonic
Value: 0
(2025-09-20T11:49:03.2888590Z, 2025-09-20T11:49:03.4196730Z] generation: gen1 LongSumNonMonotonic
Value: 6433712
(2025-09-20T11:49:03.2888590Z, 2025-09-20T11:49:03.4196730Z] generation: gen2 LongSumNonMonotonic
Value: 1064568
(2025-09-20T11:49:03.2888590Z, 2025-09-20T11:49:03.4196730Z] generation: loh LongSumNonMonotonic
Value: 45551368
(2025-09-20T11:49:03.2888590Z, 2025-09-20T11:49:03.4196730Z] generation: poh LongSumNonMonotonic
Value: 0

Metric Name: process.runtime.dotnet.gc.duration, The total amount of time paused in GC since the process start., Unit: ns, Meter: OpenTelemetry.Instrumentation.Runtime/1.9.0
(2025-09-20T11:49:03.2888620Z, 2025-09-20T11:49:03.4196730Z] LongSum
Value: 181894000

Metric Name: process.runtime.dotnet.jit.il_compiled.size, Count of bytes of intermediate language that have been compiled since the process start., Unit: bytes, Meter: OpenTelemetry.Instrumentation.Runtime/1.9.0
(2025-09-20T11:49:03.2888660Z, 2025-09-20T11:49:03.4196730Z] LongSum
Value: 2943520

Metric Name: process.runtime.dotnet.jit.methods_compiled.count, The number of times the JIT compiler compiled a method since the process start. The JIT compiler may be invoked multiple times for the same method to compile with different generic parameters, or because tiered compilation requested different optimization settings., Meter: OpenTelemetry.Instrumentation.Runtime/1.9.0
(2025-09-20T11:49:03.2888710Z, 2025-09-20T11:49:03.4196730Z] LongSum
Value: 36640

Metric Name: process.runtime.dotnet.jit.compilation_time, The amount of time the JIT compiler has spent compiling methods since the process start., Unit: ns, Meter: OpenTelemetry.Instrumentation.Runtime/1.9.0
(2025-09-20T11:49:03.2888750Z, 2025-09-20T11:49:03.4196730Z] LongSum
Value: 4197254100

Metric Name: process.runtime.dotnet.monitor.lock_contention.count, The number of times there was contention when trying to acquire a monitor lock since the process start. Monitor locks are commonly acquired by using the lock keyword in C#, or by calling Monitor.Enter() and Monitor.TryEnter()., Meter: OpenTelemetry.Instrumentation.Runtime/1.9.0
(2025-09-20T11:49:03.2888790Z, 2025-09-20T11:49:03.4196740Z] LongSum
Value: 34

Metric Name: process.runtime.dotnet.thread_pool.threads.count, The number of thread pool threads that currently exist., Meter: OpenTelemetry.Instrumentation.Runtime/1.9.0
(2025-09-20T11:49:03.2888830Z, 2025-09-20T11:49:03.4196740Z] LongSumNonMonotonic
Value: 7

Metric Name: process.runtime.dotnet.thread_pool.completed_items.count, The number of work items that have been processed by the thread pool since the process start., Meter: OpenTelemetry.Instrumentation.Runtime/1.9.0
(2025-09-20T11:49:03.2888860Z, 2025-09-20T11:49:03.4196740Z] LongSum
Value: 1419

Metric Name: process.runtime.dotnet.thread_pool.queue.length, The number of work items that are currently queued to be processed by the thread pool., Meter: OpenTelemetry.Instrumentation.Runtime/1.9.0
(2025-09-20T11:49:03.2888900Z, 2025-09-20T11:49:03.4196740Z] LongSumNonMonotonic
Value: 0

Metric Name: process.runtime.dotnet.timer.count, The number of timer instances that are currently active. Timers can be created by many sources such as System.Threading.Timer, Task.Delay, or the timeout in a CancellationSource. An active timer is registered to tick at some point in the future and has not yet been canceled., Meter: OpenTelemetry.Instrumentation.Runtime/1.9.0
(2025-09-20T11:49:03.2888940Z, 2025-09-20T11:49:03.4196740Z] LongSumNonMonotonic
Value: 6

Metric Name: process.runtime.dotnet.assemblies.count, The number of .NET assemblies that are currently loaded., Meter: OpenTelemetry.Instrumentation.Runtime/1.9.0
(2025-09-20T11:49:03.2888980Z, 2025-09-20T11:49:03.4196740Z] LongSumNonMonotonic
Value: 206

Metric Name: http.server.active_requests, Number of active HTTP server requests., Unit: {request}, Meter: Microsoft.AspNetCore.Hosting
(2025-09-20T11:49:03.2889580Z, 2025-09-20T11:49:03.4196780Z] http.request.method: POST url.scheme: http LongSumNonMonotonic
Value: 0

Metric Name: http.server.request.duration, Duration of HTTP server requests., Unit: s, Meter: Microsoft.AspNetCore.Hosting
(2025-09-20T11:49:03.2889630Z, 2025-09-20T11:49:03.4196800Z] http.request.method: POST http.response.status_code: 200 http.route: /api/notifications/dlq/replay network.protocol.version: 1.1 url.scheme: http Histogram
Value: Sum: 0.0729098 Count: 1 Min: 0.0729098 Max: 0.0729098 
(-Infinity,0.005]:0
(0.005,0.01]:0
(0.01,0.025]:0
(0.025,0.05]:0
(0.05,0.075]:1
(0.075,0.1]:0
(0.1,0.25]:0
(0.25,0.5]:0
(0.5,0.75]:0
(0.75,1]:0
(1,2.5]:0
(2.5,5]:0
(5,7.5]:0
(7.5,10]:0
(10,+Infinity]:0


Metric Name: aspnetcore.routing.match_attempts, Number of requests that were attempted to be matched to an endpoint., Unit: {match_attempt}, Meter: Microsoft.AspNetCore.Routing
(2025-09-20T11:49:03.3381590Z, 2025-09-20T11:49:03.4196800Z] aspnetcore.routing.is_fallback: false aspnetcore.routing.match_status: success http.route: /api/notifications/dlq/replay LongSum
Value: 1
[Startup] Warning: failed to ensure app.notification_dedupes exists: Relational-specific methods can only be used when the context is using a relational database provider.
LogRecord.Timestamp:               2025-09-20T11:49:03.5005840Z
LogRecord.CategoryName:            Endpoints.V1
info: Endpoints.V1[0]
      [MapV1Endpoints] Environment='Development' IsDevelopment=True
LogRecord.Severity:                Info
LogRecord.SeverityText:            Information
LogRecord.FormattedMessage:        [MapV1Endpoints] Environment='Development' IsDevelopment=True
LogRecord.Body:                    [MapV1Endpoints] Environment='{Env}' IsDevelopment={IsDev}
LogRecord.Attributes (Key:Value):
    Env: Development
    IsDev: true
    OriginalFormat (a.k.a Body): [MapV1Endpoints] Environment='{Env}' IsDevelopment={IsDev}

Resource associated with LogRecord:
service.name: Appostolic.Api
service.instance.id: cfc7ce07-e6a4-4518-a7e3-7e4ff99e6a9f
telemetry.sdk.name: opentelemetry
telemetry.sdk.language: dotnet
telemetry.sdk.version: 1.9.0

info: Microsoft.AspNetCore.DataProtection.KeyManagement.XmlKeyManager[62]
      User profile is available. Using '/Users/kevinmccreary/.aspnet/DataProtection-Keys' as key repository; keys will not be encrypted at rest.
LogRecord.Timestamp:               2025-09-20T11:49:03.5047030Z
LogRecord.CategoryName:            Microsoft.AspNetCore.DataProtection.KeyManagement.XmlKeyManager
LogRecord.Severity:                Info
LogRecord.SeverityText:            Information
LogRecord.FormattedMessage:        User profile is available. Using '/Users/kevinmccreary/.aspnet/DataProtection-Keys' as key repository; keys will not be encrypted at rest.
LogRecord.Body:                    User profile is available. Using '{FullName}' as key repository; keys will not be encrypted at rest.
LogRecord.Attributes (Key:Value):
    FullName: /Users/kevinmccreary/.aspnet/DataProtection-Keys
    OriginalFormat (a.k.a Body): User profile is available. Using '{FullName}' as key repository; keys will not be encrypted at rest.
LogRecord.EventId:                 62
LogRecord.EventName:               UsingProfileAsKeyRepository

Resource associated with LogRecord:
service.name: Appostolic.Api
service.instance.id: cfc7ce07-e6a4-4518-a7e3-7e4ff99e6a9f
telemetry.sdk.name: opentelemetry
telemetry.sdk.language: dotnet
telemetry.sdk.version: 1.9.0

info: Appostolic.Api.App.Notifications.AutoResendHostedService[0]
      AutoResend is disabled by configuration
LogRecord.Timestamp:               2025-09-20T11:49:03.5089110Z
LogRecord.CategoryName:            Appostolic.Api.App.Notifications.AutoResendHostedService
LogRecord.Severity:                Info
LogRecord.SeverityText:            Information
LogRecord.FormattedMessage:        AutoResend is disabled by configuration
LogRecord.Body:                    AutoResend is disabled by configuration
LogRecord.Attributes (Key:Value):
    OriginalFormat (a.k.a Body): AutoResend is disabled by configuration

Resource associated with LogRecord:
service.name: Appostolic.Api
service.instance.id: cfc7ce07-e6a4-4518-a7e3-7e4ff99e6a9f
telemetry.sdk.name: opentelemetry
telemetry.sdk.language: dotnet
telemetry.sdk.version: 1.9.0

LogRecord.Timestamp:               2025-09-20T11:49:03.6742870Z
LogRecord.TraceId:                 ed6b05dd8e75c1d8aa5440b94312ad81
LogRecord.SpanId:                  b74f105e6c1da5f0
LogRecord.TraceFlags:              Recorded
LogRecord.CategoryName:            Microsoft.AspNetCore.Http.Result.CreatedResult
LogRecord.Severity:                Info
LogRecord.SeverityText:            Information
LogRecord.FormattedMessage:        Setting HTTP status code 201.
LogRecord.Body:                    Setting HTTP status code {StatusCode}.
LogRecord.Attributes (Key:Value):
    StatusCode: 201
    OriginalFormat (a.k.a Body): Setting HTTP status code {StatusCode}.
LogRecord.EventId:                 1
LogRecord.EventName:               WritingResultAsStatusCode

Resource associated with LogRecord:
service.name: Appostolic.Api
service.instance.id: cfc7ce07-e6a4-4518-a7e3-7e4ff99e6a9f
telemetry.sdk.name: opentelemetry
telemetry.sdk.language: dotnet
telemetry.sdk.version: 1.9.0

LogRecord.Timestamp:               2025-09-20T11:49:03.6747890Z
LogRecord.TraceId:                 ed6b05dd8e75c1d8aa5440b94312ad81
LogRecord.SpanId:                  b74f105e6c1da5f0
LogRecord.TraceFlags:              Recorded
LogRecord.CategoryName:            Microsoft.AspNetCore.Http.Result.CreatedResult
LogRecord.Severity:                Info
LogRecord.SeverityText:            Information
LogRecord.FormattedMessage:        Writing value of type '<>f__AnonymousType11`1' as Json.
LogRecord.Body:                    Writing value of type '{Type}' as Json.
LogRecord.Attributes (Key:Value):
    Type: <>f__AnonymousType11`1
    OriginalFormat (a.k.a Body): Writing value of type '{Type}' as Json.
LogRecord.EventId:                 3
LogRecord.EventName:               WritingResultAsJson

Resource associated with LogRecord:
service.name: Appostolic.Api
service.instance.id: cfc7ce07-e6a4-4518-a7e3-7e4ff99e6a9f
telemetry.sdk.name: opentelemetry
telemetry.sdk.language: dotnet
telemetry.sdk.version: 1.9.0

info: Microsoft.AspNetCore.Http.Result.CreatedResult[1]
      Setting HTTP status code 201.
info: Microsoft.AspNetCore.Http.Result.CreatedResult[3]
      Writing value of type '<>f__AnonymousType11`1' as Json.
Activity.TraceId:            ed6b05dd8e75c1d8aa5440b94312ad81
Activity.SpanId:             b74f105e6c1da5f0
Activity.TraceFlags:         Recorded
Activity.ActivitySourceName: Microsoft.AspNetCore
Activity.DisplayName:        POST /api/dev/notifications/{id:guid}/resend
Activity.Kind:               Server
Activity.StartTime:          2025-09-20T11:49:03.6022150Z
Activity.Duration:           00:00:00.0737650
Activity.Tags:
    server.address: localhost
    http.request.method: POST
    url.scheme: http
    url.path: /api/dev/notifications/4acbb5e4-290c-48b1-b858-94bdc61f89be/resend
    network.protocol.version: 1.1
    tenant: kevin-personal
    user: kevin@example.com
    http.route: /api/dev/notifications/{id:guid}/resend
    http.response.status_code: 201
Resource associated with Activity:
    service.name: Appostolic.Api
    service.instance.id: cfc7ce07-e6a4-4518-a7e3-7e4ff99e6a9f
    telemetry.sdk.name: opentelemetry
    telemetry.sdk.language: dotnet
    telemetry.sdk.version: 1.9.0

LogRecord.Timestamp:               2025-09-20T11:49:03.6812660Z
LogRecord.TraceId:                 6853966fcebdab942ac26803b239988c
LogRecord.SpanId:                  bf5ef3798a51a861
LogRecord.TraceFlags:              Recorded
LogRecord.CategoryName:            Microsoft.AspNetCore.Http.Result.StatusCodeResult
LogRecord.Severity:                Info
LogRecord.SeverityText:            Information
LogRecord.FormattedMessage:        Setting HTTP status code 429.
LogRecord.Body:                    Setting HTTP status code {StatusCode}.
LogRecord.Attributes (Key:Value):
    StatusCode: 429
    OriginalFormat (a.k.a Body): Setting HTTP status code {StatusCode}.
LogRecord.EventId:                 1
LogRecord.EventName:               WritingResultAsStatusCode

Resource associated with LogRecord:
service.name: Appostolic.Api
service.instance.id: cfc7ce07-e6a4-4518-a7e3-7e4ff99e6a9f
telemetry.sdk.name: opentelemetry
telemetry.sdk.language: dotnet
telemetry.sdk.version: 1.9.0

Activity.TraceId:            6853966fcebdab942ac26803b239988c
Activity.SpanId:             bf5ef3798a51a861
Activity.TraceFlags:         Recorded
Activity.ActivitySourceName: Microsoft.AspNetCore
Activity.DisplayName:        POST /api/dev/notifications/{id:guid}/resend
Activity.Kind:               Server
Activity.StartTime:          2025-09-20T11:49:03.6774720Z
Activity.Duration:           00:00:00.0038690
Activity.Tags:
    server.address: localhost
    http.request.method: POST
    url.scheme: http
    url.path: /api/dev/notifications/4acbb5e4-290c-48b1-b858-94bdc61f89be/resend
    network.protocol.version: 1.1
    tenant: kevin-personal
    user: kevin@example.com
    http.route: /api/dev/notifications/{id:guid}/resend
    http.response.status_code: 429
Resource associated with Activity:
    service.name: Appostolic.Api
    service.instance.id: cfc7ce07-e6a4-4518-a7e3-7e4ff99e6a9f
    telemetry.sdk.name: opentelemetry
    telemetry.sdk.language: dotnet
    telemetry.sdk.version: 1.9.0

info: Microsoft.AspNetCore.Http.Result.StatusCodeResult[1]
      Setting HTTP status code 429.
Resource associated with Metric:
    service.name: Appostolic.Api
    service.instance.id: cfc7ce07-e6a4-4518-a7e3-7e4ff99e6a9f
    telemetry.sdk.name: opentelemetry
    telemetry.sdk.language: dotnet
    telemetry.sdk.version: 1.9.0

Metric Name: process.runtime.dotnet.gc.collections.count, Number of garbage collections that have occurred since process start., Meter: OpenTelemetry.Instrumentation.Runtime/1.9.0
(2025-09-20T11:49:03.5080000Z, 2025-09-20T11:49:03.6893670Z] generation: gen2 LongSum
Value: 6
(2025-09-20T11:49:03.5080000Z, 2025-09-20T11:49:03.6893670Z] generation: gen1 LongSum
Value: 13
(2025-09-20T11:49:03.5080000Z, 2025-09-20T11:49:03.6893670Z] generation: gen0 LongSum
Value: 17

Metric Name: process.runtime.dotnet.gc.objects.size, Count of bytes currently in use by objects in the GC heap that haven't been collected yet. Fragmentation and other GC committed memory pools are excluded., Unit: bytes, Meter: OpenTelemetry.Instrumentation.Runtime/1.9.0
(2025-09-20T11:49:03.5080090Z, 2025-09-20T11:49:03.6893680Z] LongSumNonMonotonic
Value: 180022552

Metric Name: process.runtime.dotnet.gc.allocations.size, Count of bytes allocated on the managed GC heap since the process start. .NET objects are allocated from this heap. Object allocations from unmanaged languages such as C/C++ do not use this heap., Unit: bytes, Meter: OpenTelemetry.Instrumentation.Runtime/1.9.0
(2025-09-20T11:49:03.5080150Z, 2025-09-20T11:49:03.6893680Z] LongSum
Value: 700223360

Metric Name: process.runtime.dotnet.gc.committed_memory.size, The amount of committed virtual memory for the managed GC heap, as observed during the latest garbage collection. Committed virtual memory may be larger than the heap size because it includes both memory for storing existing objects (the heap size) and some extra memory that is ready to handle newly allocated objects in the future. The value will be unavailable until at least one garbage collection has occurred., Unit: bytes, Meter: OpenTelemetry.Instrumentation.Runtime/1.9.0
(2025-09-20T11:49:03.5080200Z, 2025-09-20T11:49:03.6893680Z] LongSumNonMonotonic
Value: 181616640

Metric Name: process.runtime.dotnet.gc.heap.size, The heap size (including fragmentation), as observed during the latest garbage collection. The value will be unavailable until at least one garbage collection has occurred., Unit: bytes, Meter: OpenTelemetry.Instrumentation.Runtime/1.9.0
(2025-09-20T11:49:03.5080260Z, 2025-09-20T11:49:03.6893690Z] generation: gen0 LongSumNonMonotonic
Value: 11888544
(2025-09-20T11:49:03.5080260Z, 2025-09-20T11:49:03.6893690Z] generation: gen1 LongSumNonMonotonic
Value: 2390544
(2025-09-20T11:49:03.5080260Z, 2025-09-20T11:49:03.6893690Z] generation: gen2 LongSumNonMonotonic
Value: 49179736
(2025-09-20T11:49:03.5080260Z, 2025-09-20T11:49:03.6893690Z] generation: loh LongSumNonMonotonic
Value: 117210112
(2025-09-20T11:49:03.5080260Z, 2025-09-20T11:49:03.6893690Z] generation: poh LongSumNonMonotonic
Value: 262336

Metric Name: process.runtime.dotnet.gc.heap.fragmentation.size, The heap fragmentation, as observed during the latest garbage collection. The value will be unavailable until at least one garbage collection has occurred., Unit: bytes, Meter: OpenTelemetry.Instrumentation.Runtime/1.9.0
(2025-09-20T11:49:03.5080310Z, 2025-09-20T11:49:03.6893700Z] generation: gen0 LongSumNonMonotonic
Value: 11888240
(2025-09-20T11:49:03.5080310Z, 2025-09-20T11:49:03.6893700Z] generation: gen1 LongSumNonMonotonic
Value: 32040
(2025-09-20T11:49:03.5080310Z, 2025-09-20T11:49:03.6893700Z] generation: gen2 LongSumNonMonotonic
Value: 633240
(2025-09-20T11:49:03.5080310Z, 2025-09-20T11:49:03.6893700Z] generation: loh LongSumNonMonotonic
Value: 42366976
(2025-09-20T11:49:03.5080310Z, 2025-09-20T11:49:03.6893700Z] generation: poh LongSumNonMonotonic
Value: 0

Metric Name: process.runtime.dotnet.gc.duration, The total amount of time paused in GC since the process start., Unit: ns, Meter: OpenTelemetry.Instrumentation.Runtime/1.9.0
(2025-09-20T11:49:03.5080360Z, 2025-09-20T11:49:03.6893700Z] LongSum
Value: 192118000

Metric Name: process.runtime.dotnet.jit.il_compiled.size, Count of bytes of intermediate language that have been compiled since the process start., Unit: bytes, Meter: OpenTelemetry.Instrumentation.Runtime/1.9.0
(2025-09-20T11:49:03.5080410Z, 2025-09-20T11:49:03.6893700Z] LongSum
Value: 2975954

Metric Name: process.runtime.dotnet.jit.methods_compiled.count, The number of times the JIT compiler compiled a method since the process start. The JIT compiler may be invoked multiple times for the same method to compile with different generic parameters, or because tiered compilation requested different optimization settings., Meter: OpenTelemetry.Instrumentation.Runtime/1.9.0
(2025-09-20T11:49:03.5080460Z, 2025-09-20T11:49:03.6893710Z] LongSum
Value: 36828

Metric Name: process.runtime.dotnet.jit.compilation_time, The amount of time the JIT compiler has spent compiling methods since the process start., Unit: ns, Meter: OpenTelemetry.Instrumentation.Runtime/1.9.0
(2025-09-20T11:49:03.5080780Z, 2025-09-20T11:49:03.6893710Z] LongSum
Value: 4331878700

Metric Name: process.runtime.dotnet.monitor.lock_contention.count, The number of times there was contention when trying to acquire a monitor lock since the process start. Monitor locks are commonly acquired by using the lock keyword in C#, or by calling Monitor.Enter() and Monitor.TryEnter()., Meter: OpenTelemetry.Instrumentation.Runtime/1.9.0
(2025-09-20T11:49:03.5080840Z, 2025-09-20T11:49:03.6893710Z] LongSum
Value: 34

Metric Name: process.runtime.dotnet.thread_pool.threads.count, The number of thread pool threads that currently exist., Meter: OpenTelemetry.Instrumentation.Runtime/1.9.0
(2025-09-20T11:49:03.5081000Z, 2025-09-20T11:49:03.6893720Z] LongSumNonMonotonic
Value: 7

Metric Name: process.runtime.dotnet.thread_pool.completed_items.count, The number of work items that have been processed by the thread pool since the process start., Meter: OpenTelemetry.Instrumentation.Runtime/1.9.0
(2025-09-20T11:49:03.5081050Z, 2025-09-20T11:49:03.6893720Z] LongSum
Value: 1443

Metric Name: process.runtime.dotnet.thread_pool.queue.length, The number of work items that are currently queued to be processed by the thread pool., Meter: OpenTelemetry.Instrumentation.Runtime/1.9.0
(2025-09-20T11:49:03.5081230Z, 2025-09-20T11:49:03.6893730Z] LongSumNonMonotonic
Value: 0

Metric Name: process.runtime.dotnet.timer.count, The number of timer instances that are currently active. Timers can be created by many sources such as System.Threading.Timer, Task.Delay, or the timeout in a CancellationSource. An active timer is registered to tick at some point in the future and has not yet been canceled., Meter: OpenTelemetry.Instrumentation.Runtime/1.9.0
(2025-09-20T11:49:03.5081280Z, 2025-09-20T11:49:03.6893730Z] LongSumNonMonotonic
Value: 6

Metric Name: process.runtime.dotnet.assemblies.count, The number of .NET assemblies that are currently loaded., Meter: OpenTelemetry.Instrumentation.Runtime/1.9.0
(2025-09-20T11:49:03.5081320Z, 2025-09-20T11:49:03.6893730Z] LongSumNonMonotonic
Value: 206

Metric Name: process.runtime.dotnet.exceptions.count, Count of exceptions that have been thrown in managed code, since the observation started. The value will be unavailable until an exception has been thrown after OpenTelemetry.Instrumentation.Runtime initialization., Meter: OpenTelemetry.Instrumentation.Runtime/1.9.0
(2025-09-20T11:49:03.5081400Z, 2025-09-20T11:49:03.6893740Z] LongSum
Value: 2

Metric Name: email.resend.total, Total resends initiated, tagged by mode/outcome., Unit: {email}, Meter: Appostolic.Metrics
(2025-09-20T11:49:03.5081890Z, 2025-09-20T11:49:03.6893790Z] kind: Verification mode: manual outcome: created tenant_scope: dev LongSum
Value: 1
(2025-09-20T11:49:03.5081890Z, 2025-09-20T11:49:03.6893790Z] kind: Verification mode: manual outcome: throttled tenant_scope: dev LongSum
Value: 1

Metric Name: email.resend.throttled.total, Total resends that were throttled by policy., Unit: {email}, Meter: Appostolic.Metrics
(2025-09-20T11:49:03.5081930Z, 2025-09-20T11:49:03.6893800Z] kind: Verification mode: manual outcome: throttled tenant_scope: dev LongSum
Value: 1

Metric Name: http.server.active_requests, Number of active HTTP server requests., Unit: {request}, Meter: Microsoft.AspNetCore.Hosting
(2025-09-20T11:49:03.5082140Z, 2025-09-20T11:49:03.6893810Z] http.request.method: POST url.scheme: http LongSumNonMonotonic
Value: 0

Metric Name: http.server.request.duration, Duration of HTTP server requests., Unit: s, Meter: Microsoft.AspNetCore.Hosting
(2025-09-20T11:49:03.5082180Z, 2025-09-20T11:49:03.6893840Z] http.request.method: POST http.response.status_code: 201 http.route: /api/dev/notifications/{id:guid}/resend network.protocol.version: 1.1 url.scheme: http Histogram
Value: Sum: 0.0737942 Count: 1 Min: 0.0737942 Max: 0.0737942 
(-Infinity,0.005]:0
(0.005,0.01]:0
(0.01,0.025]:0
(0.025,0.05]:0
(0.05,0.075]:1
(0.075,0.1]:0
(0.1,0.25]:0
(0.25,0.5]:0
(0.5,0.75]:0
(0.75,1]:0
(1,2.5]:0
(2.5,5]:0
(5,7.5]:0
(7.5,10]:0
(10,+Infinity]:0

(2025-09-20T11:49:03.5082180Z, 2025-09-20T11:49:03.6893840Z] http.request.method: POST http.response.status_code: 429 http.route: /api/dev/notifications/{id:guid}/resend network.protocol.version: 1.1 url.scheme: http Histogram
Value: Sum: 0.0038717 Count: 1 Min: 0.0038717 Max: 0.0038717 
(-Infinity,0.005]:1
(0.005,0.01]:0
(0.01,0.025]:0
(0.025,0.05]:0
(0.05,0.075]:0
(0.075,0.1]:0
(0.1,0.25]:0
(0.25,0.5]:0
(0.5,0.75]:0
(0.75,1]:0
(1,2.5]:0
(2.5,5]:0
(5,7.5]:0
(7.5,10]:0
(10,+Infinity]:0


Metric Name: aspnetcore.routing.match_attempts, Number of requests that were attempted to be matched to an endpoint., Unit: {match_attempt}, Meter: Microsoft.AspNetCore.Routing
(2025-09-20T11:49:03.5986710Z, 2025-09-20T11:49:03.6893850Z] aspnetcore.routing.is_fallback: false aspnetcore.routing.match_status: success http.route: /api/dev/notifications/{id:guid}/resend LongSum
Value: 2
[Startup] Warning: failed to ensure app.notification_dedupes exists: Relational-specific methods can only be used when the context is using a relational database provider.
LogRecord.Timestamp:               2025-09-20T11:49:03.7997000Z
LogRecord.CategoryName:            Endpoints.V1
info: Endpoints.V1[0]
      [MapV1Endpoints] Environment='Development' IsDevelopment=True
LogRecord.Severity:                Info
LogRecord.SeverityText:            Information
LogRecord.FormattedMessage:        [MapV1Endpoints] Environment='Development' IsDevelopment=True
LogRecord.Body:                    [MapV1Endpoints] Environment='{Env}' IsDevelopment={IsDev}
LogRecord.Attributes (Key:Value):
    Env: Development
    IsDev: true
    OriginalFormat (a.k.a Body): [MapV1Endpoints] Environment='{Env}' IsDevelopment={IsDev}

Resource associated with LogRecord:
service.name: Appostolic.Api
service.instance.id: cfc7ce07-e6a4-4518-a7e3-7e4ff99e6a9f
telemetry.sdk.name: opentelemetry
telemetry.sdk.language: dotnet
telemetry.sdk.version: 1.9.0

LogRecord.Timestamp:               2025-09-20T11:49:03.8000710Z
LogRecord.CategoryName:            Microsoft.AspNetCore.DataProtection.KeyManagement.XmlKeyManager
LogRecord.Severity:                Info
LogRecord.SeverityText:            Information
LogRecord.FormattedMessage:        User profile is available. Using '/Users/kevinmccreary/.aspnet/DataProtection-Keys' as key repository; keys will not be encrypted at rest.
LogRecord.Body:                    User profile is available. Using '{FullName}' as key repository; keys will not be encrypted at rest.
LogRecord.Attributes (Key:Value):
    FullName: /Users/kevinmccreary/.aspnet/DataProtection-Keys
    OriginalFormat (a.k.a Body): User profile is available. Using '{FullName}' as key repository; keys will not be encrypted at rest.
LogRecord.EventId:                 62
LogRecord.EventName:               UsingProfileAsKeyRepository

Resource associated with LogRecord:
service.name: Appostolic.Api
service.instance.id: cfc7ce07-e6a4-4518-a7e3-7e4ff99e6a9f
telemetry.sdk.name: opentelemetry
telemetry.sdk.language: dotnet
telemetry.sdk.version: 1.9.0

info: Microsoft.AspNetCore.DataProtection.KeyManagement.XmlKeyManager[62]
      User profile is available. Using '/Users/kevinmccreary/.aspnet/DataProtection-Keys' as key repository; keys will not be encrypted at rest.
LogRecord.Timestamp:               2025-09-20T11:49:03.8157260Z
LogRecord.CategoryName:            Appostolic.Api.App.Notifications.AutoResendHostedService
info: Appostolic.Api.App.Notifications.AutoResendHostedService[0]
      AutoResend is disabled by configuration
LogRecord.Severity:                Info
LogRecord.SeverityText:            Information
LogRecord.FormattedMessage:        AutoResend is disabled by configuration
LogRecord.Body:                    AutoResend is disabled by configuration
LogRecord.Attributes (Key:Value):
    OriginalFormat (a.k.a Body): AutoResend is disabled by configuration

Resource associated with LogRecord:
service.name: Appostolic.Api
service.instance.id: cfc7ce07-e6a4-4518-a7e3-7e4ff99e6a9f
telemetry.sdk.name: opentelemetry
telemetry.sdk.language: dotnet
telemetry.sdk.version: 1.9.0

LogRecord.Timestamp:               2025-09-20T11:49:04.0131580Z
LogRecord.TraceId:                 fcd7359d62ca0e40ee7d92da41e18695
LogRecord.SpanId:                  d32c1a071b0c233a
LogRecord.TraceFlags:              Recorded
LogRecord.CategoryName:            Microsoft.AspNetCore.Http.Result.OkObjectResult
LogRecord.Severity:                Info
LogRecord.SeverityText:            Information
LogRecord.FormattedMessage:        Setting HTTP status code 200.
LogRecord.Body:                    Setting HTTP status code {StatusCode}.
LogRecord.Attributes (Key:Value):
    StatusCode: 200
    OriginalFormat (a.k.a Body): Setting HTTP status code {StatusCode}.
LogRecord.EventId:                 1
LogRecord.EventName:               WritingResultAsStatusCode

Resource associated with LogRecord:
service.name: Appostolic.Api
service.instance.id: cfc7ce07-e6a4-4518-a7e3-7e4ff99e6a9f
telemetry.sdk.name: opentelemetry
telemetry.sdk.language: dotnet
telemetry.sdk.version: 1.9.0

info: Microsoft.AspNetCore.Http.Result.OkObjectResult[1]
      Setting HTTP status code 200.
info: Microsoft.AspNetCore.Http.Result.OkObjectResult[3]
      Writing value of type 'List`1' as Json.
LogRecord.Timestamp:               2025-09-20T11:49:04.0146890Z
LogRecord.TraceId:                 fcd7359d62ca0e40ee7d92da41e18695
LogRecord.SpanId:                  d32c1a071b0c233a
LogRecord.TraceFlags:              Recorded
LogRecord.CategoryName:            Microsoft.AspNetCore.Http.Result.OkObjectResult
LogRecord.Severity:                Info
LogRecord.SeverityText:            Information
LogRecord.FormattedMessage:        Writing value of type 'List`1' as Json.
LogRecord.Body:                    Writing value of type '{Type}' as Json.
LogRecord.Attributes (Key:Value):
    Type: List`1
    OriginalFormat (a.k.a Body): Writing value of type '{Type}' as Json.
LogRecord.EventId:                 3
LogRecord.EventName:               WritingResultAsJson

Resource associated with LogRecord:
service.name: Appostolic.Api
service.instance.id: cfc7ce07-e6a4-4518-a7e3-7e4ff99e6a9f
telemetry.sdk.name: opentelemetry
telemetry.sdk.language: dotnet
telemetry.sdk.version: 1.9.0

Activity.TraceId:            fcd7359d62ca0e40ee7d92da41e18695
Activity.SpanId:             d32c1a071b0c233a
Activity.TraceFlags:         Recorded
Activity.ActivitySourceName: Microsoft.AspNetCore
Activity.DisplayName:        GET /api/dev/notifications/
Activity.Kind:               Server
Activity.StartTime:          2025-09-20T11:49:03.9034900Z
Activity.Duration:           00:00:00.1162180
Activity.Tags:
    server.address: localhost
    url.query: ?take=Redacted
    http.request.method: GET
    url.scheme: http
    url.path: /api/dev/notifications
    network.protocol.version: 1.1
    tenant: kevin-personal
    user: kevin@example.com
    http.route: /api/dev/notifications/
    http.response.status_code: 200
Resource associated with Activity:
    service.name: Appostolic.Api
    service.instance.id: cfc7ce07-e6a4-4518-a7e3-7e4ff99e6a9f
    telemetry.sdk.name: opentelemetry
    telemetry.sdk.language: dotnet
    telemetry.sdk.version: 1.9.0

LogRecord.Timestamp:               2025-09-20T11:49:04.0320660Z
LogRecord.TraceId:                 918b5fb2e84b2a33436d4d5e905377e7
LogRecord.SpanId:                  d789bc1e9b470ef6
LogRecord.TraceFlags:              Recorded
LogRecord.CategoryName:            Microsoft.AspNetCore.Http.Result.OkObjectResult
LogRecord.Severity:                Info
LogRecord.SeverityText:            Information
LogRecord.FormattedMessage:        Setting HTTP status code 200.
LogRecord.Body:                    Setting HTTP status code {StatusCode}.
LogRecord.Attributes (Key:Value):
    StatusCode: 200
    OriginalFormat (a.k.a Body): Setting HTTP status code {StatusCode}.
LogRecord.EventId:                 1
LogRecord.EventName:               WritingResultAsStatusCode

Resource associated with LogRecord:
service.name: Appostolic.Api
service.instance.id: cfc7ce07-e6a4-4518-a7e3-7e4ff99e6a9f
telemetry.sdk.name: opentelemetry
telemetry.sdk.language: dotnet
telemetry.sdk.version: 1.9.0

info: Microsoft.AspNetCore.Http.Result.OkObjectResult[1]
      Setting HTTP status code 200.
LogRecord.Timestamp:               2025-09-20T11:49:04.0321350Z
info: Microsoft.AspNetCore.Http.Result.OkObjectResult[3]
      Writing value of type 'List`1' as Json.
LogRecord.TraceId:                 918b5fb2e84b2a33436d4d5e905377e7
LogRecord.SpanId:                  d789bc1e9b470ef6
LogRecord.TraceFlags:              Recorded
LogRecord.CategoryName:            Microsoft.AspNetCore.Http.Result.OkObjectResult
LogRecord.Severity:                Info
LogRecord.SeverityText:            Information
LogRecord.FormattedMessage:        Writing value of type 'List`1' as Json.
LogRecord.Body:                    Writing value of type '{Type}' as Json.
LogRecord.Attributes (Key:Value):
    Type: List`1
    OriginalFormat (a.k.a Body): Writing value of type '{Type}' as Json.
LogRecord.EventId:                 3
LogRecord.EventName:               WritingResultAsJson

Resource associated with LogRecord:
service.name: Appostolic.Api
service.instance.id: cfc7ce07-e6a4-4518-a7e3-7e4ff99e6a9f
telemetry.sdk.name: opentelemetry
telemetry.sdk.language: dotnet
telemetry.sdk.version: 1.9.0

Activity.TraceId:            918b5fb2e84b2a33436d4d5e905377e7
Activity.SpanId:             d789bc1e9b470ef6
Activity.TraceFlags:         Recorded
Activity.ActivitySourceName: Microsoft.AspNetCore
Activity.DisplayName:        GET /api/dev/notifications/
Activity.Kind:               Server
Activity.StartTime:          2025-09-20T11:49:04.0215450Z
Activity.Duration:           00:00:00.0107300
Activity.Tags:
    server.address: localhost
    url.query: ?status=Redacted
    http.request.method: GET
    url.scheme: http
    url.path: /api/dev/notifications
    network.protocol.version: 1.1
    tenant: kevin-personal
    user: kevin@example.com
    http.route: /api/dev/notifications/
    http.response.status_code: 200
Resource associated with Activity:
    service.name: Appostolic.Api
    service.instance.id: cfc7ce07-e6a4-4518-a7e3-7e4ff99e6a9f
    telemetry.sdk.name: opentelemetry
    telemetry.sdk.language: dotnet
    telemetry.sdk.version: 1.9.0

LogRecord.Timestamp:               2025-09-20T11:49:04.0359340Z
LogRecord.TraceId:                 44d229852d5aec87c5342fad142e3721
LogRecord.SpanId:                  5cae832fe5e96cf5
LogRecord.TraceFlags:              Recorded
LogRecord.CategoryName:            Microsoft.AspNetCore.Http.Result.AcceptedResult
LogRecord.Severity:                Info
LogRecord.SeverityText:            Information
LogRecord.FormattedMessage:        Setting HTTP status code 202.
LogRecord.Body:                    Setting HTTP status code {StatusCode}.
LogRecord.Attributes (Key:Value):
    StatusCode: 202
info: Microsoft.AspNetCore.Http.Result.AcceptedResult[1]
      Setting HTTP status code 202.
    OriginalFormat (a.k.a Body): Setting HTTP status code {StatusCode}.
LogRecord.EventId:                 1
LogRecord.EventName:               WritingResultAsStatusCode

Resource associated with LogRecord:
service.name: Appostolic.Api
service.instance.id: cfc7ce07-e6a4-4518-a7e3-7e4ff99e6a9f
telemetry.sdk.name: opentelemetry
telemetry.sdk.language: dotnet
telemetry.sdk.version: 1.9.0

Activity.TraceId:            44d229852d5aec87c5342fad142e3721
Activity.SpanId:             5cae832fe5e96cf5
Activity.TraceFlags:         Recorded
Activity.ActivitySourceName: Microsoft.AspNetCore
Activity.DisplayName:        POST /api/dev/notifications/{id:guid}/retry
Activity.Kind:               Server
Activity.StartTime:          2025-09-20T11:49:04.0325050Z
Activity.Duration:           00:00:00.0036190
Activity.Tags:
    server.address: localhost
    http.request.method: POST
    url.scheme: http
    url.path: /api/dev/notifications/1b2a816e-29b7-4667-b6c0-5eb2bc0444fa/retry
    network.protocol.version: 1.1
    tenant: kevin-personal
    user: kevin@example.com
    http.route: /api/dev/notifications/{id:guid}/retry
    http.response.status_code: 202
Resource associated with Activity:
    service.name: Appostolic.Api
    service.instance.id: cfc7ce07-e6a4-4518-a7e3-7e4ff99e6a9f
    telemetry.sdk.name: opentelemetry
    telemetry.sdk.language: dotnet
    telemetry.sdk.version: 1.9.0

info: Microsoft.AspNetCore.Http.Result.AcceptedResult[1]
      Setting HTTP status code 202.
LogRecord.Timestamp:               2025-09-20T11:49:04.0385420Z
LogRecord.TraceId:                 89565dd6133e48cb998b5f77ce39a825
LogRecord.SpanId:                  adf4c7ab4ff92906
LogRecord.TraceFlags:              Recorded
LogRecord.CategoryName:            Microsoft.AspNetCore.Http.Result.AcceptedResult
LogRecord.Severity:                Info
LogRecord.SeverityText:            Information
LogRecord.FormattedMessage:        Setting HTTP status code 202.
LogRecord.Body:                    Setting HTTP status code {StatusCode}.
LogRecord.Attributes (Key:Value):
    StatusCode: 202
    OriginalFormat (a.k.a Body): Setting HTTP status code {StatusCode}.
LogRecord.EventId:                 1
LogRecord.EventName:               WritingResultAsStatusCode

Resource associated with LogRecord:
service.name: Appostolic.Api
service.instance.id: cfc7ce07-e6a4-4518-a7e3-7e4ff99e6a9f
telemetry.sdk.name: opentelemetry
telemetry.sdk.language: dotnet
telemetry.sdk.version: 1.9.0

Activity.TraceId:            89565dd6133e48cb998b5f77ce39a825
Activity.SpanId:             adf4c7ab4ff92906
Activity.TraceFlags:         Recorded
Activity.ActivitySourceName: Microsoft.AspNetCore
Activity.DisplayName:        POST /api/dev/notifications/{id:guid}/retry
Activity.Kind:               Server
Activity.StartTime:          2025-09-20T11:49:04.0365160Z
Activity.Duration:           00:00:00.0022310
Activity.Tags:
    server.address: localhost
    http.request.method: POST
    url.scheme: http
    url.path: /api/dev/notifications/9ab20b95-c797-4f7b-bd85-58b1d5e55989/retry
    network.protocol.version: 1.1
    tenant: kevin-personal
    user: kevin@example.com
    http.route: /api/dev/notifications/{id:guid}/retry
    http.response.status_code: 202
Resource associated with Activity:
    service.name: Appostolic.Api
    service.instance.id: cfc7ce07-e6a4-4518-a7e3-7e4ff99e6a9f
    telemetry.sdk.name: opentelemetry
    telemetry.sdk.language: dotnet
    telemetry.sdk.version: 1.9.0

Resource associated with Metric:
    service.name: Appostolic.Api
    service.instance.id: cfc7ce07-e6a4-4518-a7e3-7e4ff99e6a9f
    telemetry.sdk.name: opentelemetry
    telemetry.sdk.language: dotnet
    telemetry.sdk.version: 1.9.0

Metric Name: process.runtime.dotnet.gc.collections.count, Number of garbage collections that have occurred since process start., Meter: OpenTelemetry.Instrumentation.Runtime/1.9.0
(2025-09-20T11:49:03.8050450Z, 2025-09-20T11:49:04.0466980Z] generation: gen2 LongSum
Value: 6
(2025-09-20T11:49:03.8050450Z, 2025-09-20T11:49:04.0466980Z] generation: gen1 LongSum
Value: 13
(2025-09-20T11:49:03.8050450Z, 2025-09-20T11:49:04.0466980Z] generation: gen0 LongSum
Value: 18

Metric Name: process.runtime.dotnet.gc.objects.size, Count of bytes currently in use by objects in the GC heap that haven't been collected yet. Fragmentation and other GC committed memory pools are excluded., Unit: bytes, Meter: OpenTelemetry.Instrumentation.Runtime/1.9.0
(2025-09-20T11:49:03.8050580Z, 2025-09-20T11:49:04.0466980Z] LongSumNonMonotonic
Value: 190470200

Metric Name: process.runtime.dotnet.gc.allocations.size, Count of bytes allocated on the managed GC heap since the process start. .NET objects are allocated from this heap. Object allocations from unmanaged languages such as C/C++ do not use this heap., Unit: bytes, Meter: OpenTelemetry.Instrumentation.Runtime/1.9.0
(2025-09-20T11:49:03.8050620Z, 2025-09-20T11:49:04.0466990Z] LongSum
Value: 714257488

Metric Name: process.runtime.dotnet.gc.committed_memory.size, The amount of committed virtual memory for the managed GC heap, as observed during the latest garbage collection. Committed virtual memory may be larger than the heap size because it includes both memory for storing existing objects (the heap size) and some extra memory that is ready to handle newly allocated objects in the future. The value will be unavailable until at least one garbage collection has occurred., Unit: bytes, Meter: OpenTelemetry.Instrumentation.Runtime/1.9.0
(2025-09-20T11:49:03.8050670Z, 2025-09-20T11:49:04.0466990Z] LongSumNonMonotonic
Value: 181616640

Metric Name: process.runtime.dotnet.gc.heap.size, The heap size (including fragmentation), as observed during the latest garbage collection. The value will be unavailable until at least one garbage collection has occurred., Unit: bytes, Meter: OpenTelemetry.Instrumentation.Runtime/1.9.0
(2025-09-20T11:49:03.8050720Z, 2025-09-20T11:49:04.0466990Z] generation: gen0 LongSumNonMonotonic
Value: 6048056
(2025-09-20T11:49:03.8050720Z, 2025-09-20T11:49:04.0466990Z] generation: gen1 LongSumNonMonotonic
Value: 4731336
(2025-09-20T11:49:03.8050720Z, 2025-09-20T11:49:04.0466990Z] generation: gen2 LongSumNonMonotonic
Value: 49179736
(2025-09-20T11:49:03.8050720Z, 2025-09-20T11:49:04.0466990Z] generation: loh LongSumNonMonotonic
Value: 117210112
(2025-09-20T11:49:03.8050720Z, 2025-09-20T11:49:04.0466990Z] generation: poh LongSumNonMonotonic
Value: 262336

Metric Name: process.runtime.dotnet.gc.heap.fragmentation.size, The heap fragmentation, as observed during the latest garbage collection. The value will be unavailable until at least one garbage collection has occurred., Unit: bytes, Meter: OpenTelemetry.Instrumentation.Runtime/1.9.0
(2025-09-20T11:49:03.8050750Z, 2025-09-20T11:49:04.0466990Z] generation: gen0 LongSumNonMonotonic
Value: 6047616
(2025-09-20T11:49:03.8050750Z, 2025-09-20T11:49:04.0466990Z] generation: gen1 LongSumNonMonotonic
Value: 62976
(2025-09-20T11:49:03.8050750Z, 2025-09-20T11:49:04.0466990Z] generation: gen2 LongSumNonMonotonic
Value: 633240
(2025-09-20T11:49:03.8050750Z, 2025-09-20T11:49:04.0466990Z] generation: loh LongSumNonMonotonic
Value: 37478336
(2025-09-20T11:49:03.8050750Z, 2025-09-20T11:49:04.0466990Z] generation: poh LongSumNonMonotonic
Value: 0

Metric Name: process.runtime.dotnet.gc.duration, The total amount of time paused in GC since the process start., Unit: ns, Meter: OpenTelemetry.Instrumentation.Runtime/1.9.0
(2025-09-20T11:49:03.8050790Z, 2025-09-20T11:49:04.0466990Z] LongSum
Value: 198672000

Metric Name: process.runtime.dotnet.jit.il_compiled.size, Count of bytes of intermediate language that have been compiled since the process start., Unit: bytes, Meter: OpenTelemetry.Instrumentation.Runtime/1.9.0
(2025-09-20T11:49:03.8050840Z, 2025-09-20T11:49:04.0466990Z] LongSum
Value: 3040813

Metric Name: process.runtime.dotnet.jit.methods_compiled.count, The number of times the JIT compiler compiled a method since the process start. The JIT compiler may be invoked multiple times for the same method to compile with different generic parameters, or because tiered compilation requested different optimization settings., Meter: OpenTelemetry.Instrumentation.Runtime/1.9.0
(2025-09-20T11:49:03.8050900Z, 2025-09-20T11:49:04.0467000Z] LongSum
Value: 37271

Metric Name: process.runtime.dotnet.jit.compilation_time, The amount of time the JIT compiler has spent compiling methods since the process start., Unit: ns, Meter: OpenTelemetry.Instrumentation.Runtime/1.9.0
(2025-09-20T11:49:03.8050940Z, 2025-09-20T11:49:04.0467000Z] LongSum
Value: 4587229000

Metric Name: process.runtime.dotnet.monitor.lock_contention.count, The number of times there was contention when trying to acquire a monitor lock since the process start. Monitor locks are commonly acquired by using the lock keyword in C#, or by calling Monitor.Enter() and Monitor.TryEnter()., Meter: OpenTelemetry.Instrumentation.Runtime/1.9.0
(2025-09-20T11:49:03.8050980Z, 2025-09-20T11:49:04.0467000Z] LongSum
Value: 36

Metric Name: process.runtime.dotnet.thread_pool.threads.count, The number of thread pool threads that currently exist., Meter: OpenTelemetry.Instrumentation.Runtime/1.9.0
(2025-09-20T11:49:03.8051020Z, 2025-09-20T11:49:04.0467000Z] LongSumNonMonotonic
Value: 7

Metric Name: process.runtime.dotnet.thread_pool.completed_items.count, The number of work items that have been processed by the thread pool since the process start., Meter: OpenTelemetry.Instrumentation.Runtime/1.9.0
(2025-09-20T11:49:03.8051060Z, 2025-09-20T11:49:04.0467000Z] LongSum
Value: 1474

Metric Name: process.runtime.dotnet.thread_pool.queue.length, The number of work items that are currently queued to be processed by the thread pool., Meter: OpenTelemetry.Instrumentation.Runtime/1.9.0
(2025-09-20T11:49:03.8051100Z, 2025-09-20T11:49:04.0467000Z] LongSumNonMonotonic
Value: 1

Metric Name: process.runtime.dotnet.timer.count, The number of timer instances that are currently active. Timers can be created by many sources such as System.Threading.Timer, Task.Delay, or the timeout in a CancellationSource. An active timer is registered to tick at some point in the future and has not yet been canceled., Meter: OpenTelemetry.Instrumentation.Runtime/1.9.0
(2025-09-20T11:49:03.8051140Z, 2025-09-20T11:49:04.0467000Z] LongSumNonMonotonic
Value: 6

Metric Name: process.runtime.dotnet.assemblies.count, The number of .NET assemblies that are currently loaded., Meter: OpenTelemetry.Instrumentation.Runtime/1.9.0
(2025-09-20T11:49:03.8051180Z, 2025-09-20T11:49:04.0467010Z] LongSumNonMonotonic
Value: 206

Metric Name: http.server.active_requests, Number of active HTTP server requests., Unit: {request}, Meter: Microsoft.AspNetCore.Hosting
(2025-09-20T11:49:03.8110710Z, 2025-09-20T11:49:04.0467050Z] http.request.method: GET url.scheme: http LongSumNonMonotonic
Value: 0
(2025-09-20T11:49:03.8110710Z, 2025-09-20T11:49:04.0467050Z] http.request.method: POST url.scheme: http LongSumNonMonotonic
Value: 0

Metric Name: http.server.request.duration, Duration of HTTP server requests., Unit: s, Meter: Microsoft.AspNetCore.Hosting
(2025-09-20T11:49:03.8110770Z, 2025-09-20T11:49:04.0467070Z] http.request.method: GET http.response.status_code: 200 http.route: /api/dev/notifications/ network.protocol.version: 1.1 url.scheme: http Histogram
Value: Sum: 0.1269559 Count: 2 Min: 0.0107327 Max: 0.1162232 
(-Infinity,0.005]:0
(0.005,0.01]:0
(0.01,0.025]:1
(0.025,0.05]:0
(0.05,0.075]:0
(0.075,0.1]:0
(0.1,0.25]:1
(0.25,0.5]:0
(0.5,0.75]:0
(0.75,1]:0
(1,2.5]:0
(2.5,5]:0
(5,7.5]:0
(7.5,10]:0
(10,+Infinity]:0

(2025-09-20T11:49:03.8110770Z, 2025-09-20T11:49:04.0467070Z] http.request.method: POST http.response.status_code: 202 http.route: /api/dev/notifications/{id:guid}/retry network.protocol.version: 1.1 url.scheme: http Histogram
Value: Sum: 0.0058338 Count: 2 Min: 0.0022221 Max: 0.0036117 
(-Infinity,0.005]:2
(0.005,0.01]:0
(0.01,0.025]:0
(0.025,0.05]:0
(0.05,0.075]:0
(0.075,0.1]:0
(0.1,0.25]:0
(0.25,0.5]:0
(0.5,0.75]:0
(0.75,1]:0
(1,2.5]:0
(2.5,5]:0
(5,7.5]:0
(7.5,10]:0
(10,+Infinity]:0


Metric Name: aspnetcore.routing.match_attempts, Number of requests that were attempted to be matched to an endpoint., Unit: {match_attempt}, Meter: Microsoft.AspNetCore.Routing
(2025-09-20T11:49:03.8968580Z, 2025-09-20T11:49:04.0467080Z] aspnetcore.routing.is_fallback: false aspnetcore.routing.match_status: success http.route: /api/dev/notifications/ LongSum
Value: 2
(2025-09-20T11:49:03.8968580Z, 2025-09-20T11:49:04.0467080Z] aspnetcore.routing.is_fallback: false aspnetcore.routing.match_status: success http.route: /api/dev/notifications/{id:guid}/retry LongSum
Value: 2
[Startup] Warning: failed to ensure app.notification_dedupes exists: Relational-specific methods can only be used when the context is using a relational database provider.
LogRecord.Timestamp:               2025-09-20T11:49:04.1520940Z
LogRecord.CategoryName:            Endpoints.V1
LogRecord.Severity:                Info
LogRecord.SeverityText:            Information
LogRecord.FormattedMessage:        [MapV1Endpoints] Environment='Development' IsDevelopment=True
LogRecord.Body:                    [MapV1Endpoints] Environment='{Env}' IsDevelopment={IsDev}
LogRecord.Attributes (Key:Value):
    Env: Development
    IsDev: true
    OriginalFormat (a.k.a Body): [MapV1Endpoints] Environment='{Env}' IsDevelopment={IsDev}

Resource associated with LogRecord:
service.name: Appostolic.Api
service.instance.id: cfc7ce07-e6a4-4518-a7e3-7e4ff99e6a9f
telemetry.sdk.name: opentelemetry
telemetry.sdk.language: dotnet
telemetry.sdk.version: 1.9.0

info: Endpoints.V1[0]
      [MapV1Endpoints] Environment='Development' IsDevelopment=True
LogRecord.Timestamp:               2025-09-20T11:49:04.1523880Z
LogRecord.CategoryName:            Microsoft.AspNetCore.DataProtection.KeyManagement.XmlKeyManager
LogRecord.Severity:                Info
LogRecord.SeverityText:            Information
LogRecord.FormattedMessage:        User profile is available. Using '/Users/kevinmccreary/.aspnet/DataProtection-Keys' as key repository; keys will not be encrypted at rest.
LogRecord.Body:                    User profile is available. Using '{FullName}' as key repository; keys will not be encrypted at rest.
LogRecord.Attributes (Key:Value):
info: Microsoft.AspNetCore.DataProtection.KeyManagement.XmlKeyManager[62]
      User profile is available. Using '/Users/kevinmccreary/.aspnet/DataProtection-Keys' as key repository; keys will not be encrypted at rest.
    FullName: /Users/kevinmccreary/.aspnet/DataProtection-Keys
    OriginalFormat (a.k.a Body): User profile is available. Using '{FullName}' as key repository; keys will not be encrypted at rest.
LogRecord.EventId:                 62
LogRecord.EventName:               UsingProfileAsKeyRepository

Resource associated with LogRecord:
service.name: Appostolic.Api
service.instance.id: cfc7ce07-e6a4-4518-a7e3-7e4ff99e6a9f
telemetry.sdk.name: opentelemetry
telemetry.sdk.language: dotnet
telemetry.sdk.version: 1.9.0

info: Appostolic.Api.App.Notifications.AutoResendHostedService[0]
      AutoResend is disabled by configuration
LogRecord.Timestamp:               2025-09-20T11:49:04.1562430Z
LogRecord.CategoryName:            Appostolic.Api.App.Notifications.AutoResendHostedService
LogRecord.Severity:                Info
LogRecord.SeverityText:            Information
LogRecord.FormattedMessage:        AutoResend is disabled by configuration
LogRecord.Body:                    AutoResend is disabled by configuration
LogRecord.Attributes (Key:Value):
    OriginalFormat (a.k.a Body): AutoResend is disabled by configuration

Resource associated with LogRecord:
service.name: Appostolic.Api
service.instance.id: cfc7ce07-e6a4-4518-a7e3-7e4ff99e6a9f
telemetry.sdk.name: opentelemetry
telemetry.sdk.language: dotnet
telemetry.sdk.version: 1.9.0

LogRecord.Timestamp:               2025-09-20T11:49:04.2704520Z
LogRecord.TraceId:                 19ebb7ad799ce507e36ebbfaf797b66e
LogRecord.SpanId:                  f02849e639871428
LogRecord.TraceFlags:              Recorded
LogRecord.CategoryName:            Microsoft.AspNetCore.Http.Result.OkObjectResult
LogRecord.Severity:                Info
LogRecord.SeverityText:            Information
LogRecord.FormattedMessage:        Setting HTTP status code 200.
LogRecord.Body:                    Setting HTTP status code {StatusCode}.
LogRecord.Attributes (Key:Value):
    StatusCode: 200
    OriginalFormat (a.k.a Body): Setting HTTP status code {StatusCode}.
LogRecord.EventId:                 1
LogRecord.EventName:               WritingResultAsStatusCode

Resource associated with LogRecord:
service.name: Appostolic.Api
service.instance.id: cfc7ce07-e6a4-4518-a7e3-7e4ff99e6a9f
telemetry.sdk.name: opentelemetry
telemetry.sdk.language: dotnet
telemetry.sdk.version: 1.9.0

LogRecord.Timestamp:               2025-09-20T11:49:04.2708440Z
LogRecord.TraceId:                 19ebb7ad799ce507e36ebbfaf797b66e
LogRecord.SpanId:                  f02849e639871428
LogRecord.TraceFlags:              Recorded
LogRecord.CategoryName:            Microsoft.AspNetCore.Http.Result.OkObjectResult
LogRecord.Severity:                Info
LogRecord.SeverityText:            Information
LogRecord.FormattedMessage:        Writing value of type 'List`1' as Json.
LogRecord.Body:                    Writing value of type '{Type}' as Json.
LogRecord.Attributes (Key:Value):
    Type: List`1
    OriginalFormat (a.k.a Body): Writing value of type '{Type}' as Json.
LogRecord.EventId:                 3
LogRecord.EventName:               WritingResultAsJson

Resource associated with LogRecord:
service.name: Appostolic.Api
service.instance.id: cfc7ce07-e6a4-4518-a7e3-7e4ff99e6a9f
telemetry.sdk.name: opentelemetry
telemetry.sdk.language: dotnet
telemetry.sdk.version: 1.9.0

info: Microsoft.AspNetCore.Http.Result.OkObjectResult[1]
      Setting HTTP status code 200.
info: Microsoft.AspNetCore.Http.Result.OkObjectResult[3]
      Writing value of type 'List`1' as Json.
Activity.TraceId:            19ebb7ad799ce507e36ebbfaf797b66e
Activity.SpanId:             f02849e639871428
Activity.TraceFlags:         Recorded
Activity.ActivitySourceName: Microsoft.AspNetCore
Activity.DisplayName:        GET /api/notifications/{id:guid}/resends
Activity.Kind:               Server
Activity.StartTime:          2025-09-20T11:49:04.2057630Z
Activity.Duration:           00:00:00.0668810
Activity.Tags:
    server.address: localhost
    url.query: ?take=Redacted&skip=Redacted
    http.request.method: GET
    url.scheme: http
    url.path: /api/notifications/be7a96ff-b358-4035-a0d2-ab31b6af64b4/resends
    network.protocol.version: 1.1
    tenant: kevin-personal
    user: kevin@example.com
    http.route: /api/notifications/{id:guid}/resends
    http.response.status_code: 200
Resource associated with Activity:
    service.name: Appostolic.Api
    service.instance.id: cfc7ce07-e6a4-4518-a7e3-7e4ff99e6a9f
    telemetry.sdk.name: opentelemetry
    telemetry.sdk.language: dotnet
    telemetry.sdk.version: 1.9.0

LogRecord.Timestamp:               2025-09-20T11:49:04.2789030Z
LogRecord.TraceId:                 cf35b2f5334b29414a0dbb78a9260132
LogRecord.SpanId:                  d2da2b3a585b170b
LogRecord.TraceFlags:              Recorded
LogRecord.CategoryName:            Microsoft.AspNetCore.Http.Result.OkObjectResult
LogRecord.Severity:                Info
LogRecord.SeverityText:            Information
LogRecord.FormattedMessage:        Setting HTTP status code 200.
LogRecord.Body:                    Setting HTTP status code {StatusCode}.
LogRecord.Attributes (Key:Value):
    StatusCode: 200
    OriginalFormat (a.k.a Body): Setting HTTP status code {StatusCode}.
LogRecord.EventId:                 1
LogRecord.EventName:               WritingResultAsStatusCode

Resource associated with LogRecord:
service.name: Appostolic.Api
service.instance.id: cfc7ce07-e6a4-4518-a7e3-7e4ff99e6a9f
info: Microsoft.AspNetCore.Http.Result.OkObjectResult[1]
      Setting HTTP status code 200.
telemetry.sdk.name: opentelemetry
telemetry.sdk.language: dotnet
telemetry.sdk.version: 1.9.0

LogRecord.Timestamp:               2025-09-20T11:49:04.2789760Z
LogRecord.TraceId:                 cf35b2f5334b29414a0dbb78a9260132
LogRecord.SpanId:                  d2da2b3a585b170b
LogRecord.TraceFlags:              Recorded
LogRecord.CategoryName:            Microsoft.AspNetCore.Http.Result.OkObjectResult
info: Microsoft.AspNetCore.Http.Result.OkObjectResult[3]
      Writing value of type 'List`1' as Json.
LogRecord.Severity:                Info
LogRecord.SeverityText:            Information
LogRecord.FormattedMessage:        Writing value of type 'List`1' as Json.
LogRecord.Body:                    Writing value of type '{Type}' as Json.
LogRecord.Attributes (Key:Value):
    Type: List`1
    OriginalFormat (a.k.a Body): Writing value of type '{Type}' as Json.
LogRecord.EventId:                 3
LogRecord.EventName:               WritingResultAsJson

Resource associated with LogRecord:
service.name: Appostolic.Api
service.instance.id: cfc7ce07-e6a4-4518-a7e3-7e4ff99e6a9f
telemetry.sdk.name: opentelemetry
telemetry.sdk.language: dotnet
telemetry.sdk.version: 1.9.0

Activity.TraceId:            cf35b2f5334b29414a0dbb78a9260132
Activity.SpanId:             d2da2b3a585b170b
Activity.TraceFlags:         Recorded
Activity.ActivitySourceName: Microsoft.AspNetCore
Activity.DisplayName:        GET /api/notifications/{id:guid}/resends
Activity.Kind:               Server
Activity.StartTime:          2025-09-20T11:49:04.2736370Z
Activity.Duration:           00:00:00.0054470
Activity.Tags:
    server.address: localhost
    url.query: ?take=Redacted&skip=Redacted
    http.request.method: GET
    url.scheme: http
    url.path: /api/notifications/be7a96ff-b358-4035-a0d2-ab31b6af64b4/resends
    network.protocol.version: 1.1
    tenant: kevin-personal
    user: kevin@example.com
    http.route: /api/notifications/{id:guid}/resends
    http.response.status_code: 200
Resource associated with Activity:
    service.name: Appostolic.Api
    service.instance.id: cfc7ce07-e6a4-4518-a7e3-7e4ff99e6a9f
    telemetry.sdk.name: opentelemetry
    telemetry.sdk.language: dotnet
    telemetry.sdk.version: 1.9.0

Resource associated with Metric:
    service.name: Appostolic.Api
    service.instance.id: cfc7ce07-e6a4-4518-a7e3-7e4ff99e6a9f
    telemetry.sdk.name: opentelemetry
    telemetry.sdk.language: dotnet
    telemetry.sdk.version: 1.9.0

Metric Name: process.runtime.dotnet.gc.collections.count, Number of garbage collections that have occurred since process start., Meter: OpenTelemetry.Instrumentation.Runtime/1.9.0
(2025-09-20T11:49:04.1546510Z, 2025-09-20T11:49:04.2829520Z] generation: gen2 LongSum
Value: 6
(2025-09-20T11:49:04.1546510Z, 2025-09-20T11:49:04.2829520Z] generation: gen1 LongSum
Value: 13
(2025-09-20T11:49:04.1546510Z, 2025-09-20T11:49:04.2829520Z] generation: gen0 LongSum
Value: 19

Metric Name: process.runtime.dotnet.gc.objects.size, Count of bytes currently in use by objects in the GC heap that haven't been collected yet. Fragmentation and other GC committed memory pools are excluded., Unit: bytes, Meter: OpenTelemetry.Instrumentation.Runtime/1.9.0
(2025-09-20T11:49:04.1546560Z, 2025-09-20T11:49:04.2829520Z] LongSumNonMonotonic
Value: 200510608

Metric Name: process.runtime.dotnet.gc.allocations.size, Count of bytes allocated on the managed GC heap since the process start. .NET objects are allocated from this heap. Object allocations from unmanaged languages such as C/C++ do not use this heap., Unit: bytes, Meter: OpenTelemetry.Instrumentation.Runtime/1.9.0
(2025-09-20T11:49:04.1546600Z, 2025-09-20T11:49:04.2829520Z] LongSum
Value: 728001488

Metric Name: process.runtime.dotnet.gc.committed_memory.size, The amount of committed virtual memory for the managed GC heap, as observed during the latest garbage collection. Committed virtual memory may be larger than the heap size because it includes both memory for storing existing objects (the heap size) and some extra memory that is ready to handle newly allocated objects in the future. The value will be unavailable until at least one garbage collection has occurred., Unit: bytes, Meter: OpenTelemetry.Instrumentation.Runtime/1.9.0
(2025-09-20T11:49:04.1546630Z, 2025-09-20T11:49:04.2829520Z] LongSumNonMonotonic
Value: 181616640

Metric Name: process.runtime.dotnet.gc.heap.size, The heap size (including fragmentation), as observed during the latest garbage collection. The value will be unavailable until at least one garbage collection has occurred., Unit: bytes, Meter: OpenTelemetry.Instrumentation.Runtime/1.9.0
(2025-09-20T11:49:04.1546670Z, 2025-09-20T11:49:04.2829530Z] generation: gen0 LongSumNonMonotonic
Value: 6094552
(2025-09-20T11:49:04.1546670Z, 2025-09-20T11:49:04.2829530Z] generation: gen1 LongSumNonMonotonic
Value: 7024128
(2025-09-20T11:49:04.1546670Z, 2025-09-20T11:49:04.2829530Z] generation: gen2 LongSumNonMonotonic
Value: 49179736
(2025-09-20T11:49:04.1546670Z, 2025-09-20T11:49:04.2829530Z] generation: loh LongSumNonMonotonic
Value: 117210112
(2025-09-20T11:49:04.1546670Z, 2025-09-20T11:49:04.2829530Z] generation: poh LongSumNonMonotonic
Value: 262336

Metric Name: process.runtime.dotnet.gc.heap.fragmentation.size, The heap fragmentation, as observed during the latest garbage collection. The value will be unavailable until at least one garbage collection has occurred., Unit: bytes, Meter: OpenTelemetry.Instrumentation.Runtime/1.9.0
(2025-09-20T11:49:04.1546700Z, 2025-09-20T11:49:04.2829530Z] generation: gen0 LongSumNonMonotonic
Value: 6094208
(2025-09-20T11:49:04.1546700Z, 2025-09-20T11:49:04.2829530Z] generation: gen1 LongSumNonMonotonic
Value: 93024
(2025-09-20T11:49:04.1546700Z, 2025-09-20T11:49:04.2829530Z] generation: gen2 LongSumNonMonotonic
Value: 633240
(2025-09-20T11:49:04.1546700Z, 2025-09-20T11:49:04.2829530Z] generation: loh LongSumNonMonotonic
Value: 32589696
(2025-09-20T11:49:04.1546700Z, 2025-09-20T11:49:04.2829530Z] generation: poh LongSumNonMonotonic
Value: 0

Metric Name: process.runtime.dotnet.gc.duration, The total amount of time paused in GC since the process start., Unit: ns, Meter: OpenTelemetry.Instrumentation.Runtime/1.9.0
(2025-09-20T11:49:04.1546730Z, 2025-09-20T11:49:04.2829530Z] LongSum
Value: 206105000

Metric Name: process.runtime.dotnet.jit.il_compiled.size, Count of bytes of intermediate language that have been compiled since the process start., Unit: bytes, Meter: OpenTelemetry.Instrumentation.Runtime/1.9.0
(2025-09-20T11:49:04.1546760Z, 2025-09-20T11:49:04.2829530Z] LongSum
Value: 3073039

Metric Name: process.runtime.dotnet.jit.methods_compiled.count, The number of times the JIT compiler compiled a method since the process start. The JIT compiler may be invoked multiple times for the same method to compile with different generic parameters, or because tiered compilation requested different optimization settings., Meter: OpenTelemetry.Instrumentation.Runtime/1.9.0
(2025-09-20T11:49:04.1546810Z, 2025-09-20T11:49:04.2829530Z] LongSum
Value: 37461

Metric Name: process.runtime.dotnet.jit.compilation_time, The amount of time the JIT compiler has spent compiling methods since the process start., Unit: ns, Meter: OpenTelemetry.Instrumentation.Runtime/1.9.0
(2025-09-20T11:49:04.1546840Z, 2025-09-20T11:49:04.2829740Z] LongSum
Value: 4679761300

Metric Name: process.runtime.dotnet.monitor.lock_contention.count, The number of times there was contention when trying to acquire a monitor lock since the process start. Monitor locks are commonly acquired by using the lock keyword in C#, or by calling Monitor.Enter() and Monitor.TryEnter()., Meter: OpenTelemetry.Instrumentation.Runtime/1.9.0
(2025-09-20T11:49:04.1546880Z, 2025-09-20T11:49:04.2829750Z] LongSum
Value: 38

Metric Name: process.runtime.dotnet.thread_pool.threads.count, The number of thread pool threads that currently exist., Meter: OpenTelemetry.Instrumentation.Runtime/1.9.0
(2025-09-20T11:49:04.1546910Z, 2025-09-20T11:49:04.2829750Z] LongSumNonMonotonic
Value: 7

Metric Name: process.runtime.dotnet.thread_pool.completed_items.count, The number of work items that have been processed by the thread pool since the process start., Meter: OpenTelemetry.Instrumentation.Runtime/1.9.0
(2025-09-20T11:49:04.1546940Z, 2025-09-20T11:49:04.2829750Z] LongSum
Value: 1498

Metric Name: process.runtime.dotnet.thread_pool.queue.length, The number of work items that are currently queued to be processed by the thread pool., Meter: OpenTelemetry.Instrumentation.Runtime/1.9.0
(2025-09-20T11:49:04.1546980Z, 2025-09-20T11:49:04.2829750Z] LongSumNonMonotonic
Value: 0

Metric Name: process.runtime.dotnet.timer.count, The number of timer instances that are currently active. Timers can be created by many sources such as System.Threading.Timer, Task.Delay, or the timeout in a CancellationSource. An active timer is registered to tick at some point in the future and has not yet been canceled., Meter: OpenTelemetry.Instrumentation.Runtime/1.9.0
(2025-09-20T11:49:04.1547010Z, 2025-09-20T11:49:04.2829750Z] LongSumNonMonotonic
Value: 6

Metric Name: process.runtime.dotnet.assemblies.count, The number of .NET assemblies that are currently loaded., Meter: OpenTelemetry.Instrumentation.Runtime/1.9.0
(2025-09-20T11:49:04.1547040Z, 2025-09-20T11:49:04.2829750Z] LongSumNonMonotonic
Value: 206

Metric Name: http.server.active_requests, Number of active HTTP server requests., Unit: {request}, Meter: Microsoft.AspNetCore.Hosting
(2025-09-20T11:49:04.1547570Z, 2025-09-20T11:49:04.2829810Z] http.request.method: GET url.scheme: http LongSumNonMonotonic
Value: 0

Metric Name: http.server.request.duration, Duration of HTTP server requests., Unit: s, Meter: Microsoft.AspNetCore.Hosting
(2025-09-20T11:49:04.1547600Z, 2025-09-20T11:49:04.2829820Z] http.request.method: GET http.response.status_code: 200 http.route: /api/notifications/{id:guid}/resends network.protocol.version: 1.1 url.scheme: http Histogram
Value: Sum: 0.0723357 Count: 2 Min: 0.0054447 Max: 0.066891 
(-Infinity,0.005]:0
(0.005,0.01]:1
(0.01,0.025]:0
(0.025,0.05]:0
(0.05,0.075]:1
(0.075,0.1]:0
(0.1,0.25]:0
(0.25,0.5]:0
(0.5,0.75]:0
(0.75,1]:0
(1,2.5]:0
(2.5,5]:0
(5,7.5]:0
(7.5,10]:0
(10,+Infinity]:0


Metric Name: aspnetcore.routing.match_attempts, Number of requests that were attempted to be matched to an endpoint., Unit: {match_attempt}, Meter: Microsoft.AspNetCore.Routing
(2025-09-20T11:49:04.2025280Z, 2025-09-20T11:49:04.2829820Z] aspnetcore.routing.is_fallback: false aspnetcore.routing.match_status: success http.route: /api/notifications/{id:guid}/resends LongSum
Value: 2
[Startup] Warning: failed to ensure app.notification_dedupes exists: Relational-specific methods can only be used when the context is using a relational database provider.
info: Endpoints.V1[0]
      [MapV1Endpoints] Environment='Development' IsDevelopment=True
LogRecord.Timestamp:               2025-09-20T11:49:04.3556370Z
LogRecord.CategoryName:            Endpoints.V1
LogRecord.Severity:                Info
LogRecord.SeverityText:            Information
LogRecord.FormattedMessage:        [MapV1Endpoints] Environment='Development' IsDevelopment=True
LogRecord.Body:                    [MapV1Endpoints] Environment='{Env}' IsDevelopment={IsDev}
LogRecord.Attributes (Key:Value):
    Env: Development
    IsDev: true
    OriginalFormat (a.k.a Body): [MapV1Endpoints] Environment='{Env}' IsDevelopment={IsDev}

Resource associated with LogRecord:
service.name: Appostolic.Api
service.instance.id: cfc7ce07-e6a4-4518-a7e3-7e4ff99e6a9f
telemetry.sdk.name: opentelemetry
telemetry.sdk.language: dotnet
telemetry.sdk.version: 1.9.0

info: Microsoft.AspNetCore.DataProtection.KeyManagement.XmlKeyManager[62]
      User profile is available. Using '/Users/kevinmccreary/.aspnet/DataProtection-Keys' as key repository; keys will not be encrypted at rest.
LogRecord.Timestamp:               2025-09-20T11:49:04.3560490Z
LogRecord.CategoryName:            Microsoft.AspNetCore.DataProtection.KeyManagement.XmlKeyManager
LogRecord.Severity:                Info
LogRecord.SeverityText:            Information
LogRecord.FormattedMessage:        User profile is available. Using '/Users/kevinmccreary/.aspnet/DataProtection-Keys' as key repository; keys will not be encrypted at rest.
LogRecord.Body:                    User profile is available. Using '{FullName}' as key repository; keys will not be encrypted at rest.
LogRecord.Attributes (Key:Value):
    FullName: /Users/kevinmccreary/.aspnet/DataProtection-Keys
    OriginalFormat (a.k.a Body): User profile is available. Using '{FullName}' as key repository; keys will not be encrypted at rest.
LogRecord.EventId:                 62
LogRecord.EventName:               UsingProfileAsKeyRepository

Resource associated with LogRecord:
service.name: Appostolic.Api
service.instance.id: cfc7ce07-e6a4-4518-a7e3-7e4ff99e6a9f
telemetry.sdk.name: opentelemetry
telemetry.sdk.language: dotnet
telemetry.sdk.version: 1.9.0

info: Appostolic.Api.App.Notifications.AutoResendHostedService[0]
      AutoResend is disabled by configuration
LogRecord.Timestamp:               2025-09-20T11:49:04.3571620Z
LogRecord.CategoryName:            Appostolic.Api.App.Notifications.AutoResendHostedService
LogRecord.Severity:                Info
LogRecord.SeverityText:            Information
LogRecord.FormattedMessage:        AutoResend is disabled by configuration
LogRecord.Body:                    AutoResend is disabled by configuration
LogRecord.Attributes (Key:Value):
    OriginalFormat (a.k.a Body): AutoResend is disabled by configuration

Resource associated with LogRecord:
service.name: Appostolic.Api
service.instance.id: cfc7ce07-e6a4-4518-a7e3-7e4ff99e6a9f
telemetry.sdk.name: opentelemetry
telemetry.sdk.language: dotnet
telemetry.sdk.version: 1.9.0

LogRecord.Timestamp:               2025-09-20T11:49:04.4633000Z
LogRecord.TraceId:                 dd6d1f6d81b1520d2480f9dc8e55953a
LogRecord.SpanId:                  1e91d4f6c0dfdb4c
LogRecord.TraceFlags:              Recorded
LogRecord.CategoryName:            Microsoft.AspNetCore.Http.Result.CreatedResult
info: Microsoft.AspNetCore.Http.Result.CreatedResult[1]
      Setting HTTP status code 201.
LogRecord.Severity:                Info
LogRecord.SeverityText:            Information
LogRecord.FormattedMessage:        Setting HTTP status code 201.
LogRecord.Body:                    Setting HTTP status code {StatusCode}.
LogRecord.Attributes (Key:Value):
    StatusCode: 201
    OriginalFormat (a.k.a Body): Setting HTTP status code {StatusCode}.
LogRecord.EventId:                 1
LogRecord.EventName:               WritingResultAsStatusCode

Resource associated with LogRecord:
service.name: Appostolic.Api
service.instance.id: cfc7ce07-e6a4-4518-a7e3-7e4ff99e6a9f
telemetry.sdk.name: opentelemetry
telemetry.sdk.language: dotnet
telemetry.sdk.version: 1.9.0

LogRecord.Timestamp:               2025-09-20T11:49:04.4635230Z
LogRecord.TraceId:                 dd6d1f6d81b1520d2480f9dc8e55953a
info: Microsoft.AspNetCore.Http.Result.CreatedResult[3]
      Writing value of type '<>f__AnonymousType11`1' as Json.
LogRecord.SpanId:                  1e91d4f6c0dfdb4c
LogRecord.TraceFlags:              Recorded
LogRecord.CategoryName:            Microsoft.AspNetCore.Http.Result.CreatedResult
LogRecord.Severity:                Info
LogRecord.SeverityText:            Information
LogRecord.FormattedMessage:        Writing value of type '<>f__AnonymousType11`1' as Json.
LogRecord.Body:                    Writing value of type '{Type}' as Json.
LogRecord.Attributes (Key:Value):
    Type: <>f__AnonymousType11`1
    OriginalFormat (a.k.a Body): Writing value of type '{Type}' as Json.
LogRecord.EventId:                 3
LogRecord.EventName:               WritingResultAsJson

Resource associated with LogRecord:
service.name: Appostolic.Api
service.instance.id: cfc7ce07-e6a4-4518-a7e3-7e4ff99e6a9f
telemetry.sdk.name: opentelemetry
telemetry.sdk.language: dotnet
telemetry.sdk.version: 1.9.0

Activity.TraceId:            dd6d1f6d81b1520d2480f9dc8e55953a
Activity.SpanId:             1e91d4f6c0dfdb4c
Activity.TraceFlags:         Recorded
Activity.ActivitySourceName: Microsoft.AspNetCore
Activity.DisplayName:        POST /api/dev/notifications/{id:guid}/resend
Activity.Kind:               Server
Activity.StartTime:          2025-09-20T11:49:04.4128730Z
Activity.Duration:           00:00:00.0510280
Activity.Tags:
    server.address: localhost
    http.request.method: POST
    url.scheme: http
    url.path: /api/dev/notifications/17fb4c73-6e30-4c38-97a8-ad550aa24e49/resend
    network.protocol.version: 1.1
    tenant: kevin-personal
    user: kevin@example.com
    http.route: /api/dev/notifications/{id:guid}/resend
    http.response.status_code: 201
Resource associated with Activity:
    service.name: Appostolic.Api
    service.instance.id: cfc7ce07-e6a4-4518-a7e3-7e4ff99e6a9f
    telemetry.sdk.name: opentelemetry
    telemetry.sdk.language: dotnet
    telemetry.sdk.version: 1.9.0

LogRecord.Timestamp:               2025-09-20T11:49:04.4812750Z
LogRecord.TraceId:                 5d62d0feccd3145c78092bd0644ffee8
LogRecord.SpanId:                  e6e19234a2302c08
info: Microsoft.AspNetCore.Http.Result.OkObjectResult[1]
      Setting HTTP status code 200.
LogRecord.TraceFlags:              Recorded
LogRecord.CategoryName:            Microsoft.AspNetCore.Http.Result.OkObjectResult
LogRecord.Severity:                Info
LogRecord.SeverityText:            Information
LogRecord.FormattedMessage:        Setting HTTP status code 200.
LogRecord.Body:                    Setting HTTP status code {StatusCode}.
LogRecord.Attributes (Key:Value):
    StatusCode: 200
    OriginalFormat (a.k.a Body): Setting HTTP status code {StatusCode}.
LogRecord.EventId:                 1
LogRecord.EventName:               WritingResultAsStatusCode

Resource associated with LogRecord:
service.name: Appostolic.Api
service.instance.id: cfc7ce07-e6a4-4518-a7e3-7e4ff99e6a9f
telemetry.sdk.name: opentelemetry
telemetry.sdk.language: dotnet
telemetry.sdk.version: 1.9.0

LogRecord.Timestamp:               2025-09-20T11:49:04.4817840Z
info: Microsoft.AspNetCore.Http.Result.OkObjectResult[3]
      Writing value of type 'BulkResendResult' as Json.
LogRecord.TraceId:                 5d62d0feccd3145c78092bd0644ffee8
LogRecord.SpanId:                  e6e19234a2302c08
LogRecord.TraceFlags:              Recorded
LogRecord.CategoryName:            Microsoft.AspNetCore.Http.Result.OkObjectResult
LogRecord.Severity:                Info
LogRecord.SeverityText:            Information
LogRecord.FormattedMessage:        Writing value of type 'BulkResendResult' as Json.
LogRecord.Body:                    Writing value of type '{Type}' as Json.
LogRecord.Attributes (Key:Value):
    Type: BulkResendResult
    OriginalFormat (a.k.a Body): Writing value of type '{Type}' as Json.
LogRecord.EventId:                 3
LogRecord.EventName:               WritingResultAsJson

Resource associated with LogRecord:
service.name: Appostolic.Api
service.instance.id: cfc7ce07-e6a4-4518-a7e3-7e4ff99e6a9f
telemetry.sdk.name: opentelemetry
telemetry.sdk.language: dotnet
telemetry.sdk.version: 1.9.0

Activity.TraceId:            5d62d0feccd3145c78092bd0644ffee8
Activity.SpanId:             e6e19234a2302c08
Activity.TraceFlags:         Recorded
Activity.ActivitySourceName: Microsoft.AspNetCore
Activity.DisplayName:        POST /api/notifications/resend-bulk
Activity.Kind:               Server
Activity.StartTime:          2025-09-20T11:49:04.4650670Z
Activity.Duration:           00:00:00.0172260
Activity.Tags:
    server.address: localhost
    http.request.method: POST
    url.scheme: http
    url.path: /api/notifications/resend-bulk
    network.protocol.version: 1.1
    tenant: kevin-personal
    user: kevin@example.com
    http.route: /api/notifications/resend-bulk
    http.response.status_code: 200
Resource associated with Activity:
    service.name: Appostolic.Api
    service.instance.id: cfc7ce07-e6a4-4518-a7e3-7e4ff99e6a9f
    telemetry.sdk.name: opentelemetry
    telemetry.sdk.language: dotnet
    telemetry.sdk.version: 1.9.0

Resource associated with Metric:
    service.name: Appostolic.Api
    service.instance.id: cfc7ce07-e6a4-4518-a7e3-7e4ff99e6a9f
    telemetry.sdk.name: opentelemetry
    telemetry.sdk.language: dotnet
    telemetry.sdk.version: 1.9.0

Metric Name: process.runtime.dotnet.gc.collections.count, Number of garbage collections that have occurred since process start., Meter: OpenTelemetry.Instrumentation.Runtime/1.9.0
(2025-09-20T11:49:04.3564840Z, 2025-09-20T11:49:04.4836470Z] generation: gen2 LongSum
Value: 6
(2025-09-20T11:49:04.3564840Z, 2025-09-20T11:49:04.4836470Z] generation: gen1 LongSum
Value: 13
(2025-09-20T11:49:04.3564840Z, 2025-09-20T11:49:04.4836470Z] generation: gen0 LongSum
Value: 20

Metric Name: process.runtime.dotnet.gc.objects.size, Count of bytes currently in use by objects in the GC heap that haven't been collected yet. Fragmentation and other GC committed memory pools are excluded., Unit: bytes, Meter: OpenTelemetry.Instrumentation.Runtime/1.9.0
(2025-09-20T11:49:04.3564890Z, 2025-09-20T11:49:04.4836470Z] LongSumNonMonotonic
Value: 210424608

Metric Name: process.runtime.dotnet.gc.allocations.size, Count of bytes allocated on the managed GC heap since the process start. .NET objects are allocated from this heap. Object allocations from unmanaged languages such as C/C++ do not use this heap., Unit: bytes, Meter: OpenTelemetry.Instrumentation.Runtime/1.9.0
(2025-09-20T11:49:04.3564930Z, 2025-09-20T11:49:04.4836480Z] LongSum
Value: 741485296

Metric Name: process.runtime.dotnet.gc.committed_memory.size, The amount of committed virtual memory for the managed GC heap, as observed during the latest garbage collection. Committed virtual memory may be larger than the heap size because it includes both memory for storing existing objects (the heap size) and some extra memory that is ready to handle newly allocated objects in the future. The value will be unavailable until at least one garbage collection has occurred., Unit: bytes, Meter: OpenTelemetry.Instrumentation.Runtime/1.9.0
(2025-09-20T11:49:04.3564970Z, 2025-09-20T11:49:04.4836480Z] LongSumNonMonotonic
Value: 182665216

Metric Name: process.runtime.dotnet.gc.heap.size, The heap size (including fragmentation), as observed during the latest garbage collection. The value will be unavailable until at least one garbage collection has occurred., Unit: bytes, Meter: OpenTelemetry.Instrumentation.Runtime/1.9.0
(2025-09-20T11:49:04.3565010Z, 2025-09-20T11:49:04.4836480Z] generation: gen0 LongSumNonMonotonic
Value: 6059104
(2025-09-20T11:49:04.3565010Z, 2025-09-20T11:49:04.4836480Z] generation: gen1 LongSumNonMonotonic
Value: 9377272
(2025-09-20T11:49:04.3565010Z, 2025-09-20T11:49:04.4836480Z] generation: gen2 LongSumNonMonotonic
Value: 49179736
(2025-09-20T11:49:04.3565010Z, 2025-09-20T11:49:04.4836480Z] generation: loh LongSumNonMonotonic
Value: 117210112
(2025-09-20T11:49:04.3565010Z, 2025-09-20T11:49:04.4836480Z] generation: poh LongSumNonMonotonic
Value: 262336

Metric Name: process.runtime.dotnet.gc.heap.fragmentation.size, The heap fragmentation, as observed during the latest garbage collection. The value will be unavailable until at least one garbage collection has occurred., Unit: bytes, Meter: OpenTelemetry.Instrumentation.Runtime/1.9.0
(2025-09-20T11:49:04.3565040Z, 2025-09-20T11:49:04.4836480Z] generation: gen0 LongSumNonMonotonic
Value: 6058272
(2025-09-20T11:49:04.3565040Z, 2025-09-20T11:49:04.4836480Z] generation: gen1 LongSumNonMonotonic
Value: 124608
(2025-09-20T11:49:04.3565040Z, 2025-09-20T11:49:04.4836480Z] generation: gen2 LongSumNonMonotonic
Value: 633240
(2025-09-20T11:49:04.3565040Z, 2025-09-20T11:49:04.4836480Z] generation: loh LongSumNonMonotonic
Value: 27858296
(2025-09-20T11:49:04.3565040Z, 2025-09-20T11:49:04.4836480Z] generation: poh LongSumNonMonotonic
Value: 0

Metric Name: process.runtime.dotnet.gc.duration, The total amount of time paused in GC since the process start., Unit: ns, Meter: OpenTelemetry.Instrumentation.Runtime/1.9.0
(2025-09-20T11:49:04.3565080Z, 2025-09-20T11:49:04.4836480Z] LongSum
Value: 212106000

Metric Name: process.runtime.dotnet.jit.il_compiled.size, Count of bytes of intermediate language that have been compiled since the process start., Unit: bytes, Meter: OpenTelemetry.Instrumentation.Runtime/1.9.0
(2025-09-20T11:49:04.3565110Z, 2025-09-20T11:49:04.4836480Z] LongSum
Value: 3109217

Metric Name: process.runtime.dotnet.jit.methods_compiled.count, The number of times the JIT compiler compiled a method since the process start. The JIT compiler may be invoked multiple times for the same method to compile with different generic parameters, or because tiered compilation requested different optimization settings., Meter: OpenTelemetry.Instrumentation.Runtime/1.9.0
(2025-09-20T11:49:04.3565160Z, 2025-09-20T11:49:04.4836480Z] LongSum
Value: 37718

Metric Name: process.runtime.dotnet.jit.compilation_time, The amount of time the JIT compiler has spent compiling methods since the process start., Unit: ns, Meter: OpenTelemetry.Instrumentation.Runtime/1.9.0
(2025-09-20T11:49:04.3565190Z, 2025-09-20T11:49:04.4836490Z] LongSum
Value: 4774513400

Metric Name: process.runtime.dotnet.monitor.lock_contention.count, The number of times there was contention when trying to acquire a monitor lock since the process start. Monitor locks are commonly acquired by using the lock keyword in C#, or by calling Monitor.Enter() and Monitor.TryEnter()., Meter: OpenTelemetry.Instrumentation.Runtime/1.9.0
(2025-09-20T11:49:04.3565220Z, 2025-09-20T11:49:04.4836490Z] LongSum
Value: 39

Metric Name: process.runtime.dotnet.thread_pool.threads.count, The number of thread pool threads that currently exist., Meter: OpenTelemetry.Instrumentation.Runtime/1.9.0
(2025-09-20T11:49:04.3565250Z, 2025-09-20T11:49:04.4836490Z] LongSumNonMonotonic
Value: 7

Metric Name: process.runtime.dotnet.thread_pool.completed_items.count, The number of work items that have been processed by the thread pool since the process start., Meter: OpenTelemetry.Instrumentation.Runtime/1.9.0
(2025-09-20T11:49:04.3565280Z, 2025-09-20T11:49:04.4836490Z] LongSum
Value: 1523

Metric Name: process.runtime.dotnet.thread_pool.queue.length, The number of work items that are currently queued to be processed by the thread pool., Meter: OpenTelemetry.Instrumentation.Runtime/1.9.0
(2025-09-20T11:49:04.3565310Z, 2025-09-20T11:49:04.4836490Z] LongSumNonMonotonic
Value: 0

Metric Name: process.runtime.dotnet.timer.count, The number of timer instances that are currently active. Timers can be created by many sources such as System.Threading.Timer, Task.Delay, or the timeout in a CancellationSource. An active timer is registered to tick at some point in the future and has not yet been canceled., Meter: OpenTelemetry.Instrumentation.Runtime/1.9.0
(2025-09-20T11:49:04.3565350Z, 2025-09-20T11:49:04.4836490Z] LongSumNonMonotonic
Value: 6

Metric Name: process.runtime.dotnet.assemblies.count, The number of .NET assemblies that are currently loaded., Meter: OpenTelemetry.Instrumentation.Runtime/1.9.0
(2025-09-20T11:49:04.3565380Z, 2025-09-20T11:49:04.4836490Z] LongSumNonMonotonic
Value: 206

Metric Name: email.resend.total, Total resends initiated, tagged by mode/outcome., Unit: {email}, Meter: Appostolic.Metrics
(2025-09-20T11:49:04.3565700Z, 2025-09-20T11:49:04.4836520Z] kind: Verification mode: manual outcome: created tenant_scope: dev LongSum
Value: 1
(2025-09-20T11:49:04.3565700Z, 2025-09-20T11:49:04.4836520Z] kind: Verification mode: bulk outcome: throttled tenant_scope: self LongSum
Value: 1

Metric Name: email.resend.throttled.total, Total resends that were throttled by policy., Unit: {email}, Meter: Appostolic.Metrics
(2025-09-20T11:49:04.3565730Z, 2025-09-20T11:49:04.4836520Z] kind: Verification mode: bulk outcome: throttled tenant_scope: self LongSum
Value: 1

Metric Name: email.resend.batch.size, Batch size for bulk resend requests., Unit: {email}, Meter: Appostolic.Metrics
(2025-09-20T11:49:04.3565770Z, 2025-09-20T11:49:04.4836530Z] kind: Verification tenant_scope: self Histogram
Value: Sum: 1 Count: 1 Min: 1 Max: 1 
(-Infinity,0]:0
(0,5]:1
(5,10]:0
(10,25]:0
(25,50]:0
(50,75]:0
(75,100]:0
(100,250]:0
(250,500]:0
(500,750]:0
(750,1000]:0
(1000,2500]:0
(2500,5000]:0
(5000,7500]:0
(7500,10000]:0
(10000,+Infinity]:0


Metric Name: http.server.active_requests, Number of active HTTP server requests., Unit: {request}, Meter: Microsoft.AspNetCore.Hosting
(2025-09-20T11:49:04.3565890Z, 2025-09-20T11:49:04.4836540Z] http.request.method: POST url.scheme: http LongSumNonMonotonic
Value: 0

Metric Name: http.server.request.duration, Duration of HTTP server requests., Unit: s, Meter: Microsoft.AspNetCore.Hosting
(2025-09-20T11:49:04.3565920Z, 2025-09-20T11:49:04.4836550Z] http.request.method: POST http.response.status_code: 201 http.route: /api/dev/notifications/{id:guid}/resend network.protocol.version: 1.1 url.scheme: http Histogram
Value: Sum: 0.0510485 Count: 1 Min: 0.0510485 Max: 0.0510485 
(-Infinity,0.005]:0
(0.005,0.01]:0
(0.01,0.025]:0
(0.025,0.05]:0
(0.05,0.075]:1
(0.075,0.1]:0
(0.1,0.25]:0
(0.25,0.5]:0
(0.5,0.75]:0
(0.75,1]:0
(1,2.5]:0
(2.5,5]:0
(5,7.5]:0
(7.5,10]:0
(10,+Infinity]:0

(2025-09-20T11:49:04.3565920Z, 2025-09-20T11:49:04.4836550Z] http.request.method: POST http.response.status_code: 200 http.route: /api/notifications/resend-bulk network.protocol.version: 1.1 url.scheme: http Histogram
Value: Sum: 0.0172171 Count: 1 Min: 0.0172171 Max: 0.0172171 
(-Infinity,0.005]:0
(0.005,0.01]:0
(0.01,0.025]:1
(0.025,0.05]:0
(0.05,0.075]:0
(0.075,0.1]:0
(0.1,0.25]:0
(0.25,0.5]:0
(0.5,0.75]:0
(0.75,1]:0
(1,2.5]:0
(2.5,5]:0
(5,7.5]:0
(7.5,10]:0
(10,+Infinity]:0


Metric Name: aspnetcore.routing.match_attempts, Number of requests that were attempted to be matched to an endpoint., Unit: {match_attempt}, Meter: Microsoft.AspNetCore.Routing
(2025-09-20T11:49:04.4112630Z, 2025-09-20T11:49:04.4836560Z] aspnetcore.routing.is_fallback: false aspnetcore.routing.match_status: success http.route: /api/dev/notifications/{id:guid}/resend LongSum
Value: 1
(2025-09-20T11:49:04.4112630Z, 2025-09-20T11:49:04.4836560Z] aspnetcore.routing.is_fallback: false aspnetcore.routing.match_status: success http.route: /api/notifications/resend-bulk LongSum
Value: 1
[Startup] Warning: failed to ensure app.notification_dedupes exists: Relational-specific methods can only be used when the context is using a relational database provider.
info: Endpoints.V1[0]
      [MapV1Endpoints] Environment='Development' IsDevelopment=True
LogRecord.Timestamp:               2025-09-20T11:49:04.5620630Z
LogRecord.CategoryName:            Endpoints.V1
LogRecord.Severity:                Info
LogRecord.SeverityText:            Information
LogRecord.FormattedMessage:        [MapV1Endpoints] Environment='Development' IsDevelopment=True
LogRecord.Body:                    [MapV1Endpoints] Environment='{Env}' IsDevelopment={IsDev}
LogRecord.Attributes (Key:Value):
    Env: Development
    IsDev: true
    OriginalFormat (a.k.a Body): [MapV1Endpoints] Environment='{Env}' IsDevelopment={IsDev}

Resource associated with LogRecord:
service.name: Appostolic.Api
service.instance.id: cfc7ce07-e6a4-4518-a7e3-7e4ff99e6a9f
telemetry.sdk.name: opentelemetry
telemetry.sdk.language: dotnet
telemetry.sdk.version: 1.9.0

info: Microsoft.AspNetCore.DataProtection.KeyManagement.XmlKeyManager[62]
      User profile is available. Using '/Users/kevinmccreary/.aspnet/DataProtection-Keys' as key repository; keys will not be encrypted at rest.
LogRecord.Timestamp:               2025-09-20T11:49:04.5627000Z
LogRecord.CategoryName:            Microsoft.AspNetCore.DataProtection.KeyManagement.XmlKeyManager
LogRecord.Severity:                Info
LogRecord.SeverityText:            Information
LogRecord.FormattedMessage:        User profile is available. Using '/Users/kevinmccreary/.aspnet/DataProtection-Keys' as key repository; keys will not be encrypted at rest.
LogRecord.Body:                    User profile is available. Using '{FullName}' as key repository; keys will not be encrypted at rest.
LogRecord.Attributes (Key:Value):
    FullName: /Users/kevinmccreary/.aspnet/DataProtection-Keys
    OriginalFormat (a.k.a Body): User profile is available. Using '{FullName}' as key repository; keys will not be encrypted at rest.
LogRecord.EventId:                 62
LogRecord.EventName:               UsingProfileAsKeyRepository

Resource associated with LogRecord:
service.name: Appostolic.Api
service.instance.id: cfc7ce07-e6a4-4518-a7e3-7e4ff99e6a9f
telemetry.sdk.name: opentelemetry
telemetry.sdk.language: dotnet
telemetry.sdk.version: 1.9.0

LogRecord.Timestamp:               2025-09-20T11:49:04.5643180Z
info: Appostolic.Api.App.Notifications.AutoResendHostedService[0]
      AutoResend is disabled by configuration
LogRecord.CategoryName:            Appostolic.Api.App.Notifications.AutoResendHostedService
LogRecord.Severity:                Info
LogRecord.SeverityText:            Information
LogRecord.FormattedMessage:        AutoResend is disabled by configuration
LogRecord.Body:                    AutoResend is disabled by configuration
LogRecord.Attributes (Key:Value):
    OriginalFormat (a.k.a Body): AutoResend is disabled by configuration

Resource associated with LogRecord:
service.name: Appostolic.Api
service.instance.id: cfc7ce07-e6a4-4518-a7e3-7e4ff99e6a9f
telemetry.sdk.name: opentelemetry
telemetry.sdk.language: dotnet
telemetry.sdk.version: 1.9.0

LogRecord.Timestamp:               2025-09-20T11:49:04.7219100Z
LogRecord.TraceId:                 add70d4ceeec437aff18cb65293ffd78
LogRecord.SpanId:                  26282aecdb66bc2d
LogRecord.TraceFlags:              Recorded
LogRecord.CategoryName:            Microsoft.AspNetCore.Http.Result.OkObjectResult
LogRecord.Severity:                Info
LogRecord.SeverityText:            Information
LogRecord.FormattedMessage:        Setting HTTP status code 200.
LogRecord.Body:                    Setting HTTP status code {StatusCode}.
LogRecord.Attributes (Key:Value):
    StatusCode: 200
    OriginalFormat (a.k.a Body): Setting HTTP status code {StatusCode}.
LogRecord.EventId:                 1
LogRecord.EventName:               WritingResultAsStatusCode

Resource associated with LogRecord:
service.name: Appostolic.Api
service.instance.id: cfc7ce07-e6a4-4518-a7e3-7e4ff99e6a9f
telemetry.sdk.name: opentelemetry
telemetry.sdk.language: dotnet
telemetry.sdk.version: 1.9.0

LogRecord.Timestamp:               2025-09-20T11:49:04.7222330Z
LogRecord.TraceId:                 add70d4ceeec437aff18cb65293ffd78
LogRecord.SpanId:                  26282aecdb66bc2d
LogRecord.TraceFlags:              Recorded
LogRecord.CategoryName:            Microsoft.AspNetCore.Http.Result.OkObjectResult
LogRecord.Severity:                Info
LogRecord.SeverityText:            Information
LogRecord.FormattedMessage:        Writing value of type 'List`1' as Json.
LogRecord.Body:                    Writing value of type '{Type}' as Json.
LogRecord.Attributes (Key:Value):
    Type: List`1
    OriginalFormat (a.k.a Body): Writing value of type '{Type}' as Json.
LogRecord.EventId:                 3
LogRecord.EventName:               WritingResultAsJson

Resource associated with LogRecord:
service.name: Appostolic.Api
service.instance.id: cfc7ce07-e6a4-4518-a7e3-7e4ff99e6a9f
telemetry.sdk.name: opentelemetry
telemetry.sdk.language: dotnet
telemetry.sdk.version: 1.9.0

info: Microsoft.AspNetCore.Http.Result.OkObjectResult[1]
      Setting HTTP status code 200.
info: Microsoft.AspNetCore.Http.Result.OkObjectResult[3]
      Writing value of type 'List`1' as Json.
Activity.TraceId:            add70d4ceeec437aff18cb65293ffd78
Activity.SpanId:             26282aecdb66bc2d
Activity.TraceFlags:         Recorded
Activity.ActivitySourceName: Microsoft.AspNetCore
Activity.DisplayName:        GET /api/notifications/dlq
Activity.Kind:               Server
Activity.StartTime:          2025-09-20T11:49:04.6482650Z
Activity.Duration:           00:00:00.0775830
Activity.Tags:
    server.address: localhost
    url.query: ?take=Redacted
    http.request.method: GET
    url.scheme: http
    url.path: /api/notifications/dlq
    network.protocol.version: 1.1
    tenant: kevin-personal
    user: kevin@example.com
    http.route: /api/notifications/dlq
    http.response.status_code: 200
Resource associated with Activity:
    service.name: Appostolic.Api
    service.instance.id: cfc7ce07-e6a4-4518-a7e3-7e4ff99e6a9f
    telemetry.sdk.name: opentelemetry
    telemetry.sdk.language: dotnet
    telemetry.sdk.version: 1.9.0

LogRecord.Timestamp:               2025-09-20T11:49:04.7331430Z
LogRecord.TraceId:                 85d4bb5ab8c9dd2fb67ff5adc0000bcc
LogRecord.SpanId:                  568db5767f91e4e1
LogRecord.TraceFlags:              Recorded
LogRecord.CategoryName:            Microsoft.AspNetCore.Http.Result.OkObjectResult
LogRecord.Severity:                Info
LogRecord.SeverityText:            Information
LogRecord.FormattedMessage:        Setting HTTP status code 200.
LogRecord.Body:                    Setting HTTP status code {StatusCode}.
LogRecord.Attributes (Key:Value):
    StatusCode: 200
    OriginalFormat (a.k.a Body): Setting HTTP status code {StatusCode}.
LogRecord.EventId:                 1
LogRecord.EventName:               WritingResultAsStatusCode

Resource associated with LogRecord:
service.name: Appostolic.Api
service.instance.id: cfc7ce07-e6a4-4518-a7e3-7e4ff99e6a9f
telemetry.sdk.name: opentelemetry
telemetry.sdk.language: dotnet
telemetry.sdk.version: 1.9.0

LogRecord.Timestamp:               2025-09-20T11:49:04.7331860Z
LogRecord.TraceId:                 85d4bb5ab8c9dd2fb67ff5adc0000bcc
LogRecord.SpanId:                  568db5767f91e4e1
LogRecord.TraceFlags:              Recorded
LogRecord.CategoryName:            Microsoft.AspNetCore.Http.Result.OkObjectResult
LogRecord.Severity:                Info
LogRecord.SeverityText:            Information
LogRecord.FormattedMessage:        Writing value of type 'List`1' as Json.
LogRecord.Body:                    Writing value of type '{Type}' as Json.
LogRecord.Attributes (Key:Value):
    Type: List`1
    OriginalFormat (a.k.a Body): Writing value of type '{Type}' as Json.
LogRecord.EventId:                 3
LogRecord.EventName:               WritingResultAsJson

Resource associated with LogRecord:
service.name: Appostolic.Api
service.instance.id: cfc7ce07-e6a4-4518-a7e3-7e4ff99e6a9f
telemetry.sdk.name: opentelemetry
telemetry.sdk.language: dotnet
telemetry.sdk.version: 1.9.0

Activity.TraceId:            85d4bb5ab8c9dd2fb67ff5adc0000bcc
Activity.SpanId:             568db5767f91e4e1
Activity.TraceFlags:         Recorded
Activity.ActivitySourceName: Microsoft.AspNetCore
Activity.DisplayName:        GET /api/notifications/dlq
Activity.Kind:               Server
Activity.StartTime:          2025-09-20T11:49:04.7274520Z
Activity.Duration:           00:00:00.0058350
Activity.Tags:
    server.address: localhost
    url.query: ?status=Redacted
    http.request.method: GET
    url.scheme: http
    url.path: /api/notifications/dlq
    network.protocol.version: 1.1
    tenant: kevin-personal
    user: kevin@example.com
    http.route: /api/notifications/dlq
    http.response.status_code: 200
Resource associated with Activity:
    service.name: Appostolic.Api
    service.instance.id: cfc7ce07-e6a4-4518-a7e3-7e4ff99e6a9f
    telemetry.sdk.name: opentelemetry
    telemetry.sdk.language: dotnet
    telemetry.sdk.version: 1.9.0

Resource associated with Metric:
    service.name: Appostolic.Api
    service.instance.id: cfc7ce07-e6a4-4518-a7e3-7e4ff99e6a9f
    telemetry.sdk.name: opentelemetry
    telemetry.sdk.language: dotnet
    telemetry.sdk.version: 1.9.0

Metric Name: process.runtime.dotnet.gc.collections.count, Number of garbage collections that have occurred since process start., Meter: OpenTelemetry.Instrumentation.Runtime/1.9.0
(2025-09-20T11:49:04.5635850Z, 2025-09-20T11:49:04.7336510Z] generation: gen2 LongSum
Value: 6
(2025-09-20T11:49:04.5635850Z, 2025-09-20T11:49:04.7336510Z] generation: gen1 LongSum
Value: 14
(2025-09-20T11:49:04.5635850Z, 2025-09-20T11:49:04.7336510Z] generation: gen0 LongSum
Value: 20

Metric Name: process.runtime.dotnet.gc.objects.size, Count of bytes currently in use by objects in the GC heap that haven't been collected yet. Fragmentation and other GC committed memory pools are excluded., Unit: bytes, Meter: OpenTelemetry.Instrumentation.Runtime/1.9.0
(2025-09-20T11:49:04.5635920Z, 2025-09-20T11:49:04.7336520Z] LongSumNonMonotonic
Value: 226039528

Metric Name: process.runtime.dotnet.gc.allocations.size, Count of bytes allocated on the managed GC heap since the process start. .NET objects are allocated from this heap. Object allocations from unmanaged languages such as C/C++ do not use this heap., Unit: bytes, Meter: OpenTelemetry.Instrumentation.Runtime/1.9.0
(2025-09-20T11:49:04.5635950Z, 2025-09-20T11:49:04.7336520Z] LongSum
Value: 755035000

Metric Name: process.runtime.dotnet.gc.committed_memory.size, The amount of committed virtual memory for the managed GC heap, as observed during the latest garbage collection. Committed virtual memory may be larger than the heap size because it includes both memory for storing existing objects (the heap size) and some extra memory that is ready to handle newly allocated objects in the future. The value will be unavailable until at least one garbage collection has occurred., Unit: bytes, Meter: OpenTelemetry.Instrumentation.Runtime/1.9.0
(2025-09-20T11:49:04.5635990Z, 2025-09-20T11:49:04.7336520Z] LongSumNonMonotonic
Value: 185024512

Metric Name: process.runtime.dotnet.gc.heap.size, The heap size (including fragmentation), as observed during the latest garbage collection. The value will be unavailable until at least one garbage collection has occurred., Unit: bytes, Meter: OpenTelemetry.Instrumentation.Runtime/1.9.0
(2025-09-20T11:49:04.5636040Z, 2025-09-20T11:49:04.7336520Z] generation: gen0 LongSumNonMonotonic
Value: 24
(2025-09-20T11:49:04.5636040Z, 2025-09-20T11:49:04.7336520Z] generation: gen1 LongSumNonMonotonic
Value: 8402544
(2025-09-20T11:49:04.5636040Z, 2025-09-20T11:49:04.7336520Z] generation: gen2 LongSumNonMonotonic
Value: 58550984
(2025-09-20T11:49:04.5636040Z, 2025-09-20T11:49:04.7336520Z] generation: loh LongSumNonMonotonic
Value: 117210112
(2025-09-20T11:49:04.5636040Z, 2025-09-20T11:49:04.7336520Z] generation: poh LongSumNonMonotonic
Value: 262336

Metric Name: process.runtime.dotnet.gc.heap.fragmentation.size, The heap fragmentation, as observed during the latest garbage collection. The value will be unavailable until at least one garbage collection has occurred., Unit: bytes, Meter: OpenTelemetry.Instrumentation.Runtime/1.9.0
(2025-09-20T11:49:04.5636070Z, 2025-09-20T11:49:04.7336530Z] generation: gen0 LongSumNonMonotonic
Value: 0
(2025-09-20T11:49:04.5636070Z, 2025-09-20T11:49:04.7336530Z] generation: gen1 LongSumNonMonotonic
Value: 6095576
(2025-09-20T11:49:04.5636070Z, 2025-09-20T11:49:04.7336530Z] generation: gen2 LongSumNonMonotonic
Value: 1154816
(2025-09-20T11:49:04.5636070Z, 2025-09-20T11:49:04.7336530Z] generation: loh LongSumNonMonotonic
Value: 22969656
(2025-09-20T11:49:04.5636070Z, 2025-09-20T11:49:04.7336530Z] generation: poh LongSumNonMonotonic
Value: 0

Metric Name: process.runtime.dotnet.gc.duration, The total amount of time paused in GC since the process start., Unit: ns, Meter: OpenTelemetry.Instrumentation.Runtime/1.9.0
(2025-09-20T11:49:04.5636110Z, 2025-09-20T11:49:04.7336530Z] LongSum
Value: 219571000

Metric Name: process.runtime.dotnet.jit.il_compiled.size, Count of bytes of intermediate language that have been compiled since the process start., Unit: bytes, Meter: OpenTelemetry.Instrumentation.Runtime/1.9.0
(2025-09-20T11:49:04.5636150Z, 2025-09-20T11:49:04.7336530Z] LongSum
Value: 3157209

Metric Name: process.runtime.dotnet.jit.methods_compiled.count, The number of times the JIT compiler compiled a method since the process start. The JIT compiler may be invoked multiple times for the same method to compile with different generic parameters, or because tiered compilation requested different optimization settings., Meter: OpenTelemetry.Instrumentation.Runtime/1.9.0
(2025-09-20T11:49:04.5636200Z, 2025-09-20T11:49:04.7336530Z] LongSum
Value: 38111

Metric Name: process.runtime.dotnet.jit.compilation_time, The amount of time the JIT compiler has spent compiling methods since the process start., Unit: ns, Meter: OpenTelemetry.Instrumentation.Runtime/1.9.0
(2025-09-20T11:49:04.5636240Z, 2025-09-20T11:49:04.7336530Z] LongSum
Value: 4964249500

Metric Name: process.runtime.dotnet.monitor.lock_contention.count, The number of times there was contention when trying to acquire a monitor lock since the process start. Monitor locks are commonly acquired by using the lock keyword in C#, or by calling Monitor.Enter() and Monitor.TryEnter()., Meter: OpenTelemetry.Instrumentation.Runtime/1.9.0
(2025-09-20T11:49:04.5636280Z, 2025-09-20T11:49:04.7336530Z] LongSum
Value: 39

Metric Name: process.runtime.dotnet.thread_pool.threads.count, The number of thread pool threads that currently exist., Meter: OpenTelemetry.Instrumentation.Runtime/1.9.0
(2025-09-20T11:49:04.5636310Z, 2025-09-20T11:49:04.7336540Z] LongSumNonMonotonic
Value: 7

Metric Name: process.runtime.dotnet.thread_pool.completed_items.count, The number of work items that have been processed by the thread pool since the process start., Meter: OpenTelemetry.Instrumentation.Runtime/1.9.0
(2025-09-20T11:49:04.5636360Z, 2025-09-20T11:49:04.7336540Z] LongSum
Value: 1550

Metric Name: process.runtime.dotnet.thread_pool.queue.length, The number of work items that are currently queued to be processed by the thread pool., Meter: OpenTelemetry.Instrumentation.Runtime/1.9.0
(2025-09-20T11:49:04.5636400Z, 2025-09-20T11:49:04.7336540Z] LongSumNonMonotonic
Value: 0

Metric Name: process.runtime.dotnet.timer.count, The number of timer instances that are currently active. Timers can be created by many sources such as System.Threading.Timer, Task.Delay, or the timeout in a CancellationSource. An active timer is registered to tick at some point in the future and has not yet been canceled., Meter: OpenTelemetry.Instrumentation.Runtime/1.9.0
(2025-09-20T11:49:04.5636430Z, 2025-09-20T11:49:04.7336540Z] LongSumNonMonotonic
Value: 6

Metric Name: process.runtime.dotnet.assemblies.count, The number of .NET assemblies that are currently loaded., Meter: OpenTelemetry.Instrumentation.Runtime/1.9.0
(2025-09-20T11:49:04.5636520Z, 2025-09-20T11:49:04.7336550Z] LongSumNonMonotonic
Value: 206

Metric Name: http.server.active_requests, Number of active HTTP server requests., Unit: {request}, Meter: Microsoft.AspNetCore.Hosting
(2025-09-20T11:49:04.5637160Z, 2025-09-20T11:49:04.7336610Z] http.request.method: GET url.scheme: http LongSumNonMonotonic
Value: 0

Metric Name: http.server.request.duration, Duration of HTTP server requests., Unit: s, Meter: Microsoft.AspNetCore.Hosting
(2025-09-20T11:49:04.5637240Z, 2025-09-20T11:49:04.7336620Z] http.request.method: GET http.response.status_code: 200 http.route: /api/notifications/dlq network.protocol.version: 1.1 url.scheme: http Histogram
Value: Sum: 0.0834375 Count: 2 Min: 0.0058432 Max: 0.0775943 
(-Infinity,0.005]:0
(0.005,0.01]:1
(0.01,0.025]:0
(0.025,0.05]:0
(0.05,0.075]:0
(0.075,0.1]:1
(0.1,0.25]:0
(0.25,0.5]:0
(0.5,0.75]:0
(0.75,1]:0
(1,2.5]:0
(2.5,5]:0
(5,7.5]:0
(7.5,10]:0
(10,+Infinity]:0


Metric Name: aspnetcore.routing.match_attempts, Number of requests that were attempted to be matched to an endpoint., Unit: {match_attempt}, Meter: Microsoft.AspNetCore.Routing
(2025-09-20T11:49:04.6388710Z, 2025-09-20T11:49:04.7336620Z] aspnetcore.routing.is_fallback: false aspnetcore.routing.match_status: success http.route: /api/notifications/dlq LongSum
Value: 2
info: Microsoft.AspNetCore.Http.Result.OkObjectResult[1]
      Setting HTTP status code 200.
info: Microsoft.AspNetCore.Http.Result.OkObjectResult[3]
      Writing value of type 'List`1' as Json.
[Startup] Warning: failed to ensure app.notification_dedupes exists: Relational-specific methods can only be used when the context is using a relational database provider.
LogRecord.Timestamp:               2025-09-20T11:49:04.8132250Z
LogRecord.CategoryName:            Endpoints.V1
LogRecord.Severity:                Info
LogRecord.SeverityText:            Information
LogRecord.FormattedMessage:        [MapV1Endpoints] Environment='Development' IsDevelopment=True
LogRecord.Body:                    [MapV1Endpoints] Environment='{Env}' IsDevelopment={IsDev}
LogRecord.Attributes (Key:Value):
    Env: Development
    IsDev: true
    OriginalFormat (a.k.a Body): [MapV1Endpoints] Environment='{Env}' IsDevelopment={IsDev}

Resource associated with LogRecord:
service.name: Appostolic.Api
service.instance.id: cfc7ce07-e6a4-4518-a7e3-7e4ff99e6a9f
telemetry.sdk.name: opentelemetry
telemetry.sdk.language: dotnet
telemetry.sdk.version: 1.9.0

info: Endpoints.V1[0]
      [MapV1Endpoints] Environment='Development' IsDevelopment=True
LogRecord.Timestamp:               2025-09-20T11:49:04.8137720Z
LogRecord.CategoryName:            Microsoft.AspNetCore.DataProtection.KeyManagement.XmlKeyManager
info: Microsoft.AspNetCore.DataProtection.KeyManagement.XmlKeyManager[62]
      User profile is available. Using '/Users/kevinmccreary/.aspnet/DataProtection-Keys' as key repository; keys will not be encrypted at rest.
LogRecord.Severity:                Info
LogRecord.SeverityText:            Information
LogRecord.FormattedMessage:        User profile is available. Using '/Users/kevinmccreary/.aspnet/DataProtection-Keys' as key repository; keys will not be encrypted at rest.
LogRecord.Body:                    User profile is available. Using '{FullName}' as key repository; keys will not be encrypted at rest.
LogRecord.Attributes (Key:Value):
    FullName: /Users/kevinmccreary/.aspnet/DataProtection-Keys
    OriginalFormat (a.k.a Body): User profile is available. Using '{FullName}' as key repository; keys will not be encrypted at rest.
LogRecord.EventId:                 62
LogRecord.EventName:               UsingProfileAsKeyRepository

Resource associated with LogRecord:
service.name: Appostolic.Api
service.instance.id: cfc7ce07-e6a4-4518-a7e3-7e4ff99e6a9f
telemetry.sdk.name: opentelemetry
telemetry.sdk.language: dotnet
telemetry.sdk.version: 1.9.0

info: Appostolic.Api.App.Notifications.AutoResendHostedService[0]
      AutoResend is disabled by configuration
LogRecord.Timestamp:               2025-09-20T11:49:04.8152150Z
LogRecord.CategoryName:            Appostolic.Api.App.Notifications.AutoResendHostedService
LogRecord.Severity:                Info
LogRecord.SeverityText:            Information
LogRecord.FormattedMessage:        AutoResend is disabled by configuration
LogRecord.Body:                    AutoResend is disabled by configuration
LogRecord.Attributes (Key:Value):
    OriginalFormat (a.k.a Body): AutoResend is disabled by configuration

Resource associated with LogRecord:
service.name: Appostolic.Api
service.instance.id: cfc7ce07-e6a4-4518-a7e3-7e4ff99e6a9f
telemetry.sdk.name: opentelemetry
telemetry.sdk.language: dotnet
telemetry.sdk.version: 1.9.0

LogRecord.Timestamp:               2025-09-20T11:49:04.9281860Z
LogRecord.TraceId:                 f2cf2ceb0b641b6d249aadba42c933f5
LogRecord.SpanId:                  b8b377ab13f070a8
LogRecord.TraceFlags:              Recorded
LogRecord.CategoryName:            Microsoft.AspNetCore.Http.Result.OkObjectResult
LogRecord.Severity:                Info
LogRecord.SeverityText:            Information
LogRecord.FormattedMessage:        Setting HTTP status code 200.
LogRecord.Body:                    Setting HTTP status code {StatusCode}.
LogRecord.Attributes (Key:Value):
    StatusCode: 200
    OriginalFormat (a.k.a Body): Setting HTTP status code {StatusCode}.
LogRecord.EventId:                 1
LogRecord.EventName:               WritingResultAsStatusCode

Resource associated with LogRecord:
service.name: Appostolic.Api
service.instance.id: cfc7ce07-e6a4-4518-a7e3-7e4ff99e6a9f
telemetry.sdk.name: opentelemetry
telemetry.sdk.language: dotnet
telemetry.sdk.version: 1.9.0

LogRecord.Timestamp:               2025-09-20T11:49:04.9283950Z
LogRecord.TraceId:                 f2cf2ceb0b641b6d249aadba42c933f5
LogRecord.SpanId:                  b8b377ab13f070a8
LogRecord.TraceFlags:              Recorded
LogRecord.CategoryName:            Microsoft.AspNetCore.Http.Result.OkObjectResult
LogRecord.Severity:                Info
LogRecord.SeverityText:            Information
LogRecord.FormattedMessage:        Writing value of type 'BulkResendResult' as Json.
LogRecord.Body:                    Writing value of type '{Type}' as Json.
LogRecord.Attributes (Key:Value):
    Type: BulkResendResult
    OriginalFormat (a.k.a Body): Writing value of type '{Type}' as Json.
LogRecord.EventId:                 3
LogRecord.EventName:               WritingResultAsJson

Resource associated with LogRecord:
service.name: Appostolic.Api
service.instance.id: cfc7ce07-e6a4-4518-a7e3-7e4ff99e6a9f
telemetry.sdk.name: opentelemetry
telemetry.sdk.language: dotnet
telemetry.sdk.version: 1.9.0

info: Microsoft.AspNetCore.Http.Result.OkObjectResult[1]
      Setting HTTP status code 200.
info: Microsoft.AspNetCore.Http.Result.OkObjectResult[3]
      Writing value of type 'BulkResendResult' as Json.
Activity.TraceId:            f2cf2ceb0b641b6d249aadba42c933f5
Activity.SpanId:             b8b377ab13f070a8
Activity.TraceFlags:         Recorded
Activity.ActivitySourceName: Microsoft.AspNetCore
Activity.DisplayName:        POST /api/notifications/resend-bulk
Activity.Kind:               Server
Activity.StartTime:          2025-09-20T11:49:04.8778490Z
Activity.Duration:           00:00:00.0533180
Activity.Tags:
    server.address: localhost
    http.request.method: POST
    url.scheme: http
    url.path: /api/notifications/resend-bulk
    network.protocol.version: 1.1
    tenant: kevin-personal
    user: kevin@example.com
    http.route: /api/notifications/resend-bulk
    http.response.status_code: 200
Resource associated with Activity:
    service.name: Appostolic.Api
    service.instance.id: cfc7ce07-e6a4-4518-a7e3-7e4ff99e6a9f
    telemetry.sdk.name: opentelemetry
    telemetry.sdk.language: dotnet
    telemetry.sdk.version: 1.9.0

LogRecord.Timestamp:               2025-09-20T11:49:04.9416250Z
LogRecord.TraceId:                 50705019fbb1c8148de3ed9b646ea763
LogRecord.SpanId:                  302ea24f518d92a6
LogRecord.TraceFlags:              Recorded
LogRecord.CategoryName:            Microsoft.AspNetCore.Http.Result.OkObjectResult
LogRecord.Severity:                Info
LogRecord.SeverityText:            Information
LogRecord.FormattedMessage:        Setting HTTP status code 200.
LogRecord.Body:                    Setting HTTP status code {StatusCode}.
LogRecord.Attributes (Key:Value):
    StatusCode: 200
    OriginalFormat (a.k.a Body): Setting HTTP status code {StatusCode}.
LogRecord.EventId:                 1
LogRecord.EventName:               WritingResultAsStatusCode

Resource associated with LogRecord:
service.name: Appostolic.Api
service.instance.id: cfc7ce07-e6a4-4518-a7e3-7e4ff99e6a9f
telemetry.sdk.name: opentelemetry
telemetry.sdk.language: dotnet
telemetry.sdk.version: 1.9.0

LogRecord.Timestamp:               2025-09-20T11:49:04.9416930Z
LogRecord.TraceId:                 50705019fbb1c8148de3ed9b646ea763
LogRecord.SpanId:                  302ea24f518d92a6
LogRecord.TraceFlags:              Recorded
LogRecord.CategoryName:            Microsoft.AspNetCore.Http.Result.OkObjectResult
LogRecord.Severity:                Info
LogRecord.SeverityText:            Information
LogRecord.FormattedMessage:        Writing value of type 'BulkResendResult' as Json.
LogRecord.Body:                    Writing value of type '{Type}' as Json.
LogRecord.Attributes (Key:Value):
    Type: BulkResendResult
    OriginalFormat (a.k.a Body): Writing value of type '{Type}' as Json.
LogRecord.EventId:                 3
LogRecord.EventName:               WritingResultAsJson

Resource associated with LogRecord:
service.name: Appostolic.Api
service.instance.id: cfc7ce07-e6a4-4518-a7e3-7e4ff99e6a9f
telemetry.sdk.name: opentelemetry
telemetry.sdk.language: dotnet
telemetry.sdk.version: 1.9.0

Activity.TraceId:            50705019fbb1c8148de3ed9b646ea763
Activity.SpanId:             302ea24f518d92a6
Activity.TraceFlags:         Recorded
Activity.ActivitySourceName: Microsoft.AspNetCore
Activity.DisplayName:        POST /api/notifications/resend-bulk
Activity.Kind:               Server
Activity.StartTime:          2025-09-20T11:49:04.9344960Z
Activity.Duration:           00:00:00.0073070
Activity.Tags:
    server.address: localhost
    http.request.method: POST
    url.scheme: http
    url.path: /api/notifications/resend-bulk
    network.protocol.version: 1.1
    tenant: kevin-personal
    user: kevin@example.com
    http.route: /api/notifications/resend-bulk
    http.response.status_code: 200
Resource associated with Activity:
    service.name: Appostolic.Api
    service.instance.id: cfc7ce07-e6a4-4518-a7e3-7e4ff99e6a9f
    telemetry.sdk.name: opentelemetry
    telemetry.sdk.language: dotnet
    telemetry.sdk.version: 1.9.0

info: Microsoft.AspNetCore.Http.Result.OkObjectResult[1]
      Setting HTTP status code 200.
info: Microsoft.AspNetCore.Http.Result.OkObjectResult[3]
      Writing value of type 'BulkResendResult' as Json.
Resource associated with Metric:
    service.name: Appostolic.Api
    service.instance.id: cfc7ce07-e6a4-4518-a7e3-7e4ff99e6a9f
    telemetry.sdk.name: opentelemetry
    telemetry.sdk.language: dotnet
    telemetry.sdk.version: 1.9.0

Metric Name: process.runtime.dotnet.gc.collections.count, Number of garbage collections that have occurred since process start., Meter: OpenTelemetry.Instrumentation.Runtime/1.9.0
(2025-09-20T11:49:04.8144110Z, 2025-09-20T11:49:04.9568050Z] generation: gen2 LongSum
Value: 6
(2025-09-20T11:49:04.8144110Z, 2025-09-20T11:49:04.9568050Z] generation: gen1 LongSum
Value: 14
(2025-09-20T11:49:04.8144110Z, 2025-09-20T11:49:04.9568050Z] generation: gen0 LongSum
Value: 21

Metric Name: process.runtime.dotnet.gc.objects.size, Count of bytes currently in use by objects in the GC heap that haven't been collected yet. Fragmentation and other GC committed memory pools are excluded., Unit: bytes, Meter: OpenTelemetry.Instrumentation.Runtime/1.9.0
(2025-09-20T11:49:04.8144180Z, 2025-09-20T11:49:04.9568060Z] LongSumNonMonotonic
Value: 234169568

Metric Name: process.runtime.dotnet.gc.allocations.size, Count of bytes allocated on the managed GC heap since the process start. .NET objects are allocated from this heap. Object allocations from unmanaged languages such as C/C++ do not use this heap., Unit: bytes, Meter: OpenTelemetry.Instrumentation.Runtime/1.9.0
(2025-09-20T11:49:04.8144230Z, 2025-09-20T11:49:04.9568060Z] LongSum
Value: 768636032

Metric Name: process.runtime.dotnet.gc.committed_memory.size, The amount of committed virtual memory for the managed GC heap, as observed during the latest garbage collection. Committed virtual memory may be larger than the heap size because it includes both memory for storing existing objects (the heap size) and some extra memory that is ready to handle newly allocated objects in the future. The value will be unavailable until at least one garbage collection has occurred., Unit: bytes, Meter: OpenTelemetry.Instrumentation.Runtime/1.9.0
(2025-09-20T11:49:04.8144260Z, 2025-09-20T11:49:04.9568060Z] LongSumNonMonotonic
Value: 193413120

Metric Name: process.runtime.dotnet.gc.heap.size, The heap size (including fragmentation), as observed during the latest garbage collection. The value will be unavailable until at least one garbage collection has occurred., Unit: bytes, Meter: OpenTelemetry.Instrumentation.Runtime/1.9.0
(2025-09-20T11:49:04.8144310Z, 2025-09-20T11:49:04.9568060Z] generation: gen0 LongSumNonMonotonic
Value: 7946280
(2025-09-20T11:49:04.8144310Z, 2025-09-20T11:49:04.9568060Z] generation: gen1 LongSumNonMonotonic
Value: 8844816
(2025-09-20T11:49:04.8144310Z, 2025-09-20T11:49:04.9568060Z] generation: gen2 LongSumNonMonotonic
Value: 58550984
(2025-09-20T11:49:04.8144310Z, 2025-09-20T11:49:04.9568060Z] generation: loh LongSumNonMonotonic
Value: 117210112
(2025-09-20T11:49:04.8144310Z, 2025-09-20T11:49:04.9568060Z] generation: poh LongSumNonMonotonic
Value: 262336

Metric Name: process.runtime.dotnet.gc.heap.fragmentation.size, The heap fragmentation, as observed during the latest garbage collection. The value will be unavailable until at least one garbage collection has occurred., Unit: bytes, Meter: OpenTelemetry.Instrumentation.Runtime/1.9.0
(2025-09-20T11:49:04.8144350Z, 2025-09-20T11:49:04.9568060Z] generation: gen0 LongSumNonMonotonic
Value: 7945488
(2025-09-20T11:49:04.8144350Z, 2025-09-20T11:49:04.9568060Z] generation: gen1 LongSumNonMonotonic
Value: 4209776
(2025-09-20T11:49:04.8144350Z, 2025-09-20T11:49:04.9568060Z] generation: gen2 LongSumNonMonotonic
Value: 1154816
(2025-09-20T11:49:04.8144350Z, 2025-09-20T11:49:04.9568060Z] generation: loh LongSumNonMonotonic
Value: 18081016
(2025-09-20T11:49:04.8144350Z, 2025-09-20T11:49:04.9568060Z] generation: poh LongSumNonMonotonic
Value: 0

Metric Name: process.runtime.dotnet.gc.duration, The total amount of time paused in GC since the process start., Unit: ns, Meter: OpenTelemetry.Instrumentation.Runtime/1.9.0
(2025-09-20T11:49:04.8144380Z, 2025-09-20T11:49:04.9568070Z] LongSum
Value: 226121000

Metric Name: process.runtime.dotnet.jit.il_compiled.size, Count of bytes of intermediate language that have been compiled since the process start., Unit: bytes, Meter: OpenTelemetry.Instrumentation.Runtime/1.9.0
(2025-09-20T11:49:04.8144430Z, 2025-09-20T11:49:04.9568070Z] LongSum
Value: 3191867

Metric Name: process.runtime.dotnet.jit.methods_compiled.count, The number of times the JIT compiler compiled a method since the process start. The JIT compiler may be invoked multiple times for the same method to compile with different generic parameters, or because tiered compilation requested different optimization settings., Meter: OpenTelemetry.Instrumentation.Runtime/1.9.0
(2025-09-20T11:49:04.8144470Z, 2025-09-20T11:49:04.9568070Z] LongSum
Value: 38316

Metric Name: process.runtime.dotnet.jit.compilation_time, The amount of time the JIT compiler has spent compiling methods since the process start., Unit: ns, Meter: OpenTelemetry.Instrumentation.Runtime/1.9.0
(2025-09-20T11:49:04.8144500Z, 2025-09-20T11:49:04.9568070Z] LongSum
Value: 5088735000

Metric Name: process.runtime.dotnet.monitor.lock_contention.count, The number of times there was contention when trying to acquire a monitor lock since the process start. Monitor locks are commonly acquired by using the lock keyword in C#, or by calling Monitor.Enter() and Monitor.TryEnter()., Meter: OpenTelemetry.Instrumentation.Runtime/1.9.0
(2025-09-20T11:49:04.8144540Z, 2025-09-20T11:49:04.9568070Z] LongSum
Value: 39

Metric Name: process.runtime.dotnet.thread_pool.threads.count, The number of thread pool threads that currently exist., Meter: OpenTelemetry.Instrumentation.Runtime/1.9.0
(2025-09-20T11:49:04.8144580Z, 2025-09-20T11:49:04.9568080Z] LongSumNonMonotonic
Value: 7

Metric Name: process.runtime.dotnet.thread_pool.completed_items.count, The number of work items that have been processed by the thread pool since the process start., Meter: OpenTelemetry.Instrumentation.Runtime/1.9.0
(2025-09-20T11:49:04.8144630Z, 2025-09-20T11:49:04.9568080Z] LongSum
Value: 1573

Metric Name: process.runtime.dotnet.thread_pool.queue.length, The number of work items that are currently queued to be processed by the thread pool., Meter: OpenTelemetry.Instrumentation.Runtime/1.9.0
(2025-09-20T11:49:04.8144660Z, 2025-09-20T11:49:04.9568080Z] LongSumNonMonotonic
Value: 1

Metric Name: process.runtime.dotnet.timer.count, The number of timer instances that are currently active. Timers can be created by many sources such as System.Threading.Timer, Task.Delay, or the timeout in a CancellationSource. An active timer is registered to tick at some point in the future and has not yet been canceled., Meter: OpenTelemetry.Instrumentation.Runtime/1.9.0
(2025-09-20T11:49:04.8144700Z, 2025-09-20T11:49:04.9568090Z] LongSumNonMonotonic
Value: 6

Metric Name: process.runtime.dotnet.assemblies.count, The number of .NET assemblies that are currently loaded., Meter: OpenTelemetry.Instrumentation.Runtime/1.9.0
(2025-09-20T11:49:04.8144750Z, 2025-09-20T11:49:04.9568090Z] LongSumNonMonotonic
Value: 206

Metric Name: email.resend.total, Total resends initiated, tagged by mode/outcome., Unit: {email}, Meter: Appostolic.Metrics
(2025-09-20T11:49:04.8145160Z, 2025-09-20T11:49:04.9568120Z] kind: Verification mode: bulk outcome: created tenant_scope: self LongSum
Value: 3
(2025-09-20T11:49:04.8145160Z, 2025-09-20T11:49:04.9568120Z] kind: Verification mode: bulk outcome: throttled tenant_scope: self LongSum
Value: 3

Metric Name: email.resend.throttled.total, Total resends that were throttled by policy., Unit: {email}, Meter: Appostolic.Metrics
(2025-09-20T11:49:04.8145200Z, 2025-09-20T11:49:04.9568130Z] kind: Verification mode: bulk outcome: throttled tenant_scope: self LongSum
Value: 3

Metric Name: email.resend.batch.size, Batch size for bulk resend requests., Unit: {email}, Meter: Appostolic.Metrics
(2025-09-20T11:49:04.8145260Z, 2025-09-20T11:49:04.9568140Z] kind: Verification tenant_scope: self Histogram
Value: Sum: 6 Count: 2 Min: 3 Max: 3 
(-Infinity,0]:0
(0,5]:2
(5,10]:0
(10,25]:0
(25,50]:0
(50,75]:0
(75,100]:0
(100,250]:0
(250,500]:0
(500,750]:0
(750,1000]:0
(1000,2500]:0
(2500,5000]:0
(5000,7500]:0
(7500,10000]:0
(10000,+Infinity]:0


Metric Name: http.server.active_requests, Number of active HTTP server requests., Unit: {request}, Meter: Microsoft.AspNetCore.Hosting
(2025-09-20T11:49:04.8145400Z, 2025-09-20T11:49:04.9568150Z] http.request.method: POST url.scheme: http LongSumNonMonotonic
Value: 0

Metric Name: http.server.request.duration, Duration of HTTP server requests., Unit: s, Meter: Microsoft.AspNetCore.Hosting
(2025-09-20T11:49:04.8145440Z, 2025-09-20T11:49:04.9568160Z] http.request.method: POST http.response.status_code: 200 http.route: /api/notifications/resend-bulk network.protocol.version: 1.1 url.scheme: http Histogram
Value: Sum: 0.0606699 Count: 2 Min: 0.007316 Max: 0.0533539 
(-Infinity,0.005]:0
(0.005,0.01]:1
(0.01,0.025]:0
(0.025,0.05]:0
(0.05,0.075]:1
(0.075,0.1]:0
(0.1,0.25]:0
(0.25,0.5]:0
(0.5,0.75]:0
(0.75,1]:0
(1,2.5]:0
(2.5,5]:0
(5,7.5]:0
(7.5,10]:0
(10,+Infinity]:0


Metric Name: aspnetcore.routing.match_attempts, Number of requests that were attempted to be matched to an endpoint., Unit: {match_attempt}, Meter: Microsoft.AspNetCore.Routing
(2025-09-20T11:49:04.8750930Z, 2025-09-20T11:49:04.9568170Z] aspnetcore.routing.is_fallback: false aspnetcore.routing.match_status: success http.route: /api/notifications/resend-bulk LongSum
Value: 2
[Startup] Warning: failed to ensure app.notification_dedupes exists: Relational-specific methods can only be used when the context is using a relational database provider.
LogRecord.Timestamp:               2025-09-20T11:49:05.1792440Z
LogRecord.CategoryName:            Endpoints.V1
LogRecord.Severity:                Info
LogRecord.SeverityText:            Information
LogRecord.FormattedMessage:        [MapV1Endpoints] Environment='Development' IsDevelopment=True
LogRecord.Body:                    [MapV1Endpoints] Environment='{Env}' IsDevelopment={IsDev}
LogRecord.Attributes (Key:Value):
    Env: Development
    IsDev: true
    OriginalFormat (a.k.a Body): [MapV1Endpoints] Environment='{Env}' IsDevelopment={IsDev}

Resource associated with LogRecord:
service.name: Appostolic.Api
service.instance.id: cfc7ce07-e6a4-4518-a7e3-7e4ff99e6a9f
telemetry.sdk.name: opentelemetry
telemetry.sdk.language: dotnet
telemetry.sdk.version: 1.9.0

LogRecord.Timestamp:               2025-09-20T11:49:05.1796580Z
LogRecord.CategoryName:            Microsoft.AspNetCore.DataProtection.KeyManagement.XmlKeyManager
LogRecord.Severity:                Info
LogRecord.SeverityText:            Information
LogRecord.FormattedMessage:        User profile is available. Using '/Users/kevinmccreary/.aspnet/DataProtection-Keys' as key repository; keys will not be encrypted at rest.
LogRecord.Body:                    User profile is available. Using '{FullName}' as key repository; keys will not be encrypted at rest.
LogRecord.Attributes (Key:Value):
    FullName: /Users/kevinmccreary/.aspnet/DataProtection-Keys
    OriginalFormat (a.k.a Body): User profile is available. Using '{FullName}' as key repository; keys will not be encrypted at rest.
LogRecord.EventId:                 62
LogRecord.EventName:               UsingProfileAsKeyRepository

Resource associated with LogRecord:
service.name: Appostolic.Api
service.instance.id: cfc7ce07-e6a4-4518-a7e3-7e4ff99e6a9f
telemetry.sdk.name: opentelemetry
telemetry.sdk.language: dotnet
telemetry.sdk.version: 1.9.0

info: Endpoints.V1[0]
      [MapV1Endpoints] Environment='Development' IsDevelopment=True
info: Microsoft.AspNetCore.DataProtection.KeyManagement.XmlKeyManager[62]
      User profile is available. Using '/Users/kevinmccreary/.aspnet/DataProtection-Keys' as key repository; keys will not be encrypted at rest.
LogRecord.Timestamp:               2025-09-20T11:49:05.1929740Z
LogRecord.CategoryName:            Appostolic.Api.App.Notifications.NotificationsPurgeHostedService
LogRecord.Severity:                Info
LogRecord.SeverityText:            Information
LogRecord.FormattedMessage:        NotificationsPurge started
LogRecord.Body:                    NotificationsPurge started
LogRecord.Attributes (Key:Value):
    OriginalFormat (a.k.a Body): NotificationsPurge started

Resource associated with LogRecord:
service.name: Appostolic.Api
service.instance.id: cfc7ce07-e6a4-4518-a7e3-7e4ff99e6a9f
telemetry.sdk.name: opentelemetry
telemetry.sdk.language: dotnet
telemetry.sdk.version: 1.9.0

info: Appostolic.Api.App.Notifications.NotificationsPurgeHostedService[0]
      NotificationsPurge started
LogRecord.Timestamp:               2025-09-20T11:49:05.2545740Z
LogRecord.CategoryName:            Appostolic.Api.App.Notifications.AutoResendHostedService
LogRecord.Severity:                Info
LogRecord.SeverityText:            Information
LogRecord.FormattedMessage:        AutoResend is disabled by configuration
LogRecord.Body:                    AutoResend is disabled by configuration
LogRecord.Attributes (Key:Value):
    OriginalFormat (a.k.a Body): AutoResend is disabled by configuration

Resource associated with LogRecord:
service.name: Appostolic.Api
service.instance.id: cfc7ce07-e6a4-4518-a7e3-7e4ff99e6a9f
telemetry.sdk.name: opentelemetry
telemetry.sdk.language: dotnet
telemetry.sdk.version: 1.9.0

LogRecord.Timestamp:               2025-09-20T11:49:05.2546370Z
LogRecord.CategoryName:            Appostolic.Api.App.Notifications.EmailDispatcherHostedService
LogRecord.Severity:                Info
LogRecord.SeverityText:            Information
LogRecord.FormattedMessage:        EmailDispatcher started
LogRecord.Body:                    EmailDispatcher started
LogRecord.Attributes (Key:Value):
    OriginalFormat (a.k.a Body): EmailDispatcher started

Resource associated with LogRecord:
service.name: Appostolic.Api
service.instance.id: cfc7ce07-e6a4-4518-a7e3-7e4ff99e6a9f
telemetry.sdk.name: opentelemetry
telemetry.sdk.language: dotnet
telemetry.sdk.version: 1.9.0

LogRecord.Timestamp:               2025-09-20T11:49:05.2547130Z
LogRecord.CategoryName:            Appostolic.Api.App.Notifications.NotificationDispatcherHostedService
LogRecord.Severity:                Info
LogRecord.SeverityText:            Information
LogRecord.FormattedMessage:        NotificationDispatcher started
LogRecord.Body:                    NotificationDispatcher started
LogRecord.Attributes (Key:Value):
    OriginalFormat (a.k.a Body): NotificationDispatcher started

Resource associated with LogRecord:
service.name: Appostolic.Api
service.instance.id: cfc7ce07-e6a4-4518-a7e3-7e4ff99e6a9f
telemetry.sdk.name: opentelemetry
telemetry.sdk.language: dotnet
telemetry.sdk.version: 1.9.0

LogRecord.Timestamp:               2025-09-20T11:49:05.2547550Z
LogRecord.CategoryName:            Appostolic.Api.Application.Agents.Queue.AgentTaskWorker
LogRecord.Severity:                Info
LogRecord.SeverityText:            Information
LogRecord.FormattedMessage:        AgentTaskWorker started.
LogRecord.Body:                    AgentTaskWorker started.
LogRecord.Attributes (Key:Value):
    OriginalFormat (a.k.a Body): AgentTaskWorker started.

Resource associated with LogRecord:
service.name: Appostolic.Api
service.instance.id: cfc7ce07-e6a4-4518-a7e3-7e4ff99e6a9f
telemetry.sdk.name: opentelemetry
telemetry.sdk.language: dotnet
telemetry.sdk.version: 1.9.0

info: Appostolic.Api.App.Notifications.AutoResendHostedService[0]
      AutoResend is disabled by configuration
info: Appostolic.Api.App.Notifications.EmailDispatcherHostedService[0]
      EmailDispatcher started
info: Appostolic.Api.App.Notifications.NotificationDispatcherHostedService[0]
      NotificationDispatcher started
info: Appostolic.Api.Application.Agents.Queue.AgentTaskWorker[0]
      AgentTaskWorker started.
LogRecord.Timestamp:               2025-09-20T11:49:05.5022210Z
LogRecord.TraceId:                 afb27277d2bfd3572f90225a7db16fac
LogRecord.SpanId:                  71afbe1826492258
LogRecord.TraceFlags:              Recorded
LogRecord.CategoryName:            Microsoft.AspNetCore.Http.Result.CreatedResult
info: Microsoft.AspNetCore.Http.Result.CreatedResult[1]
      Setting HTTP status code 201.
info: Microsoft.AspNetCore.Http.Result.CreatedResult[1]
      Setting HTTP status code 201.
info: Microsoft.AspNetCore.Http.Result.CreatedResult[1]
      Setting HTTP status code 201.
info: Microsoft.AspNetCore.Http.Result.CreatedResult[1]
      Setting HTTP status code 201.
info: Microsoft.AspNetCore.Http.Result.CreatedResult[1]
      Setting HTTP status code 201.
info: Microsoft.AspNetCore.Http.Result.CreatedResult[1]
      Setting HTTP status code 201.
info: Microsoft.AspNetCore.Http.Result.CreatedResult[1]
      Setting HTTP status code 201.
LogRecord.Severity:                Info
LogRecord.SeverityText:            Information
LogRecord.FormattedMessage:        Setting HTTP status code 201.
LogRecord.Body:                    Setting HTTP status code {StatusCode}.
LogRecord.Attributes (Key:Value):
info: Microsoft.AspNetCore.Http.Result.CreatedResult[1]
      Setting HTTP status code 201.
info: Microsoft.AspNetCore.Http.Result.CreatedResult[1]
      Setting HTTP status code 201.
    StatusCode: 201
    OriginalFormat (a.k.a Body): Setting HTTP status code {StatusCode}.
LogRecord.EventId:                 1
LogRecord.EventName:               WritingResultAsStatusCode

Resource associated with LogRecord:
service.name: Appostolic.Api
service.instance.id: cfc7ce07-e6a4-4518-a7e3-7e4ff99e6a9f
telemetry.sdk.name: opentelemetry
telemetry.sdk.language: dotnet
telemetry.sdk.version: 1.9.0

LogRecord.Timestamp:               2025-09-20T11:49:05.5022230Z
LogRecord.TraceId:                 e5deb91345d568313fbe7f4f71219d6e
LogRecord.SpanId:                  a710a9def3f1f65e
LogRecord.TraceFlags:              Recorded
LogRecord.CategoryName:            Microsoft.AspNetCore.Http.Result.CreatedResult
LogRecord.Severity:                Info
LogRecord.SeverityText:            Information
LogRecord.FormattedMessage:        Setting HTTP status code 201.
LogRecord.Body:                    Setting HTTP status code {StatusCode}.
LogRecord.Attributes (Key:Value):
    StatusCode: 201
    OriginalFormat (a.k.a Body): Setting HTTP status code {StatusCode}.
LogRecord.EventId:                 1
LogRecord.EventName:               WritingResultAsStatusCode

Resource associated with LogRecord:
service.name: Appostolic.Api
service.instance.id: cfc7ce07-e6a4-4518-a7e3-7e4ff99e6a9f
telemetry.sdk.name: opentelemetry
telemetry.sdk.language: dotnet
telemetry.sdk.version: 1.9.0

LogRecord.Timestamp:               2025-09-20T11:49:05.5022350Z
LogRecord.TraceId:                 23307dc197c76b74c114d6abc5a71251
LogRecord.SpanId:                  f39fac9f9f52938b
LogRecord.TraceFlags:              Recorded
LogRecord.CategoryName:            Microsoft.AspNetCore.Http.Result.CreatedResult
LogRecord.Severity:                Info
LogRecord.SeverityText:            Information
LogRecord.FormattedMessage:        Setting HTTP status code 201.
LogRecord.Body:                    Setting HTTP status code {StatusCode}.
LogRecord.Attributes (Key:Value):
    StatusCode: 201
    OriginalFormat (a.k.a Body): Setting HTTP status code {StatusCode}.
LogRecord.EventId:                 1
LogRecord.EventName:               WritingResultAsStatusCode

Resource associated with LogRecord:
service.name: Appostolic.Api
service.instance.id: cfc7ce07-e6a4-4518-a7e3-7e4ff99e6a9f
telemetry.sdk.name: opentelemetry
telemetry.sdk.language: dotnet
telemetry.sdk.version: 1.9.0

LogRecord.Timestamp:               2025-09-20T11:49:05.5022510Z
LogRecord.TraceId:                 869caa6cef1b2dea242e804d0e7e1d4a
LogRecord.SpanId:                  ce036a574e904fe5
LogRecord.TraceFlags:              Recorded
LogRecord.CategoryName:            Microsoft.AspNetCore.Http.Result.CreatedResult
LogRecord.Severity:                Info
LogRecord.SeverityText:            Information
LogRecord.FormattedMessage:        Setting HTTP status code 201.
LogRecord.Body:                    Setting HTTP status code {StatusCode}.
LogRecord.Attributes (Key:Value):
    StatusCode: 201
    OriginalFormat (a.k.a Body): Setting HTTP status code {StatusCode}.
LogRecord.EventId:                 1
LogRecord.EventName:               WritingResultAsStatusCode

Resource associated with LogRecord:
service.name: Appostolic.Api
service.instance.id: cfc7ce07-e6a4-4518-a7e3-7e4ff99e6a9f
telemetry.sdk.name: opentelemetry
telemetry.sdk.language: dotnet
telemetry.sdk.version: 1.9.0

LogRecord.Timestamp:               2025-09-20T11:49:05.5022570Z
LogRecord.TraceId:                 946abf897e765e36c01706c9842e6a54
LogRecord.SpanId:                  d7eaef6b5c8d9cad
LogRecord.TraceFlags:              Recorded
LogRecord.CategoryName:            Microsoft.AspNetCore.Http.Result.CreatedResult
LogRecord.Severity:                Info
LogRecord.SeverityText:            Information
LogRecord.FormattedMessage:        Setting HTTP status code 201.
LogRecord.Body:                    Setting HTTP status code {StatusCode}.
LogRecord.Attributes (Key:Value):
    StatusCode: 201
    OriginalFormat (a.k.a Body): Setting HTTP status code {StatusCode}.
LogRecord.EventId:                 1
LogRecord.EventName:               WritingResultAsStatusCode

Resource associated with LogRecord:
service.name: Appostolic.Api
service.instance.id: cfc7ce07-e6a4-4518-a7e3-7e4ff99e6a9f
telemetry.sdk.name: opentelemetry
telemetry.sdk.language: dotnet
telemetry.sdk.version: 1.9.0

LogRecord.Timestamp:               2025-09-20T11:49:05.5022710Z
LogRecord.TraceId:                 6dd9ff47c39466d03f4b20a2ab57c89d
LogRecord.SpanId:                  b39e31c28b1f0c92
LogRecord.TraceFlags:              Recorded
LogRecord.CategoryName:            Microsoft.AspNetCore.Http.Result.CreatedResult
LogRecord.Severity:                Info
LogRecord.SeverityText:            Information
LogRecord.FormattedMessage:        Setting HTTP status code 201.
LogRecord.Body:                    Setting HTTP status code {StatusCode}.
LogRecord.Attributes (Key:Value):
    StatusCode: 201
    OriginalFormat (a.k.a Body): Setting HTTP status code {StatusCode}.
LogRecord.EventId:                 1
LogRecord.EventName:               WritingResultAsStatusCode

Resource associated with LogRecord:
service.name: Appostolic.Api
service.instance.id: cfc7ce07-e6a4-4518-a7e3-7e4ff99e6a9f
telemetry.sdk.name: opentelemetry
telemetry.sdk.language: dotnet
telemetry.sdk.version: 1.9.0

LogRecord.Timestamp:               2025-09-20T11:49:05.5022800Z
LogRecord.TraceId:                 65fac63d0c91aa87ec93f988d3610ad9
LogRecord.SpanId:                  46fe419dc398ef38
LogRecord.TraceFlags:              Recorded
LogRecord.CategoryName:            Microsoft.AspNetCore.Http.Result.CreatedResult
LogRecord.Severity:                Info
LogRecord.SeverityText:            Information
LogRecord.FormattedMessage:        Setting HTTP status code 201.
LogRecord.Body:                    Setting HTTP status code {StatusCode}.
LogRecord.Attributes (Key:Value):
    StatusCode: 201
    OriginalFormat (a.k.a Body): Setting HTTP status code {StatusCode}.
LogRecord.EventId:                 1
LogRecord.EventName:               WritingResultAsStatusCode

Resource associated with LogRecord:
service.name: Appostolic.Api
service.instance.id: cfc7ce07-e6a4-4518-a7e3-7e4ff99e6a9f
telemetry.sdk.name: opentelemetry
telemetry.sdk.language: dotnet
telemetry.sdk.version: 1.9.0

LogRecord.Timestamp:               2025-09-20T11:49:05.5023510Z
LogRecord.TraceId:                 8046a6ad4edfa4a01679d4b0b37c72dd
LogRecord.SpanId:                  efb126af9eb7706e
LogRecord.TraceFlags:              Recorded
LogRecord.CategoryName:            Microsoft.AspNetCore.Http.Result.CreatedResult
LogRecord.Severity:                Info
LogRecord.SeverityText:            Information
LogRecord.FormattedMessage:        Setting HTTP status code 201.
LogRecord.Body:                    Setting HTTP status code {StatusCode}.
LogRecord.Attributes (Key:Value):
    StatusCode: 201
    OriginalFormat (a.k.a Body): Setting HTTP status code {StatusCode}.
LogRecord.EventId:                 1
LogRecord.EventName:               WritingResultAsStatusCode

Resource associated with LogRecord:
service.name: Appostolic.Api
service.instance.id: cfc7ce07-e6a4-4518-a7e3-7e4ff99e6a9f
telemetry.sdk.name: opentelemetry
telemetry.sdk.language: dotnet
telemetry.sdk.version: 1.9.0

LogRecord.Timestamp:               2025-09-20T11:49:05.5023510Z
LogRecord.TraceId:                 d18b5e8b1ccf6910a9aabb8d14b48af0
LogRecord.SpanId:                  24971cd6a46a423c
LogRecord.TraceFlags:              Recorded
LogRecord.CategoryName:            Microsoft.AspNetCore.Http.Result.CreatedResult
LogRecord.Severity:                Info
LogRecord.SeverityText:            Information
LogRecord.FormattedMessage:        Setting HTTP status code 201.
LogRecord.Body:                    Setting HTTP status code {StatusCode}.
LogRecord.Attributes (Key:Value):
    StatusCode: 201
    OriginalFormat (a.k.a Body): Setting HTTP status code {StatusCode}.
LogRecord.EventId:                 1
LogRecord.EventName:               WritingResultAsStatusCode

Resource associated with LogRecord:
service.name: Appostolic.Api
service.instance.id: cfc7ce07-e6a4-4518-a7e3-7e4ff99e6a9f
telemetry.sdk.name: opentelemetry
telemetry.sdk.language: dotnet
telemetry.sdk.version: 1.9.0

LogRecord.Timestamp:               2025-09-20T11:49:05.5029460Z
LogRecord.TraceId:                 946abf897e765e36c01706c9842e6a54
LogRecord.SpanId:                  d7eaef6b5c8d9cad
LogRecord.TraceFlags:              Recorded
LogRecord.CategoryName:            Microsoft.AspNetCore.Http.Result.CreatedResult
LogRecord.Severity:                Info
LogRecord.SeverityText:            Information
LogRecord.FormattedMessage:        Writing value of type 'AgentTaskSummary' as Json.
LogRecord.Body:                    Writing value of type '{Type}' as Json.
LogRecord.Attributes (Key:Value):
    Type: AgentTaskSummary
    OriginalFormat (a.k.a Body): Writing value of type '{Type}' as Json.
LogRecord.EventId:                 3
LogRecord.EventName:               WritingResultAsJson

Resource associated with LogRecord:
service.name: Appostolic.Api
service.instance.id: cfc7ce07-e6a4-4518-a7e3-7e4ff99e6a9f
telemetry.sdk.name: opentelemetry
telemetry.sdk.language: dotnet
telemetry.sdk.version: 1.9.0

LogRecord.Timestamp:               2025-09-20T11:49:05.5029620Z
info: Microsoft.AspNetCore.Http.Result.CreatedResult[3]
      Writing value of type 'AgentTaskSummary' as Json.
info: Microsoft.AspNetCore.Http.Result.CreatedResult[3]
      Writing value of type 'AgentTaskSummary' as Json.
info: Microsoft.AspNetCore.Http.Result.CreatedResult[3]
      Writing value of type 'AgentTaskSummary' as Json.
LogRecord.TraceId:                 65fac63d0c91aa87ec93f988d3610ad9
LogRecord.SpanId:                  46fe419dc398ef38
info: Microsoft.AspNetCore.Http.Result.CreatedResult[3]
      Writing value of type 'AgentTaskSummary' as Json.
info: Microsoft.AspNetCore.Http.Result.CreatedResult[3]
      Writing value of type 'AgentTaskSummary' as Json.
LogRecord.TraceFlags:              Recorded
LogRecord.CategoryName:            Microsoft.AspNetCore.Http.Result.CreatedResult
LogRecord.Severity:                Info
LogRecord.SeverityText:            Information
LogRecord.FormattedMessage:        Writing value of type 'AgentTaskSummary' as Json.
LogRecord.Body:                    Writing value of type '{Type}' as Json.
LogRecord.Attributes (Key:Value):
    Type: AgentTaskSummary
    OriginalFormat (a.k.a Body): Writing value of type '{Type}' as Json.
LogRecord.EventId:                 3
LogRecord.EventName:               WritingResultAsJson

Resource associated with LogRecord:
service.name: Appostolic.Api
service.instance.id: cfc7ce07-e6a4-4518-a7e3-7e4ff99e6a9f
telemetry.sdk.name: opentelemetry
telemetry.sdk.language: dotnet
telemetry.sdk.version: 1.9.0

LogRecord.Timestamp:               2025-09-20T11:49:05.5029900Z
info: Microsoft.AspNetCore.Http.Result.CreatedResult[3]
      Writing value of type 'AgentTaskSummary' as Json.
info: Microsoft.AspNetCore.Http.Result.CreatedResult[3]
      Writing value of type 'AgentTaskSummary' as Json.
LogRecord.TraceId:                 d18b5e8b1ccf6910a9aabb8d14b48af0
LogRecord.SpanId:                  24971cd6a46a423c
LogRecord.TraceFlags:              Recorded
LogRecord.CategoryName:            Microsoft.AspNetCore.Http.Result.CreatedResult
LogRecord.Severity:                Info
LogRecord.SeverityText:            Information
LogRecord.FormattedMessage:        Writing value of type 'AgentTaskSummary' as Json.
LogRecord.Body:                    Writing value of type '{Type}' as Json.
LogRecord.Attributes (Key:Value):
    Type: AgentTaskSummary
    OriginalFormat (a.k.a Body): Writing value of type '{Type}' as Json.
LogRecord.EventId:                 3
LogRecord.EventName:               WritingResultAsJson

Resource associated with LogRecord:
service.name: Appostolic.Api
service.instance.id: cfc7ce07-e6a4-4518-a7e3-7e4ff99e6a9f
telemetry.sdk.name: opentelemetry
telemetry.sdk.language: dotnet
telemetry.sdk.version: 1.9.0

LogRecord.Timestamp:               2025-09-20T11:49:05.5030330Z
LogRecord.TraceId:                 6dd9ff47c39466d03f4b20a2ab57c89d
LogRecord.SpanId:                  b39e31c28b1f0c92
LogRecord.TraceFlags:              Recorded
LogRecord.CategoryName:            Microsoft.AspNetCore.Http.Result.CreatedResult
LogRecord.Severity:                Info
LogRecord.SeverityText:            Information
LogRecord.FormattedMessage:        Writing value of type 'AgentTaskSummary' as Json.
LogRecord.Body:                    Writing value of type '{Type}' as Json.
LogRecord.Attributes (Key:Value):
    Type: AgentTaskSummary
    OriginalFormat (a.k.a Body): Writing value of type '{Type}' as Json.
LogRecord.EventId:                 3
LogRecord.EventName:               WritingResultAsJson

Resource associated with LogRecord:
service.name: Appostolic.Api
service.instance.id: cfc7ce07-e6a4-4518-a7e3-7e4ff99e6a9f
telemetry.sdk.name: opentelemetry
telemetry.sdk.language: dotnet
telemetry.sdk.version: 1.9.0

info: Microsoft.AspNetCore.Http.Result.CreatedResult[3]
      Writing value of type 'AgentTaskSummary' as Json.
LogRecord.Timestamp:               2025-09-20T11:49:05.5029490Z
LogRecord.TraceId:                 23307dc197c76b74c114d6abc5a71251
LogRecord.SpanId:                  f39fac9f9f52938b
LogRecord.TraceFlags:              Recorded
LogRecord.CategoryName:            Microsoft.AspNetCore.Http.Result.CreatedResult
LogRecord.Severity:                Info
LogRecord.SeverityText:            Information
LogRecord.FormattedMessage:        Writing value of type 'AgentTaskSummary' as Json.
LogRecord.Body:                    Writing value of type '{Type}' as Json.
LogRecord.Attributes (Key:Value):
    Type: AgentTaskSummary
    OriginalFormat (a.k.a Body): Writing value of type '{Type}' as Json.
LogRecord.EventId:                 3
LogRecord.EventName:               WritingResultAsJson

Resource associated with LogRecord:
service.name: Appostolic.Api
service.instance.id: cfc7ce07-e6a4-4518-a7e3-7e4ff99e6a9f
telemetry.sdk.name: opentelemetry
telemetry.sdk.language: dotnet
telemetry.sdk.version: 1.9.0

LogRecord.Timestamp:               2025-09-20T11:49:05.5029500Z
LogRecord.TraceId:                 8046a6ad4edfa4a01679d4b0b37c72dd
LogRecord.SpanId:                  efb126af9eb7706e
LogRecord.TraceFlags:              Recorded
LogRecord.CategoryName:            Microsoft.AspNetCore.Http.Result.CreatedResult
LogRecord.Severity:                Info
LogRecord.SeverityText:            Information
LogRecord.FormattedMessage:        Writing value of type 'AgentTaskSummary' as Json.
LogRecord.Body:                    Writing value of type '{Type}' as Json.
LogRecord.Attributes (Key:Value):
    Type: AgentTaskSummary
    OriginalFormat (a.k.a Body): Writing value of type '{Type}' as Json.
LogRecord.EventId:                 3
LogRecord.EventName:               WritingResultAsJson

Resource associated with LogRecord:
service.name: Appostolic.Api
service.instance.id: cfc7ce07-e6a4-4518-a7e3-7e4ff99e6a9f
telemetry.sdk.name: opentelemetry
telemetry.sdk.language: dotnet
telemetry.sdk.version: 1.9.0

LogRecord.Timestamp:               2025-09-20T11:49:05.5029800Z
LogRecord.TraceId:                 869caa6cef1b2dea242e804d0e7e1d4a
LogRecord.SpanId:                  ce036a574e904fe5
LogRecord.TraceFlags:              Recorded
LogRecord.CategoryName:            Microsoft.AspNetCore.Http.Result.CreatedResult
LogRecord.Severity:                Info
LogRecord.SeverityText:            Information
LogRecord.FormattedMessage:        Writing value of type 'AgentTaskSummary' as Json.
LogRecord.Body:                    Writing value of type '{Type}' as Json.
LogRecord.Attributes (Key:Value):
    Type: AgentTaskSummary
    OriginalFormat (a.k.a Body): Writing value of type '{Type}' as Json.
LogRecord.EventId:                 3
LogRecord.EventName:               WritingResultAsJson

Resource associated with LogRecord:
service.name: Appostolic.Api
service.instance.id: cfc7ce07-e6a4-4518-a7e3-7e4ff99e6a9f
telemetry.sdk.name: opentelemetry
telemetry.sdk.language: dotnet
telemetry.sdk.version: 1.9.0

LogRecord.Timestamp:               2025-09-20T11:49:05.5030050Z
LogRecord.TraceId:                 e5deb91345d568313fbe7f4f71219d6e
LogRecord.SpanId:                  a710a9def3f1f65e
LogRecord.TraceFlags:              Recorded
LogRecord.CategoryName:            Microsoft.AspNetCore.Http.Result.CreatedResult
LogRecord.Severity:                Info
LogRecord.SeverityText:            Information
LogRecord.FormattedMessage:        Writing value of type 'AgentTaskSummary' as Json.
LogRecord.Body:                    Writing value of type '{Type}' as Json.
LogRecord.Attributes (Key:Value):
    Type: AgentTaskSummary
    OriginalFormat (a.k.a Body): Writing value of type '{Type}' as Json.
LogRecord.EventId:                 3
LogRecord.EventName:               WritingResultAsJson

Resource associated with LogRecord:
service.name: Appostolic.Api
service.instance.id: cfc7ce07-e6a4-4518-a7e3-7e4ff99e6a9f
telemetry.sdk.name: opentelemetry
telemetry.sdk.language: dotnet
telemetry.sdk.version: 1.9.0

info: Microsoft.AspNetCore.Http.Result.CreatedResult[3]
      Writing value of type 'AgentTaskSummary' as Json.
LogRecord.Timestamp:               2025-09-20T11:49:05.5035230Z
LogRecord.TraceId:                 afb27277d2bfd3572f90225a7db16fac
LogRecord.SpanId:                  71afbe1826492258
LogRecord.TraceFlags:              Recorded
LogRecord.CategoryName:            Microsoft.AspNetCore.Http.Result.CreatedResult
LogRecord.Severity:                Info
LogRecord.SeverityText:            Information
LogRecord.FormattedMessage:        Writing value of type 'AgentTaskSummary' as Json.
LogRecord.Body:                    Writing value of type '{Type}' as Json.
LogRecord.Attributes (Key:Value):
    Type: AgentTaskSummary
    OriginalFormat (a.k.a Body): Writing value of type '{Type}' as Json.
LogRecord.EventId:                 3
LogRecord.EventName:               WritingResultAsJson

Resource associated with LogRecord:
service.name: Appostolic.Api
service.instance.id: cfc7ce07-e6a4-4518-a7e3-7e4ff99e6a9f
telemetry.sdk.name: opentelemetry
telemetry.sdk.language: dotnet
telemetry.sdk.version: 1.9.0

Activity.TraceId:            65fac63d0c91aa87ec93f988d3610ad9
Activity.SpanId:             46fe419dc398ef38
Activity.TraceFlags:         Recorded
Activity.ActivitySourceName: Microsoft.AspNetCore
Activity.DisplayName:        POST /api/agent-tasks/
Activity.Kind:               Server
Activity.StartTime:          2025-09-20T11:49:05.4239890Z
Activity.Duration:           00:00:00.0815640
Activity.Tags:
    server.address: localhost
    http.request.method: POST
    url.scheme: http
    url.path: /api/agent-tasks
    network.protocol.version: 1.1
    tenant: kevin-personal
    user: kevin@example.com
    http.route: /api/agent-tasks/
    http.response.status_code: 201
Resource associated with Activity:
    service.name: Appostolic.Api
    service.instance.id: cfc7ce07-e6a4-4518-a7e3-7e4ff99e6a9f
    telemetry.sdk.name: opentelemetry
    telemetry.sdk.language: dotnet
    telemetry.sdk.version: 1.9.0

Activity.TraceId:            d18b5e8b1ccf6910a9aabb8d14b48af0
Activity.SpanId:             24971cd6a46a423c
Activity.TraceFlags:         Recorded
Activity.ActivitySourceName: Microsoft.AspNetCore
Activity.DisplayName:        POST /api/agent-tasks/
Activity.Kind:               Server
Activity.StartTime:          2025-09-20T11:49:05.4233070Z
Activity.Duration:           00:00:00.0902960
Activity.Tags:
    server.address: localhost
    http.request.method: POST
    url.scheme: http
    url.path: /api/agent-tasks
    network.protocol.version: 1.1
    tenant: kevin-personal
    user: kevin@example.com
    http.route: /api/agent-tasks/
    http.response.status_code: 201
Resource associated with Activity:
    service.name: Appostolic.Api
    service.instance.id: cfc7ce07-e6a4-4518-a7e3-7e4ff99e6a9f
    telemetry.sdk.name: opentelemetry
    telemetry.sdk.language: dotnet
    telemetry.sdk.version: 1.9.0

Activity.TraceId:            946abf897e765e36c01706c9842e6a54
Activity.SpanId:             d7eaef6b5c8d9cad
Activity.TraceFlags:         Recorded
Activity.ActivitySourceName: Microsoft.AspNetCore
Activity.DisplayName:        POST /api/agent-tasks/
Activity.Kind:               Server
Activity.StartTime:          2025-09-20T11:49:05.4241540Z
Activity.Duration:           00:00:00.0896190
Activity.Tags:
    server.address: localhost
    http.request.method: POST
    url.scheme: http
    url.path: /api/agent-tasks
    network.protocol.version: 1.1
    tenant: kevin-personal
    user: kevin@example.com
    http.route: /api/agent-tasks/
    http.response.status_code: 201
Resource associated with Activity:
    service.name: Appostolic.Api
    service.instance.id: cfc7ce07-e6a4-4518-a7e3-7e4ff99e6a9f
    telemetry.sdk.name: opentelemetry
    telemetry.sdk.language: dotnet
    telemetry.sdk.version: 1.9.0

Activity.TraceId:            23307dc197c76b74c114d6abc5a71251
Activity.SpanId:             f39fac9f9f52938b
Activity.TraceFlags:         Recorded
Activity.ActivitySourceName: Microsoft.AspNetCore
Activity.DisplayName:        POST /api/agent-tasks/
Activity.Kind:               Server
Activity.StartTime:          2025-09-20T11:49:05.4231570Z
Activity.Duration:           00:00:00.0906660
Activity.Tags:
    server.address: localhost
    http.request.method: POST
    url.scheme: http
    url.path: /api/agent-tasks
    network.protocol.version: 1.1
    tenant: kevin-personal
    user: kevin@example.com
    http.route: /api/agent-tasks/
    http.response.status_code: 201
Resource associated with Activity:
    service.name: Appostolic.Api
    service.instance.id: cfc7ce07-e6a4-4518-a7e3-7e4ff99e6a9f
    telemetry.sdk.name: opentelemetry
    telemetry.sdk.language: dotnet
    telemetry.sdk.version: 1.9.0

Activity.TraceId:            8046a6ad4edfa4a01679d4b0b37c72dd
Activity.SpanId:             efb126af9eb7706e
Activity.TraceFlags:         Recorded
Activity.ActivitySourceName: Microsoft.AspNetCore
Activity.DisplayName:        POST /api/agent-tasks/
Activity.Kind:               Server
Activity.StartTime:          2025-09-20T11:49:05.4241870Z
Activity.Duration:           00:00:00.0897120
Activity.Tags:
    server.address: localhost
    http.request.method: POST
    url.scheme: http
    url.path: /api/agent-tasks
    network.protocol.version: 1.1
    tenant: kevin-personal
    user: kevin@example.com
    http.route: /api/agent-tasks/
    http.response.status_code: 201
Resource associated with Activity:
    service.name: Appostolic.Api
    service.instance.id: cfc7ce07-e6a4-4518-a7e3-7e4ff99e6a9f
    telemetry.sdk.name: opentelemetry
    telemetry.sdk.language: dotnet
    telemetry.sdk.version: 1.9.0

Activity.TraceId:            869caa6cef1b2dea242e804d0e7e1d4a
Activity.SpanId:             ce036a574e904fe5
Activity.TraceFlags:         Recorded
Activity.ActivitySourceName: Microsoft.AspNetCore
Activity.DisplayName:        POST /api/agent-tasks/
Activity.Kind:               Server
Activity.StartTime:          2025-09-20T11:49:05.4243310Z
Activity.Duration:           00:00:00.0894480
Activity.Tags:
    server.address: localhost
    http.request.method: POST
    url.scheme: http
    url.path: /api/agent-tasks
    network.protocol.version: 1.1
    tenant: kevin-personal
    user: kevin@example.com
    http.route: /api/agent-tasks/
    http.response.status_code: 201
Resource associated with Activity:
    service.name: Appostolic.Api
    service.instance.id: cfc7ce07-e6a4-4518-a7e3-7e4ff99e6a9f
    telemetry.sdk.name: opentelemetry
    telemetry.sdk.language: dotnet
    telemetry.sdk.version: 1.9.0

Activity.TraceId:            e5deb91345d568313fbe7f4f71219d6e
Activity.SpanId:             a710a9def3f1f65e
Activity.TraceFlags:         Recorded
Activity.ActivitySourceName: Microsoft.AspNetCore
Activity.DisplayName:        POST /api/agent-tasks/
Activity.Kind:               Server
Activity.StartTime:          2025-09-20T11:49:05.4241840Z
Activity.Duration:           00:00:00.0897930
Activity.Tags:
    server.address: localhost
    http.request.method: POST
    url.scheme: http
    url.path: /api/agent-tasks
    network.protocol.version: 1.1
    tenant: kevin-personal
    user: kevin@example.com
    http.route: /api/agent-tasks/
    http.response.status_code: 201
Resource associated with Activity:
    service.name: Appostolic.Api
    service.instance.id: cfc7ce07-e6a4-4518-a7e3-7e4ff99e6a9f
    telemetry.sdk.name: opentelemetry
    telemetry.sdk.language: dotnet
    telemetry.sdk.version: 1.9.0

Activity.TraceId:            6dd9ff47c39466d03f4b20a2ab57c89d
Activity.SpanId:             b39e31c28b1f0c92
Activity.TraceFlags:         Recorded
Activity.ActivitySourceName: Microsoft.AspNetCore
Activity.DisplayName:        POST /api/agent-tasks/
Activity.Kind:               Server
Activity.StartTime:          2025-09-20T11:49:05.4241950Z
Activity.Duration:           00:00:00.0898110
Activity.Tags:
    server.address: localhost
    http.request.method: POST
    url.scheme: http
    url.path: /api/agent-tasks
    network.protocol.version: 1.1
    tenant: kevin-personal
    user: kevin@example.com
    http.route: /api/agent-tasks/
    http.response.status_code: 201
Resource associated with Activity:
    service.name: Appostolic.Api
    service.instance.id: cfc7ce07-e6a4-4518-a7e3-7e4ff99e6a9f
    telemetry.sdk.name: opentelemetry
    telemetry.sdk.language: dotnet
    telemetry.sdk.version: 1.9.0

Activity.TraceId:            afb27277d2bfd3572f90225a7db16fac
Activity.SpanId:             71afbe1826492258
Activity.TraceFlags:         Recorded
Activity.ActivitySourceName: Microsoft.AspNetCore
Activity.DisplayName:        POST /api/agent-tasks/
Activity.Kind:               Server
Activity.StartTime:          2025-09-20T11:49:05.4231570Z
Activity.Duration:           00:00:00.0920050
Activity.Tags:
    server.address: localhost
    http.request.method: POST
    url.scheme: http
    url.path: /api/agent-tasks
    network.protocol.version: 1.1
    tenant: kevin-personal
    user: kevin@example.com
    http.route: /api/agent-tasks/
    http.response.status_code: 201
Resource associated with Activity:
    service.name: Appostolic.Api
    service.instance.id: cfc7ce07-e6a4-4518-a7e3-7e4ff99e6a9f
    telemetry.sdk.name: opentelemetry
    telemetry.sdk.language: dotnet
    telemetry.sdk.version: 1.9.0

Activity.TraceId:            5e655cb8cb4a68f59e8d8c2b57647b46
Activity.SpanId:             6b3f266005378fe6
Activity.TraceFlags:         Recorded
Activity.ParentSpanId:       74f8ae073b450069
Activity.ActivitySourceName: Appostolic.AgentRuntime
Activity.DisplayName:        agent.model
Activity.Kind:               Internal
Activity.StartTime:          2025-09-20T11:49:05.5182890Z
Activity.Duration:           00:00:00.0000120
Activity.Tags:
    agent.id: 11111111-1111-1111-1111-111111111111
    task.id: 9bf133c3-233c-420d-b145-7d329d8b2b9d
    tenant: kevin-personal
    user: kevin@example.com
    step: 1
    model.name: gpt-4o-mini
    maxSteps: 8
    duration.ms: 0
Resource associated with Activity:
    service.name: Appostolic.Api
    service.instance.id: cfc7ce07-e6a4-4518-a7e3-7e4ff99e6a9f
    telemetry.sdk.name: opentelemetry
    telemetry.sdk.language: dotnet
    telemetry.sdk.version: 1.9.0

LogRecord.Timestamp:               2025-09-20T11:49:05.5256170Z
LogRecord.TraceId:                 5e655cb8cb4a68f59e8d8c2b57647b46
LogRecord.SpanId:                  34c441c5f10bcf1a
LogRecord.TraceFlags:              Recorded
LogRecord.CategoryName:            Appostolic.Api.Application.Agents.Tools.WebSearchTool
LogRecord.Severity:                Info
LogRecord.SeverityText:            Information
LogRecord.FormattedMessage:        web.search q="intro" hits=1
LogRecord.Body:                    web.search q="{Query}" hits={HitCount}
LogRecord.Attributes (Key:Value):
    Query: intro
    HitCount: 1
    OriginalFormat (a.k.a Body): web.search q="{Query}" hits={HitCount}

Resource associated with LogRecord:
service.name: Appostolic.Api
service.instance.id: cfc7ce07-e6a4-4518-a7e3-7e4ff99e6a9f
telemetry.sdk.name: opentelemetry
telemetry.sdk.language: dotnet
telemetry.sdk.version: 1.9.0

info: Appostolic.Api.Application.Agents.Tools.WebSearchTool[0]
      web.search q="intro" hits=1
LogRecord.Timestamp:               2025-09-20T11:49:05.5259030Z
LogRecord.TraceId:                 5e655cb8cb4a68f59e8d8c2b57647b46
LogRecord.SpanId:                  34c441c5f10bcf1a
LogRecord.TraceFlags:              Recorded
LogRecord.CategoryName:            Appostolic.Api.Application.Agents.Tools.WebSearchTool
LogRecord.Severity:                Info
LogRecord.SeverityText:            Information
LogRecord.FormattedMessage:        tool.call name=web.search tenant=kevin-personal user=kevin@example.com success=True durationMs=1
LogRecord.Body:                    tool.call name={Name} tenant={Tenant} user={User} success={Success} durationMs={DurationMs}
LogRecord.Attributes (Key:Value):
    Name: web.search
    Tenant: kevin-personal
    User: kevin@example.com
    Success: true
    DurationMs: 1
info: Appostolic.Api.Application.Agents.Tools.WebSearchTool[0]
      tool.call name=web.search tenant=kevin-personal user=kevin@example.com success=True durationMs=1
    OriginalFormat (a.k.a Body): tool.call name={Name} tenant={Tenant} user={User} success={Success} durationMs={DurationMs}

Resource associated with LogRecord:
service.name: Appostolic.Api
service.instance.id: cfc7ce07-e6a4-4518-a7e3-7e4ff99e6a9f
telemetry.sdk.name: opentelemetry
telemetry.sdk.language: dotnet
telemetry.sdk.version: 1.9.0

Activity.TraceId:            5e655cb8cb4a68f59e8d8c2b57647b46
Activity.SpanId:             34c441c5f10bcf1a
Activity.TraceFlags:         Recorded
Activity.ParentSpanId:       16c7b9ac48106f1e
Activity.ActivitySourceName: Appostolic.Tools
Activity.DisplayName:        tool.invoke
Activity.Kind:               Internal
Activity.StartTime:          2025-09-20T11:49:05.5253280Z
Activity.Duration:           00:00:00.0005990
Activity.Tags:
    tool.name: web.search
    tenant: kevin-personal
    user: kevin@example.com
    duration.ms: 1
    success: true
Resource associated with Activity:
    service.name: Appostolic.Api
    service.instance.id: cfc7ce07-e6a4-4518-a7e3-7e4ff99e6a9f
    telemetry.sdk.name: opentelemetry
    telemetry.sdk.language: dotnet
    telemetry.sdk.version: 1.9.0

Activity.TraceId:            5e655cb8cb4a68f59e8d8c2b57647b46
Activity.SpanId:             16c7b9ac48106f1e
Activity.TraceFlags:         Recorded
Activity.ParentSpanId:       74f8ae073b450069
Activity.ActivitySourceName: Appostolic.Tools
Activity.DisplayName:        tool.web.search
Activity.Kind:               Internal
Activity.StartTime:          2025-09-20T11:49:05.5253230Z
Activity.Duration:           00:00:00.0006250
Activity.Tags:
    tool.name: web.search
    tenant: kevin-personal
    user: kevin@example.com
    success: true
    duration.ms: 0
Resource associated with Activity:
    service.name: Appostolic.Api
    service.instance.id: cfc7ce07-e6a4-4518-a7e3-7e4ff99e6a9f
    telemetry.sdk.name: opentelemetry
    telemetry.sdk.language: dotnet
    telemetry.sdk.version: 1.9.0

Activity.TraceId:            5e655cb8cb4a68f59e8d8c2b57647b46
Activity.SpanId:             1c1493adee02646a
Activity.TraceFlags:         Recorded
Activity.ParentSpanId:       74f8ae073b450069
Activity.ActivitySourceName: Appostolic.AgentRuntime
Activity.DisplayName:        agent.model
Activity.Kind:               Internal
Activity.StartTime:          2025-09-20T11:49:05.5269780Z
Activity.Duration:           00:00:00.0000250
Activity.Tags:
    agent.id: 11111111-1111-1111-1111-111111111111
    task.id: 9bf133c3-233c-420d-b145-7d329d8b2b9d
    tenant: kevin-personal
    user: kevin@example.com
    step: 3
    model.name: gpt-4o-mini
    maxSteps: 8
    duration.ms: 0
Resource associated with Activity:
    service.name: Appostolic.Api
    service.instance.id: cfc7ce07-e6a4-4518-a7e3-7e4ff99e6a9f
    telemetry.sdk.name: opentelemetry
    telemetry.sdk.language: dotnet
    telemetry.sdk.version: 1.9.0

LogRecord.Timestamp:               2025-09-20T11:49:05.5292280Z
LogRecord.TraceId:                 5e655cb8cb4a68f59e8d8c2b57647b46
info: Appostolic.Api.Application.Agents.Runtime.AgentOrchestrator[0]
      Task succeeded at step 3
LogRecord.SpanId:                  74f8ae073b450069
LogRecord.TraceFlags:              Recorded
LogRecord.CategoryName:            Appostolic.Api.Application.Agents.Runtime.AgentOrchestrator
LogRecord.Severity:                Info
LogRecord.SeverityText:            Information
LogRecord.FormattedMessage:        Task succeeded at step 3
LogRecord.Body:                    Task succeeded at step {Step}
LogRecord.Attributes (Key:Value):
    Step: 3
    OriginalFormat (a.k.a Body): Task succeeded at step {Step}

Resource associated with LogRecord:
service.name: Appostolic.Api
service.instance.id: cfc7ce07-e6a4-4518-a7e3-7e4ff99e6a9f
telemetry.sdk.name: opentelemetry
telemetry.sdk.language: dotnet
telemetry.sdk.version: 1.9.0

Activity.TraceId:            5e655cb8cb4a68f59e8d8c2b57647b46
Activity.SpanId:             74f8ae073b450069
Activity.TraceFlags:         Recorded
Activity.ActivitySourceName: Appostolic.AgentRuntime
Activity.DisplayName:        agent.run
Activity.Kind:               Internal
Activity.StartTime:          2025-09-20T11:49:05.5178630Z
Activity.Duration:           00:00:00.0132160
Activity.Tags:
    task.id: 9bf133c3-233c-420d-b145-7d329d8b2b9d
    agent.id: 11111111-1111-1111-1111-111111111111
    tenant: kevin-personal
    user: kevin@example.com
Resource associated with Activity:
    service.name: Appostolic.Api
    service.instance.id: cfc7ce07-e6a4-4518-a7e3-7e4ff99e6a9f
    telemetry.sdk.name: opentelemetry
    telemetry.sdk.language: dotnet
    telemetry.sdk.version: 1.9.0

Activity.TraceId:            a105f7a32baa835480477d727caf5a1e
Activity.SpanId:             80ffec925138e1b0
Activity.TraceFlags:         Recorded
Activity.ParentSpanId:       2fe3434a6ad8a15f
Activity.ActivitySourceName: Appostolic.AgentRuntime
Activity.DisplayName:        agent.model
Activity.Kind:               Internal
Activity.StartTime:          2025-09-20T11:49:05.5355680Z
Activity.Duration:           00:00:00.0000750
Activity.Tags:
    agent.id: 11111111-1111-1111-1111-111111111111
    task.id: 97d03cfc-13e6-4a88-b35c-fac4f58f1441
    tenant: kevin-personal
    user: kevin@example.com
    step: 1
    model.name: gpt-4o-mini
    maxSteps: 8
    duration.ms: 0
Resource associated with Activity:
    service.name: Appostolic.Api
    service.instance.id: cfc7ce07-e6a4-4518-a7e3-7e4ff99e6a9f
    telemetry.sdk.name: opentelemetry
    telemetry.sdk.language: dotnet
    telemetry.sdk.version: 1.9.0

LogRecord.Timestamp:               2025-09-20T11:49:05.5403370Z
LogRecord.TraceId:                 a105f7a32baa835480477d727caf5a1e
LogRecord.SpanId:                  efcdaa3bfe58dfa2
LogRecord.TraceFlags:              Recorded
LogRecord.CategoryName:            Appostolic.Api.Application.Agents.Tools.WebSearchTool
LogRecord.Severity:                Info
info: Appostolic.Api.Application.Agents.Tools.WebSearchTool[0]
      web.search q="intro" hits=1
LogRecord.SeverityText:            Information
LogRecord.FormattedMessage:        web.search q="intro" hits=1
LogRecord.Body:                    web.search q="{Query}" hits={HitCount}
LogRecord.Attributes (Key:Value):
    Query: intro
    HitCount: 1
    OriginalFormat (a.k.a Body): web.search q="{Query}" hits={HitCount}

Resource associated with LogRecord:
service.name: Appostolic.Api
service.instance.id: cfc7ce07-e6a4-4518-a7e3-7e4ff99e6a9f
telemetry.sdk.name: opentelemetry
telemetry.sdk.language: dotnet
telemetry.sdk.version: 1.9.0

info: Appostolic.Api.Application.Agents.Tools.WebSearchTool[0]
      tool.call name=web.search tenant=kevin-personal user=kevin@example.com success=True durationMs=1
LogRecord.Timestamp:               2025-09-20T11:49:05.5410200Z
LogRecord.TraceId:                 a105f7a32baa835480477d727caf5a1e
LogRecord.SpanId:                  efcdaa3bfe58dfa2
LogRecord.TraceFlags:              Recorded
LogRecord.CategoryName:            Appostolic.Api.Application.Agents.Tools.WebSearchTool
LogRecord.Severity:                Info
LogRecord.SeverityText:            Information
LogRecord.FormattedMessage:        tool.call name=web.search tenant=kevin-personal user=kevin@example.com success=True durationMs=1
LogRecord.Body:                    tool.call name={Name} tenant={Tenant} user={User} success={Success} durationMs={DurationMs}
LogRecord.Attributes (Key:Value):
    Name: web.search
    Tenant: kevin-personal
    User: kevin@example.com
    Success: true
    DurationMs: 1
    OriginalFormat (a.k.a Body): tool.call name={Name} tenant={Tenant} user={User} success={Success} durationMs={DurationMs}

Resource associated with LogRecord:
service.name: Appostolic.Api
service.instance.id: cfc7ce07-e6a4-4518-a7e3-7e4ff99e6a9f
telemetry.sdk.name: opentelemetry
telemetry.sdk.language: dotnet
telemetry.sdk.version: 1.9.0

Activity.TraceId:            a105f7a32baa835480477d727caf5a1e
Activity.SpanId:             efcdaa3bfe58dfa2
Activity.TraceFlags:         Recorded
Activity.ParentSpanId:       180333fdbdfd6a45
Activity.ActivitySourceName: Appostolic.Tools
Activity.DisplayName:        tool.invoke
Activity.Kind:               Internal
Activity.StartTime:          2025-09-20T11:49:05.5402740Z
Activity.Duration:           00:00:00.0008230
Activity.Tags:
    tool.name: web.search
    tenant: kevin-personal
    user: kevin@example.com
    duration.ms: 1
    success: true
Resource associated with Activity:
    service.name: Appostolic.Api
    service.instance.id: cfc7ce07-e6a4-4518-a7e3-7e4ff99e6a9f
    telemetry.sdk.name: opentelemetry
    telemetry.sdk.language: dotnet
    telemetry.sdk.version: 1.9.0

Activity.TraceId:            a105f7a32baa835480477d727caf5a1e
Activity.SpanId:             180333fdbdfd6a45
Activity.TraceFlags:         Recorded
Activity.ParentSpanId:       2fe3434a6ad8a15f
Activity.ActivitySourceName: Appostolic.Tools
Activity.DisplayName:        tool.web.search
Activity.Kind:               Internal
Activity.StartTime:          2025-09-20T11:49:05.5402690Z
Activity.Duration:           00:00:00.0008910
Activity.Tags:
    tool.name: web.search
    tenant: kevin-personal
    user: kevin@example.com
    success: true
    duration.ms: 0
Resource associated with Activity:
    service.name: Appostolic.Api
    service.instance.id: cfc7ce07-e6a4-4518-a7e3-7e4ff99e6a9f
    telemetry.sdk.name: opentelemetry
    telemetry.sdk.language: dotnet
    telemetry.sdk.version: 1.9.0

Activity.TraceId:            a105f7a32baa835480477d727caf5a1e
Activity.SpanId:             5cf09ed3397b3978
Activity.TraceFlags:         Recorded
Activity.ParentSpanId:       2fe3434a6ad8a15f
Activity.ActivitySourceName: Appostolic.AgentRuntime
Activity.DisplayName:        agent.model
Activity.Kind:               Internal
Activity.StartTime:          2025-09-20T11:49:05.5443430Z
Activity.Duration:           00:00:00.0000240
Activity.Tags:
    agent.id: 11111111-1111-1111-1111-111111111111
    task.id: 97d03cfc-13e6-4a88-b35c-fac4f58f1441
    tenant: kevin-personal
    user: kevin@example.com
    step: 3
    model.name: gpt-4o-mini
    maxSteps: 8
    duration.ms: 0
Resource associated with Activity:
    service.name: Appostolic.Api
    service.instance.id: cfc7ce07-e6a4-4518-a7e3-7e4ff99e6a9f
    telemetry.sdk.name: opentelemetry
    telemetry.sdk.language: dotnet
    telemetry.sdk.version: 1.9.0

LogRecord.Timestamp:               2025-09-20T11:49:05.5468290Z
LogRecord.TraceId:                 a105f7a32baa835480477d727caf5a1e
LogRecord.SpanId:                  2fe3434a6ad8a15f
LogRecord.TraceFlags:              Recorded
LogRecord.CategoryName:            Appostolic.Api.Application.Agents.Runtime.AgentOrchestrator
LogRecord.Severity:                Info
LogRecord.SeverityText:            Information
LogRecord.FormattedMessage:        Task succeeded at step 3
LogRecord.Body:                    Task succeeded at step {Step}
LogRecord.Attributes (Key:Value):
    Step: 3
    OriginalFormat (a.k.a Body): Task succeeded at step {Step}

Resource associated with LogRecord:
service.name: Appostolic.Api
service.instance.id: cfc7ce07-e6a4-4518-a7e3-7e4ff99e6a9f
telemetry.sdk.name: opentelemetry
telemetry.sdk.language: dotnet
telemetry.sdk.version: 1.9.0

Activity.TraceId:            a105f7a32baa835480477d727caf5a1e
Activity.SpanId:             2fe3434a6ad8a15f
Activity.TraceFlags:         Recorded
Activity.ActivitySourceName: Appostolic.AgentRuntime
Activity.DisplayName:        agent.run
Activity.Kind:               Internal
Activity.StartTime:          2025-09-20T11:49:05.5354790Z
Activity.Duration:           00:00:00.0114130
Activity.Tags:
    task.id: 97d03cfc-13e6-4a88-b35c-fac4f58f1441
    agent.id: 11111111-1111-1111-1111-111111111111
    tenant: kevin-personal
    user: kevin@example.com
Resource associated with Activity:
    service.name: Appostolic.Api
    service.instance.id: cfc7ce07-e6a4-4518-a7e3-7e4ff99e6a9f
    telemetry.sdk.name: opentelemetry
    telemetry.sdk.language: dotnet
    telemetry.sdk.version: 1.9.0

info: Appostolic.Api.Application.Agents.Runtime.AgentOrchestrator[0]
      Task succeeded at step 3
Activity.TraceId:            9ba68fa30f30119e9126d6fd2460fc50
Activity.SpanId:             e817ad0e830aa918
Activity.TraceFlags:         Recorded
Activity.ParentSpanId:       33006f3a03281345
Activity.ActivitySourceName: Appostolic.AgentRuntime
Activity.DisplayName:        agent.model
Activity.Kind:               Internal
Activity.StartTime:          2025-09-20T11:49:05.5499410Z
Activity.Duration:           00:00:00.0000100
Activity.Tags:
    agent.id: 11111111-1111-1111-1111-111111111111
    task.id: 1f2cf7ec-cbc8-4b53-b549-50e2f5061ffe
    tenant: kevin-personal
    user: kevin@example.com
    step: 1
    model.name: gpt-4o-mini
    maxSteps: 8
    duration.ms: 0
Resource associated with Activity:
    service.name: Appostolic.Api
    service.instance.id: cfc7ce07-e6a4-4518-a7e3-7e4ff99e6a9f
    telemetry.sdk.name: opentelemetry
    telemetry.sdk.language: dotnet
    telemetry.sdk.version: 1.9.0

LogRecord.Timestamp:               2025-09-20T11:49:05.5501550Z
info: Appostolic.Api.Application.Agents.Tools.WebSearchTool[0]
      web.search q="intro" hits=1
LogRecord.TraceId:                 9ba68fa30f30119e9126d6fd2460fc50
LogRecord.SpanId:                  2b0e7a1f232bd400
LogRecord.TraceFlags:              Recorded
LogRecord.CategoryName:            Appostolic.Api.Application.Agents.Tools.WebSearchTool
LogRecord.Severity:                Info
LogRecord.SeverityText:            Information
LogRecord.FormattedMessage:        web.search q="intro" hits=1
LogRecord.Body:                    web.search q="{Query}" hits={HitCount}
LogRecord.Attributes (Key:Value):
    Query: intro
    HitCount: 1
    OriginalFormat (a.k.a Body): web.search q="{Query}" hits={HitCount}

Resource associated with LogRecord:
service.name: Appostolic.Api
service.instance.id: cfc7ce07-e6a4-4518-a7e3-7e4ff99e6a9f
telemetry.sdk.name: opentelemetry
telemetry.sdk.language: dotnet
telemetry.sdk.version: 1.9.0

info: Appostolic.Api.Application.Agents.Tools.WebSearchTool[0]
      tool.call name=web.search tenant=kevin-personal user=kevin@example.com success=True durationMs=1
LogRecord.Timestamp:               2025-09-20T11:49:05.5505360Z
LogRecord.TraceId:                 9ba68fa30f30119e9126d6fd2460fc50
LogRecord.SpanId:                  2b0e7a1f232bd400
LogRecord.TraceFlags:              Recorded
LogRecord.CategoryName:            Appostolic.Api.Application.Agents.Tools.WebSearchTool
LogRecord.Severity:                Info
LogRecord.SeverityText:            Information
LogRecord.FormattedMessage:        tool.call name=web.search tenant=kevin-personal user=kevin@example.com success=True durationMs=1
LogRecord.Body:                    tool.call name={Name} tenant={Tenant} user={User} success={Success} durationMs={DurationMs}
LogRecord.Attributes (Key:Value):
    Name: web.search
    Tenant: kevin-personal
    User: kevin@example.com
    Success: true
    DurationMs: 1
    OriginalFormat (a.k.a Body): tool.call name={Name} tenant={Tenant} user={User} success={Success} durationMs={DurationMs}

Resource associated with LogRecord:
service.name: Appostolic.Api
service.instance.id: cfc7ce07-e6a4-4518-a7e3-7e4ff99e6a9f
telemetry.sdk.name: opentelemetry
telemetry.sdk.language: dotnet
telemetry.sdk.version: 1.9.0

Activity.TraceId:            9ba68fa30f30119e9126d6fd2460fc50
Activity.SpanId:             2b0e7a1f232bd400
Activity.TraceFlags:         Recorded
Activity.ParentSpanId:       c99d8ab005b9b54f
Activity.ActivitySourceName: Appostolic.Tools
Activity.DisplayName:        tool.invoke
Activity.Kind:               Internal
Activity.StartTime:          2025-09-20T11:49:05.5501110Z
Activity.Duration:           00:00:00.0005120
Activity.Tags:
    tool.name: web.search
    tenant: kevin-personal
    user: kevin@example.com
    duration.ms: 1
    success: true
Resource associated with Activity:
    service.name: Appostolic.Api
    service.instance.id: cfc7ce07-e6a4-4518-a7e3-7e4ff99e6a9f
    telemetry.sdk.name: opentelemetry
    telemetry.sdk.language: dotnet
    telemetry.sdk.version: 1.9.0

Activity.TraceId:            9ba68fa30f30119e9126d6fd2460fc50
Activity.SpanId:             c99d8ab005b9b54f
Activity.TraceFlags:         Recorded
Activity.ParentSpanId:       33006f3a03281345
Activity.ActivitySourceName: Appostolic.Tools
Activity.DisplayName:        tool.web.search
Activity.Kind:               Internal
Activity.StartTime:          2025-09-20T11:49:05.5501080Z
Activity.Duration:           00:00:00.0005650
Activity.Tags:
    tool.name: web.search
    tenant: kevin-personal
    user: kevin@example.com
    success: true
    duration.ms: 0
Resource associated with Activity:
    service.name: Appostolic.Api
    service.instance.id: cfc7ce07-e6a4-4518-a7e3-7e4ff99e6a9f
    telemetry.sdk.name: opentelemetry
    telemetry.sdk.language: dotnet
    telemetry.sdk.version: 1.9.0

Activity.TraceId:            9ba68fa30f30119e9126d6fd2460fc50
Activity.SpanId:             e2f41dc5a37c9180
Activity.TraceFlags:         Recorded
Activity.ParentSpanId:       33006f3a03281345
Activity.ActivitySourceName: Appostolic.AgentRuntime
Activity.DisplayName:        agent.model
Activity.Kind:               Internal
Activity.StartTime:          2025-09-20T11:49:05.5512170Z
Activity.Duration:           00:00:00.0000380
Activity.Tags:
    agent.id: 11111111-1111-1111-1111-111111111111
    task.id: 1f2cf7ec-cbc8-4b53-b549-50e2f5061ffe
    tenant: kevin-personal
    user: kevin@example.com
    step: 3
    model.name: gpt-4o-mini
    maxSteps: 8
    duration.ms: 0
Resource associated with Activity:
    service.name: Appostolic.Api
    service.instance.id: cfc7ce07-e6a4-4518-a7e3-7e4ff99e6a9f
    telemetry.sdk.name: opentelemetry
    telemetry.sdk.language: dotnet
    telemetry.sdk.version: 1.9.0

LogRecord.Timestamp:               2025-09-20T11:49:05.5515220Z
LogRecord.TraceId:                 9ba68fa30f30119e9126d6fd2460fc50
LogRecord.SpanId:                  33006f3a03281345
LogRecord.TraceFlags:              Recorded
LogRecord.CategoryName:            Appostolic.Api.Application.Agents.Runtime.AgentOrchestrator
LogRecord.Severity:                Info
LogRecord.SeverityText:            Information
LogRecord.FormattedMessage:        Task succeeded at step 3
LogRecord.Body:                    Task succeeded at step {Step}
LogRecord.Attributes (Key:Value):
    Step: 3
    OriginalFormat (a.k.a Body): Task succeeded at step {Step}

Resource associated with LogRecord:
service.name: Appostolic.Api
service.instance.id: cfc7ce07-e6a4-4518-a7e3-7e4ff99e6a9f
telemetry.sdk.name: opentelemetry
telemetry.sdk.language: dotnet
telemetry.sdk.version: 1.9.0

info: Appostolic.Api.Application.Agents.Runtime.AgentOrchestrator[0]
      Task succeeded at step 3
Activity.TraceId:            9ba68fa30f30119e9126d6fd2460fc50
Activity.SpanId:             33006f3a03281345
Activity.TraceFlags:         Recorded
Activity.ActivitySourceName: Appostolic.AgentRuntime
Activity.DisplayName:        agent.run
Activity.Kind:               Internal
Activity.StartTime:          2025-09-20T11:49:05.5498650Z
Activity.Duration:           00:00:00.0017550
Activity.Tags:
    task.id: 1f2cf7ec-cbc8-4b53-b549-50e2f5061ffe
    agent.id: 11111111-1111-1111-1111-111111111111
    tenant: kevin-personal
    user: kevin@example.com
Resource associated with Activity:
    service.name: Appostolic.Api
    service.instance.id: cfc7ce07-e6a4-4518-a7e3-7e4ff99e6a9f
    telemetry.sdk.name: opentelemetry
    telemetry.sdk.language: dotnet
    telemetry.sdk.version: 1.9.0

Activity.TraceId:            7f5ef735c6d62ed88c86829bd1a8cd35
Activity.SpanId:             37db02648feb01d2
Activity.TraceFlags:         Recorded
Activity.ParentSpanId:       bf7a40c66217c870
Activity.ActivitySourceName: Appostolic.AgentRuntime
Activity.DisplayName:        agent.model
Activity.Kind:               Internal
Activity.StartTime:          2025-09-20T11:49:05.5539970Z
Activity.Duration:           00:00:00.0000080
Activity.Tags:
    agent.id: 11111111-1111-1111-1111-111111111111
    task.id: 7a5094b0-5620-4426-9915-19091a0efd77
    tenant: kevin-personal
    user: kevin@example.com
    step: 1
    model.name: gpt-4o-mini
    maxSteps: 8
    duration.ms: 0
Resource associated with Activity:
    service.name: Appostolic.Api
    service.instance.id: cfc7ce07-e6a4-4518-a7e3-7e4ff99e6a9f
    telemetry.sdk.name: opentelemetry
    telemetry.sdk.language: dotnet
    telemetry.sdk.version: 1.9.0

info: Appostolic.Api.Application.Agents.Tools.WebSearchTool[0]
      web.search q="intro" hits=1
LogRecord.Timestamp:               2025-09-20T11:49:05.5546460Z
LogRecord.TraceId:                 7f5ef735c6d62ed88c86829bd1a8cd35
LogRecord.SpanId:                  e53efc2e879a6185
LogRecord.TraceFlags:              Recorded
LogRecord.CategoryName:            Appostolic.Api.Application.Agents.Tools.WebSearchTool
LogRecord.Severity:                Info
LogRecord.SeverityText:            Information
LogRecord.FormattedMessage:        web.search q="intro" hits=1
LogRecord.Body:                    web.search q="{Query}" hits={HitCount}
LogRecord.Attributes (Key:Value):
    Query: intro
    HitCount: 1
    OriginalFormat (a.k.a Body): web.search q="{Query}" hits={HitCount}

Resource associated with LogRecord:
service.name: Appostolic.Api
service.instance.id: cfc7ce07-e6a4-4518-a7e3-7e4ff99e6a9f
telemetry.sdk.name: opentelemetry
telemetry.sdk.language: dotnet
telemetry.sdk.version: 1.9.0

LogRecord.Timestamp:               2025-09-20T11:49:05.5547650Z
LogRecord.TraceId:                 7f5ef735c6d62ed88c86829bd1a8cd35
LogRecord.SpanId:                  e53efc2e879a6185
LogRecord.TraceFlags:              Recorded
LogRecord.CategoryName:            Appostolic.Api.Application.Agents.Tools.WebSearchTool
LogRecord.Severity:                Info
LogRecord.SeverityText:            Information
LogRecord.FormattedMessage:        tool.call name=web.search tenant=kevin-personal user=kevin@example.com success=True durationMs=1
LogRecord.Body:                    tool.call name={Name} tenant={Tenant} user={User} success={Success} durationMs={DurationMs}
LogRecord.Attributes (Key:Value):
info: Appostolic.Api.Application.Agents.Tools.WebSearchTool[0]
      tool.call name=web.search tenant=kevin-personal user=kevin@example.com success=True durationMs=1
    Name: web.search
    Tenant: kevin-personal
    User: kevin@example.com
    Success: true
    DurationMs: 1
    OriginalFormat (a.k.a Body): tool.call name={Name} tenant={Tenant} user={User} success={Success} durationMs={DurationMs}

Resource associated with LogRecord:
service.name: Appostolic.Api
service.instance.id: cfc7ce07-e6a4-4518-a7e3-7e4ff99e6a9f
telemetry.sdk.name: opentelemetry
telemetry.sdk.language: dotnet
telemetry.sdk.version: 1.9.0

Activity.TraceId:            7f5ef735c6d62ed88c86829bd1a8cd35
Activity.SpanId:             e53efc2e879a6185
Activity.TraceFlags:         Recorded
Activity.ParentSpanId:       92d85c4b077d65f9
Activity.ActivitySourceName: Appostolic.Tools
Activity.DisplayName:        tool.invoke
Activity.Kind:               Internal
Activity.StartTime:          2025-09-20T11:49:05.5545520Z
Activity.Duration:           00:00:00.0024690
Activity.Tags:
    tool.name: web.search
    tenant: kevin-personal
    user: kevin@example.com
    duration.ms: 1
    success: true
Resource associated with Activity:
    service.name: Appostolic.Api
    service.instance.id: cfc7ce07-e6a4-4518-a7e3-7e4ff99e6a9f
    telemetry.sdk.name: opentelemetry
    telemetry.sdk.language: dotnet
    telemetry.sdk.version: 1.9.0

Activity.TraceId:            7f5ef735c6d62ed88c86829bd1a8cd35
Activity.SpanId:             92d85c4b077d65f9
Activity.TraceFlags:         Recorded
Activity.ParentSpanId:       bf7a40c66217c870
Activity.ActivitySourceName: Appostolic.Tools
Activity.DisplayName:        tool.web.search
Activity.Kind:               Internal
Activity.StartTime:          2025-09-20T11:49:05.5545440Z
Activity.Duration:           00:00:00.0025360
Activity.Tags:
    tool.name: web.search
    tenant: kevin-personal
    user: kevin@example.com
    success: true
    duration.ms: 2
Resource associated with Activity:
    service.name: Appostolic.Api
    service.instance.id: cfc7ce07-e6a4-4518-a7e3-7e4ff99e6a9f
    telemetry.sdk.name: opentelemetry
    telemetry.sdk.language: dotnet
    telemetry.sdk.version: 1.9.0

Activity.TraceId:            7f5ef735c6d62ed88c86829bd1a8cd35
Activity.SpanId:             b01ecebe2187d97d
Activity.TraceFlags:         Recorded
Activity.ParentSpanId:       bf7a40c66217c870
Activity.ActivitySourceName: Appostolic.AgentRuntime
Activity.DisplayName:        agent.model
Activity.Kind:               Internal
Activity.StartTime:          2025-09-20T11:49:05.5573140Z
Activity.Duration:           00:00:00.0000180
Activity.Tags:
    agent.id: 11111111-1111-1111-1111-111111111111
    task.id: 7a5094b0-5620-4426-9915-19091a0efd77
    tenant: kevin-personal
    user: kevin@example.com
    step: 3
    model.name: gpt-4o-mini
    maxSteps: 8
    duration.ms: 0
Resource associated with Activity:
    service.name: Appostolic.Api
    service.instance.id: cfc7ce07-e6a4-4518-a7e3-7e4ff99e6a9f
    telemetry.sdk.name: opentelemetry
    telemetry.sdk.language: dotnet
    telemetry.sdk.version: 1.9.0

LogRecord.Timestamp:               2025-09-20T11:49:05.5574470Z
LogRecord.TraceId:                 7f5ef735c6d62ed88c86829bd1a8cd35
LogRecord.SpanId:                  bf7a40c66217c870
LogRecord.TraceFlags:              Recorded
LogRecord.CategoryName:            Appostolic.Api.Application.Agents.Runtime.AgentOrchestrator
LogRecord.Severity:                Info
LogRecord.SeverityText:            Information
LogRecord.FormattedMessage:        Task succeeded at step 3
LogRecord.Body:                    Task succeeded at step {Step}
LogRecord.Attributes (Key:Value):
    Step: 3
    OriginalFormat (a.k.a Body): Task succeeded at step {Step}

Resource associated with LogRecord:
service.name: Appostolic.Api
service.instance.id: cfc7ce07-e6a4-4518-a7e3-7e4ff99e6a9f
telemetry.sdk.name: opentelemetry
telemetry.sdk.language: dotnet
telemetry.sdk.version: 1.9.0

Activity.TraceId:            7f5ef735c6d62ed88c86829bd1a8cd35
Activity.SpanId:             bf7a40c66217c870
Activity.TraceFlags:         Recorded
Activity.ActivitySourceName: Appostolic.AgentRuntime
Activity.DisplayName:        agent.run
Activity.Kind:               Internal
Activity.StartTime:          2025-09-20T11:49:05.5539420Z
Activity.Duration:           00:00:00.0035480
Activity.Tags:
    task.id: 7a5094b0-5620-4426-9915-19091a0efd77
    agent.id: 11111111-1111-1111-1111-111111111111
    tenant: kevin-personal
    user: kevin@example.com
Resource associated with Activity:
    service.name: Appostolic.Api
    service.instance.id: cfc7ce07-e6a4-4518-a7e3-7e4ff99e6a9f
    telemetry.sdk.name: opentelemetry
    telemetry.sdk.language: dotnet
    telemetry.sdk.version: 1.9.0

info: Appostolic.Api.Application.Agents.Runtime.AgentOrchestrator[0]
      Task succeeded at step 3
Activity.TraceId:            42cd69e69d29bcfe44cef91202c0f51b
Activity.SpanId:             90d1a8fc8d56b0f0
Activity.TraceFlags:         Recorded
Activity.ParentSpanId:       e62f580e4435c551
Activity.ActivitySourceName: Appostolic.AgentRuntime
Activity.DisplayName:        agent.model
Activity.Kind:               Internal
Activity.StartTime:          2025-09-20T11:49:05.5581880Z
Activity.Duration:           00:00:00.0000070
Activity.Tags:
    agent.id: 11111111-1111-1111-1111-111111111111
    task.id: a4510dc9-f900-4d6f-9de9-ec9a3820ae4a
    tenant: kevin-personal
    user: kevin@example.com
    step: 1
    model.name: gpt-4o-mini
    maxSteps: 8
    duration.ms: 0
Resource associated with Activity:
    service.name: Appostolic.Api
    service.instance.id: cfc7ce07-e6a4-4518-a7e3-7e4ff99e6a9f
    telemetry.sdk.name: opentelemetry
    telemetry.sdk.language: dotnet
    telemetry.sdk.version: 1.9.0

LogRecord.Timestamp:               2025-09-20T11:49:05.5583530Z
LogRecord.TraceId:                 42cd69e69d29bcfe44cef91202c0f51b
LogRecord.SpanId:                  5ed3d98b72979624
LogRecord.TraceFlags:              Recorded
LogRecord.CategoryName:            Appostolic.Api.Application.Agents.Tools.WebSearchTool
LogRecord.Severity:                Info
LogRecord.SeverityText:            Information
LogRecord.FormattedMessage:        web.search q="intro" hits=1
LogRecord.Body:                    web.search q="{Query}" hits={HitCount}
LogRecord.Attributes (Key:Value):
    Query: intro
    HitCount: 1
    OriginalFormat (a.k.a Body): web.search q="{Query}" hits={HitCount}

Resource associated with LogRecord:
service.name: Appostolic.Api
service.instance.id: cfc7ce07-e6a4-4518-a7e3-7e4ff99e6a9f
telemetry.sdk.name: opentelemetry
telemetry.sdk.language: dotnet
telemetry.sdk.version: 1.9.0

LogRecord.Timestamp:               2025-09-20T11:49:05.5583960Z
LogRecord.TraceId:                 42cd69e69d29bcfe44cef91202c0f51b
LogRecord.SpanId:                  5ed3d98b72979624
LogRecord.TraceFlags:              Recorded
LogRecord.CategoryName:            Appostolic.Api.Application.Agents.Tools.WebSearchTool
LogRecord.Severity:                Info
LogRecord.SeverityText:            Information
LogRecord.FormattedMessage:        tool.call name=web.search tenant=kevin-personal user=kevin@example.com success=True durationMs=1
LogRecord.Body:                    tool.call name={Name} tenant={Tenant} user={User} success={Success} durationMs={DurationMs}
LogRecord.Attributes (Key:Value):
    Name: web.search
    Tenant: kevin-personal
    User: kevin@example.com
    Success: true
    DurationMs: 1
    OriginalFormat (a.k.a Body): tool.call name={Name} tenant={Tenant} user={User} success={Success} durationMs={DurationMs}

Resource associated with LogRecord:
service.name: Appostolic.Api
service.instance.id: cfc7ce07-e6a4-4518-a7e3-7e4ff99e6a9f
telemetry.sdk.name: opentelemetry
telemetry.sdk.language: dotnet
telemetry.sdk.version: 1.9.0

Activity.TraceId:            42cd69e69d29bcfe44cef91202c0f51b
Activity.SpanId:             5ed3d98b72979624
Activity.TraceFlags:         Recorded
Activity.ParentSpanId:       3b6ccf26a71f7700
Activity.ActivitySourceName: Appostolic.Tools
Activity.DisplayName:        tool.invoke
Activity.Kind:               Internal
Activity.StartTime:          2025-09-20T11:49:05.5583180Z
Activity.Duration:           00:00:00.0000920
Activity.Tags:
    tool.name: web.search
    tenant: kevin-personal
    user: kevin@example.com
    duration.ms: 1
    success: true
Resource associated with Activity:
    service.name: Appostolic.Api
    service.instance.id: cfc7ce07-e6a4-4518-a7e3-7e4ff99e6a9f
    telemetry.sdk.name: opentelemetry
    telemetry.sdk.language: dotnet
    telemetry.sdk.version: 1.9.0

Activity.TraceId:            42cd69e69d29bcfe44cef91202c0f51b
Activity.SpanId:             3b6ccf26a71f7700
Activity.TraceFlags:         Recorded
Activity.ParentSpanId:       e62f580e4435c551
Activity.ActivitySourceName: Appostolic.Tools
Activity.DisplayName:        tool.web.search
Activity.Kind:               Internal
Activity.StartTime:          2025-09-20T11:49:05.5583160Z
Activity.Duration:           00:00:00.0001090
Activity.Tags:
    tool.name: web.search
    tenant: kevin-personal
    user: kevin@example.com
    success: true
    duration.ms: 0
Resource associated with Activity:
    service.name: Appostolic.Api
    service.instance.id: cfc7ce07-e6a4-4518-a7e3-7e4ff99e6a9f
    telemetry.sdk.name: opentelemetry
    telemetry.sdk.language: dotnet
    telemetry.sdk.version: 1.9.0

info: Appostolic.Api.Application.Agents.Tools.WebSearchTool[0]
      web.search q="intro" hits=1
info: Appostolic.Api.Application.Agents.Tools.WebSearchTool[0]
      tool.call name=web.search tenant=kevin-personal user=kevin@example.com success=True durationMs=1
Activity.TraceId:            42cd69e69d29bcfe44cef91202c0f51b
Activity.SpanId:             ffae5b0aae7cce91
Activity.TraceFlags:         Recorded
Activity.ParentSpanId:       e62f580e4435c551
Activity.ActivitySourceName: Appostolic.AgentRuntime
Activity.DisplayName:        agent.model
Activity.Kind:               Internal
Activity.StartTime:          2025-09-20T11:49:05.5585240Z
Activity.Duration:           00:00:00.0008940
Activity.Tags:
    agent.id: 11111111-1111-1111-1111-111111111111
    task.id: a4510dc9-f900-4d6f-9de9-ec9a3820ae4a
    tenant: kevin-personal
    user: kevin@example.com
    step: 3
    model.name: gpt-4o-mini
    maxSteps: 8
    duration.ms: 0
Resource associated with Activity:
    service.name: Appostolic.Api
    service.instance.id: cfc7ce07-e6a4-4518-a7e3-7e4ff99e6a9f
    telemetry.sdk.name: opentelemetry
    telemetry.sdk.language: dotnet
    telemetry.sdk.version: 1.9.0

info: Appostolic.Api.Application.Agents.Runtime.AgentOrchestrator[0]
      Task succeeded at step 3
LogRecord.Timestamp:               2025-09-20T11:49:05.5600620Z
LogRecord.TraceId:                 42cd69e69d29bcfe44cef91202c0f51b
LogRecord.SpanId:                  e62f580e4435c551
LogRecord.TraceFlags:              Recorded
LogRecord.CategoryName:            Appostolic.Api.Application.Agents.Runtime.AgentOrchestrator
LogRecord.Severity:                Info
LogRecord.SeverityText:            Information
LogRecord.FormattedMessage:        Task succeeded at step 3
LogRecord.Body:                    Task succeeded at step {Step}
LogRecord.Attributes (Key:Value):
    Step: 3
    OriginalFormat (a.k.a Body): Task succeeded at step {Step}

Resource associated with LogRecord:
service.name: Appostolic.Api
service.instance.id: cfc7ce07-e6a4-4518-a7e3-7e4ff99e6a9f
telemetry.sdk.name: opentelemetry
telemetry.sdk.language: dotnet
telemetry.sdk.version: 1.9.0

Activity.TraceId:            42cd69e69d29bcfe44cef91202c0f51b
Activity.SpanId:             e62f580e4435c551
Activity.TraceFlags:         Recorded
Activity.ActivitySourceName: Appostolic.AgentRuntime
Activity.DisplayName:        agent.run
Activity.Kind:               Internal
Activity.StartTime:          2025-09-20T11:49:05.5581490Z
Activity.Duration:           00:00:00.0022880
Activity.Tags:
    task.id: a4510dc9-f900-4d6f-9de9-ec9a3820ae4a
    agent.id: 11111111-1111-1111-1111-111111111111
    tenant: kevin-personal
    user: kevin@example.com
Resource associated with Activity:
    service.name: Appostolic.Api
    service.instance.id: cfc7ce07-e6a4-4518-a7e3-7e4ff99e6a9f
    telemetry.sdk.name: opentelemetry
    telemetry.sdk.language: dotnet
    telemetry.sdk.version: 1.9.0

Activity.TraceId:            87e2624d138790cb995457a7b36d50b0
Activity.SpanId:             8e123f52d2327d56
Activity.TraceFlags:         Recorded
Activity.ParentSpanId:       4c1b6de1cce7a8f4
Activity.ActivitySourceName: Appostolic.AgentRuntime
Activity.DisplayName:        agent.model
Activity.Kind:               Internal
Activity.StartTime:          2025-09-20T11:49:05.5661880Z
Activity.Duration:           00:00:00.0000160
Activity.Tags:
    agent.id: 11111111-1111-1111-1111-111111111111
    task.id: da929129-29c8-4b92-a0bb-41cc7edf78f6
    tenant: kevin-personal
    user: kevin@example.com
    step: 1
    model.name: gpt-4o-mini
    maxSteps: 8
    duration.ms: 0
Resource associated with Activity:
    service.name: Appostolic.Api
    service.instance.id: cfc7ce07-e6a4-4518-a7e3-7e4ff99e6a9f
    telemetry.sdk.name: opentelemetry
    telemetry.sdk.language: dotnet
    telemetry.sdk.version: 1.9.0

LogRecord.Timestamp:               2025-09-20T11:49:05.5676470Z
LogRecord.TraceId:                 87e2624d138790cb995457a7b36d50b0
LogRecord.SpanId:                  9b711439f183222b
LogRecord.TraceFlags:              Recorded
LogRecord.CategoryName:            Appostolic.Api.Application.Agents.Tools.WebSearchTool
LogRecord.Severity:                Info
LogRecord.SeverityText:            Information
LogRecord.FormattedMessage:        web.search q="intro" hits=1
LogRecord.Body:                    web.search q="{Query}" hits={HitCount}
info: Appostolic.Api.Application.Agents.Tools.WebSearchTool[0]
      web.search q="intro" hits=1
LogRecord.Attributes (Key:Value):
    Query: intro
    HitCount: 1
    OriginalFormat (a.k.a Body): web.search q="{Query}" hits={HitCount}

Resource associated with LogRecord:
service.name: Appostolic.Api
service.instance.id: cfc7ce07-e6a4-4518-a7e3-7e4ff99e6a9f
telemetry.sdk.name: opentelemetry
telemetry.sdk.language: dotnet
telemetry.sdk.version: 1.9.0

LogRecord.Timestamp:               2025-09-20T11:49:05.5677220Z
LogRecord.TraceId:                 87e2624d138790cb995457a7b36d50b0
LogRecord.SpanId:                  9b711439f183222b
LogRecord.TraceFlags:              Recorded
LogRecord.CategoryName:            Appostolic.Api.Application.Agents.Tools.WebSearchTool
LogRecord.Severity:                Info
LogRecord.SeverityText:            Information
LogRecord.FormattedMessage:        tool.call name=web.search tenant=kevin-personal user=kevin@example.com success=True durationMs=1
LogRecord.Body:                    tool.call name={Name} tenant={Tenant} user={User} success={Success} durationMs={DurationMs}
LogRecord.Attributes (Key:Value):
    Name: web.search
    Tenant: kevin-personal
    User: kevin@example.com
    Success: true
    DurationMs: 1
    OriginalFormat (a.k.a Body): tool.call name={Name} tenant={Tenant} user={User} success={Success} durationMs={DurationMs}

Resource associated with LogRecord:
service.name: Appostolic.Api
service.instance.id: cfc7ce07-e6a4-4518-a7e3-7e4ff99e6a9f
telemetry.sdk.name: opentelemetry
telemetry.sdk.language: dotnet
telemetry.sdk.version: 1.9.0

info: Appostolic.Api.Application.Agents.Tools.WebSearchTool[0]
      tool.call name=web.search tenant=kevin-personal user=kevin@example.com success=True durationMs=1
Activity.TraceId:            87e2624d138790cb995457a7b36d50b0
Activity.SpanId:             9b711439f183222b
Activity.TraceFlags:         Recorded
Activity.ParentSpanId:       5e3815e9979e9bd1
Activity.ActivitySourceName: Appostolic.Tools
Activity.DisplayName:        tool.invoke
Activity.Kind:               Internal
Activity.StartTime:          2025-09-20T11:49:05.5675810Z
Activity.Duration:           00:00:00.0001600
Activity.Tags:
    tool.name: web.search
    tenant: kevin-personal
    user: kevin@example.com
    duration.ms: 1
    success: true
Resource associated with Activity:
    service.name: Appostolic.Api
    service.instance.id: cfc7ce07-e6a4-4518-a7e3-7e4ff99e6a9f
    telemetry.sdk.name: opentelemetry
    telemetry.sdk.language: dotnet
    telemetry.sdk.version: 1.9.0

Activity.TraceId:            87e2624d138790cb995457a7b36d50b0
Activity.SpanId:             5e3815e9979e9bd1
Activity.TraceFlags:         Recorded
Activity.ParentSpanId:       4c1b6de1cce7a8f4
Activity.ActivitySourceName: Appostolic.Tools
Activity.DisplayName:        tool.web.search
Activity.Kind:               Internal
Activity.StartTime:          2025-09-20T11:49:05.5675760Z
Activity.Duration:           00:00:00.0004710
Activity.Tags:
    tool.name: web.search
    tenant: kevin-personal
    user: kevin@example.com
    success: true
    duration.ms: 0
Resource associated with Activity:
    service.name: Appostolic.Api
    service.instance.id: cfc7ce07-e6a4-4518-a7e3-7e4ff99e6a9f
    telemetry.sdk.name: opentelemetry
    telemetry.sdk.language: dotnet
    telemetry.sdk.version: 1.9.0

Activity.TraceId:            87e2624d138790cb995457a7b36d50b0
Activity.SpanId:             d6dfac0abcf39c3e
Activity.TraceFlags:         Recorded
Activity.ParentSpanId:       4c1b6de1cce7a8f4
Activity.ActivitySourceName: Appostolic.AgentRuntime
Activity.DisplayName:        agent.model
Activity.Kind:               Internal
Activity.StartTime:          2025-09-20T11:49:05.5681940Z
Activity.Duration:           00:00:00.0000170
Activity.Tags:
    agent.id: 11111111-1111-1111-1111-111111111111
    task.id: da929129-29c8-4b92-a0bb-41cc7edf78f6
    tenant: kevin-personal
    user: kevin@example.com
    step: 3
    model.name: gpt-4o-mini
    maxSteps: 8
    duration.ms: 0
Resource associated with Activity:
    service.name: Appostolic.Api
    service.instance.id: cfc7ce07-e6a4-4518-a7e3-7e4ff99e6a9f
    telemetry.sdk.name: opentelemetry
    telemetry.sdk.language: dotnet
    telemetry.sdk.version: 1.9.0

LogRecord.Timestamp:               2025-09-20T11:49:05.5683040Z
LogRecord.TraceId:                 87e2624d138790cb995457a7b36d50b0
LogRecord.SpanId:                  4c1b6de1cce7a8f4
LogRecord.TraceFlags:              Recorded
LogRecord.CategoryName:            Appostolic.Api.Application.Agents.Runtime.AgentOrchestrator
LogRecord.Severity:                Info
LogRecord.SeverityText:            Information
LogRecord.FormattedMessage:        Task succeeded at step 3
LogRecord.Body:                    Task succeeded at step {Step}
LogRecord.Attributes (Key:Value):
    Step: 3
    OriginalFormat (a.k.a Body): Task succeeded at step {Step}

Resource associated with LogRecord:
service.name: Appostolic.Api
service.instance.id: cfc7ce07-e6a4-4518-a7e3-7e4ff99e6a9f
telemetry.sdk.name: opentelemetry
telemetry.sdk.language: dotnet
telemetry.sdk.version: 1.9.0

info: Appostolic.Api.Application.Agents.Runtime.AgentOrchestrator[0]
      Task succeeded at step 3
Activity.TraceId:            87e2624d138790cb995457a7b36d50b0
Activity.SpanId:             4c1b6de1cce7a8f4
Activity.TraceFlags:         Recorded
Activity.ActivitySourceName: Appostolic.AgentRuntime
Activity.DisplayName:        agent.run
Activity.Kind:               Internal
Activity.StartTime:          2025-09-20T11:49:05.5650700Z
Activity.Duration:           00:00:00.0032700
Activity.Tags:
    task.id: da929129-29c8-4b92-a0bb-41cc7edf78f6
    agent.id: 11111111-1111-1111-1111-111111111111
    tenant: kevin-personal
    user: kevin@example.com
Resource associated with Activity:
    service.name: Appostolic.Api
    service.instance.id: cfc7ce07-e6a4-4518-a7e3-7e4ff99e6a9f
    telemetry.sdk.name: opentelemetry
    telemetry.sdk.language: dotnet
    telemetry.sdk.version: 1.9.0

Activity.TraceId:            2fdf0967d9862e2fa1fe49b1f3b4668a
Activity.SpanId:             676f17742d677da5
Activity.TraceFlags:         Recorded
Activity.ParentSpanId:       7151f89688dc7f47
Activity.ActivitySourceName: Appostolic.AgentRuntime
Activity.DisplayName:        agent.model
Activity.Kind:               Internal
Activity.StartTime:          2025-09-20T11:49:05.5689680Z
Activity.Duration:           00:00:00.0000050
Activity.Tags:
    agent.id: 11111111-1111-1111-1111-111111111111
    task.id: 94ea5e76-8ce3-49a5-bf9d-c37642e71f53
    tenant: kevin-personal
    user: kevin@example.com
    step: 1
    model.name: gpt-4o-mini
    maxSteps: 8
    duration.ms: 0
Resource associated with Activity:
    service.name: Appostolic.Api
    service.instance.id: cfc7ce07-e6a4-4518-a7e3-7e4ff99e6a9f
    telemetry.sdk.name: opentelemetry
    telemetry.sdk.language: dotnet
    telemetry.sdk.version: 1.9.0

LogRecord.Timestamp:               2025-09-20T11:49:05.5691040Z
LogRecord.TraceId:                 2fdf0967d9862e2fa1fe49b1f3b4668a
LogRecord.SpanId:                  091968be89e690a7
LogRecord.TraceFlags:              Recorded
LogRecord.CategoryName:            Appostolic.Api.Application.Agents.Tools.WebSearchTool
LogRecord.Severity:                Info
LogRecord.SeverityText:            Information
LogRecord.FormattedMessage:        web.search q="intro" hits=1
LogRecord.Body:                    web.search q="{Query}" hits={HitCount}
LogRecord.Attributes (Key:Value):
    Query: intro
    HitCount: 1
    OriginalFormat (a.k.a Body): web.search q="{Query}" hits={HitCount}

Resource associated with LogRecord:
service.name: Appostolic.Api
service.instance.id: cfc7ce07-e6a4-4518-a7e3-7e4ff99e6a9f
telemetry.sdk.name: opentelemetry
telemetry.sdk.language: dotnet
telemetry.sdk.version: 1.9.0

LogRecord.Timestamp:               2025-09-20T11:49:05.5691370Z
LogRecord.TraceId:                 2fdf0967d9862e2fa1fe49b1f3b4668a
LogRecord.SpanId:                  091968be89e690a7
LogRecord.TraceFlags:              Recorded
LogRecord.CategoryName:            Appostolic.Api.Application.Agents.Tools.WebSearchTool
LogRecord.Severity:                Info
LogRecord.SeverityText:            Information
LogRecord.FormattedMessage:        tool.call name=web.search tenant=kevin-personal user=kevin@example.com success=True durationMs=1
LogRecord.Body:                    tool.call name={Name} tenant={Tenant} user={User} success={Success} durationMs={DurationMs}
LogRecord.Attributes (Key:Value):
    Name: web.search
    Tenant: kevin-personal
    User: kevin@example.com
    Success: true
    DurationMs: 1
    OriginalFormat (a.k.a Body): tool.call name={Name} tenant={Tenant} user={User} success={Success} durationMs={DurationMs}

Resource associated with LogRecord:
service.name: Appostolic.Api
service.instance.id: cfc7ce07-e6a4-4518-a7e3-7e4ff99e6a9f
telemetry.sdk.name: opentelemetry
telemetry.sdk.language: dotnet
telemetry.sdk.version: 1.9.0

Activity.TraceId:            2fdf0967d9862e2fa1fe49b1f3b4668a
Activity.SpanId:             091968be89e690a7
Activity.TraceFlags:         Recorded
Activity.ParentSpanId:       08e0134b457497b0
Activity.ActivitySourceName: Appostolic.Tools
Activity.DisplayName:        tool.invoke
Activity.Kind:               Internal
Activity.StartTime:          2025-09-20T11:49:05.5690810Z
Activity.Duration:           00:00:00.0000700
Activity.Tags:
    tool.name: web.search
    tenant: kevin-personal
    user: kevin@example.com
    duration.ms: 1
    success: true
Resource associated with Activity:
    service.name: Appostolic.Api
    service.instance.id: cfc7ce07-e6a4-4518-a7e3-7e4ff99e6a9f
    telemetry.sdk.name: opentelemetry
    telemetry.sdk.language: dotnet
    telemetry.sdk.version: 1.9.0

Activity.TraceId:            2fdf0967d9862e2fa1fe49b1f3b4668a
Activity.SpanId:             08e0134b457497b0
Activity.TraceFlags:         Recorded
Activity.ParentSpanId:       7151f89688dc7f47
Activity.ActivitySourceName: Appostolic.Tools
Activity.DisplayName:        tool.web.search
Activity.Kind:               Internal
Activity.StartTime:          2025-09-20T11:49:05.5690800Z
Activity.Duration:           00:00:00.0000840
Activity.Tags:
    tool.name: web.search
    tenant: kevin-personal
    user: kevin@example.com
    success: true
    duration.ms: 0
Resource associated with Activity:
    service.name: Appostolic.Api
    service.instance.id: cfc7ce07-e6a4-4518-a7e3-7e4ff99e6a9f
    telemetry.sdk.name: opentelemetry
    telemetry.sdk.language: dotnet
    telemetry.sdk.version: 1.9.0

info: Appostolic.Api.Application.Agents.Tools.WebSearchTool[0]
      web.search q="intro" hits=1
info: Appostolic.Api.Application.Agents.Tools.WebSearchTool[0]
      tool.call name=web.search tenant=kevin-personal user=kevin@example.com success=True durationMs=1
Activity.TraceId:            2fdf0967d9862e2fa1fe49b1f3b4668a
Activity.SpanId:             dc6a8797ad0e2774
Activity.TraceFlags:         Recorded
Activity.ParentSpanId:       7151f89688dc7f47
Activity.ActivitySourceName: Appostolic.AgentRuntime
Activity.DisplayName:        agent.model
Activity.Kind:               Internal
Activity.StartTime:          2025-09-20T11:49:05.5692570Z
Activity.Duration:           00:00:00.0000100
Activity.Tags:
    agent.id: 11111111-1111-1111-1111-111111111111
    task.id: 94ea5e76-8ce3-49a5-bf9d-c37642e71f53
    tenant: kevin-personal
    user: kevin@example.com
    step: 3
    model.name: gpt-4o-mini
    maxSteps: 8
    duration.ms: 0
Resource associated with Activity:
    service.name: Appostolic.Api
    service.instance.id: cfc7ce07-e6a4-4518-a7e3-7e4ff99e6a9f
    telemetry.sdk.name: opentelemetry
    telemetry.sdk.language: dotnet
    telemetry.sdk.version: 1.9.0

LogRecord.Timestamp:               2025-09-20T11:49:05.5693580Z
LogRecord.TraceId:                 2fdf0967d9862e2fa1fe49b1f3b4668a
LogRecord.SpanId:                  7151f89688dc7f47
LogRecord.TraceFlags:              Recorded
info: Appostolic.Api.Application.Agents.Runtime.AgentOrchestrator[0]
      Task succeeded at step 3
LogRecord.CategoryName:            Appostolic.Api.Application.Agents.Runtime.AgentOrchestrator
LogRecord.Severity:                Info
LogRecord.SeverityText:            Information
LogRecord.FormattedMessage:        Task succeeded at step 3
LogRecord.Body:                    Task succeeded at step {Step}
LogRecord.Attributes (Key:Value):
    Step: 3
    OriginalFormat (a.k.a Body): Task succeeded at step {Step}

Resource associated with LogRecord:
service.name: Appostolic.Api
service.instance.id: cfc7ce07-e6a4-4518-a7e3-7e4ff99e6a9f
telemetry.sdk.name: opentelemetry
telemetry.sdk.language: dotnet
telemetry.sdk.version: 1.9.0

Activity.TraceId:            2fdf0967d9862e2fa1fe49b1f3b4668a
Activity.SpanId:             7151f89688dc7f47
Activity.TraceFlags:         Recorded
Activity.ActivitySourceName: Appostolic.AgentRuntime
Activity.DisplayName:        agent.run
Activity.Kind:               Internal
Activity.StartTime:          2025-09-20T11:49:05.5689320Z
Activity.Duration:           00:00:00.0006980
Activity.Tags:
    task.id: 94ea5e76-8ce3-49a5-bf9d-c37642e71f53
    agent.id: 11111111-1111-1111-1111-111111111111
    tenant: kevin-personal
    user: kevin@example.com
Resource associated with Activity:
    service.name: Appostolic.Api
    service.instance.id: cfc7ce07-e6a4-4518-a7e3-7e4ff99e6a9f
    telemetry.sdk.name: opentelemetry
    telemetry.sdk.language: dotnet
    telemetry.sdk.version: 1.9.0

Activity.TraceId:            32d8827809f6985fea9281d9e2ea266b
Activity.SpanId:             fbbcc39c2ea175b1
Activity.TraceFlags:         Recorded
Activity.ParentSpanId:       ae8064a0183ebb14
Activity.ActivitySourceName: Appostolic.AgentRuntime
Activity.DisplayName:        agent.model
Activity.Kind:               Internal
Activity.StartTime:          2025-09-20T11:49:05.5700710Z
Activity.Duration:           00:00:00.0000040
Activity.Tags:
    agent.id: 11111111-1111-1111-1111-111111111111
    task.id: 0f98f49f-966d-49b7-ace9-13a649f25e49
    tenant: kevin-personal
    user: kevin@example.com
    step: 1
    model.name: gpt-4o-mini
    maxSteps: 8
    duration.ms: 0
Resource associated with Activity:
    service.name: Appostolic.Api
    service.instance.id: cfc7ce07-e6a4-4518-a7e3-7e4ff99e6a9f
    telemetry.sdk.name: opentelemetry
    telemetry.sdk.language: dotnet
    telemetry.sdk.version: 1.9.0

LogRecord.Timestamp:               2025-09-20T11:49:05.5701990Z
LogRecord.TraceId:                 32d8827809f6985fea9281d9e2ea266b
LogRecord.SpanId:                  983dbe236cc95cfc
LogRecord.TraceFlags:              Recorded
LogRecord.CategoryName:            Appostolic.Api.Application.Agents.Tools.WebSearchTool
LogRecord.Severity:                Info
LogRecord.SeverityText:            Information
LogRecord.FormattedMessage:        web.search q="intro" hits=1
LogRecord.Body:                    web.search q="{Query}" hits={HitCount}
LogRecord.Attributes (Key:Value):
    Query: intro
    HitCount: 1
    OriginalFormat (a.k.a Body): web.search q="{Query}" hits={HitCount}

Resource associated with LogRecord:
service.name: Appostolic.Api
service.instance.id: cfc7ce07-e6a4-4518-a7e3-7e4ff99e6a9f
telemetry.sdk.name: opentelemetry
telemetry.sdk.language: dotnet
telemetry.sdk.version: 1.9.0

LogRecord.Timestamp:               2025-09-20T11:49:05.5702270Z
LogRecord.TraceId:                 32d8827809f6985fea9281d9e2ea266b
LogRecord.SpanId:                  983dbe236cc95cfc
LogRecord.TraceFlags:              Recorded
LogRecord.CategoryName:            Appostolic.Api.Application.Agents.Tools.WebSearchTool
LogRecord.Severity:                Info
LogRecord.SeverityText:            Information
LogRecord.FormattedMessage:        tool.call name=web.search tenant=kevin-personal user=kevin@example.com success=True durationMs=1
LogRecord.Body:                    tool.call name={Name} tenant={Tenant} user={User} success={Success} durationMs={DurationMs}
LogRecord.Attributes (Key:Value):
    Name: web.search
    Tenant: kevin-personal
    User: kevin@example.com
    Success: true
    DurationMs: 1
    OriginalFormat (a.k.a Body): tool.call name={Name} tenant={Tenant} user={User} success={Success} durationMs={DurationMs}

Resource associated with LogRecord:
service.name: Appostolic.Api
service.instance.id: cfc7ce07-e6a4-4518-a7e3-7e4ff99e6a9f
telemetry.sdk.name: opentelemetry
telemetry.sdk.language: dotnet
telemetry.sdk.version: 1.9.0

Activity.TraceId:            32d8827809f6985fea9281d9e2ea266b
Activity.SpanId:             983dbe236cc95cfc
Activity.TraceFlags:         Recorded
Activity.ParentSpanId:       d6d79837faa4bca7
Activity.ActivitySourceName: Appostolic.Tools
Activity.DisplayName:        tool.invoke
Activity.Kind:               Internal
Activity.StartTime:          2025-09-20T11:49:05.5701800Z
Activity.Duration:           00:00:00.0000610
Activity.Tags:
    tool.name: web.search
    tenant: kevin-personal
    user: kevin@example.com
    duration.ms: 1
    success: true
Resource associated with Activity:
    service.name: Appostolic.Api
    service.instance.id: cfc7ce07-e6a4-4518-a7e3-7e4ff99e6a9f
    telemetry.sdk.name: opentelemetry
    telemetry.sdk.language: dotnet
    telemetry.sdk.version: 1.9.0

Activity.TraceId:            32d8827809f6985fea9281d9e2ea266b
Activity.SpanId:             d6d79837faa4bca7
Activity.TraceFlags:         Recorded
Activity.ParentSpanId:       ae8064a0183ebb14
Activity.ActivitySourceName: Appostolic.Tools
Activity.DisplayName:        tool.web.search
Activity.Kind:               Internal
Activity.StartTime:          2025-09-20T11:49:05.5701780Z
Activity.Duration:           00:00:00.0000760
Activity.Tags:
    tool.name: web.search
    tenant: kevin-personal
    user: kevin@example.com
    success: true
    duration.ms: 0
Resource associated with Activity:
    service.name: Appostolic.Api
    service.instance.id: cfc7ce07-e6a4-4518-a7e3-7e4ff99e6a9f
    telemetry.sdk.name: opentelemetry
    telemetry.sdk.language: dotnet
    telemetry.sdk.version: 1.9.0

Activity.TraceId:            32d8827809f6985fea9281d9e2ea266b
Activity.SpanId:             5b6f067cbef2b0e6
Activity.TraceFlags:         Recorded
Activity.ParentSpanId:       ae8064a0183ebb14
Activity.ActivitySourceName: Appostolic.AgentRuntime
Activity.DisplayName:        agent.model
Activity.Kind:               Internal
Activity.StartTime:          2025-09-20T11:49:05.5703460Z
Activity.Duration:           00:00:00.0000100
Activity.Tags:
    agent.id: 11111111-1111-1111-1111-111111111111
    task.id: 0f98f49f-966d-49b7-ace9-13a649f25e49
    tenant: kevin-personal
    user: kevin@example.com
    step: 3
    model.name: gpt-4o-mini
    maxSteps: 8
    duration.ms: 0
Resource associated with Activity:
    service.name: Appostolic.Api
    service.instance.id: cfc7ce07-e6a4-4518-a7e3-7e4ff99e6a9f
    telemetry.sdk.name: opentelemetry
    telemetry.sdk.language: dotnet
    telemetry.sdk.version: 1.9.0

LogRecord.Timestamp:               2025-09-20T11:49:05.5704210Z
LogRecord.TraceId:                 32d8827809f6985fea9281d9e2ea266b
LogRecord.SpanId:                  ae8064a0183ebb14
LogRecord.TraceFlags:              Recorded
LogRecord.CategoryName:            Appostolic.Api.Application.Agents.Runtime.AgentOrchestrator
LogRecord.Severity:                Info
LogRecord.SeverityText:            Information
LogRecord.FormattedMessage:        Task succeeded at step 3
LogRecord.Body:                    Task succeeded at step {Step}
LogRecord.Attributes (Key:Value):
    Step: 3
    OriginalFormat (a.k.a Body): Task succeeded at step {Step}

Resource associated with LogRecord:
service.name: Appostolic.Api
service.instance.id: cfc7ce07-e6a4-4518-a7e3-7e4ff99e6a9f
telemetry.sdk.name: opentelemetry
telemetry.sdk.language: dotnet
telemetry.sdk.version: 1.9.0

info: Appostolic.Api.Application.Agents.Tools.WebSearchTool[0]
      web.search q="intro" hits=1
info: Appostolic.Api.Application.Agents.Tools.WebSearchTool[0]
      tool.call name=web.search tenant=kevin-personal user=kevin@example.com success=True durationMs=1
info: Appostolic.Api.Application.Agents.Runtime.AgentOrchestrator[0]
      Task succeeded at step 3
Activity.TraceId:            32d8827809f6985fea9281d9e2ea266b
Activity.SpanId:             ae8064a0183ebb14
Activity.TraceFlags:         Recorded
Activity.ActivitySourceName: Appostolic.AgentRuntime
Activity.DisplayName:        agent.run
Activity.Kind:               Internal
Activity.StartTime:          2025-09-20T11:49:05.5700400Z
Activity.Duration:           00:00:00.0004130
Activity.Tags:
    task.id: 0f98f49f-966d-49b7-ace9-13a649f25e49
    agent.id: 11111111-1111-1111-1111-111111111111
    tenant: kevin-personal
    user: kevin@example.com
Resource associated with Activity:
    service.name: Appostolic.Api
    service.instance.id: cfc7ce07-e6a4-4518-a7e3-7e4ff99e6a9f
    telemetry.sdk.name: opentelemetry
    telemetry.sdk.language: dotnet
    telemetry.sdk.version: 1.9.0

Activity.TraceId:            cd6ad7d50f3de05f1f2125ae1d849535
Activity.SpanId:             04d5114bfbad97be
Activity.TraceFlags:         Recorded
Activity.ParentSpanId:       ef9265cfabf56578
Activity.ActivitySourceName: Appostolic.AgentRuntime
Activity.DisplayName:        agent.model
Activity.Kind:               Internal
Activity.StartTime:          2025-09-20T11:49:05.5708640Z
Activity.Duration:           00:00:00.0000040
Activity.Tags:
    agent.id: 11111111-1111-1111-1111-111111111111
    task.id: 58980448-1961-4adb-b575-45935ac4748a
    tenant: kevin-personal
    user: kevin@example.com
    step: 1
    model.name: gpt-4o-mini
    maxSteps: 8
    duration.ms: 0
Resource associated with Activity:
    service.name: Appostolic.Api
    service.instance.id: cfc7ce07-e6a4-4518-a7e3-7e4ff99e6a9f
    telemetry.sdk.name: opentelemetry
    telemetry.sdk.language: dotnet
    telemetry.sdk.version: 1.9.0

LogRecord.Timestamp:               2025-09-20T11:49:05.5709800Z
LogRecord.TraceId:                 cd6ad7d50f3de05f1f2125ae1d849535
LogRecord.SpanId:                  eb4aaf62279f16e7
LogRecord.TraceFlags:              Recorded
LogRecord.CategoryName:            Appostolic.Api.Application.Agents.Tools.WebSearchTool
info: Appostolic.Api.Application.Agents.Tools.WebSearchTool[0]
      web.search q="intro" hits=1
LogRecord.Severity:                Info
LogRecord.SeverityText:            Information
LogRecord.FormattedMessage:        web.search q="intro" hits=1
LogRecord.Body:                    web.search q="{Query}" hits={HitCount}
LogRecord.Attributes (Key:Value):
    Query: intro
    HitCount: 1
    OriginalFormat (a.k.a Body): web.search q="{Query}" hits={HitCount}

Resource associated with LogRecord:
service.name: Appostolic.Api
service.instance.id: cfc7ce07-e6a4-4518-a7e3-7e4ff99e6a9f
telemetry.sdk.name: opentelemetry
telemetry.sdk.language: dotnet
telemetry.sdk.version: 1.9.0

LogRecord.Timestamp:               2025-09-20T11:49:05.5710120Z
LogRecord.TraceId:                 cd6ad7d50f3de05f1f2125ae1d849535
LogRecord.SpanId:                  eb4aaf62279f16e7
LogRecord.TraceFlags:              Recorded
LogRecord.CategoryName:            Appostolic.Api.Application.Agents.Tools.WebSearchTool
LogRecord.Severity:                Info
LogRecord.SeverityText:            Information
LogRecord.FormattedMessage:        tool.call name=web.search tenant=kevin-personal user=kevin@example.com success=True durationMs=1
LogRecord.Body:                    tool.call name={Name} tenant={Tenant} user={User} success={Success} durationMs={DurationMs}
LogRecord.Attributes (Key:Value):
    Name: web.search
    Tenant: kevin-personal
    User: kevin@example.com
    Success: true
    DurationMs: 1
    OriginalFormat (a.k.a Body): tool.call name={Name} tenant={Tenant} user={User} success={Success} durationMs={DurationMs}

Resource associated with LogRecord:
service.name: Appostolic.Api
service.instance.id: cfc7ce07-e6a4-4518-a7e3-7e4ff99e6a9f
telemetry.sdk.name: opentelemetry
telemetry.sdk.language: dotnet
telemetry.sdk.version: 1.9.0

info: Appostolic.Api.Application.Agents.Tools.WebSearchTool[0]
      tool.call name=web.search tenant=kevin-personal user=kevin@example.com success=True durationMs=1
Activity.TraceId:            cd6ad7d50f3de05f1f2125ae1d849535
Activity.SpanId:             eb4aaf62279f16e7
Activity.TraceFlags:         Recorded
Activity.ParentSpanId:       377b0d70f9f1aadb
Activity.ActivitySourceName: Appostolic.Tools
Activity.DisplayName:        tool.invoke
Activity.Kind:               Internal
Activity.StartTime:          2025-09-20T11:49:05.5709620Z
Activity.Duration:           00:00:00.0000630
Activity.Tags:
    tool.name: web.search
    tenant: kevin-personal
    user: kevin@example.com
    duration.ms: 1
    success: true
Resource associated with Activity:
    service.name: Appostolic.Api
    service.instance.id: cfc7ce07-e6a4-4518-a7e3-7e4ff99e6a9f
    telemetry.sdk.name: opentelemetry
    telemetry.sdk.language: dotnet
    telemetry.sdk.version: 1.9.0

Activity.TraceId:            cd6ad7d50f3de05f1f2125ae1d849535
Activity.SpanId:             377b0d70f9f1aadb
Activity.TraceFlags:         Recorded
Activity.ParentSpanId:       ef9265cfabf56578
Activity.ActivitySourceName: Appostolic.Tools
Activity.DisplayName:        tool.web.search
Activity.Kind:               Internal
Activity.StartTime:          2025-09-20T11:49:05.5709610Z
Activity.Duration:           00:00:00.0017490
Activity.Tags:
    tool.name: web.search
    tenant: kevin-personal
    user: kevin@example.com
    success: true
    duration.ms: 1
Resource associated with Activity:
    service.name: Appostolic.Api
    service.instance.id: cfc7ce07-e6a4-4518-a7e3-7e4ff99e6a9f
    telemetry.sdk.name: opentelemetry
    telemetry.sdk.language: dotnet
    telemetry.sdk.version: 1.9.0

Activity.TraceId:            cd6ad7d50f3de05f1f2125ae1d849535
Activity.SpanId:             5d5e289ee7f12b65
Activity.TraceFlags:         Recorded
Activity.ParentSpanId:       ef9265cfabf56578
Activity.ActivitySourceName: Appostolic.AgentRuntime
Activity.DisplayName:        agent.model
Activity.Kind:               Internal
Activity.StartTime:          2025-09-20T11:49:05.5733490Z
Activity.Duration:           00:00:00.0000130
Activity.Tags:
    agent.id: 11111111-1111-1111-1111-111111111111
    task.id: 58980448-1961-4adb-b575-45935ac4748a
    tenant: kevin-personal
    user: kevin@example.com
    step: 3
    model.name: gpt-4o-mini
    maxSteps: 8
    duration.ms: 0
Resource associated with Activity:
    service.name: Appostolic.Api
    service.instance.id: cfc7ce07-e6a4-4518-a7e3-7e4ff99e6a9f
    telemetry.sdk.name: opentelemetry
    telemetry.sdk.language: dotnet
    telemetry.sdk.version: 1.9.0

LogRecord.Timestamp:               2025-09-20T11:49:05.5734710Z
LogRecord.TraceId:                 cd6ad7d50f3de05f1f2125ae1d849535
LogRecord.SpanId:                  ef9265cfabf56578
LogRecord.TraceFlags:              Recorded
LogRecord.CategoryName:            Appostolic.Api.Application.Agents.Runtime.AgentOrchestrator
LogRecord.Severity:                Info
LogRecord.SeverityText:            Information
info: Appostolic.Api.Application.Agents.Runtime.AgentOrchestrator[0]
      Task succeeded at step 3
LogRecord.FormattedMessage:        Task succeeded at step 3
LogRecord.Body:                    Task succeeded at step {Step}
LogRecord.Attributes (Key:Value):
    Step: 3
    OriginalFormat (a.k.a Body): Task succeeded at step {Step}

Resource associated with LogRecord:
service.name: Appostolic.Api
service.instance.id: cfc7ce07-e6a4-4518-a7e3-7e4ff99e6a9f
telemetry.sdk.name: opentelemetry
telemetry.sdk.language: dotnet
telemetry.sdk.version: 1.9.0

Activity.TraceId:            cd6ad7d50f3de05f1f2125ae1d849535
Activity.SpanId:             ef9265cfabf56578
Activity.TraceFlags:         Recorded
Activity.ActivitySourceName: Appostolic.AgentRuntime
Activity.DisplayName:        agent.run
Activity.Kind:               Internal
Activity.StartTime:          2025-09-20T11:49:05.5708350Z
Activity.Duration:           00:00:00.0026810
Activity.Tags:
    task.id: 58980448-1961-4adb-b575-45935ac4748a
    agent.id: 11111111-1111-1111-1111-111111111111
    tenant: kevin-personal
    user: kevin@example.com
Resource associated with Activity:
    service.name: Appostolic.Api
    service.instance.id: cfc7ce07-e6a4-4518-a7e3-7e4ff99e6a9f
    telemetry.sdk.name: opentelemetry
    telemetry.sdk.language: dotnet
    telemetry.sdk.version: 1.9.0

Activity.TraceId:            45c716c67118a6c81d700bf34721b58d
Activity.SpanId:             d2f86871c4f5c6af
Activity.TraceFlags:         Recorded
Activity.ParentSpanId:       354c21881fa5a658
Activity.ActivitySourceName: Appostolic.AgentRuntime
Activity.DisplayName:        agent.model
Activity.Kind:               Internal
Activity.StartTime:          2025-09-20T11:49:05.5740730Z
Activity.Duration:           00:00:00.0000050
Activity.Tags:
    agent.id: 11111111-1111-1111-1111-111111111111
    task.id: cc0e4ff8-75b9-47d1-bb5d-8ed9c9336ca7
    tenant: kevin-personal
    user: kevin@example.com
    step: 1
    model.name: gpt-4o-mini
    maxSteps: 8
    duration.ms: 0
Resource associated with Activity:
    service.name: Appostolic.Api
    service.instance.id: cfc7ce07-e6a4-4518-a7e3-7e4ff99e6a9f
    telemetry.sdk.name: opentelemetry
    telemetry.sdk.language: dotnet
    telemetry.sdk.version: 1.9.0

LogRecord.Timestamp:               2025-09-20T11:49:05.5743640Z
LogRecord.TraceId:                 45c716c67118a6c81d700bf34721b58d
LogRecord.SpanId:                  15667533f316fdae
LogRecord.TraceFlags:              Recorded
LogRecord.CategoryName:            Appostolic.Api.Application.Agents.Tools.WebSearchTool
LogRecord.Severity:                Info
LogRecord.SeverityText:            Information
info: Appostolic.Api.Application.Agents.Tools.WebSearchTool[0]
      web.search q="intro" hits=1
LogRecord.FormattedMessage:        web.search q="intro" hits=1
LogRecord.Body:                    web.search q="{Query}" hits={HitCount}
LogRecord.Attributes (Key:Value):
    Query: intro
    HitCount: 1
    OriginalFormat (a.k.a Body): web.search q="{Query}" hits={HitCount}

Resource associated with LogRecord:
service.name: Appostolic.Api
service.instance.id: cfc7ce07-e6a4-4518-a7e3-7e4ff99e6a9f
telemetry.sdk.name: opentelemetry
telemetry.sdk.language: dotnet
telemetry.sdk.version: 1.9.0

LogRecord.Timestamp:               2025-09-20T11:49:05.5744160Z
info: Appostolic.Api.Application.Agents.Tools.WebSearchTool[0]
      tool.call name=web.search tenant=kevin-personal user=kevin@example.com success=True durationMs=1
LogRecord.TraceId:                 45c716c67118a6c81d700bf34721b58d
LogRecord.SpanId:                  15667533f316fdae
LogRecord.TraceFlags:              Recorded
LogRecord.CategoryName:            Appostolic.Api.Application.Agents.Tools.WebSearchTool
LogRecord.Severity:                Info
LogRecord.SeverityText:            Information
LogRecord.FormattedMessage:        tool.call name=web.search tenant=kevin-personal user=kevin@example.com success=True durationMs=1
LogRecord.Body:                    tool.call name={Name} tenant={Tenant} user={User} success={Success} durationMs={DurationMs}
LogRecord.Attributes (Key:Value):
    Name: web.search
    Tenant: kevin-personal
    User: kevin@example.com
    Success: true
    DurationMs: 1
    OriginalFormat (a.k.a Body): tool.call name={Name} tenant={Tenant} user={User} success={Success} durationMs={DurationMs}

Resource associated with LogRecord:
service.name: Appostolic.Api
service.instance.id: cfc7ce07-e6a4-4518-a7e3-7e4ff99e6a9f
telemetry.sdk.name: opentelemetry
telemetry.sdk.language: dotnet
telemetry.sdk.version: 1.9.0

Activity.TraceId:            45c716c67118a6c81d700bf34721b58d
Activity.SpanId:             15667533f316fdae
Activity.TraceFlags:         Recorded
Activity.ParentSpanId:       d605bbc98806a356
Activity.ActivitySourceName: Appostolic.Tools
Activity.DisplayName:        tool.invoke
Activity.Kind:               Internal
Activity.StartTime:          2025-09-20T11:49:05.5743340Z
Activity.Duration:           00:00:00.0001100
Activity.Tags:
    tool.name: web.search
    tenant: kevin-personal
    user: kevin@example.com
    duration.ms: 1
    success: true
Resource associated with Activity:
    service.name: Appostolic.Api
    service.instance.id: cfc7ce07-e6a4-4518-a7e3-7e4ff99e6a9f
    telemetry.sdk.name: opentelemetry
    telemetry.sdk.language: dotnet
    telemetry.sdk.version: 1.9.0

Activity.TraceId:            45c716c67118a6c81d700bf34721b58d
Activity.SpanId:             d605bbc98806a356
Activity.TraceFlags:         Recorded
Activity.ParentSpanId:       354c21881fa5a658
Activity.ActivitySourceName: Appostolic.Tools
Activity.DisplayName:        tool.web.search
Activity.Kind:               Internal
Activity.StartTime:          2025-09-20T11:49:05.5743310Z
Activity.Duration:           00:00:00.0001290
Activity.Tags:
    tool.name: web.search
    tenant: kevin-personal
    user: kevin@example.com
    success: true
    duration.ms: 0
Resource associated with Activity:
    service.name: Appostolic.Api
    service.instance.id: cfc7ce07-e6a4-4518-a7e3-7e4ff99e6a9f
    telemetry.sdk.name: opentelemetry
    telemetry.sdk.language: dotnet
    telemetry.sdk.version: 1.9.0

Activity.TraceId:            45c716c67118a6c81d700bf34721b58d
Activity.SpanId:             44e8e282e07009c0
Activity.TraceFlags:         Recorded
Activity.ParentSpanId:       354c21881fa5a658
Activity.ActivitySourceName: Appostolic.AgentRuntime
Activity.DisplayName:        agent.model
Activity.Kind:               Internal
Activity.StartTime:          2025-09-20T11:49:05.5745770Z
Activity.Duration:           00:00:00.0000100
Activity.Tags:
    agent.id: 11111111-1111-1111-1111-111111111111
    task.id: cc0e4ff8-75b9-47d1-bb5d-8ed9c9336ca7
    tenant: kevin-personal
    user: kevin@example.com
    step: 3
    model.name: gpt-4o-mini
    maxSteps: 8
    duration.ms: 0
Resource associated with Activity:
    service.name: Appostolic.Api
    service.instance.id: cfc7ce07-e6a4-4518-a7e3-7e4ff99e6a9f
    telemetry.sdk.name: opentelemetry
    telemetry.sdk.language: dotnet
    telemetry.sdk.version: 1.9.0

LogRecord.Timestamp:               2025-09-20T11:49:05.5746740Z
LogRecord.TraceId:                 45c716c67118a6c81d700bf34721b58d
LogRecord.SpanId:                  354c21881fa5a658
LogRecord.TraceFlags:              Recorded
LogRecord.CategoryName:            Appostolic.Api.Application.Agents.Runtime.AgentOrchestrator
LogRecord.Severity:                Info
LogRecord.SeverityText:            Information
LogRecord.FormattedMessage:        Task succeeded at step 3
LogRecord.Body:                    Task succeeded at step {Step}
LogRecord.Attributes (Key:Value):
    Step: 3
    OriginalFormat (a.k.a Body): Task succeeded at step {Step}

Resource associated with LogRecord:
service.name: Appostolic.Api
service.instance.id: cfc7ce07-e6a4-4518-a7e3-7e4ff99e6a9f
telemetry.sdk.name: opentelemetry
telemetry.sdk.language: dotnet
telemetry.sdk.version: 1.9.0

Activity.TraceId:            45c716c67118a6c81d700bf34721b58d
Activity.SpanId:             354c21881fa5a658
Activity.TraceFlags:         Recorded
Activity.ActivitySourceName: Appostolic.AgentRuntime
Activity.DisplayName:        agent.run
Activity.Kind:               Internal
Activity.StartTime:          2025-09-20T11:49:05.5740350Z
Activity.Duration:           00:00:00.0006760
Activity.Tags:
    task.id: cc0e4ff8-75b9-47d1-bb5d-8ed9c9336ca7
    agent.id: 11111111-1111-1111-1111-111111111111
    tenant: kevin-personal
    user: kevin@example.com
Resource associated with Activity:
    service.name: Appostolic.Api
    service.instance.id: cfc7ce07-e6a4-4518-a7e3-7e4ff99e6a9f
    telemetry.sdk.name: opentelemetry
    telemetry.sdk.language: dotnet
    telemetry.sdk.version: 1.9.0

LogRecord.Timestamp:               2025-09-20T11:49:05.5747560Z
LogRecord.TraceId:                 a6535bb23c29eb008344f30d6542f287
LogRecord.SpanId:                  60647e9c760d2f4f
LogRecord.TraceFlags:              Recorded
LogRecord.CategoryName:            Microsoft.AspNetCore.Http.Result.CreatedResult
LogRecord.Severity:                Info
LogRecord.SeverityText:            Information
LogRecord.FormattedMessage:        Setting HTTP status code 201.
LogRecord.Body:                    Setting HTTP status code {StatusCode}.
LogRecord.Attributes (Key:Value):
    StatusCode: 201
    OriginalFormat (a.k.a Body): Setting HTTP status code {StatusCode}.
LogRecord.EventId:                 1
LogRecord.EventName:               WritingResultAsStatusCode

Resource associated with LogRecord:
service.name: Appostolic.Api
service.instance.id: cfc7ce07-e6a4-4518-a7e3-7e4ff99e6a9f
telemetry.sdk.name: opentelemetry
telemetry.sdk.language: dotnet
telemetry.sdk.version: 1.9.0

info: Appostolic.Api.Application.Agents.Runtime.AgentOrchestrator[0]
      Task succeeded at step 3
info: Microsoft.AspNetCore.Http.Result.CreatedResult[1]
      Setting HTTP status code 201.
LogRecord.Timestamp:               2025-09-20T11:49:05.5748800Z
LogRecord.TraceId:                 a6535bb23c29eb008344f30d6542f287
LogRecord.SpanId:                  60647e9c760d2f4f
LogRecord.TraceFlags:              Recorded
LogRecord.CategoryName:            Microsoft.AspNetCore.Http.Result.CreatedResult
LogRecord.Severity:                Info
LogRecord.SeverityText:            Information
LogRecord.FormattedMessage:        Writing value of type 'AgentTaskSummary' as Json.
LogRecord.Body:                    Writing value of type '{Type}' as Json.
LogRecord.Attributes (Key:Value):
    Type: AgentTaskSummary
    OriginalFormat (a.k.a Body): Writing value of type '{Type}' as Json.
LogRecord.EventId:                 3
LogRecord.EventName:               WritingResultAsJson

Resource associated with LogRecord:
service.name: Appostolic.Api
service.instance.id: cfc7ce07-e6a4-4518-a7e3-7e4ff99e6a9f
telemetry.sdk.name: opentelemetry
telemetry.sdk.language: dotnet
telemetry.sdk.version: 1.9.0

info: Microsoft.AspNetCore.Http.Result.CreatedResult[3]
      Writing value of type 'AgentTaskSummary' as Json.
Activity.TraceId:            a6535bb23c29eb008344f30d6542f287
Activity.SpanId:             60647e9c760d2f4f
Activity.TraceFlags:         Recorded
Activity.ActivitySourceName: Microsoft.AspNetCore
Activity.DisplayName:        POST /api/agent-tasks/
Activity.Kind:               Server
Activity.StartTime:          2025-09-20T11:49:05.4231570Z
Activity.Duration:           00:00:00.1526160
Activity.Tags:
    server.address: localhost
    http.request.method: POST
    url.scheme: http
    url.path: /api/agent-tasks
    network.protocol.version: 1.1
    tenant: kevin-personal
    user: kevin@example.com
    http.route: /api/agent-tasks/
    http.response.status_code: 201
Resource associated with Activity:
    service.name: Appostolic.Api
    service.instance.id: cfc7ce07-e6a4-4518-a7e3-7e4ff99e6a9f
    telemetry.sdk.name: opentelemetry
    telemetry.sdk.language: dotnet
    telemetry.sdk.version: 1.9.0

LogRecord.Timestamp:               2025-09-20T11:49:05.5917660Z
LogRecord.TraceId:                 8868feb2a2f0be523064a464539efcb5
LogRecord.SpanId:                  6a0e4959f9ea769e
LogRecord.TraceFlags:              Recorded
LogRecord.CategoryName:            Microsoft.AspNetCore.Http.Result.OkObjectResult
LogRecord.Severity:                Info
LogRecord.SeverityText:            Information
LogRecord.FormattedMessage:        Setting HTTP status code 200.
LogRecord.Body:                    Setting HTTP status code {StatusCode}.
LogRecord.Attributes (Key:Value):
    StatusCode: 200
    OriginalFormat (a.k.a Body): Setting HTTP status code {StatusCode}.
LogRecord.EventId:                 1
LogRecord.EventName:               WritingResultAsStatusCode

Resource associated with LogRecord:
service.name: Appostolic.Api
service.instance.id: cfc7ce07-e6a4-4518-a7e3-7e4ff99e6a9f
telemetry.sdk.name: opentelemetry
telemetry.sdk.language: dotnet
telemetry.sdk.version: 1.9.0

LogRecord.Timestamp:               2025-09-20T11:49:05.5919100Z
LogRecord.TraceId:                 9d5d9153d6bf7283c8019633514234bb
LogRecord.SpanId:                  f7e2971d9dc4a677
LogRecord.TraceFlags:              Recorded
LogRecord.CategoryName:            Microsoft.AspNetCore.Http.Result.OkObjectResult
LogRecord.Severity:                Info
LogRecord.SeverityText:            Information
LogRecord.FormattedMessage:        Setting HTTP status code 200.
LogRecord.Body:                    Setting HTTP status code {StatusCode}.
LogRecord.Attributes (Key:Value):
    StatusCode: 200
    OriginalFormat (a.k.a Body): Setting HTTP status code {StatusCode}.
LogRecord.EventId:                 1
LogRecord.EventName:               WritingResultAsStatusCode

Resource associated with LogRecord:
service.name: Appostolic.Api
service.instance.id: cfc7ce07-e6a4-4518-a7e3-7e4ff99e6a9f
telemetry.sdk.name: opentelemetry
telemetry.sdk.language: dotnet
telemetry.sdk.version: 1.9.0

LogRecord.Timestamp:               2025-09-20T11:49:05.5919570Z
LogRecord.TraceId:                 acb2cd0487119ea5faa23282d43dbc51
LogRecord.SpanId:                  5b77a9b3d54cba14
LogRecord.TraceFlags:              Recorded
LogRecord.CategoryName:            Microsoft.AspNetCore.Http.Result.OkObjectResult
LogRecord.Severity:                Info
LogRecord.SeverityText:            Information
LogRecord.FormattedMessage:        Setting HTTP status code 200.
LogRecord.Body:                    Setting HTTP status code {StatusCode}.
LogRecord.Attributes (Key:Value):
    StatusCode: 200
    OriginalFormat (a.k.a Body): Setting HTTP status code {StatusCode}.
LogRecord.EventId:                 1
LogRecord.EventName:               WritingResultAsStatusCode

Resource associated with LogRecord:
service.name: Appostolic.Api
service.instance.id: cfc7ce07-e6a4-4518-a7e3-7e4ff99e6a9f
telemetry.sdk.name: opentelemetry
telemetry.sdk.language: dotnet
telemetry.sdk.version: 1.9.0

info: Microsoft.AspNetCore.Http.Result.OkObjectResult[1]
      Setting HTTP status code 200.
info: Microsoft.AspNetCore.Http.Result.OkObjectResult[1]
      Setting HTTP status code 200.
info: Microsoft.AspNetCore.Http.Result.OkObjectResult[1]
      Setting HTTP status code 200.
info: Microsoft.AspNetCore.Http.Result.OkObjectResult[1]
      Setting HTTP status code 200.
info: Microsoft.AspNetCore.Http.Result.OkObjectResult[1]
      Setting HTTP status code 200.
LogRecord.Timestamp:               2025-09-20T11:49:05.5917690Z
LogRecord.TraceId:                 66e6ba2e32987b6345b1043ef9cab3a7
LogRecord.SpanId:                  2eb74ce61275245f
LogRecord.TraceFlags:              Recorded
LogRecord.CategoryName:            Microsoft.AspNetCore.Http.Result.OkObjectResult
LogRecord.Severity:                Info
LogRecord.SeverityText:            Information
LogRecord.FormattedMessage:        Setting HTTP status code 200.
LogRecord.Body:                    Setting HTTP status code {StatusCode}.
LogRecord.Attributes (Key:Value):
    StatusCode: 200
    OriginalFormat (a.k.a Body): Setting HTTP status code {StatusCode}.
LogRecord.EventId:                 1
LogRecord.EventName:               WritingResultAsStatusCode

Resource associated with LogRecord:
service.name: Appostolic.Api
service.instance.id: cfc7ce07-e6a4-4518-a7e3-7e4ff99e6a9f
telemetry.sdk.name: opentelemetry
telemetry.sdk.language: dotnet
telemetry.sdk.version: 1.9.0

LogRecord.Timestamp:               2025-09-20T11:49:05.5922320Z
LogRecord.TraceId:                 701d005909f9bd83bc99b6e8a8d271d6
LogRecord.SpanId:                  340c0e1b73a436b8
LogRecord.TraceFlags:              Recorded
LogRecord.CategoryName:            Microsoft.AspNetCore.Http.Result.OkObjectResult
LogRecord.Severity:                Info
LogRecord.SeverityText:            Information
LogRecord.FormattedMessage:        Setting HTTP status code 200.
LogRecord.Body:                    Setting HTTP status code {StatusCode}.
LogRecord.Attributes (Key:Value):
    StatusCode: 200
    OriginalFormat (a.k.a Body): Setting HTTP status code {StatusCode}.
LogRecord.EventId:                 1
LogRecord.EventName:               WritingResultAsStatusCode

Resource associated with LogRecord:
service.name: Appostolic.Api
service.instance.id: cfc7ce07-e6a4-4518-a7e3-7e4ff99e6a9f
telemetry.sdk.name: opentelemetry
telemetry.sdk.language: dotnet
telemetry.sdk.version: 1.9.0

LogRecord.Timestamp:               2025-09-20T11:49:05.5923010Z
LogRecord.TraceId:                 9698b8b8361d7304b2036e48de715271
LogRecord.SpanId:                  e908c434d3c9b3b0
LogRecord.TraceFlags:              Recorded
LogRecord.CategoryName:            Microsoft.AspNetCore.Http.Result.OkObjectResult
LogRecord.Severity:                Info
LogRecord.SeverityText:            Information
LogRecord.FormattedMessage:        Setting HTTP status code 200.
LogRecord.Body:                    Setting HTTP status code {StatusCode}.
LogRecord.Attributes (Key:Value):
    StatusCode: 200
    OriginalFormat (a.k.a Body): Setting HTTP status code {StatusCode}.
LogRecord.EventId:                 1
LogRecord.EventName:               WritingResultAsStatusCode

Resource associated with LogRecord:
service.name: Appostolic.Api
service.instance.id: cfc7ce07-e6a4-4518-a7e3-7e4ff99e6a9f
telemetry.sdk.name: opentelemetry
telemetry.sdk.language: dotnet
telemetry.sdk.version: 1.9.0

LogRecord.Timestamp:               2025-09-20T11:49:05.5918350Z
LogRecord.TraceId:                 051139db9cff31d6d06e5626874591e9
LogRecord.SpanId:                  c472769e8877ff74
LogRecord.TraceFlags:              Recorded
LogRecord.CategoryName:            Microsoft.AspNetCore.Http.Result.OkObjectResult
LogRecord.Severity:                Info
LogRecord.SeverityText:            Information
LogRecord.FormattedMessage:        Setting HTTP status code 200.
LogRecord.Body:                    Setting HTTP status code {StatusCode}.
LogRecord.Attributes (Key:Value):
    StatusCode: 200
    OriginalFormat (a.k.a Body): Setting HTTP status code {StatusCode}.
LogRecord.EventId:                 1
LogRecord.EventName:               WritingResultAsStatusCode

Resource associated with LogRecord:
service.name: Appostolic.Api
service.instance.id: cfc7ce07-e6a4-4518-a7e3-7e4ff99e6a9f
telemetry.sdk.name: opentelemetry
telemetry.sdk.language: dotnet
telemetry.sdk.version: 1.9.0

info: Microsoft.AspNetCore.Http.Result.OkObjectResult[1]
      Setting HTTP status code 200.
info: Microsoft.AspNetCore.Http.Result.OkObjectResult[1]
      Setting HTTP status code 200.
LogRecord.Timestamp:               2025-09-20T11:49:05.5926160Z
LogRecord.TraceId:                 dce983bf6e81ccb52390ae1ec7ef0dd3
LogRecord.SpanId:                  f62b1ef277c4d4e7
LogRecord.TraceFlags:              Recorded
LogRecord.CategoryName:            Microsoft.AspNetCore.Http.Result.OkObjectResult
LogRecord.Severity:                Info
LogRecord.SeverityText:            Information
LogRecord.FormattedMessage:        Setting HTTP status code 200.
LogRecord.Body:                    Setting HTTP status code {StatusCode}.
LogRecord.Attributes (Key:Value):
    StatusCode: 200
    OriginalFormat (a.k.a Body): Setting HTTP status code {StatusCode}.
LogRecord.EventId:                 1
LogRecord.EventName:               WritingResultAsStatusCode

Resource associated with LogRecord:
service.name: Appostolic.Api
service.instance.id: cfc7ce07-e6a4-4518-a7e3-7e4ff99e6a9f
telemetry.sdk.name: opentelemetry
telemetry.sdk.language: dotnet
telemetry.sdk.version: 1.9.0

LogRecord.Timestamp:               2025-09-20T11:49:05.5926520Z
LogRecord.TraceId:                 386bb2033a2057cc82165881b2ca7568
LogRecord.SpanId:                  bf02544f8dd5be29
LogRecord.TraceFlags:              Recorded
LogRecord.CategoryName:            Microsoft.AspNetCore.Http.Result.OkObjectResult
LogRecord.Severity:                Info
LogRecord.SeverityText:            Information
LogRecord.FormattedMessage:        Setting HTTP status code 200.
LogRecord.Body:                    Setting HTTP status code {StatusCode}.
LogRecord.Attributes (Key:Value):
    StatusCode: 200
    OriginalFormat (a.k.a Body): Setting HTTP status code {StatusCode}.
LogRecord.EventId:                 1
LogRecord.EventName:               WritingResultAsStatusCode

Resource associated with LogRecord:
service.name: Appostolic.Api
service.instance.id: cfc7ce07-e6a4-4518-a7e3-7e4ff99e6a9f
telemetry.sdk.name: opentelemetry
telemetry.sdk.language: dotnet
telemetry.sdk.version: 1.9.0

LogRecord.Timestamp:               2025-09-20T11:49:05.5927670Z
LogRecord.TraceId:                 df5e6e78c33d719d44b28d010e1591b9
LogRecord.SpanId:                  a209a26e4b65b51d
LogRecord.TraceFlags:              Recorded
LogRecord.CategoryName:            Microsoft.AspNetCore.Http.Result.OkObjectResult
LogRecord.Severity:                Info
LogRecord.SeverityText:            Information
LogRecord.FormattedMessage:        Setting HTTP status code 200.
LogRecord.Body:                    Setting HTTP status code {StatusCode}.
LogRecord.Attributes (Key:Value):
    StatusCode: 200
    OriginalFormat (a.k.a Body): Setting HTTP status code {StatusCode}.
LogRecord.EventId:                 1
LogRecord.EventName:               WritingResultAsStatusCode
info: Microsoft.AspNetCore.Http.Result.OkObjectResult[1]
      Setting HTTP status code 200.
info: Microsoft.AspNetCore.Http.Result.OkObjectResult[1]
      Setting HTTP status code 200.
info: Microsoft.AspNetCore.Http.Result.OkObjectResult[1]
      Setting HTTP status code 200.

Resource associated with LogRecord:
service.name: Appostolic.Api
service.instance.id: cfc7ce07-e6a4-4518-a7e3-7e4ff99e6a9f
telemetry.sdk.name: opentelemetry
telemetry.sdk.language: dotnet
telemetry.sdk.version: 1.9.0

LogRecord.Timestamp:               2025-09-20T11:49:05.5933750Z
LogRecord.TraceId:                 8868feb2a2f0be523064a464539efcb5
LogRecord.SpanId:                  6a0e4959f9ea769e
LogRecord.TraceFlags:              Recorded
LogRecord.CategoryName:            Microsoft.AspNetCore.Http.Result.OkObjectResult
LogRecord.Severity:                Info
LogRecord.SeverityText:            Information
LogRecord.FormattedMessage:        Writing value of type '<>f__AnonymousType1`2' as Json.
LogRecord.Body:                    Writing value of type '{Type}' as Json.
LogRecord.Attributes (Key:Value):
    Type: <>f__AnonymousType1`2
    OriginalFormat (a.k.a Body): Writing value of type '{Type}' as Json.
LogRecord.EventId:                 3
LogRecord.EventName:               WritingResultAsJson

Resource associated with LogRecord:
service.name: Appostolic.Api
service.instance.id: cfc7ce07-e6a4-4518-a7e3-7e4ff99e6a9f
telemetry.sdk.name: opentelemetry
telemetry.sdk.language: dotnet
telemetry.sdk.version: 1.9.0

LogRecord.Timestamp:               2025-09-20T11:49:05.5936220Z
LogRecord.TraceId:                 701d005909f9bd83bc99b6e8a8d271d6
LogRecord.SpanId:                  340c0e1b73a436b8
LogRecord.TraceFlags:              Recorded
LogRecord.CategoryName:            Microsoft.AspNetCore.Http.Result.OkObjectResult
LogRecord.Severity:                Info
LogRecord.SeverityText:            Information
LogRecord.FormattedMessage:        Writing value of type '<>f__AnonymousType1`2' as Json.
LogRecord.Body:                    Writing value of type '{Type}' as Json.
LogRecord.Attributes (Key:Value):
    Type: <>f__AnonymousType1`2
    OriginalFormat (a.k.a Body): Writing value of type '{Type}' as Json.
LogRecord.EventId:                 3
LogRecord.EventName:               WritingResultAsJson

Resource associated with LogRecord:
service.name: Appostolic.Api
service.instance.id: cfc7ce07-e6a4-4518-a7e3-7e4ff99e6a9f
telemetry.sdk.name: opentelemetry
telemetry.sdk.language: dotnet
telemetry.sdk.version: 1.9.0

info: Microsoft.AspNetCore.Http.Result.OkObjectResult[3]
      Writing value of type '<>f__AnonymousType1`2' as Json.
info: Microsoft.AspNetCore.Http.Result.OkObjectResult[3]
      Writing value of type '<>f__AnonymousType1`2' as Json.
info: Microsoft.AspNetCore.Http.Result.OkObjectResult[3]
      Writing value of type '<>f__AnonymousType1`2' as Json.
info: Microsoft.AspNetCore.Http.Result.OkObjectResult[3]
      Writing value of type '<>f__AnonymousType1`2' as Json.
LogRecord.Timestamp:               2025-09-20T11:49:05.5936640Z
LogRecord.TraceId:                 9698b8b8361d7304b2036e48de715271
LogRecord.SpanId:                  e908c434d3c9b3b0
LogRecord.TraceFlags:              Recorded
LogRecord.CategoryName:            Microsoft.AspNetCore.Http.Result.OkObjectResult
LogRecord.Severity:                Info
LogRecord.SeverityText:            Information
LogRecord.FormattedMessage:        Writing value of type '<>f__AnonymousType1`2' as Json.
LogRecord.Body:                    Writing value of type '{Type}' as Json.
LogRecord.Attributes (Key:Value):
    Type: <>f__AnonymousType1`2
    OriginalFormat (a.k.a Body): Writing value of type '{Type}' as Json.
LogRecord.EventId:                 3
LogRecord.EventName:               WritingResultAsJson

Resource associated with LogRecord:
service.name: Appostolic.Api
service.instance.id: cfc7ce07-e6a4-4518-a7e3-7e4ff99e6a9f
telemetry.sdk.name: opentelemetry
telemetry.sdk.language: dotnet
telemetry.sdk.version: 1.9.0

LogRecord.Timestamp:               2025-09-20T11:49:05.5937360Z
LogRecord.TraceId:                 051139db9cff31d6d06e5626874591e9
LogRecord.SpanId:                  c472769e8877ff74
LogRecord.TraceFlags:              Recorded
LogRecord.CategoryName:            Microsoft.AspNetCore.Http.Result.OkObjectResult
LogRecord.Severity:                Info
LogRecord.SeverityText:            Information
LogRecord.FormattedMessage:        Writing value of type '<>f__AnonymousType1`2' as Json.
LogRecord.Body:                    Writing value of type '{Type}' as Json.
LogRecord.Attributes (Key:Value):
    Type: <>f__AnonymousType1`2
    OriginalFormat (a.k.a Body): Writing value of type '{Type}' as Json.
LogRecord.EventId:                 3
LogRecord.EventName:               WritingResultAsJson

Resource associated with LogRecord:
info: Microsoft.AspNetCore.Http.Result.OkObjectResult[3]
      Writing value of type '<>f__AnonymousType1`2' as Json.
info: Microsoft.AspNetCore.Http.Result.OkObjectResult[3]
      Writing value of type '<>f__AnonymousType1`2' as Json.
service.name: Appostolic.Api
service.instance.id: cfc7ce07-e6a4-4518-a7e3-7e4ff99e6a9f
telemetry.sdk.name: opentelemetry
telemetry.sdk.language: dotnet
telemetry.sdk.version: 1.9.0

LogRecord.Timestamp:               2025-09-20T11:49:05.5937800Z
LogRecord.TraceId:                 9d5d9153d6bf7283c8019633514234bb
LogRecord.SpanId:                  f7e2971d9dc4a677
LogRecord.TraceFlags:              Recorded
LogRecord.CategoryName:            Microsoft.AspNetCore.Http.Result.OkObjectResult
LogRecord.Severity:                Info
LogRecord.SeverityText:            Information
LogRecord.FormattedMessage:        Writing value of type '<>f__AnonymousType1`2' as Json.
LogRecord.Body:                    Writing value of type '{Type}' as Json.
LogRecord.Attributes (Key:Value):
    Type: <>f__AnonymousType1`2
    OriginalFormat (a.k.a Body): Writing value of type '{Type}' as Json.
LogRecord.EventId:                 3
LogRecord.EventName:               WritingResultAsJson

Resource associated with LogRecord:
service.name: Appostolic.Api
service.instance.id: cfc7ce07-e6a4-4518-a7e3-7e4ff99e6a9f
telemetry.sdk.name: opentelemetry
telemetry.sdk.language: dotnet
telemetry.sdk.version: 1.9.0

LogRecord.Timestamp:               2025-09-20T11:49:05.5937120Z
LogRecord.TraceId:                 acb2cd0487119ea5faa23282d43dbc51
LogRecord.SpanId:                  5b77a9b3d54cba14
LogRecord.TraceFlags:              Recorded
LogRecord.CategoryName:            Microsoft.AspNetCore.Http.Result.OkObjectResult
info: Microsoft.AspNetCore.Http.Result.OkObjectResult[3]
      Writing value of type '<>f__AnonymousType1`2' as Json.
info: Microsoft.AspNetCore.Http.Result.OkObjectResult[3]
      Writing value of type '<>f__AnonymousType1`2' as Json.
info: Microsoft.AspNetCore.Http.Result.OkObjectResult[3]
      Writing value of type '<>f__AnonymousType1`2' as Json.
LogRecord.Severity:                Info
LogRecord.SeverityText:            Information
LogRecord.FormattedMessage:        Writing value of type '<>f__AnonymousType1`2' as Json.
LogRecord.Body:                    Writing value of type '{Type}' as Json.
LogRecord.Attributes (Key:Value):
    Type: <>f__AnonymousType1`2
    OriginalFormat (a.k.a Body): Writing value of type '{Type}' as Json.
LogRecord.EventId:                 3
LogRecord.EventName:               WritingResultAsJson

Resource associated with LogRecord:
service.name: Appostolic.Api
service.instance.id: cfc7ce07-e6a4-4518-a7e3-7e4ff99e6a9f
telemetry.sdk.name: opentelemetry
telemetry.sdk.language: dotnet
telemetry.sdk.version: 1.9.0

LogRecord.Timestamp:               2025-09-20T11:49:05.5936640Z
info: Microsoft.AspNetCore.Http.Result.OkObjectResult[3]
      Writing value of type '<>f__AnonymousType1`2' as Json.
LogRecord.TraceId:                 66e6ba2e32987b6345b1043ef9cab3a7
LogRecord.SpanId:                  2eb74ce61275245f
LogRecord.TraceFlags:              Recorded
LogRecord.CategoryName:            Microsoft.AspNetCore.Http.Result.OkObjectResult
LogRecord.Severity:                Info
LogRecord.SeverityText:            Information
LogRecord.FormattedMessage:        Writing value of type '<>f__AnonymousType1`2' as Json.
LogRecord.Body:                    Writing value of type '{Type}' as Json.
LogRecord.Attributes (Key:Value):
    Type: <>f__AnonymousType1`2
    OriginalFormat (a.k.a Body): Writing value of type '{Type}' as Json.
LogRecord.EventId:                 3
LogRecord.EventName:               WritingResultAsJson

Resource associated with LogRecord:
service.name: Appostolic.Api
service.instance.id: cfc7ce07-e6a4-4518-a7e3-7e4ff99e6a9f
telemetry.sdk.name: opentelemetry
telemetry.sdk.language: dotnet
telemetry.sdk.version: 1.9.0

LogRecord.Timestamp:               2025-09-20T11:49:05.5938180Z
LogRecord.TraceId:                 dce983bf6e81ccb52390ae1ec7ef0dd3
LogRecord.SpanId:                  f62b1ef277c4d4e7
LogRecord.TraceFlags:              Recorded
LogRecord.CategoryName:            Microsoft.AspNetCore.Http.Result.OkObjectResult
LogRecord.Severity:                Info
LogRecord.SeverityText:            Information
LogRecord.FormattedMessage:        Writing value of type '<>f__AnonymousType1`2' as Json.
LogRecord.Body:                    Writing value of type '{Type}' as Json.
LogRecord.Attributes (Key:Value):
    Type: <>f__AnonymousType1`2
    OriginalFormat (a.k.a Body): Writing value of type '{Type}' as Json.
LogRecord.EventId:                 3
LogRecord.EventName:               WritingResultAsJson

Resource associated with LogRecord:
service.name: Appostolic.Api
service.instance.id: cfc7ce07-e6a4-4518-a7e3-7e4ff99e6a9f
telemetry.sdk.name: opentelemetry
telemetry.sdk.language: dotnet
telemetry.sdk.version: 1.9.0

LogRecord.Timestamp:               2025-09-20T11:49:05.5938350Z
LogRecord.TraceId:                 386bb2033a2057cc82165881b2ca7568
LogRecord.SpanId:                  bf02544f8dd5be29
LogRecord.TraceFlags:              Recorded
LogRecord.CategoryName:            Microsoft.AspNetCore.Http.Result.OkObjectResult
LogRecord.Severity:                Info
LogRecord.SeverityText:            Information
LogRecord.FormattedMessage:        Writing value of type '<>f__AnonymousType1`2' as Json.
LogRecord.Body:                    Writing value of type '{Type}' as Json.
LogRecord.Attributes (Key:Value):
    Type: <>f__AnonymousType1`2
    OriginalFormat (a.k.a Body): Writing value of type '{Type}' as Json.
LogRecord.EventId:                 3
LogRecord.EventName:               WritingResultAsJson

Resource associated with LogRecord:
service.name: Appostolic.Api
service.instance.id: cfc7ce07-e6a4-4518-a7e3-7e4ff99e6a9f
telemetry.sdk.name: opentelemetry
telemetry.sdk.language: dotnet
telemetry.sdk.version: 1.9.0

LogRecord.Timestamp:               2025-09-20T11:49:05.5938670Z
LogRecord.TraceId:                 df5e6e78c33d719d44b28d010e1591b9
LogRecord.SpanId:                  a209a26e4b65b51d
LogRecord.TraceFlags:              Recorded
LogRecord.CategoryName:            Microsoft.AspNetCore.Http.Result.OkObjectResult
LogRecord.Severity:                Info
LogRecord.SeverityText:            Information
LogRecord.FormattedMessage:        Writing value of type '<>f__AnonymousType1`2' as Json.
LogRecord.Body:                    Writing value of type '{Type}' as Json.
LogRecord.Attributes (Key:Value):
    Type: <>f__AnonymousType1`2
    OriginalFormat (a.k.a Body): Writing value of type '{Type}' as Json.
LogRecord.EventId:                 3
LogRecord.EventName:               WritingResultAsJson

Resource associated with LogRecord:
service.name: Appostolic.Api
service.instance.id: cfc7ce07-e6a4-4518-a7e3-7e4ff99e6a9f
telemetry.sdk.name: opentelemetry
telemetry.sdk.language: dotnet
telemetry.sdk.version: 1.9.0

Activity.TraceId:            df5e6e78c33d719d44b28d010e1591b9
Activity.SpanId:             a209a26e4b65b51d
Activity.TraceFlags:         Recorded
Activity.ActivitySourceName: Microsoft.AspNetCore
Activity.DisplayName:        GET /api/agent-tasks/{id:guid}
Activity.Kind:               Server
Activity.StartTime:          2025-09-20T11:49:05.5824860Z
Activity.Duration:           00:00:00.0153260
Activity.Tags:
    server.address: localhost
    url.query: ?includeTraces=Redacted
    http.request.method: GET
    url.scheme: http
    url.path: /api/agent-tasks/97d03cfc-13e6-4a88-b35c-fac4f58f1441
    network.protocol.version: 1.1
    tenant: kevin-personal
    user: kevin@example.com
    http.route: /api/agent-tasks/{id:guid}
    http.response.status_code: 200
Resource associated with Activity:
    service.name: Appostolic.Api
    service.instance.id: cfc7ce07-e6a4-4518-a7e3-7e4ff99e6a9f
    telemetry.sdk.name: opentelemetry
    telemetry.sdk.language: dotnet
    telemetry.sdk.version: 1.9.0

Activity.TraceId:            acb2cd0487119ea5faa23282d43dbc51
Activity.SpanId:             5b77a9b3d54cba14
Activity.TraceFlags:         Recorded
Activity.ActivitySourceName: Microsoft.AspNetCore
Activity.DisplayName:        GET /api/agent-tasks/{id:guid}
Activity.Kind:               Server
Activity.StartTime:          2025-09-20T11:49:05.5802810Z
Activity.Duration:           00:00:00.0175410
Activity.Tags:
    server.address: localhost
    url.query: ?includeTraces=Redacted
    http.request.method: GET
    url.scheme: http
    url.path: /api/agent-tasks/0f98f49f-966d-49b7-ace9-13a649f25e49
    network.protocol.version: 1.1
    tenant: kevin-personal
    user: kevin@example.com
    http.route: /api/agent-tasks/{id:guid}
    http.response.status_code: 200
Resource associated with Activity:
    service.name: Appostolic.Api
    service.instance.id: cfc7ce07-e6a4-4518-a7e3-7e4ff99e6a9f
    telemetry.sdk.name: opentelemetry
    telemetry.sdk.language: dotnet
    telemetry.sdk.version: 1.9.0

Activity.TraceId:            8868feb2a2f0be523064a464539efcb5
Activity.SpanId:             6a0e4959f9ea769e
Activity.TraceFlags:         Recorded
Activity.ActivitySourceName: Microsoft.AspNetCore
Activity.DisplayName:        GET /api/agent-tasks/{id:guid}
Activity.Kind:               Server
Activity.StartTime:          2025-09-20T11:49:05.5810420Z
Activity.Duration:           00:00:00.0169250
Activity.Tags:
    server.address: localhost
    url.query: ?includeTraces=Redacted
    http.request.method: GET
    url.scheme: http
    url.path: /api/agent-tasks/9bf133c3-233c-420d-b145-7d329d8b2b9d
    network.protocol.version: 1.1
    tenant: kevin-personal
    user: kevin@example.com
    http.route: /api/agent-tasks/{id:guid}
    http.response.status_code: 200
Resource associated with Activity:
    service.name: Appostolic.Api
    service.instance.id: cfc7ce07-e6a4-4518-a7e3-7e4ff99e6a9f
    telemetry.sdk.name: opentelemetry
    telemetry.sdk.language: dotnet
    telemetry.sdk.version: 1.9.0

Activity.TraceId:            701d005909f9bd83bc99b6e8a8d271d6
Activity.SpanId:             340c0e1b73a436b8
Activity.TraceFlags:         Recorded
Activity.ActivitySourceName: Microsoft.AspNetCore
Activity.DisplayName:        GET /api/agent-tasks/{id:guid}
Activity.Kind:               Server
Activity.StartTime:          2025-09-20T11:49:05.5820050Z
Activity.Duration:           00:00:00.0161360
Activity.Tags:
    server.address: localhost
    url.query: ?includeTraces=Redacted
    http.request.method: GET
    url.scheme: http
    url.path: /api/agent-tasks/58980448-1961-4adb-b575-45935ac4748a
    network.protocol.version: 1.1
    tenant: kevin-personal
    user: kevin@example.com
    http.route: /api/agent-tasks/{id:guid}
    http.response.status_code: 200
Resource associated with Activity:
    service.name: Appostolic.Api
    service.instance.id: cfc7ce07-e6a4-4518-a7e3-7e4ff99e6a9f
    telemetry.sdk.name: opentelemetry
    telemetry.sdk.language: dotnet
    telemetry.sdk.version: 1.9.0

Activity.TraceId:            386bb2033a2057cc82165881b2ca7568
Activity.SpanId:             bf02544f8dd5be29
Activity.TraceFlags:         Recorded
Activity.ActivitySourceName: Microsoft.AspNetCore
Activity.DisplayName:        GET /api/agent-tasks/{id:guid}
Activity.Kind:               Server
Activity.StartTime:          2025-09-20T11:49:05.5811100Z
Activity.Duration:           00:00:00.0173630
Activity.Tags:
    server.address: localhost
    url.query: ?includeTraces=Redacted
    http.request.method: GET
    url.scheme: http
    url.path: /api/agent-tasks/94ea5e76-8ce3-49a5-bf9d-c37642e71f53
    network.protocol.version: 1.1
    tenant: kevin-personal
    user: kevin@example.com
    http.route: /api/agent-tasks/{id:guid}
    http.response.status_code: 200
Resource associated with Activity:
    service.name: Appostolic.Api
    service.instance.id: cfc7ce07-e6a4-4518-a7e3-7e4ff99e6a9f
    telemetry.sdk.name: opentelemetry
    telemetry.sdk.language: dotnet
    telemetry.sdk.version: 1.9.0

Activity.TraceId:            dce983bf6e81ccb52390ae1ec7ef0dd3
Activity.SpanId:             f62b1ef277c4d4e7
Activity.TraceFlags:         Recorded
Activity.ActivitySourceName: Microsoft.AspNetCore
Activity.DisplayName:        GET /api/agent-tasks/{id:guid}
Activity.Kind:               Server
Activity.StartTime:          2025-09-20T11:49:05.5820510Z
Activity.Duration:           00:00:00.0158460
Activity.Tags:
    server.address: localhost
    url.query: ?includeTraces=Redacted
    http.request.method: GET
    url.scheme: http
    url.path: /api/agent-tasks/cc0e4ff8-75b9-47d1-bb5d-8ed9c9336ca7
    network.protocol.version: 1.1
    tenant: kevin-personal
    user: kevin@example.com
    http.route: /api/agent-tasks/{id:guid}
    http.response.status_code: 200
Resource associated with Activity:
    service.name: Appostolic.Api
    service.instance.id: cfc7ce07-e6a4-4518-a7e3-7e4ff99e6a9f
    telemetry.sdk.name: opentelemetry
    telemetry.sdk.language: dotnet
    telemetry.sdk.version: 1.9.0

Activity.TraceId:            66e6ba2e32987b6345b1043ef9cab3a7
Activity.SpanId:             2eb74ce61275245f
Activity.TraceFlags:         Recorded
Activity.ActivitySourceName: Microsoft.AspNetCore
Activity.DisplayName:        GET /api/agent-tasks/{id:guid}
Activity.Kind:               Server
Activity.StartTime:          2025-09-20T11:49:05.5808380Z
Activity.Duration:           00:00:00.0182470
Activity.Tags:
    server.address: localhost
    url.query: ?includeTraces=Redacted
    http.request.method: GET
    url.scheme: http
    url.path: /api/agent-tasks/1f2cf7ec-cbc8-4b53-b549-50e2f5061ffe
    network.protocol.version: 1.1
    tenant: kevin-personal
    user: kevin@example.com
    http.route: /api/agent-tasks/{id:guid}
    http.response.status_code: 200
Resource associated with Activity:
    service.name: Appostolic.Api
    service.instance.id: cfc7ce07-e6a4-4518-a7e3-7e4ff99e6a9f
    telemetry.sdk.name: opentelemetry
    telemetry.sdk.language: dotnet
    telemetry.sdk.version: 1.9.0

Activity.TraceId:            9d5d9153d6bf7283c8019633514234bb
Activity.SpanId:             f7e2971d9dc4a677
Activity.TraceFlags:         Recorded
Activity.ActivitySourceName: Microsoft.AspNetCore
Activity.DisplayName:        GET /api/agent-tasks/{id:guid}
Activity.Kind:               Server
Activity.StartTime:          2025-09-20T11:49:05.5816890Z
Activity.Duration:           00:00:00.0183330
Activity.Tags:
    server.address: localhost
    url.query: ?includeTraces=Redacted
    http.request.method: GET
    url.scheme: http
    url.path: /api/agent-tasks/a4510dc9-f900-4d6f-9de9-ec9a3820ae4a
    network.protocol.version: 1.1
    tenant: kevin-personal
    user: kevin@example.com
    http.route: /api/agent-tasks/{id:guid}
    http.response.status_code: 200
Resource associated with Activity:
    service.name: Appostolic.Api
    service.instance.id: cfc7ce07-e6a4-4518-a7e3-7e4ff99e6a9f
    telemetry.sdk.name: opentelemetry
    telemetry.sdk.language: dotnet
    telemetry.sdk.version: 1.9.0

Activity.TraceId:            051139db9cff31d6d06e5626874591e9
Activity.SpanId:             c472769e8877ff74
Activity.TraceFlags:         Recorded
Activity.ActivitySourceName: Microsoft.AspNetCore
Activity.DisplayName:        GET /api/agent-tasks/{id:guid}
Activity.Kind:               Server
Activity.StartTime:          2025-09-20T11:49:05.5823750Z
Activity.Duration:           00:00:00.0176480
Activity.Tags:
    server.address: localhost
    url.query: ?includeTraces=Redacted
    http.request.method: GET
    url.scheme: http
    url.path: /api/agent-tasks/7a5094b0-5620-4426-9915-19091a0efd77
    network.protocol.version: 1.1
    tenant: kevin-personal
    user: kevin@example.com
    http.route: /api/agent-tasks/{id:guid}
    http.response.status_code: 200
Resource associated with Activity:
    service.name: Appostolic.Api
    service.instance.id: cfc7ce07-e6a4-4518-a7e3-7e4ff99e6a9f
    telemetry.sdk.name: opentelemetry
    telemetry.sdk.language: dotnet
    telemetry.sdk.version: 1.9.0

Activity.TraceId:            9698b8b8361d7304b2036e48de715271
Activity.SpanId:             e908c434d3c9b3b0
Activity.TraceFlags:         Recorded
Activity.ActivitySourceName: Microsoft.AspNetCore
Activity.DisplayName:        GET /api/agent-tasks/{id:guid}
Activity.Kind:               Server
Activity.StartTime:          2025-09-20T11:49:05.5817330Z
Activity.Duration:           00:00:00.0185010
Activity.Tags:
    server.address: localhost
    url.query: ?includeTraces=Redacted
    http.request.method: GET
    url.scheme: http
    url.path: /api/agent-tasks/da929129-29c8-4b92-a0bb-41cc7edf78f6
    network.protocol.version: 1.1
    tenant: kevin-personal
    user: kevin@example.com
    http.route: /api/agent-tasks/{id:guid}
    http.response.status_code: 200
Resource associated with Activity:
    service.name: Appostolic.Api
    service.instance.id: cfc7ce07-e6a4-4518-a7e3-7e4ff99e6a9f
    telemetry.sdk.name: opentelemetry
    telemetry.sdk.language: dotnet
    telemetry.sdk.version: 1.9.0

info: Appostolic.Api.Application.Agents.Queue.AgentTaskWorker[0]
      AgentTaskWorker stopping. dequeued=10 inflight=False inflightTaskId=(null)
LogRecord.Timestamp:               2025-09-20T11:49:05.6065580Z
LogRecord.CategoryName:            Appostolic.Api.Application.Agents.Queue.AgentTaskWorker
LogRecord.Severity:                Info
LogRecord.SeverityText:            Information
LogRecord.FormattedMessage:        AgentTaskWorker stopping. dequeued=10 inflight=False inflightTaskId=(null)
LogRecord.Body:                    AgentTaskWorker stopping. dequeued={Count} inflight={HasInFlight} inflightTaskId={TaskId}
LogRecord.Attributes (Key:Value):
    Count: 10
    HasInFlight: false
    OriginalFormat (a.k.a Body): AgentTaskWorker stopping. dequeued={Count} inflight={HasInFlight} inflightTaskId={TaskId}

Resource associated with LogRecord:
service.name: Appostolic.Api
service.instance.id: cfc7ce07-e6a4-4518-a7e3-7e4ff99e6a9f
telemetry.sdk.name: opentelemetry
telemetry.sdk.language: dotnet
telemetry.sdk.version: 1.9.0

LogRecord.Timestamp:               2025-09-20T11:49:05.6075820Z
info: Appostolic.Api.App.Notifications.NotificationDispatcherHostedService[0]
      NotificationDispatcher stopping
LogRecord.CategoryName:            Appostolic.Api.App.Notifications.NotificationDispatcherHostedService
LogRecord.Severity:                Info
LogRecord.SeverityText:            Information
LogRecord.FormattedMessage:        NotificationDispatcher stopping
LogRecord.Body:                    NotificationDispatcher stopping
LogRecord.Attributes (Key:Value):
    OriginalFormat (a.k.a Body): NotificationDispatcher stopping

Resource associated with LogRecord:
service.name: Appostolic.Api
service.instance.id: cfc7ce07-e6a4-4518-a7e3-7e4ff99e6a9f
telemetry.sdk.name: opentelemetry
telemetry.sdk.language: dotnet
telemetry.sdk.version: 1.9.0

LogRecord.Timestamp:               2025-09-20T11:49:05.6077520Z
LogRecord.CategoryName:            Appostolic.Api.App.Notifications.EmailDispatcherHostedService
LogRecord.Severity:                Info
LogRecord.SeverityText:            Information
LogRecord.FormattedMessage:        EmailDispatcher stopping
LogRecord.Body:                    EmailDispatcher stopping
LogRecord.Attributes (Key:Value):
    OriginalFormat (a.k.a Body): EmailDispatcher stopping
info: Appostolic.Api.App.Notifications.EmailDispatcherHostedService[0]
      EmailDispatcher stopping

Resource associated with LogRecord:
service.name: Appostolic.Api
service.instance.id: cfc7ce07-e6a4-4518-a7e3-7e4ff99e6a9f
telemetry.sdk.name: opentelemetry
telemetry.sdk.language: dotnet
telemetry.sdk.version: 1.9.0

info: Appostolic.Api.App.Notifications.NotificationsPurgeHostedService[0]
      NotificationsPurge stopping
LogRecord.Timestamp:               2025-09-20T11:49:05.6096380Z
LogRecord.CategoryName:            Appostolic.Api.App.Notifications.NotificationsPurgeHostedService
LogRecord.Severity:                Info
LogRecord.SeverityText:            Information
LogRecord.FormattedMessage:        NotificationsPurge stopping
LogRecord.Body:                    NotificationsPurge stopping
LogRecord.Attributes (Key:Value):
    OriginalFormat (a.k.a Body): NotificationsPurge stopping

Resource associated with LogRecord:
service.name: Appostolic.Api
service.instance.id: cfc7ce07-e6a4-4518-a7e3-7e4ff99e6a9f
telemetry.sdk.name: opentelemetry
telemetry.sdk.language: dotnet
telemetry.sdk.version: 1.9.0

Resource associated with Metric:
    service.name: Appostolic.Api
    service.instance.id: cfc7ce07-e6a4-4518-a7e3-7e4ff99e6a9f
    telemetry.sdk.name: opentelemetry
    telemetry.sdk.language: dotnet
    telemetry.sdk.version: 1.9.0

Metric Name: process.runtime.dotnet.gc.collections.count, Number of garbage collections that have occurred since process start., Meter: OpenTelemetry.Instrumentation.Runtime/1.9.0
(2025-09-20T11:49:05.1918130Z, 2025-09-20T11:49:05.6192720Z] generation: gen2 LongSum
Value: 6
(2025-09-20T11:49:05.1918130Z, 2025-09-20T11:49:05.6192720Z] generation: gen1 LongSum
Value: 14
(2025-09-20T11:49:05.1918130Z, 2025-09-20T11:49:05.6192720Z] generation: gen0 LongSum
Value: 24

Metric Name: process.runtime.dotnet.gc.objects.size, Count of bytes currently in use by objects in the GC heap that haven't been collected yet. Fragmentation and other GC committed memory pools are excluded., Unit: bytes, Meter: OpenTelemetry.Instrumentation.Runtime/1.9.0
(2025-09-20T11:49:05.1918200Z, 2025-09-20T11:49:05.6192720Z] LongSumNonMonotonic
Value: 254430408

Metric Name: process.runtime.dotnet.gc.allocations.size, Count of bytes allocated on the managed GC heap since the process start. .NET objects are allocated from this heap. Object allocations from unmanaged languages such as C/C++ do not use this heap., Unit: bytes, Meter: OpenTelemetry.Instrumentation.Runtime/1.9.0
(2025-09-20T11:49:05.1918430Z, 2025-09-20T11:49:05.6192720Z] LongSum
Value: 801772552

Metric Name: process.runtime.dotnet.gc.committed_memory.size, The amount of committed virtual memory for the managed GC heap, as observed during the latest garbage collection. Committed virtual memory may be larger than the heap size because it includes both memory for storing existing objects (the heap size) and some extra memory that is ready to handle newly allocated objects in the future. The value will be unavailable until at least one garbage collection has occurred., Unit: bytes, Meter: OpenTelemetry.Instrumentation.Runtime/1.9.0
(2025-09-20T11:49:05.1918480Z, 2025-09-20T11:49:05.6192720Z] LongSumNonMonotonic
Value: 197869568

Metric Name: process.runtime.dotnet.gc.heap.size, The heap size (including fragmentation), as observed during the latest garbage collection. The value will be unavailable until at least one garbage collection has occurred., Unit: bytes, Meter: OpenTelemetry.Instrumentation.Runtime/1.9.0
(2025-09-20T11:49:05.1918530Z, 2025-09-20T11:49:05.6192730Z] generation: gen0 LongSumNonMonotonic
Value: 6459272
(2025-09-20T11:49:05.1918530Z, 2025-09-20T11:49:05.6192730Z] generation: gen1 LongSumNonMonotonic
Value: 14762560
(2025-09-20T11:49:05.1918530Z, 2025-09-20T11:49:05.6192730Z] generation: gen2 LongSumNonMonotonic
Value: 58550984
(2025-09-20T11:49:05.1918530Z, 2025-09-20T11:49:05.6192730Z] generation: loh LongSumNonMonotonic
Value: 117210112
(2025-09-20T11:49:05.1918530Z, 2025-09-20T11:49:05.6192730Z] generation: poh LongSumNonMonotonic
Value: 262336

Metric Name: process.runtime.dotnet.gc.heap.fragmentation.size, The heap fragmentation, as observed during the latest garbage collection. The value will be unavailable until at least one garbage collection has occurred., Unit: bytes, Meter: OpenTelemetry.Instrumentation.Runtime/1.9.0
(2025-09-20T11:49:05.1918560Z, 2025-09-20T11:49:05.6192730Z] generation: gen0 LongSumNonMonotonic
Value: 6426608
(2025-09-20T11:49:05.1918560Z, 2025-09-20T11:49:05.6192730Z] generation: gen1 LongSumNonMonotonic
Value: 4293608
(2025-09-20T11:49:05.1918560Z, 2025-09-20T11:49:05.6192730Z] generation: gen2 LongSumNonMonotonic
Value: 1154816
(2025-09-20T11:49:05.1918560Z, 2025-09-20T11:49:05.6192730Z] generation: loh LongSumNonMonotonic
Value: 12904040
(2025-09-20T11:49:05.1918560Z, 2025-09-20T11:49:05.6192730Z] generation: poh LongSumNonMonotonic
Value: 0

Metric Name: process.runtime.dotnet.gc.duration, The total amount of time paused in GC since the process start., Unit: ns, Meter: OpenTelemetry.Instrumentation.Runtime/1.9.0
(2025-09-20T11:49:05.1918590Z, 2025-09-20T11:49:05.6192730Z] LongSum
Value: 248411000

Metric Name: process.runtime.dotnet.jit.il_compiled.size, Count of bytes of intermediate language that have been compiled since the process start., Unit: bytes, Meter: OpenTelemetry.Instrumentation.Runtime/1.9.0
(2025-09-20T11:49:05.1918620Z, 2025-09-20T11:49:05.6192730Z] LongSum
Value: 3319571

Metric Name: process.runtime.dotnet.jit.methods_compiled.count, The number of times the JIT compiler compiled a method since the process start. The JIT compiler may be invoked multiple times for the same method to compile with different generic parameters, or because tiered compilation requested different optimization settings., Meter: OpenTelemetry.Instrumentation.Runtime/1.9.0
(2025-09-20T11:49:05.1918660Z, 2025-09-20T11:49:05.6192730Z] LongSum
Value: 40194

Metric Name: process.runtime.dotnet.jit.compilation_time, The amount of time the JIT compiler has spent compiling methods since the process start., Unit: ns, Meter: OpenTelemetry.Instrumentation.Runtime/1.9.0
(2025-09-20T11:49:05.1918690Z, 2025-09-20T11:49:05.6192730Z] LongSum
Value: 5620194000

Metric Name: process.runtime.dotnet.monitor.lock_contention.count, The number of times there was contention when trying to acquire a monitor lock since the process start. Monitor locks are commonly acquired by using the lock keyword in C#, or by calling Monitor.Enter() and Monitor.TryEnter()., Meter: OpenTelemetry.Instrumentation.Runtime/1.9.0
(2025-09-20T11:49:05.1918730Z, 2025-09-20T11:49:05.6192740Z] LongSum
Value: 167

Metric Name: process.runtime.dotnet.thread_pool.threads.count, The number of thread pool threads that currently exist., Meter: OpenTelemetry.Instrumentation.Runtime/1.9.0
(2025-09-20T11:49:05.1918750Z, 2025-09-20T11:49:05.6192740Z] LongSumNonMonotonic
Value: 14

Metric Name: process.runtime.dotnet.thread_pool.completed_items.count, The number of work items that have been processed by the thread pool since the process start., Meter: OpenTelemetry.Instrumentation.Runtime/1.9.0
(2025-09-20T11:49:05.1918790Z, 2025-09-20T11:49:05.6192740Z] LongSum
Value: 1661

Metric Name: process.runtime.dotnet.thread_pool.queue.length, The number of work items that are currently queued to be processed by the thread pool., Meter: OpenTelemetry.Instrumentation.Runtime/1.9.0
(2025-09-20T11:49:05.1918820Z, 2025-09-20T11:49:05.6192740Z] LongSumNonMonotonic
Value: 0

Metric Name: process.runtime.dotnet.timer.count, The number of timer instances that are currently active. Timers can be created by many sources such as System.Threading.Timer, Task.Delay, or the timeout in a CancellationSource. An active timer is registered to tick at some point in the future and has not yet been canceled., Meter: OpenTelemetry.Instrumentation.Runtime/1.9.0
(2025-09-20T11:49:05.1918850Z, 2025-09-20T11:49:05.6192740Z] LongSumNonMonotonic
Value: 8

Metric Name: process.runtime.dotnet.assemblies.count, The number of .NET assemblies that are currently loaded., Meter: OpenTelemetry.Instrumentation.Runtime/1.9.0
(2025-09-20T11:49:05.1918880Z, 2025-09-20T11:49:05.6192740Z] LongSumNonMonotonic
Value: 206

Metric Name: process.runtime.dotnet.exceptions.count, Count of exceptions that have been thrown in managed code, since the observation started. The value will be unavailable until an exception has been thrown after OpenTelemetry.Instrumentation.Runtime initialization., Meter: OpenTelemetry.Instrumentation.Runtime/1.9.0
(2025-09-20T11:49:05.1918920Z, 2025-09-20T11:49:05.6192750Z] LongSum
Value: 4

Metric Name: agent.tasks.created, Count of agent tasks created., Unit: {task}, Meter: Appostolic.Metrics
(2025-09-20T11:49:05.1918950Z, 2025-09-20T11:49:05.6192750Z] agent.id: 11111111-1111-1111-1111-111111111111 tenant: kevin-personal LongSum
Value: 10

Metric Name: agent.tasks.completed, Count of agent tasks completed by status., Unit: {task}, Meter: Appostolic.Metrics
(2025-09-20T11:49:05.1918990Z, 2025-09-20T11:49:05.6192760Z] status: Succeeded LongSum
Value: 10

Metric Name: agent.task.duration, End-to-end task duration from CreatedAt to FinishedAt., Unit: ms, Meter: Appostolic.Metrics
(2025-09-20T11:49:05.1919030Z, 2025-09-20T11:49:05.6192790Z] status: Succeeded Histogram
Value: Sum: 775 Count: 10 Min: 47 Max: 94 
(-Infinity,0]:0
(0,5]:0
(5,10]:0
(10,25]:0
(25,50]:1
(50,75]:3
(75,100]:6
(100,250]:0
(250,500]:0
(500,750]:0
(750,1000]:0
(1000,2500]:0
(2500,5000]:0
(5000,7500]:0
(7500,10000]:0
(10000,+Infinity]:0


Metric Name: agent.model.tokens, Total tokens used by model decisions (prompt + completion)., Unit: {token}, Meter: Appostolic.Metrics
(2025-09-20T11:49:05.1919060Z, 2025-09-20T11:49:05.6192800Z] agentId: 11111111-1111-1111-1111-111111111111 model: gpt-4o-mini LongSum
Value: 2480

Metric Name: agent.tool.duration, Duration of tool invocations., Unit: ms, Meter: Appostolic.Metrics
(2025-09-20T11:49:05.1919090Z, 2025-09-20T11:49:05.6192820Z] tool: web.search Histogram
Value: Sum: 3 Count: 10 Min: 0 Max: 2 
(-Infinity,0]:8
(0,5]:2
(5,10]:0
(10,25]:0
(25,50]:0
(50,75]:0
(75,100]:0
(100,250]:0
(250,500]:0
(500,750]:0
(750,1000]:0
(1000,2500]:0
(2500,5000]:0
(5000,7500]:0
(7500,10000]:0
(10000,+Infinity]:0


Metric Name: http.server.active_requests, Number of active HTTP server requests., Unit: {request}, Meter: Microsoft.AspNetCore.Hosting
(2025-09-20T11:49:05.1921830Z, 2025-09-20T11:49:05.6192850Z] http.request.method: POST url.scheme: http LongSumNonMonotonic
Value: 0
(2025-09-20T11:49:05.1921830Z, 2025-09-20T11:49:05.6192850Z] http.request.method: GET url.scheme: http LongSumNonMonotonic
Value: 0

Metric Name: http.server.request.duration, Duration of HTTP server requests., Unit: s, Meter: Microsoft.AspNetCore.Hosting
(2025-09-20T11:49:05.1922520Z, 2025-09-20T11:49:05.6192870Z] http.request.method: POST http.response.status_code: 201 http.route: /api/agent-tasks/ network.protocol.version: 1.1 url.scheme: http Histogram
Value: Sum: 0.9556462000000001 Count: 10 Min: 0.0815575 Max: 0.1526283 
(-Infinity,0.005]:0
(0.005,0.01]:0
(0.01,0.025]:0
(0.025,0.05]:0
(0.05,0.075]:0
(0.075,0.1]:9
(0.1,0.25]:1
(0.25,0.5]:0
(0.5,0.75]:0
(0.75,1]:0
(1,2.5]:0
(2.5,5]:0
(5,7.5]:0
(7.5,10]:0
(10,+Infinity]:0

(2025-09-20T11:49:05.1922520Z, 2025-09-20T11:49:05.6192870Z] http.request.method: GET http.response.status_code: 200 http.route: /api/agent-tasks/{id:guid} network.protocol.version: 1.1 url.scheme: http Histogram
Value: Sum: 0.171907 Count: 10 Min: 0.0153408 Max: 0.0184928 
(-Infinity,0.005]:0
(0.005,0.01]:0
(0.01,0.025]:10
(0.025,0.05]:0
(0.05,0.075]:0
(0.075,0.1]:0
(0.1,0.25]:0
(0.25,0.5]:0
(0.5,0.75]:0
(0.75,1]:0
(1,2.5]:0
(2.5,5]:0
(5,7.5]:0
(7.5,10]:0
(10,+Infinity]:0


Metric Name: aspnetcore.routing.match_attempts, Number of requests that were attempted to be matched to an endpoint., Unit: {match_attempt}, Meter: Microsoft.AspNetCore.Routing
(2025-09-20T11:49:05.3562480Z, 2025-09-20T11:49:05.6192880Z] aspnetcore.routing.is_fallback: false aspnetcore.routing.match_status: success http.route: /api/agent-tasks/ LongSum
Value: 10
(2025-09-20T11:49:05.3562480Z, 2025-09-20T11:49:05.6192880Z] aspnetcore.routing.is_fallback: false aspnetcore.routing.match_status: success http.route: /api/agent-tasks/{id:guid} LongSum
Value: 10
[Startup] Warning: failed to ensure app.notification_dedupes exists: Relational-specific methods can only be used when the context is using a relational database provider.
LogRecord.Timestamp:               2025-09-20T11:49:05.8022990Z
LogRecord.CategoryName:            Endpoints.V1
LogRecord.Severity:                Info
LogRecord.SeverityText:            Information
LogRecord.FormattedMessage:        [MapV1Endpoints] Environment='Development' IsDevelopment=True
LogRecord.Body:                    [MapV1Endpoints] Environment='{Env}' IsDevelopment={IsDev}
LogRecord.Attributes (Key:Value):
    Env: Development
    IsDev: true
    OriginalFormat (a.k.a Body): [MapV1Endpoints] Environment='{Env}' IsDevelopment={IsDev}

Resource associated with LogRecord:
service.name: Appostolic.Api
service.instance.id: cfc7ce07-e6a4-4518-a7e3-7e4ff99e6a9f
telemetry.sdk.name: opentelemetry
telemetry.sdk.language: dotnet
telemetry.sdk.version: 1.9.0

info: Endpoints.V1[0]
      [MapV1Endpoints] Environment='Development' IsDevelopment=True
LogRecord.Timestamp:               2025-09-20T11:49:05.8051500Z
LogRecord.CategoryName:            Microsoft.AspNetCore.DataProtection.KeyManagement.XmlKeyManager
LogRecord.Severity:                Info
LogRecord.SeverityText:            Information
LogRecord.FormattedMessage:        User profile is available. Using '/Users/kevinmccreary/.aspnet/DataProtection-Keys' as key repository; keys will not be encrypted at rest.
LogRecord.Body:                    User profile is available. Using '{FullName}' as key repository; keys will not be encrypted at rest.
LogRecord.Attributes (Key:Value):
    FullName: /Users/kevinmccreary/.aspnet/DataProtection-Keys
    OriginalFormat (a.k.a Body): User profile is available. Using '{FullName}' as key repository; keys will not be encrypted at rest.
LogRecord.EventId:                 62
LogRecord.EventName:               UsingProfileAsKeyRepository

Resource associated with LogRecord:
service.name: Appostolic.Api
service.instance.id: cfc7ce07-e6a4-4518-a7e3-7e4ff99e6a9f
telemetry.sdk.name: opentelemetry
telemetry.sdk.language: dotnet
telemetry.sdk.version: 1.9.0

info: Microsoft.AspNetCore.DataProtection.KeyManagement.XmlKeyManager[62]
      User profile is available. Using '/Users/kevinmccreary/.aspnet/DataProtection-Keys' as key repository; keys will not be encrypted at rest.
LogRecord.Timestamp:               2025-09-20T11:49:05.8118820Z
LogRecord.CategoryName:            Appostolic.Api.App.Notifications.AutoResendHostedService
LogRecord.Severity:                Info
LogRecord.SeverityText:            Information
LogRecord.FormattedMessage:        AutoResend is disabled by configuration
LogRecord.Body:                    AutoResend is disabled by configuration
LogRecord.Attributes (Key:Value):
    OriginalFormat (a.k.a Body): AutoResend is disabled by configuration

Resource associated with LogRecord:
service.name: Appostolic.Api
service.instance.id: cfc7ce07-e6a4-4518-a7e3-7e4ff99e6a9f
telemetry.sdk.name: opentelemetry
telemetry.sdk.language: dotnet
telemetry.sdk.version: 1.9.0

info: Appostolic.Api.App.Notifications.AutoResendHostedService[0]
      AutoResend is disabled by configuration
Activity.TraceId:            0b542a9353201578dc74d736803ea1f3
Activity.SpanId:             63752178747610bd
Activity.TraceFlags:         Recorded
Activity.ActivitySourceName: Microsoft.AspNetCore
Activity.DisplayName:        GET
Activity.Kind:               Server
Activity.StartTime:          2025-09-20T11:49:05.9485570Z
Activity.Duration:           00:00:00.0637780
Activity.Tags:
    server.address: localhost
    http.request.method: GET
    url.scheme: http
    url.path: /swagger/
    network.protocol.version: 1.1
    http.response.status_code: 301
Resource associated with Activity:
    service.name: Appostolic.Api
    service.instance.id: cfc7ce07-e6a4-4518-a7e3-7e4ff99e6a9f
    telemetry.sdk.name: opentelemetry
    telemetry.sdk.language: dotnet
    telemetry.sdk.version: 1.9.0

Activity.TraceId:            ce116259ffb1ba644e9f545f74d945d3
Activity.SpanId:             a4a09e00b0242cd2
Activity.TraceFlags:         Recorded
Activity.ActivitySourceName: Microsoft.AspNetCore
Activity.DisplayName:        GET
Activity.Kind:               Server
Activity.StartTime:          2025-09-20T11:49:06.0133170Z
Activity.Duration:           00:00:00.0297810
Activity.Tags:
    server.address: localhost
    http.request.method: GET
    url.scheme: http
    url.path: /swagger/index.html
    network.protocol.version: 1.1
    http.response.status_code: 200
Resource associated with Activity:
    service.name: Appostolic.Api
    service.instance.id: cfc7ce07-e6a4-4518-a7e3-7e4ff99e6a9f
    telemetry.sdk.name: opentelemetry
    telemetry.sdk.language: dotnet
    telemetry.sdk.version: 1.9.0

info: Microsoft.AspNetCore.Mvc.Infrastructure.DefaultActionDescriptorCollectionProvider[1]
      No action descriptors found. This may indicate an incorrectly configured application or missing application parts. To learn more, visit https://aka.ms/aspnet/mvc/app-parts
LogRecord.Timestamp:               2025-09-20T11:49:06.0600330Z
LogRecord.TraceId:                 c1ede7d646c483c8ccde71d9516ca70d
LogRecord.SpanId:                  474bbe4d81726faf
LogRecord.TraceFlags:              Recorded
LogRecord.CategoryName:            Microsoft.AspNetCore.Mvc.Infrastructure.DefaultActionDescriptorCollectionProvider
LogRecord.Severity:                Info
LogRecord.SeverityText:            Information
LogRecord.FormattedMessage:        No action descriptors found. This may indicate an incorrectly configured application or missing application parts. To learn more, visit https://aka.ms/aspnet/mvc/app-parts
LogRecord.Body:                    No action descriptors found. This may indicate an incorrectly configured application or missing application parts. To learn more, visit https://aka.ms/aspnet/mvc/app-parts
LogRecord.Attributes (Key:Value):
    OriginalFormat (a.k.a Body): No action descriptors found. This may indicate an incorrectly configured application or missing application parts. To learn more, visit https://aka.ms/aspnet/mvc/app-parts
LogRecord.EventId:                 1
LogRecord.EventName:               NoActionDescriptors

Resource associated with LogRecord:
service.name: Appostolic.Api
service.instance.id: cfc7ce07-e6a4-4518-a7e3-7e4ff99e6a9f
telemetry.sdk.name: opentelemetry
telemetry.sdk.language: dotnet
telemetry.sdk.version: 1.9.0

Activity.TraceId:            c1ede7d646c483c8ccde71d9516ca70d
Activity.SpanId:             474bbe4d81726faf
Activity.TraceFlags:         Recorded
Activity.ActivitySourceName: Microsoft.AspNetCore
Activity.DisplayName:        GET
Activity.Kind:               Server
Activity.StartTime:          2025-09-20T11:49:06.0546680Z
Activity.Duration:           00:00:00.3451780
Activity.Tags:
    server.address: localhost
    http.request.method: GET
    url.scheme: http
    url.path: /swagger/v1/swagger.json
    network.protocol.version: 1.1
    http.response.status_code: 200
Resource associated with Activity:
    service.name: Appostolic.Api
    service.instance.id: cfc7ce07-e6a4-4518-a7e3-7e4ff99e6a9f
    telemetry.sdk.name: opentelemetry
    telemetry.sdk.language: dotnet
    telemetry.sdk.version: 1.9.0

Resource associated with Metric:
    service.name: Appostolic.Api
    service.instance.id: cfc7ce07-e6a4-4518-a7e3-7e4ff99e6a9f
    telemetry.sdk.name: opentelemetry
    telemetry.sdk.language: dotnet
    telemetry.sdk.version: 1.9.0

Metric Name: process.runtime.dotnet.gc.collections.count, Number of garbage collections that have occurred since process start., Meter: OpenTelemetry.Instrumentation.Runtime/1.9.0
(2025-09-20T11:49:05.8107630Z, 2025-09-20T11:49:06.4614720Z] generation: gen2 LongSum
Value: 7
(2025-09-20T11:49:05.8107630Z, 2025-09-20T11:49:06.4614720Z] generation: gen1 LongSum
Value: 15
(2025-09-20T11:49:05.8107630Z, 2025-09-20T11:49:06.4614720Z] generation: gen0 LongSum
Value: 25

Metric Name: process.runtime.dotnet.gc.objects.size, Count of bytes currently in use by objects in the GC heap that haven't been collected yet. Fragmentation and other GC committed memory pools are excluded., Unit: bytes, Meter: OpenTelemetry.Instrumentation.Runtime/1.9.0
(2025-09-20T11:49:05.8108070Z, 2025-09-20T11:49:06.4614720Z] LongSumNonMonotonic
Value: 255213152

Metric Name: process.runtime.dotnet.gc.allocations.size, Count of bytes allocated on the managed GC heap since the process start. .NET objects are allocated from this heap. Object allocations from unmanaged languages such as C/C++ do not use this heap., Unit: bytes, Meter: OpenTelemetry.Instrumentation.Runtime/1.9.0
(2025-09-20T11:49:05.8108180Z, 2025-09-20T11:49:06.4614720Z] LongSum
Value: 819193640

Metric Name: process.runtime.dotnet.gc.committed_memory.size, The amount of committed virtual memory for the managed GC heap, as observed during the latest garbage collection. Committed virtual memory may be larger than the heap size because it includes both memory for storing existing objects (the heap size) and some extra memory that is ready to handle newly allocated objects in the future. The value will be unavailable until at least one garbage collection has occurred., Unit: bytes, Meter: OpenTelemetry.Instrumentation.Runtime/1.9.0
(2025-09-20T11:49:05.8108220Z, 2025-09-20T11:49:06.4614730Z] LongSumNonMonotonic
Value: 199704576

Metric Name: process.runtime.dotnet.gc.heap.size, The heap size (including fragmentation), as observed during the latest garbage collection. The value will be unavailable until at least one garbage collection has occurred., Unit: bytes, Meter: OpenTelemetry.Instrumentation.Runtime/1.9.0
(2025-09-20T11:49:05.8108260Z, 2025-09-20T11:49:06.4614730Z] generation: gen0 LongSumNonMonotonic
Value: 5828440
(2025-09-20T11:49:05.8108260Z, 2025-09-20T11:49:06.4614730Z] generation: gen1 LongSumNonMonotonic
Value: 3947720
(2025-09-20T11:49:05.8108260Z, 2025-09-20T11:49:06.4614730Z] generation: gen2 LongSumNonMonotonic
Value: 67737152
(2025-09-20T11:49:05.8108260Z, 2025-09-20T11:49:06.4614730Z] generation: loh LongSumNonMonotonic
Value: 117210112
(2025-09-20T11:49:05.8108260Z, 2025-09-20T11:49:06.4614730Z] generation: poh LongSumNonMonotonic
Value: 262336

Metric Name: process.runtime.dotnet.gc.heap.fragmentation.size, The heap fragmentation, as observed during the latest garbage collection. The value will be unavailable until at least one garbage collection has occurred., Unit: bytes, Meter: OpenTelemetry.Instrumentation.Runtime/1.9.0
(2025-09-20T11:49:05.8108290Z, 2025-09-20T11:49:06.4614730Z] generation: gen0 LongSumNonMonotonic
Value: 5828176
(2025-09-20T11:49:05.8108290Z, 2025-09-20T11:49:06.4614730Z] generation: gen1 LongSumNonMonotonic
Value: 78008
(2025-09-20T11:49:05.8108290Z, 2025-09-20T11:49:06.4614730Z] generation: gen2 LongSumNonMonotonic
Value: 1054512
(2025-09-20T11:49:05.8108290Z, 2025-09-20T11:49:06.4614730Z] generation: loh LongSumNonMonotonic
Value: 8146496
(2025-09-20T11:49:05.8108290Z, 2025-09-20T11:49:06.4614730Z] generation: poh LongSumNonMonotonic
Value: 0

Metric Name: process.runtime.dotnet.gc.duration, The total amount of time paused in GC since the process start., Unit: ns, Meter: OpenTelemetry.Instrumentation.Runtime/1.9.0
(2025-09-20T11:49:05.8108320Z, 2025-09-20T11:49:06.4614730Z] LongSum
Value: 316767000

Metric Name: process.runtime.dotnet.jit.il_compiled.size, Count of bytes of intermediate language that have been compiled since the process start., Unit: bytes, Meter: OpenTelemetry.Instrumentation.Runtime/1.9.0
(2025-09-20T11:49:05.8108600Z, 2025-09-20T11:49:06.4614740Z] LongSum
Value: 3440032

Metric Name: process.runtime.dotnet.jit.methods_compiled.count, The number of times the JIT compiler compiled a method since the process start. The JIT compiler may be invoked multiple times for the same method to compile with different generic parameters, or because tiered compilation requested different optimization settings., Meter: OpenTelemetry.Instrumentation.Runtime/1.9.0
(2025-09-20T11:49:05.8108930Z, 2025-09-20T11:49:06.4614740Z] LongSum
Value: 41815

Metric Name: process.runtime.dotnet.jit.compilation_time, The amount of time the JIT compiler has spent compiling methods since the process start., Unit: ns, Meter: OpenTelemetry.Instrumentation.Runtime/1.9.0
(2025-09-20T11:49:05.8109240Z, 2025-09-20T11:49:06.4614740Z] LongSum
Value: 6042198400

Metric Name: process.runtime.dotnet.monitor.lock_contention.count, The number of times there was contention when trying to acquire a monitor lock since the process start. Monitor locks are commonly acquired by using the lock keyword in C#, or by calling Monitor.Enter() and Monitor.TryEnter()., Meter: OpenTelemetry.Instrumentation.Runtime/1.9.0
(2025-09-20T11:49:05.8109560Z, 2025-09-20T11:49:06.4614740Z] LongSum
Value: 170

Metric Name: process.runtime.dotnet.thread_pool.threads.count, The number of thread pool threads that currently exist., Meter: OpenTelemetry.Instrumentation.Runtime/1.9.0
(2025-09-20T11:49:05.8109990Z, 2025-09-20T11:49:06.4614740Z] LongSumNonMonotonic
Value: 14

Metric Name: process.runtime.dotnet.thread_pool.completed_items.count, The number of work items that have been processed by the thread pool since the process start., Meter: OpenTelemetry.Instrumentation.Runtime/1.9.0
(2025-09-20T11:49:05.8110280Z, 2025-09-20T11:49:06.4614740Z] LongSum
Value: 1689

Metric Name: process.runtime.dotnet.thread_pool.queue.length, The number of work items that are currently queued to be processed by the thread pool., Meter: OpenTelemetry.Instrumentation.Runtime/1.9.0
(2025-09-20T11:49:05.8110600Z, 2025-09-20T11:49:06.4614750Z] LongSumNonMonotonic
Value: 0

Metric Name: process.runtime.dotnet.timer.count, The number of timer instances that are currently active. Timers can be created by many sources such as System.Threading.Timer, Task.Delay, or the timeout in a CancellationSource. An active timer is registered to tick at some point in the future and has not yet been canceled., Meter: OpenTelemetry.Instrumentation.Runtime/1.9.0
(2025-09-20T11:49:05.8110930Z, 2025-09-20T11:49:06.4614750Z] LongSumNonMonotonic
Value: 7

Metric Name: process.runtime.dotnet.assemblies.count, The number of .NET assemblies that are currently loaded., Meter: OpenTelemetry.Instrumentation.Runtime/1.9.0
(2025-09-20T11:49:05.8111030Z, 2025-09-20T11:49:06.4614750Z] LongSumNonMonotonic
Value: 206

Metric Name: http.server.active_requests, Number of active HTTP server requests., Unit: {request}, Meter: Microsoft.AspNetCore.Hosting
(2025-09-20T11:49:05.8112200Z, 2025-09-20T11:49:06.4614780Z] http.request.method: GET url.scheme: http LongSumNonMonotonic
Value: 0

Metric Name: http.server.request.duration, Duration of HTTP server requests., Unit: s, Meter: Microsoft.AspNetCore.Hosting
(2025-09-20T11:49:05.8112240Z, 2025-09-20T11:49:06.4614800Z] http.request.method: GET http.response.status_code: 301 network.protocol.version: 1.1 url.scheme: http Histogram
Value: Sum: 0.0637843 Count: 1 Min: 0.0637843 Max: 0.0637843 
(-Infinity,0.005]:0
(0.005,0.01]:0
(0.01,0.025]:0
(0.025,0.05]:0
(0.05,0.075]:1
(0.075,0.1]:0
(0.1,0.25]:0
(0.25,0.5]:0
(0.5,0.75]:0
(0.75,1]:0
(1,2.5]:0
(2.5,5]:0
(5,7.5]:0
(7.5,10]:0
(10,+Infinity]:0

(2025-09-20T11:49:05.8112240Z, 2025-09-20T11:49:06.4614800Z] http.request.method: GET http.response.status_code: 200 network.protocol.version: 1.1 url.scheme: http Histogram
Value: Sum: 0.374925 Count: 2 Min: 0.0297482 Max: 0.3451768 
(-Infinity,0.005]:0
(0.005,0.01]:0
(0.01,0.025]:0
(0.025,0.05]:1
(0.05,0.075]:0
(0.075,0.1]:0
(0.1,0.25]:0
(0.25,0.5]:1
(0.5,0.75]:0
(0.75,1]:0
(1,2.5]:0
(2.5,5]:0
(5,7.5]:0
(7.5,10]:0
(10,+Infinity]:0


Metric Name: aspnetcore.routing.match_attempts, Number of requests that were attempted to be matched to an endpoint., Unit: {match_attempt}, Meter: Microsoft.AspNetCore.Routing
(2025-09-20T11:49:05.9407960Z, 2025-09-20T11:49:06.4614810Z] aspnetcore.routing.match_status: failure LongSum
Value: 3
[Startup] Warning: failed to ensure app.notification_dedupes exists: Relational-specific methods can only be used when the context is using a relational database provider.
info: Endpoints.V1[0]
      [MapV1Endpoints] Environment='Development' IsDevelopment=True
LogRecord.Timestamp:               2025-09-20T11:49:06.5775330Z
LogRecord.CategoryName:            Endpoints.V1
LogRecord.Severity:                Info
LogRecord.SeverityText:            Information
LogRecord.FormattedMessage:        [MapV1Endpoints] Environment='Development' IsDevelopment=True
LogRecord.Body:                    [MapV1Endpoints] Environment='{Env}' IsDevelopment={IsDev}
LogRecord.Attributes (Key:Value):
    Env: Development
    IsDev: true
    OriginalFormat (a.k.a Body): [MapV1Endpoints] Environment='{Env}' IsDevelopment={IsDev}

Resource associated with LogRecord:
service.name: Appostolic.Api
service.instance.id: cfc7ce07-e6a4-4518-a7e3-7e4ff99e6a9f
telemetry.sdk.name: opentelemetry
telemetry.sdk.language: dotnet
telemetry.sdk.version: 1.9.0

LogRecord.Timestamp:               2025-09-20T11:49:06.5778660Z
LogRecord.CategoryName:            Microsoft.AspNetCore.DataProtection.KeyManagement.XmlKeyManager
LogRecord.Severity:                Info
LogRecord.SeverityText:            Information
LogRecord.FormattedMessage:        User profile is available. Using '/Users/kevinmccreary/.aspnet/DataProtection-Keys' as key repository; keys will not be encrypted at rest.
LogRecord.Body:                    User profile is available. Using '{FullName}' as key repository; keys will not be encrypted at rest.
LogRecord.Attributes (Key:Value):
info: Microsoft.AspNetCore.DataProtection.KeyManagement.XmlKeyManager[62]
      User profile is available. Using '/Users/kevinmccreary/.aspnet/DataProtection-Keys' as key repository; keys will not be encrypted at rest.
    FullName: /Users/kevinmccreary/.aspnet/DataProtection-Keys
    OriginalFormat (a.k.a Body): User profile is available. Using '{FullName}' as key repository; keys will not be encrypted at rest.
LogRecord.EventId:                 62
LogRecord.EventName:               UsingProfileAsKeyRepository

Resource associated with LogRecord:
service.name: Appostolic.Api
service.instance.id: cfc7ce07-e6a4-4518-a7e3-7e4ff99e6a9f
telemetry.sdk.name: opentelemetry
telemetry.sdk.language: dotnet
telemetry.sdk.version: 1.9.0

info: Appostolic.Api.App.Notifications.AutoResendHostedService[0]
      AutoResend is disabled by configuration
LogRecord.Timestamp:               2025-09-20T11:49:06.5903990Z
LogRecord.CategoryName:            Appostolic.Api.App.Notifications.AutoResendHostedService
LogRecord.Severity:                Info
LogRecord.SeverityText:            Information
LogRecord.FormattedMessage:        AutoResend is disabled by configuration
LogRecord.Body:                    AutoResend is disabled by configuration
LogRecord.Attributes (Key:Value):
    OriginalFormat (a.k.a Body): AutoResend is disabled by configuration

Resource associated with LogRecord:
service.name: Appostolic.Api
service.instance.id: cfc7ce07-e6a4-4518-a7e3-7e4ff99e6a9f
telemetry.sdk.name: opentelemetry
telemetry.sdk.language: dotnet
telemetry.sdk.version: 1.9.0

LogRecord.Timestamp:               2025-09-20T11:49:07.4267500Z
LogRecord.TraceId:                 50b31794217d7bb540d25665c221f356
LogRecord.SpanId:                  01bf83dce7b76e8b
LogRecord.TraceFlags:              Recorded
LogRecord.CategoryName:            Appostolic.Api.Infrastructure.Auth.DevHeaderAuthHandler
LogRecord.Severity:                Info
LogRecord.SeverityText:            Information
LogRecord.FormattedMessage:        Dev was not authenticated. Failure message: Missing x-dev-user or x-tenant headers
LogRecord.Body:                    {AuthenticationScheme} was not authenticated. Failure message: {FailureMessage}
LogRecord.Attributes (Key:Value):
    AuthenticationScheme: Dev
    FailureMessage: Missing x-dev-user or x-tenant headers
    OriginalFormat (a.k.a Body): {AuthenticationScheme} was not authenticated. Failure message: {FailureMessage}
LogRecord.EventId:                 7
LogRecord.EventName:               AuthenticationSchemeNotAuthenticatedWithFailure

Resource associated with LogRecord:
service.name: Appostolic.Api
service.instance.id: cfc7ce07-e6a4-4518-a7e3-7e4ff99e6a9f
telemetry.sdk.name: opentelemetry
telemetry.sdk.language: dotnet
telemetry.sdk.version: 1.9.0

info: Appostolic.Api.Infrastructure.Auth.DevHeaderAuthHandler[7]
      Dev was not authenticated. Failure message: Missing x-dev-user or x-tenant headers
LogRecord.Timestamp:               2025-09-20T11:49:07.4318100Z
LogRecord.TraceId:                 50b31794217d7bb540d25665c221f356
LogRecord.SpanId:                  01bf83dce7b76e8b
LogRecord.TraceFlags:              Recorded
LogRecord.CategoryName:            Microsoft.AspNetCore.Http.Result.BadRequestObjectResult
LogRecord.Severity:                Info
LogRecord.SeverityText:            Information
LogRecord.FormattedMessage:        Setting HTTP status code 400.
LogRecord.Body:                    Setting HTTP status code {StatusCode}.
LogRecord.Attributes (Key:Value):
    StatusCode: 400
    OriginalFormat (a.k.a Body): Setting HTTP status code {StatusCode}.
LogRecord.EventId:                 1
LogRecord.EventName:               WritingResultAsStatusCode

Resource associated with LogRecord:
service.name: Appostolic.Api
service.instance.id: cfc7ce07-e6a4-4518-a7e3-7e4ff99e6a9f
telemetry.sdk.name: opentelemetry
telemetry.sdk.language: dotnet
telemetry.sdk.version: 1.9.0

LogRecord.Timestamp:               2025-09-20T11:49:07.4319420Z
LogRecord.TraceId:                 50b31794217d7bb540d25665c221f356
LogRecord.SpanId:                  01bf83dce7b76e8b
LogRecord.TraceFlags:              Recorded
LogRecord.CategoryName:            Microsoft.AspNetCore.Http.Result.BadRequestObjectResult
LogRecord.Severity:                Info
LogRecord.SeverityText:            Information
LogRecord.FormattedMessage:        Writing value of type '<>f__AnonymousType0`1' as Json.
LogRecord.Body:                    Writing value of type '{Type}' as Json.
LogRecord.Attributes (Key:Value):
    Type: <>f__AnonymousType0`1
    OriginalFormat (a.k.a Body): Writing value of type '{Type}' as Json.
LogRecord.EventId:                 3
LogRecord.EventName:               WritingResultAsJson

Resource associated with LogRecord:
service.name: Appostolic.Api
service.instance.id: cfc7ce07-e6a4-4518-a7e3-7e4ff99e6a9f
telemetry.sdk.name: opentelemetry
telemetry.sdk.language: dotnet
telemetry.sdk.version: 1.9.0

info: Microsoft.AspNetCore.Http.Result.BadRequestObjectResult[1]
      Setting HTTP status code 400.
info: Microsoft.AspNetCore.Http.Result.BadRequestObjectResult[3]
      Writing value of type '<>f__AnonymousType0`1' as Json.
Activity.TraceId:            50b31794217d7bb540d25665c221f356
Activity.SpanId:             01bf83dce7b76e8b
Activity.TraceFlags:         Recorded
Activity.ActivitySourceName: Microsoft.AspNetCore
Activity.DisplayName:        POST /api/auth/reset-password
Activity.Kind:               Server
Activity.StartTime:          2025-09-20T11:49:07.2496040Z
Activity.Duration:           00:00:00.2198640
Activity.Tags:
    server.address: localhost
    http.request.method: POST
    url.scheme: http
    url.path: /api/auth/reset-password
    network.protocol.version: 1.1
    http.route: /api/auth/reset-password
    http.response.status_code: 400
Resource associated with Activity:
    service.name: Appostolic.Api
    service.instance.id: cfc7ce07-e6a4-4518-a7e3-7e4ff99e6a9f
    telemetry.sdk.name: opentelemetry
    telemetry.sdk.language: dotnet
    telemetry.sdk.version: 1.9.0

LogRecord.Timestamp:               2025-09-20T11:49:09.2085300Z
LogRecord.TraceId:                 015aac4d7a5f3178d731c47a7b6045ff
LogRecord.SpanId:                  f9ae0fce286d28bc
LogRecord.TraceFlags:              Recorded
LogRecord.CategoryName:            Microsoft.AspNetCore.Http.Result.NoContentResult
LogRecord.Severity:                Info
LogRecord.SeverityText:            Information
LogRecord.FormattedMessage:        Setting HTTP status code 204.
LogRecord.Body:                    Setting HTTP status code {StatusCode}.
LogRecord.Attributes (Key:Value):
    StatusCode: 204
    OriginalFormat (a.k.a Body): Setting HTTP status code {StatusCode}.
LogRecord.EventId:                 1
LogRecord.EventName:               WritingResultAsStatusCode

Resource associated with LogRecord:
service.name: Appostolic.Api
service.instance.id: cfc7ce07-e6a4-4518-a7e3-7e4ff99e6a9f
telemetry.sdk.name: opentelemetry
telemetry.sdk.language: dotnet
telemetry.sdk.version: 1.9.0

info: Microsoft.AspNetCore.Http.Result.NoContentResult[1]
      Setting HTTP status code 204.
Activity.TraceId:            015aac4d7a5f3178d731c47a7b6045ff
Activity.SpanId:             f9ae0fce286d28bc
Activity.TraceFlags:         Recorded
Activity.ActivitySourceName: Microsoft.AspNetCore
Activity.DisplayName:        POST /api/auth/change-password
Activity.Kind:               Server
Activity.StartTime:          2025-09-20T11:49:08.0671810Z
Activity.Duration:           00:00:01.1519380
Activity.Tags:
    server.address: localhost
    http.request.method: POST
    url.scheme: http
    url.path: /api/auth/change-password
    network.protocol.version: 1.1
    tenant: kevin-personal
    user: kevin@example.com
    http.route: /api/auth/change-password
    http.response.status_code: 204
Resource associated with Activity:
    service.name: Appostolic.Api
    service.instance.id: cfc7ce07-e6a4-4518-a7e3-7e4ff99e6a9f
    telemetry.sdk.name: opentelemetry
    telemetry.sdk.language: dotnet
    telemetry.sdk.version: 1.9.0

LogRecord.Timestamp:               2025-09-20T11:49:09.2242640Z
LogRecord.TraceId:                 d69ac2b1d80d044cd537313d18e4b00e
LogRecord.SpanId:                  39daab0449a76cee
LogRecord.TraceFlags:              Recorded
LogRecord.CategoryName:            Appostolic.Api.Infrastructure.Auth.DevHeaderAuthHandler
LogRecord.Severity:                Info
LogRecord.SeverityText:            Information
LogRecord.FormattedMessage:        Dev was not authenticated. Failure message: Missing x-dev-user or x-tenant headers
LogRecord.Body:                    {AuthenticationScheme} was not authenticated. Failure message: {FailureMessage}
LogRecord.Attributes (Key:Value):
    AuthenticationScheme: Dev
    FailureMessage: Missing x-dev-user or x-tenant headers
    OriginalFormat (a.k.a Body): {AuthenticationScheme} was not authenticated. Failure message: {FailureMessage}
LogRecord.EventId:                 7
LogRecord.EventName:               AuthenticationSchemeNotAuthenticatedWithFailure

Resource associated with LogRecord:
service.name: Appostolic.Api
service.instance.id: cfc7ce07-e6a4-4518-a7e3-7e4ff99e6a9f
telemetry.sdk.name: opentelemetry
telemetry.sdk.language: dotnet
telemetry.sdk.version: 1.9.0

info: Appostolic.Api.Infrastructure.Auth.DevHeaderAuthHandler[7]
      Dev was not authenticated. Failure message: Missing x-dev-user or x-tenant headers
LogRecord.Timestamp:               2025-09-20T11:49:09.2632140Z
info: Microsoft.AspNetCore.Http.Result.AcceptedResult[1]
      Setting HTTP status code 202.
LogRecord.TraceId:                 d69ac2b1d80d044cd537313d18e4b00e
LogRecord.SpanId:                  39daab0449a76cee
LogRecord.TraceFlags:              Recorded
LogRecord.CategoryName:            Microsoft.AspNetCore.Http.Result.AcceptedResult
LogRecord.Severity:                Info
LogRecord.SeverityText:            Information
LogRecord.FormattedMessage:        Setting HTTP status code 202.
LogRecord.Body:                    Setting HTTP status code {StatusCode}.
LogRecord.Attributes (Key:Value):
    StatusCode: 202
    OriginalFormat (a.k.a Body): Setting HTTP status code {StatusCode}.
LogRecord.EventId:                 1
LogRecord.EventName:               WritingResultAsStatusCode

Resource associated with LogRecord:
service.name: Appostolic.Api
service.instance.id: cfc7ce07-e6a4-4518-a7e3-7e4ff99e6a9f
telemetry.sdk.name: opentelemetry
telemetry.sdk.language: dotnet
telemetry.sdk.version: 1.9.0

Activity.TraceId:            d69ac2b1d80d044cd537313d18e4b00e
Activity.SpanId:             39daab0449a76cee
Activity.TraceFlags:         Recorded
Activity.ActivitySourceName: Microsoft.AspNetCore
Activity.DisplayName:        POST /api/auth/forgot-password
Activity.Kind:               Server
Activity.StartTime:          2025-09-20T11:49:09.2219940Z
Activity.Duration:           00:00:00.0458310
Activity.Tags:
    server.address: localhost
    http.request.method: POST
    url.scheme: http
    url.path: /api/auth/forgot-password
    network.protocol.version: 1.1
    http.route: /api/auth/forgot-password
    http.response.status_code: 202
Resource associated with Activity:
    service.name: Appostolic.Api
    service.instance.id: cfc7ce07-e6a4-4518-a7e3-7e4ff99e6a9f
    telemetry.sdk.name: opentelemetry
    telemetry.sdk.language: dotnet
    telemetry.sdk.version: 1.9.0

LogRecord.Timestamp:               2025-09-20T11:49:09.2818240Z
LogRecord.TraceId:                 22d650fa886840df304cc84274074a93
LogRecord.SpanId:                  45efbb491c403a41
LogRecord.TraceFlags:              Recorded
LogRecord.CategoryName:            Appostolic.Api.Infrastructure.Auth.DevHeaderAuthHandler
LogRecord.Severity:                Info
LogRecord.SeverityText:            Information
LogRecord.FormattedMessage:        Dev was not authenticated. Failure message: Missing x-dev-user or x-tenant headers
LogRecord.Body:                    {AuthenticationScheme} was not authenticated. Failure message: {FailureMessage}
LogRecord.Attributes (Key:Value):
    AuthenticationScheme: Dev
    FailureMessage: Missing x-dev-user or x-tenant headers
    OriginalFormat (a.k.a Body): {AuthenticationScheme} was not authenticated. Failure message: {FailureMessage}
LogRecord.EventId:                 7
LogRecord.EventName:               AuthenticationSchemeNotAuthenticatedWithFailure

Resource associated with LogRecord:
service.name: Appostolic.Api
service.instance.id: cfc7ce07-e6a4-4518-a7e3-7e4ff99e6a9f
telemetry.sdk.name: opentelemetry
telemetry.sdk.language: dotnet
telemetry.sdk.version: 1.9.0

info: Appostolic.Api.Infrastructure.Auth.DevHeaderAuthHandler[7]
      Dev was not authenticated. Failure message: Missing x-dev-user or x-tenant headers
LogRecord.Timestamp:               2025-09-20T11:49:09.2844320Z
info: Microsoft.AspNetCore.Http.Result.AcceptedResult[1]
      Setting HTTP status code 202.
LogRecord.TraceId:                 22d650fa886840df304cc84274074a93
LogRecord.SpanId:                  45efbb491c403a41
LogRecord.TraceFlags:              Recorded
LogRecord.CategoryName:            Microsoft.AspNetCore.Http.Result.AcceptedResult
LogRecord.Severity:                Info
LogRecord.SeverityText:            Information
LogRecord.FormattedMessage:        Setting HTTP status code 202.
LogRecord.Body:                    Setting HTTP status code {StatusCode}.
LogRecord.Attributes (Key:Value):
    StatusCode: 202
    OriginalFormat (a.k.a Body): Setting HTTP status code {StatusCode}.
LogRecord.EventId:                 1
LogRecord.EventName:               WritingResultAsStatusCode

Resource associated with LogRecord:
service.name: Appostolic.Api
service.instance.id: cfc7ce07-e6a4-4518-a7e3-7e4ff99e6a9f
telemetry.sdk.name: opentelemetry
telemetry.sdk.language: dotnet
telemetry.sdk.version: 1.9.0

Activity.TraceId:            22d650fa886840df304cc84274074a93
Activity.SpanId:             45efbb491c403a41
Activity.TraceFlags:         Recorded
Activity.ActivitySourceName: Microsoft.AspNetCore
Activity.DisplayName:        POST /api/auth/forgot-password
Activity.Kind:               Server
Activity.StartTime:          2025-09-20T11:49:09.2814660Z
Activity.Duration:           00:00:00.0036600
Activity.Tags:
    server.address: localhost
    http.request.method: POST
    url.scheme: http
    url.path: /api/auth/forgot-password
    network.protocol.version: 1.1
    http.route: /api/auth/forgot-password
    http.response.status_code: 202
Resource associated with Activity:
    service.name: Appostolic.Api
    service.instance.id: cfc7ce07-e6a4-4518-a7e3-7e4ff99e6a9f
    telemetry.sdk.name: opentelemetry
    telemetry.sdk.language: dotnet
    telemetry.sdk.version: 1.9.0

info: Appostolic.Api.Infrastructure.Auth.DevHeaderAuthHandler[7]
      Dev was not authenticated. Failure message: Missing x-dev-user or x-tenant headers
LogRecord.Timestamp:               2025-09-20T11:49:09.2981400Z
LogRecord.TraceId:                 f2c8d39e2a26f6eff2cfa0d81c55c17e
LogRecord.SpanId:                  c3871cbc1c32bf4f
LogRecord.TraceFlags:              Recorded
LogRecord.CategoryName:            Appostolic.Api.Infrastructure.Auth.DevHeaderAuthHandler
LogRecord.Severity:                Info
LogRecord.SeverityText:            Information
LogRecord.FormattedMessage:        Dev was not authenticated. Failure message: Missing x-dev-user or x-tenant headers
LogRecord.Body:                    {AuthenticationScheme} was not authenticated. Failure message: {FailureMessage}
LogRecord.Attributes (Key:Value):
    AuthenticationScheme: Dev
    FailureMessage: Missing x-dev-user or x-tenant headers
    OriginalFormat (a.k.a Body): {AuthenticationScheme} was not authenticated. Failure message: {FailureMessage}
LogRecord.EventId:                 7
LogRecord.EventName:               AuthenticationSchemeNotAuthenticatedWithFailure

Resource associated with LogRecord:
service.name: Appostolic.Api
service.instance.id: cfc7ce07-e6a4-4518-a7e3-7e4ff99e6a9f
telemetry.sdk.name: opentelemetry
telemetry.sdk.language: dotnet
telemetry.sdk.version: 1.9.0

LogRecord.Timestamp:               2025-09-20T11:49:09.8615870Z
LogRecord.TraceId:                 f2c8d39e2a26f6eff2cfa0d81c55c17e
LogRecord.SpanId:                  c3871cbc1c32bf4f
LogRecord.TraceFlags:              Recorded
LogRecord.CategoryName:            Microsoft.AspNetCore.Http.Result.NoContentResult
LogRecord.Severity:                Info
LogRecord.SeverityText:            Information
LogRecord.FormattedMessage:        Setting HTTP status code 204.
LogRecord.Body:                    Setting HTTP status code {StatusCode}.
LogRecord.Attributes (Key:Value):
    StatusCode: 204
    OriginalFormat (a.k.a Body): Setting HTTP status code {StatusCode}.
LogRecord.EventId:                 1
LogRecord.EventName:               WritingResultAsStatusCode

Resource associated with LogRecord:
service.name: Appostolic.Api
service.instance.id: cfc7ce07-e6a4-4518-a7e3-7e4ff99e6a9f
telemetry.sdk.name: opentelemetry
telemetry.sdk.language: dotnet
telemetry.sdk.version: 1.9.0

Activity.TraceId:            f2c8d39e2a26f6eff2cfa0d81c55c17e
Activity.SpanId:             c3871cbc1c32bf4f
Activity.TraceFlags:         Recorded
Activity.ActivitySourceName: Microsoft.AspNetCore
Activity.DisplayName:        POST /api/auth/reset-password
Activity.Kind:               Server
Activity.StartTime:          2025-09-20T11:49:09.2975830Z
Activity.Duration:           00:00:00.5643100
Activity.Tags:
    server.address: localhost
    http.request.method: POST
    url.scheme: http
    url.path: /api/auth/reset-password
    network.protocol.version: 1.1
    http.route: /api/auth/reset-password
    http.response.status_code: 204
Resource associated with Activity:
    service.name: Appostolic.Api
    service.instance.id: cfc7ce07-e6a4-4518-a7e3-7e4ff99e6a9f
    telemetry.sdk.name: opentelemetry
    telemetry.sdk.language: dotnet
    telemetry.sdk.version: 1.9.0

info: Microsoft.AspNetCore.Http.Result.NoContentResult[1]
      Setting HTTP status code 204.
info: Microsoft.AspNetCore.Http.Result.UnauthorizedResult[1]
      Setting HTTP status code 401.
LogRecord.Timestamp:               2025-09-20T11:49:11.6332700Z
LogRecord.TraceId:                 55e2991ee79e807749d732e7ce97f55d
LogRecord.SpanId:                  21086cf372589dd8
LogRecord.TraceFlags:              Recorded
LogRecord.CategoryName:            Microsoft.AspNetCore.Http.Result.UnauthorizedResult
LogRecord.Severity:                Info
LogRecord.SeverityText:            Information
LogRecord.FormattedMessage:        Setting HTTP status code 401.
LogRecord.Body:                    Setting HTTP status code {StatusCode}.
LogRecord.Attributes (Key:Value):
    StatusCode: 401
    OriginalFormat (a.k.a Body): Setting HTTP status code {StatusCode}.
LogRecord.EventId:                 1
LogRecord.EventName:               WritingResultAsStatusCode

Resource associated with LogRecord:
service.name: Appostolic.Api
service.instance.id: cfc7ce07-e6a4-4518-a7e3-7e4ff99e6a9f
telemetry.sdk.name: opentelemetry
telemetry.sdk.language: dotnet
telemetry.sdk.version: 1.9.0

Activity.TraceId:            55e2991ee79e807749d732e7ce97f55d
Activity.SpanId:             21086cf372589dd8
Activity.TraceFlags:         Recorded
Activity.ActivitySourceName: Microsoft.AspNetCore
Activity.DisplayName:        POST /api/auth/change-password
Activity.Kind:               Server
Activity.StartTime:          2025-09-20T11:49:10.9501440Z
Activity.Duration:           00:00:00.6936900
Activity.Tags:
    server.address: localhost
    http.request.method: POST
    url.scheme: http
    url.path: /api/auth/change-password
    network.protocol.version: 1.1
    tenant: kevin-personal
    user: kevin@example.com
    http.route: /api/auth/change-password
    http.response.status_code: 401
Resource associated with Activity:
    service.name: Appostolic.Api
    service.instance.id: cfc7ce07-e6a4-4518-a7e3-7e4ff99e6a9f
    telemetry.sdk.name: opentelemetry
    telemetry.sdk.language: dotnet
    telemetry.sdk.version: 1.9.0

Resource associated with Metric:
    service.name: Appostolic.Api
    service.instance.id: cfc7ce07-e6a4-4518-a7e3-7e4ff99e6a9f
    telemetry.sdk.name: opentelemetry
    telemetry.sdk.language: dotnet
    telemetry.sdk.version: 1.9.0

Metric Name: process.runtime.dotnet.gc.collections.count, Number of garbage collections that have occurred since process start., Meter: OpenTelemetry.Instrumentation.Runtime/1.9.0
(2025-09-20T11:49:06.5884720Z, 2025-09-20T11:49:11.9939390Z] generation: gen2 LongSum
Value: 10
(2025-09-20T11:49:06.5884720Z, 2025-09-20T11:49:11.9939390Z] generation: gen1 LongSum
Value: 16
(2025-09-20T11:49:06.5884720Z, 2025-09-20T11:49:11.9939390Z] generation: gen0 LongSum
Value: 26

Metric Name: process.runtime.dotnet.gc.objects.size, Count of bytes currently in use by objects in the GC heap that haven't been collected yet. Fragmentation and other GC committed memory pools are excluded., Unit: bytes, Meter: OpenTelemetry.Instrumentation.Runtime/1.9.0
(2025-09-20T11:49:06.5884780Z, 2025-09-20T11:49:11.9939400Z] LongSumNonMonotonic
Value: 258435096

Metric Name: process.runtime.dotnet.gc.allocations.size, Count of bytes allocated on the managed GC heap since the process start. .NET objects are allocated from this heap. Object allocations from unmanaged languages such as C/C++ do not use this heap., Unit: bytes, Meter: OpenTelemetry.Instrumentation.Runtime/1.9.0
(2025-09-20T11:49:06.5884830Z, 2025-09-20T11:49:11.9939400Z] LongSum
Value: 1240700792

Metric Name: process.runtime.dotnet.gc.committed_memory.size, The amount of committed virtual memory for the managed GC heap, as observed during the latest garbage collection. Committed virtual memory may be larger than the heap size because it includes both memory for storing existing objects (the heap size) and some extra memory that is ready to handle newly allocated objects in the future. The value will be unavailable until at least one garbage collection has occurred., Unit: bytes, Meter: OpenTelemetry.Instrumentation.Runtime/1.9.0
(2025-09-20T11:49:06.5884860Z, 2025-09-20T11:49:11.9939400Z] LongSumNonMonotonic
Value: 199770112

Metric Name: process.runtime.dotnet.gc.heap.size, The heap size (including fragmentation), as observed during the latest garbage collection. The value will be unavailable until at least one garbage collection has occurred., Unit: bytes, Meter: OpenTelemetry.Instrumentation.Runtime/1.9.0
(2025-09-20T11:49:06.5884900Z, 2025-09-20T11:49:11.9939400Z] generation: gen0 LongSumNonMonotonic
Value: 3562008
(2025-09-20T11:49:06.5884900Z, 2025-09-20T11:49:11.9939400Z] generation: gen1 LongSumNonMonotonic
Value: 2984832
(2025-09-20T11:49:06.5884900Z, 2025-09-20T11:49:11.9939400Z] generation: gen2 LongSumNonMonotonic
Value: 70676976
(2025-09-20T11:49:06.5884900Z, 2025-09-20T11:49:11.9939400Z] generation: loh LongSumNonMonotonic
Value: 117210112
(2025-09-20T11:49:06.5884900Z, 2025-09-20T11:49:11.9939400Z] generation: poh LongSumNonMonotonic
Value: 262336

Metric Name: process.runtime.dotnet.gc.heap.fragmentation.size, The heap fragmentation, as observed during the latest garbage collection. The value will be unavailable until at least one garbage collection has occurred., Unit: bytes, Meter: OpenTelemetry.Instrumentation.Runtime/1.9.0
(2025-09-20T11:49:06.5884930Z, 2025-09-20T11:49:11.9939400Z] generation: gen0 LongSumNonMonotonic
Value: 3504808
(2025-09-20T11:49:06.5884930Z, 2025-09-20T11:49:11.9939400Z] generation: gen1 LongSumNonMonotonic
Value: 239728
(2025-09-20T11:49:06.5884930Z, 2025-09-20T11:49:11.9939400Z] generation: gen2 LongSumNonMonotonic
Value: 1298576
(2025-09-20T11:49:06.5884930Z, 2025-09-20T11:49:11.9939400Z] generation: loh LongSumNonMonotonic
Value: 5093200
(2025-09-20T11:49:06.5884930Z, 2025-09-20T11:49:11.9939400Z] generation: poh LongSumNonMonotonic
Value: 0

Metric Name: process.runtime.dotnet.gc.duration, The total amount of time paused in GC since the process start., Unit: ns, Meter: OpenTelemetry.Instrumentation.Runtime/1.9.0
(2025-09-20T11:49:06.5884970Z, 2025-09-20T11:49:11.9939410Z] LongSum
Value: 605111000

Metric Name: process.runtime.dotnet.jit.il_compiled.size, Count of bytes of intermediate language that have been compiled since the process start., Unit: bytes, Meter: OpenTelemetry.Instrumentation.Runtime/1.9.0
(2025-09-20T11:49:06.5885000Z, 2025-09-20T11:49:11.9939410Z] LongSum
Value: 3724636

Metric Name: process.runtime.dotnet.jit.methods_compiled.count, The number of times the JIT compiler compiled a method since the process start. The JIT compiler may be invoked multiple times for the same method to compile with different generic parameters, or because tiered compilation requested different optimization settings., Meter: OpenTelemetry.Instrumentation.Runtime/1.9.0
(2025-09-20T11:49:06.5885550Z, 2025-09-20T11:49:11.9939410Z] LongSum
Value: 45470

Metric Name: process.runtime.dotnet.jit.compilation_time, The amount of time the JIT compiler has spent compiling methods since the process start., Unit: ns, Meter: OpenTelemetry.Instrumentation.Runtime/1.9.0
(2025-09-20T11:49:06.5886720Z, 2025-09-20T11:49:11.9939410Z] LongSum
Value: 10007113900

Metric Name: process.runtime.dotnet.monitor.lock_contention.count, The number of times there was contention when trying to acquire a monitor lock since the process start. Monitor locks are commonly acquired by using the lock keyword in C#, or by calling Monitor.Enter() and Monitor.TryEnter()., Meter: OpenTelemetry.Instrumentation.Runtime/1.9.0
(2025-09-20T11:49:06.5887560Z, 2025-09-20T11:49:11.9939410Z] LongSum
Value: 176

Metric Name: process.runtime.dotnet.thread_pool.threads.count, The number of thread pool threads that currently exist., Meter: OpenTelemetry.Instrumentation.Runtime/1.9.0
(2025-09-20T11:49:06.5887650Z, 2025-09-20T11:49:11.9939410Z] LongSumNonMonotonic
Value: 14

Metric Name: process.runtime.dotnet.thread_pool.completed_items.count, The number of work items that have been processed by the thread pool since the process start., Meter: OpenTelemetry.Instrumentation.Runtime/1.9.0
(2025-09-20T11:49:06.5887710Z, 2025-09-20T11:49:11.9939410Z] LongSum
Value: 1955

Metric Name: process.runtime.dotnet.thread_pool.queue.length, The number of work items that are currently queued to be processed by the thread pool., Meter: OpenTelemetry.Instrumentation.Runtime/1.9.0
(2025-09-20T11:49:06.5888190Z, 2025-09-20T11:49:11.9939420Z] LongSumNonMonotonic
Value: 1

Metric Name: process.runtime.dotnet.timer.count, The number of timer instances that are currently active. Timers can be created by many sources such as System.Threading.Timer, Task.Delay, or the timeout in a CancellationSource. An active timer is registered to tick at some point in the future and has not yet been canceled., Meter: OpenTelemetry.Instrumentation.Runtime/1.9.0
(2025-09-20T11:49:06.5889200Z, 2025-09-20T11:49:11.9939420Z] LongSumNonMonotonic
Value: 7

Metric Name: process.runtime.dotnet.assemblies.count, The number of .NET assemblies that are currently loaded., Meter: OpenTelemetry.Instrumentation.Runtime/1.9.0
(2025-09-20T11:49:06.5889710Z, 2025-09-20T11:49:11.9939420Z] LongSumNonMonotonic
Value: 206

Metric Name: http.server.active_requests, Number of active HTTP server requests., Unit: {request}, Meter: Microsoft.AspNetCore.Hosting
(2025-09-20T11:49:06.5895180Z, 2025-09-20T11:49:11.9939450Z] http.request.method: POST url.scheme: http LongSumNonMonotonic
Value: 0

Metric Name: http.server.request.duration, Duration of HTTP server requests., Unit: s, Meter: Microsoft.AspNetCore.Hosting
(2025-09-20T11:49:06.5895490Z, 2025-09-20T11:49:11.9939460Z] http.request.method: POST http.response.status_code: 400 http.route: /api/auth/reset-password network.protocol.version: 1.1 url.scheme: http Histogram
Value: Sum: 0.2198637 Count: 1 Min: 0.2198637 Max: 0.2198637 
(-Infinity,0.005]:0
(0.005,0.01]:0
(0.01,0.025]:0
(0.025,0.05]:0
(0.05,0.075]:0
(0.075,0.1]:0
(0.1,0.25]:1
(0.25,0.5]:0
(0.5,0.75]:0
(0.75,1]:0
(1,2.5]:0
(2.5,5]:0
(5,7.5]:0
(7.5,10]:0
(10,+Infinity]:0

(2025-09-20T11:49:06.5895490Z, 2025-09-20T11:49:11.9939460Z] http.request.method: POST http.response.status_code: 204 http.route: /api/auth/change-password network.protocol.version: 1.1 url.scheme: http Histogram
Value: Sum: 1.1519015 Count: 1 Min: 1.1519015 Max: 1.1519015 
(-Infinity,0.005]:0
(0.005,0.01]:0
(0.01,0.025]:0
(0.025,0.05]:0
(0.05,0.075]:0
(0.075,0.1]:0
(0.1,0.25]:0
(0.25,0.5]:0
(0.5,0.75]:0
(0.75,1]:0
(1,2.5]:1
(2.5,5]:0
(5,7.5]:0
(7.5,10]:0
(10,+Infinity]:0

(2025-09-20T11:49:06.5895490Z, 2025-09-20T11:49:11.9939460Z] http.request.method: POST http.response.status_code: 202 http.route: /api/auth/forgot-password network.protocol.version: 1.1 url.scheme: http Histogram
Value: Sum: 0.049517 Count: 2 Min: 0.003692 Max: 0.045825 
(-Infinity,0.005]:1
(0.005,0.01]:0
(0.01,0.025]:0
(0.025,0.05]:1
(0.05,0.075]:0
(0.075,0.1]:0
(0.1,0.25]:0
(0.25,0.5]:0
(0.5,0.75]:0
(0.75,1]:0
(1,2.5]:0
(2.5,5]:0
(5,7.5]:0
(7.5,10]:0
(10,+Infinity]:0

(2025-09-20T11:49:06.5895490Z, 2025-09-20T11:49:11.9939460Z] http.request.method: POST http.response.status_code: 204 http.route: /api/auth/reset-password network.protocol.version: 1.1 url.scheme: http Histogram
Value: Sum: 0.5643182 Count: 1 Min: 0.5643182 Max: 0.5643182 
(-Infinity,0.005]:0
(0.005,0.01]:0
(0.01,0.025]:0
(0.025,0.05]:0
(0.05,0.075]:0
(0.075,0.1]:0
(0.1,0.25]:0
(0.25,0.5]:0
(0.5,0.75]:1
(0.75,1]:0
(1,2.5]:0
(2.5,5]:0
(5,7.5]:0
(7.5,10]:0
(10,+Infinity]:0

(2025-09-20T11:49:06.5895490Z, 2025-09-20T11:49:11.9939460Z] http.request.method: POST http.response.status_code: 401 http.route: /api/auth/change-password network.protocol.version: 1.1 url.scheme: http Histogram
Value: Sum: 0.6936405 Count: 1 Min: 0.6936405 Max: 0.6936405 
(-Infinity,0.005]:0
(0.005,0.01]:0
(0.01,0.025]:0
(0.025,0.05]:0
(0.05,0.075]:0
(0.075,0.1]:0
(0.1,0.25]:0
(0.25,0.5]:0
(0.5,0.75]:1
(0.75,1]:0
(1,2.5]:0
(2.5,5]:0
(5,7.5]:0
(7.5,10]:0
(10,+Infinity]:0


Metric Name: aspnetcore.routing.match_attempts, Number of requests that were attempted to be matched to an endpoint., Unit: {match_attempt}, Meter: Microsoft.AspNetCore.Routing
(2025-09-20T11:49:07.2286230Z, 2025-09-20T11:49:11.9939460Z] aspnetcore.routing.is_fallback: false aspnetcore.routing.match_status: success http.route: /api/auth/reset-password LongSum
Value: 2
(2025-09-20T11:49:07.2286230Z, 2025-09-20T11:49:11.9939460Z] aspnetcore.routing.is_fallback: false aspnetcore.routing.match_status: success http.route: /api/auth/change-password LongSum
Value: 2
(2025-09-20T11:49:07.2286230Z, 2025-09-20T11:49:11.9939460Z] aspnetcore.routing.is_fallback: false aspnetcore.routing.match_status: success http.route: /api/auth/forgot-password LongSum
Value: 2
[Startup] Warning: failed to ensure app.notification_dedupes exists: Relational-specific methods can only be used when the context is using a relational database provider.
info: Endpoints.V1[0]
      [MapV1Endpoints] Environment='Development' IsDevelopment=True
LogRecord.Timestamp:               2025-09-20T11:49:12.0733020Z
LogRecord.CategoryName:            Endpoints.V1
LogRecord.Severity:                Info
LogRecord.SeverityText:            Information
LogRecord.FormattedMessage:        [MapV1Endpoints] Environment='Development' IsDevelopment=True
LogRecord.Body:                    [MapV1Endpoints] Environment='{Env}' IsDevelopment={IsDev}
LogRecord.Attributes (Key:Value):
    Env: Development
    IsDev: true
    OriginalFormat (a.k.a Body): [MapV1Endpoints] Environment='{Env}' IsDevelopment={IsDev}

Resource associated with LogRecord:
service.name: Appostolic.Api
service.instance.id: cfc7ce07-e6a4-4518-a7e3-7e4ff99e6a9f
telemetry.sdk.name: opentelemetry
telemetry.sdk.language: dotnet
telemetry.sdk.version: 1.9.0

info: Microsoft.AspNetCore.DataProtection.KeyManagement.XmlKeyManager[62]
      User profile is available. Using '/Users/kevinmccreary/.aspnet/DataProtection-Keys' as key repository; keys will not be encrypted at rest.
LogRecord.Timestamp:               2025-09-20T11:49:12.0736930Z
LogRecord.CategoryName:            Microsoft.AspNetCore.DataProtection.KeyManagement.XmlKeyManager
LogRecord.Severity:                Info
LogRecord.SeverityText:            Information
LogRecord.FormattedMessage:        User profile is available. Using '/Users/kevinmccreary/.aspnet/DataProtection-Keys' as key repository; keys will not be encrypted at rest.
LogRecord.Body:                    User profile is available. Using '{FullName}' as key repository; keys will not be encrypted at rest.
LogRecord.Attributes (Key:Value):
    FullName: /Users/kevinmccreary/.aspnet/DataProtection-Keys
    OriginalFormat (a.k.a Body): User profile is available. Using '{FullName}' as key repository; keys will not be encrypted at rest.
LogRecord.EventId:                 62
LogRecord.EventName:               UsingProfileAsKeyRepository

Resource associated with LogRecord:
service.name: Appostolic.Api
service.instance.id: cfc7ce07-e6a4-4518-a7e3-7e4ff99e6a9f
telemetry.sdk.name: opentelemetry
telemetry.sdk.language: dotnet
telemetry.sdk.version: 1.9.0

LogRecord.Timestamp:               2025-09-20T11:49:12.0755730Z
LogRecord.CategoryName:            Appostolic.Api.App.Notifications.AutoResendHostedService
info: Appostolic.Api.App.Notifications.AutoResendHostedService[0]
      AutoResend is disabled by configuration
LogRecord.Severity:                Info
LogRecord.SeverityText:            Information
LogRecord.FormattedMessage:        AutoResend is disabled by configuration
LogRecord.Body:                    AutoResend is disabled by configuration
LogRecord.Attributes (Key:Value):
    OriginalFormat (a.k.a Body): AutoResend is disabled by configuration

Resource associated with LogRecord:
service.name: Appostolic.Api
service.instance.id: cfc7ce07-e6a4-4518-a7e3-7e4ff99e6a9f
telemetry.sdk.name: opentelemetry
telemetry.sdk.language: dotnet
telemetry.sdk.version: 1.9.0

LogRecord.Timestamp:               2025-09-20T11:49:12.1830740Z
info: UserProfile[0]
      Updated user profile
LogRecord.TraceId:                 39bb43d489e8381730fb8ce2109e947e
LogRecord.SpanId:                  6fc5a3aa0228d576
LogRecord.TraceFlags:              Recorded
LogRecord.CategoryName:            UserProfile
LogRecord.Severity:                Info
LogRecord.SeverityText:            Information
LogRecord.FormattedMessage:        Updated user profile
LogRecord.Body:                    Updated user profile
LogRecord.Attributes (Key:Value):
    OriginalFormat (a.k.a Body): Updated user profile

Resource associated with LogRecord:
service.name: Appostolic.Api
service.instance.id: cfc7ce07-e6a4-4518-a7e3-7e4ff99e6a9f
telemetry.sdk.name: opentelemetry
telemetry.sdk.language: dotnet
telemetry.sdk.version: 1.9.0

info: Microsoft.AspNetCore.Http.Result.OkObjectResult[1]
      Setting HTTP status code 200.
LogRecord.Timestamp:               2025-09-20T11:49:12.1839610Z
LogRecord.TraceId:                 39bb43d489e8381730fb8ce2109e947e
LogRecord.SpanId:                  6fc5a3aa0228d576
LogRecord.TraceFlags:              Recorded
LogRecord.CategoryName:            Microsoft.AspNetCore.Http.Result.OkObjectResult
LogRecord.Severity:                Info
LogRecord.SeverityText:            Information
LogRecord.FormattedMessage:        Setting HTTP status code 200.
LogRecord.Body:                    Setting HTTP status code {StatusCode}.
LogRecord.Attributes (Key:Value):
    StatusCode: 200
    OriginalFormat (a.k.a Body): Setting HTTP status code {StatusCode}.
LogRecord.EventId:                 1
LogRecord.EventName:               WritingResultAsStatusCode

Resource associated with LogRecord:
service.name: Appostolic.Api
service.instance.id: cfc7ce07-e6a4-4518-a7e3-7e4ff99e6a9f
telemetry.sdk.name: opentelemetry
telemetry.sdk.language: dotnet
telemetry.sdk.version: 1.9.0

info: Microsoft.AspNetCore.Http.Result.OkObjectResult[3]
      Writing value of type '<>f__AnonymousType18`3' as Json.
LogRecord.Timestamp:               2025-09-20T11:49:12.1842990Z
LogRecord.TraceId:                 39bb43d489e8381730fb8ce2109e947e
LogRecord.SpanId:                  6fc5a3aa0228d576
LogRecord.TraceFlags:              Recorded
LogRecord.CategoryName:            Microsoft.AspNetCore.Http.Result.OkObjectResult
LogRecord.Severity:                Info
LogRecord.SeverityText:            Information
LogRecord.FormattedMessage:        Writing value of type '<>f__AnonymousType18`3' as Json.
LogRecord.Body:                    Writing value of type '{Type}' as Json.
LogRecord.Attributes (Key:Value):
    Type: <>f__AnonymousType18`3
    OriginalFormat (a.k.a Body): Writing value of type '{Type}' as Json.
LogRecord.EventId:                 3
LogRecord.EventName:               WritingResultAsJson

Resource associated with LogRecord:
service.name: Appostolic.Api
service.instance.id: cfc7ce07-e6a4-4518-a7e3-7e4ff99e6a9f
telemetry.sdk.name: opentelemetry
telemetry.sdk.language: dotnet
telemetry.sdk.version: 1.9.0

Activity.TraceId:            39bb43d489e8381730fb8ce2109e947e
Activity.SpanId:             6fc5a3aa0228d576
Activity.TraceFlags:         Recorded
Activity.ActivitySourceName: Microsoft.AspNetCore
Activity.DisplayName:        PUT /api/users/me
Activity.Kind:               Server
Activity.StartTime:          2025-09-20T11:49:12.1197830Z
Activity.Duration:           00:00:00.0702520
Activity.Tags:
    server.address: localhost
    http.request.method: PUT
    url.scheme: http
    url.path: /api/users/me
    network.protocol.version: 1.1
    tenant: kevin-personal
    user: kevin@example.com
    http.route: /api/users/me
    http.response.status_code: 200
Resource associated with Activity:
    service.name: Appostolic.Api
    service.instance.id: cfc7ce07-e6a4-4518-a7e3-7e4ff99e6a9f
    telemetry.sdk.name: opentelemetry
    telemetry.sdk.language: dotnet
    telemetry.sdk.version: 1.9.0

LogRecord.Timestamp:               2025-09-20T11:49:12.1941240Z
LogRecord.TraceId:                 b2f2838d1c4872816c1a190072cd9c55
LogRecord.SpanId:                  68676cf409cc34ab
LogRecord.TraceFlags:              Recorded
LogRecord.CategoryName:            UserProfile
info: UserProfile[0]
      Updated user profile
LogRecord.Severity:                Info
LogRecord.SeverityText:            Information
LogRecord.FormattedMessage:        Updated user profile
LogRecord.Body:                    Updated user profile
LogRecord.Attributes (Key:Value):
    OriginalFormat (a.k.a Body): Updated user profile

Resource associated with LogRecord:
service.name: Appostolic.Api
service.instance.id: cfc7ce07-e6a4-4518-a7e3-7e4ff99e6a9f
telemetry.sdk.name: opentelemetry
telemetry.sdk.language: dotnet
telemetry.sdk.version: 1.9.0

LogRecord.Timestamp:               2025-09-20T11:49:12.1942880Z
LogRecord.TraceId:                 b2f2838d1c4872816c1a190072cd9c55
LogRecord.SpanId:                  68676cf409cc34ab
LogRecord.TraceFlags:              Recorded
LogRecord.CategoryName:            Microsoft.AspNetCore.Http.Result.OkObjectResult
LogRecord.Severity:                Info
LogRecord.SeverityText:            Information
LogRecord.FormattedMessage:        Setting HTTP status code 200.
LogRecord.Body:                    Setting HTTP status code {StatusCode}.
LogRecord.Attributes (Key:Value):
    StatusCode: 200
info: Microsoft.AspNetCore.Http.Result.OkObjectResult[1]
      Setting HTTP status code 200.
    OriginalFormat (a.k.a Body): Setting HTTP status code {StatusCode}.
LogRecord.EventId:                 1
LogRecord.EventName:               WritingResultAsStatusCode

Resource associated with LogRecord:
service.name: Appostolic.Api
service.instance.id: cfc7ce07-e6a4-4518-a7e3-7e4ff99e6a9f
telemetry.sdk.name: opentelemetry
telemetry.sdk.language: dotnet
telemetry.sdk.version: 1.9.0

info: Microsoft.AspNetCore.Http.Result.OkObjectResult[3]
      Writing value of type '<>f__AnonymousType18`3' as Json.
LogRecord.Timestamp:               2025-09-20T11:49:12.1943850Z
LogRecord.TraceId:                 b2f2838d1c4872816c1a190072cd9c55
LogRecord.SpanId:                  68676cf409cc34ab
LogRecord.TraceFlags:              Recorded
LogRecord.CategoryName:            Microsoft.AspNetCore.Http.Result.OkObjectResult
LogRecord.Severity:                Info
LogRecord.SeverityText:            Information
LogRecord.FormattedMessage:        Writing value of type '<>f__AnonymousType18`3' as Json.
LogRecord.Body:                    Writing value of type '{Type}' as Json.
LogRecord.Attributes (Key:Value):
    Type: <>f__AnonymousType18`3
    OriginalFormat (a.k.a Body): Writing value of type '{Type}' as Json.
LogRecord.EventId:                 3
LogRecord.EventName:               WritingResultAsJson

Resource associated with LogRecord:
service.name: Appostolic.Api
service.instance.id: cfc7ce07-e6a4-4518-a7e3-7e4ff99e6a9f
telemetry.sdk.name: opentelemetry
telemetry.sdk.language: dotnet
telemetry.sdk.version: 1.9.0

Activity.TraceId:            b2f2838d1c4872816c1a190072cd9c55
Activity.SpanId:             68676cf409cc34ab
Activity.TraceFlags:         Recorded
Activity.ActivitySourceName: Microsoft.AspNetCore
Activity.DisplayName:        PUT /api/users/me
Activity.Kind:               Server
Activity.StartTime:          2025-09-20T11:49:12.1923120Z
Activity.Duration:           00:00:00.0022350
Activity.Tags:
    server.address: localhost
    http.request.method: PUT
    url.scheme: http
    url.path: /api/users/me
    network.protocol.version: 1.1
    tenant: kevin-personal
    user: kevin@example.com
    http.route: /api/users/me
    http.response.status_code: 200
Resource associated with Activity:
    service.name: Appostolic.Api
    service.instance.id: cfc7ce07-e6a4-4518-a7e3-7e4ff99e6a9f
    telemetry.sdk.name: opentelemetry
    telemetry.sdk.language: dotnet
    telemetry.sdk.version: 1.9.0

LogRecord.Timestamp:               2025-09-20T11:49:12.2058460Z
LogRecord.TraceId:                 c50acbe0fbba9443c23b2b20e8f21aa7
LogRecord.SpanId:                  a85725f10efe8b8d
LogRecord.TraceFlags:              Recorded
LogRecord.CategoryName:            Microsoft.AspNetCore.Http.Result.OkObjectResult
LogRecord.Severity:                Info
LogRecord.SeverityText:            Information
LogRecord.FormattedMessage:        Setting HTTP status code 200.
LogRecord.Body:                    Setting HTTP status code {StatusCode}.
LogRecord.Attributes (Key:Value):
    StatusCode: 200
    OriginalFormat (a.k.a Body): Setting HTTP status code {StatusCode}.
LogRecord.EventId:                 1
LogRecord.EventName:               WritingResultAsStatusCode

Resource associated with LogRecord:
info: Microsoft.AspNetCore.Http.Result.OkObjectResult[1]
      Setting HTTP status code 200.
service.name: Appostolic.Api
service.instance.id: cfc7ce07-e6a4-4518-a7e3-7e4ff99e6a9f
telemetry.sdk.name: opentelemetry
telemetry.sdk.language: dotnet
telemetry.sdk.version: 1.9.0

LogRecord.Timestamp:               2025-09-20T11:49:12.2059340Z
LogRecord.TraceId:                 c50acbe0fbba9443c23b2b20e8f21aa7
LogRecord.SpanId:                  a85725f10efe8b8d
LogRecord.TraceFlags:              Recorded
LogRecord.CategoryName:            Microsoft.AspNetCore.Http.Result.OkObjectResult
LogRecord.Severity:                Info
LogRecord.SeverityText:            Information
LogRecord.FormattedMessage:        Writing value of type '<>f__AnonymousType18`3' as Json.
LogRecord.Body:                    Writing value of type '{Type}' as Json.
LogRecord.Attributes (Key:Value):
    Type: <>f__AnonymousType18`3
    OriginalFormat (a.k.a Body): Writing value of type '{Type}' as Json.
LogRecord.EventId:                 3
LogRecord.EventName:               WritingResultAsJson

Resource associated with LogRecord:
service.name: Appostolic.Api
service.instance.id: cfc7ce07-e6a4-4518-a7e3-7e4ff99e6a9f
telemetry.sdk.name: opentelemetry
telemetry.sdk.language: dotnet
telemetry.sdk.version: 1.9.0

info: Microsoft.AspNetCore.Http.Result.OkObjectResult[3]
      Writing value of type '<>f__AnonymousType18`3' as Json.
Activity.TraceId:            c50acbe0fbba9443c23b2b20e8f21aa7
Activity.SpanId:             a85725f10efe8b8d
Activity.TraceFlags:         Recorded
Activity.ActivitySourceName: Microsoft.AspNetCore
Activity.DisplayName:        GET /api/users/me
Activity.Kind:               Server
Activity.StartTime:          2025-09-20T11:49:12.2002420Z
Activity.Duration:           00:00:00.0060340
Activity.Tags:
    server.address: localhost
    http.request.method: GET
    url.scheme: http
    url.path: /api/users/me
    network.protocol.version: 1.1
    tenant: kevin-personal
    user: kevin@example.com
    http.route: /api/users/me
    http.response.status_code: 200
Resource associated with Activity:
    service.name: Appostolic.Api
    service.instance.id: cfc7ce07-e6a4-4518-a7e3-7e4ff99e6a9f
    telemetry.sdk.name: opentelemetry
    telemetry.sdk.language: dotnet
    telemetry.sdk.version: 1.9.0

LogRecord.Timestamp:               2025-09-20T11:49:12.2099580Z
LogRecord.TraceId:                 9b8d81a337b2480d7516a8b7a2efde55
info: Microsoft.AspNetCore.Http.Result.BadRequestObjectResult[1]
      Setting HTTP status code 400.
LogRecord.SpanId:                  92a0e7cad83919e1
LogRecord.TraceFlags:              Recorded
LogRecord.CategoryName:            Microsoft.AspNetCore.Http.Result.BadRequestObjectResult
LogRecord.Severity:                Info
LogRecord.SeverityText:            Information
LogRecord.FormattedMessage:        Setting HTTP status code 400.
LogRecord.Body:                    Setting HTTP status code {StatusCode}.
LogRecord.Attributes (Key:Value):
    StatusCode: 400
    OriginalFormat (a.k.a Body): Setting HTTP status code {StatusCode}.
LogRecord.EventId:                 1
LogRecord.EventName:               WritingResultAsStatusCode

Resource associated with LogRecord:
service.name: Appostolic.Api
service.instance.id: cfc7ce07-e6a4-4518-a7e3-7e4ff99e6a9f
telemetry.sdk.name: opentelemetry
telemetry.sdk.language: dotnet
telemetry.sdk.version: 1.9.0

LogRecord.Timestamp:               2025-09-20T11:49:12.2101000Z
LogRecord.TraceId:                 9b8d81a337b2480d7516a8b7a2efde55
LogRecord.SpanId:                  92a0e7cad83919e1
LogRecord.TraceFlags:              Recorded
LogRecord.CategoryName:            Microsoft.AspNetCore.Http.Result.BadRequestObjectResult
LogRecord.Severity:                Info
LogRecord.SeverityText:            Information
LogRecord.FormattedMessage:        Writing value of type '<>f__AnonymousType0`1' as Json.
LogRecord.Body:                    Writing value of type '{Type}' as Json.
LogRecord.Attributes (Key:Value):
info: Microsoft.AspNetCore.Http.Result.BadRequestObjectResult[3]
      Writing value of type '<>f__AnonymousType0`1' as Json.
    Type: <>f__AnonymousType0`1
    OriginalFormat (a.k.a Body): Writing value of type '{Type}' as Json.
LogRecord.EventId:                 3
LogRecord.EventName:               WritingResultAsJson

Resource associated with LogRecord:
service.name: Appostolic.Api
service.instance.id: cfc7ce07-e6a4-4518-a7e3-7e4ff99e6a9f
telemetry.sdk.name: opentelemetry
telemetry.sdk.language: dotnet
telemetry.sdk.version: 1.9.0

Activity.TraceId:            9b8d81a337b2480d7516a8b7a2efde55
Activity.SpanId:             92a0e7cad83919e1
Activity.TraceFlags:         Recorded
Activity.ActivitySourceName: Microsoft.AspNetCore
Activity.DisplayName:        PUT /api/users/me
Activity.Kind:               Server
Activity.StartTime:          2025-09-20T11:49:12.2094830Z
Activity.Duration:           00:00:00.0012570
Activity.Tags:
    server.address: localhost
    http.request.method: PUT
    url.scheme: http
    url.path: /api/users/me
    network.protocol.version: 1.1
    tenant: kevin-personal
    user: kevin@example.com
    http.route: /api/users/me
    http.response.status_code: 400
Resource associated with Activity:
    service.name: Appostolic.Api
    service.instance.id: cfc7ce07-e6a4-4518-a7e3-7e4ff99e6a9f
    telemetry.sdk.name: opentelemetry
    telemetry.sdk.language: dotnet
    telemetry.sdk.version: 1.9.0

Resource associated with Metric:
    service.name: Appostolic.Api
    service.instance.id: cfc7ce07-e6a4-4518-a7e3-7e4ff99e6a9f
    telemetry.sdk.name: opentelemetry
    telemetry.sdk.language: dotnet
    telemetry.sdk.version: 1.9.0

Metric Name: process.runtime.dotnet.gc.collections.count, Number of garbage collections that have occurred since process start., Meter: OpenTelemetry.Instrumentation.Runtime/1.9.0
(2025-09-20T11:49:12.0742460Z, 2025-09-20T11:49:12.2120220Z] generation: gen2 LongSum
Value: 10
(2025-09-20T11:49:12.0742460Z, 2025-09-20T11:49:12.2120220Z] generation: gen1 LongSum
Value: 16
(2025-09-20T11:49:12.0742460Z, 2025-09-20T11:49:12.2120220Z] generation: gen0 LongSum
Value: 27

Metric Name: process.runtime.dotnet.gc.objects.size, Count of bytes currently in use by objects in the GC heap that haven't been collected yet. Fragmentation and other GC committed memory pools are excluded., Unit: bytes, Meter: OpenTelemetry.Instrumentation.Runtime/1.9.0
(2025-09-20T11:49:12.0742530Z, 2025-09-20T11:49:12.2120230Z] LongSumNonMonotonic
Value: 269893120

Metric Name: process.runtime.dotnet.gc.allocations.size, Count of bytes allocated on the managed GC heap since the process start. .NET objects are allocated from this heap. Object allocations from unmanaged languages such as C/C++ do not use this heap., Unit: bytes, Meter: OpenTelemetry.Instrumentation.Runtime/1.9.0
(2025-09-20T11:49:12.0742860Z, 2025-09-20T11:49:12.2120230Z] LongSum
Value: 1255329104

Metric Name: process.runtime.dotnet.gc.committed_memory.size, The amount of committed virtual memory for the managed GC heap, as observed during the latest garbage collection. Committed virtual memory may be larger than the heap size because it includes both memory for storing existing objects (the heap size) and some extra memory that is ready to handle newly allocated objects in the future. The value will be unavailable until at least one garbage collection has occurred., Unit: bytes, Meter: OpenTelemetry.Instrumentation.Runtime/1.9.0
(2025-09-20T11:49:12.0743170Z, 2025-09-20T11:49:12.2120230Z] LongSumNonMonotonic
Value: 201277440

Metric Name: process.runtime.dotnet.gc.heap.size, The heap size (including fragmentation), as observed during the latest garbage collection. The value will be unavailable until at least one garbage collection has occurred., Unit: bytes, Meter: OpenTelemetry.Instrumentation.Runtime/1.9.0
(2025-09-20T11:49:12.0743510Z, 2025-09-20T11:49:12.2120240Z] generation: gen0 LongSumNonMonotonic
Value: 5613480
(2025-09-20T11:49:12.0743510Z, 2025-09-20T11:49:12.2120240Z] generation: gen1 LongSumNonMonotonic
Value: 5020864
(2025-09-20T11:49:12.0743510Z, 2025-09-20T11:49:12.2120240Z] generation: gen2 LongSumNonMonotonic
Value: 70676976
(2025-09-20T11:49:12.0743510Z, 2025-09-20T11:49:12.2120240Z] generation: loh LongSumNonMonotonic
Value: 119084712
(2025-09-20T11:49:12.0743510Z, 2025-09-20T11:49:12.2120240Z] generation: poh LongSumNonMonotonic
Value: 262336

Metric Name: process.runtime.dotnet.gc.heap.fragmentation.size, The heap fragmentation, as observed during the latest garbage collection. The value will be unavailable until at least one garbage collection has occurred., Unit: bytes, Meter: OpenTelemetry.Instrumentation.Runtime/1.9.0
(2025-09-20T11:49:12.0743770Z, 2025-09-20T11:49:12.2120240Z] generation: gen0 LongSumNonMonotonic
Value: 5613032
(2025-09-20T11:49:12.0743770Z, 2025-09-20T11:49:12.2120240Z] generation: gen1 LongSumNonMonotonic
Value: 125216
(2025-09-20T11:49:12.0743770Z, 2025-09-20T11:49:12.2120240Z] generation: gen2 LongSumNonMonotonic
Value: 1298576
(2025-09-20T11:49:12.0743770Z, 2025-09-20T11:49:12.2120240Z] generation: loh LongSumNonMonotonic
Value: 2079160
(2025-09-20T11:49:12.0743770Z, 2025-09-20T11:49:12.2120240Z] generation: poh LongSumNonMonotonic
Value: 0

Metric Name: process.runtime.dotnet.gc.duration, The total amount of time paused in GC since the process start., Unit: ns, Meter: OpenTelemetry.Instrumentation.Runtime/1.9.0
(2025-09-20T11:49:12.0743970Z, 2025-09-20T11:49:12.2120240Z] LongSum
Value: 609729000

Metric Name: process.runtime.dotnet.jit.il_compiled.size, Count of bytes of intermediate language that have been compiled since the process start., Unit: bytes, Meter: OpenTelemetry.Instrumentation.Runtime/1.9.0
(2025-09-20T11:49:12.0744200Z, 2025-09-20T11:49:12.2120240Z] LongSum
Value: 3775815

Metric Name: process.runtime.dotnet.jit.methods_compiled.count, The number of times the JIT compiler compiled a method since the process start. The JIT compiler may be invoked multiple times for the same method to compile with different generic parameters, or because tiered compilation requested different optimization settings., Meter: OpenTelemetry.Instrumentation.Runtime/1.9.0
(2025-09-20T11:49:12.0744490Z, 2025-09-20T11:49:12.2120240Z] LongSum
Value: 46022

Metric Name: process.runtime.dotnet.jit.compilation_time, The amount of time the JIT compiler has spent compiling methods since the process start., Unit: ns, Meter: OpenTelemetry.Instrumentation.Runtime/1.9.0
(2025-09-20T11:49:12.0744920Z, 2025-09-20T11:49:12.2120250Z] LongSum
Value: 10188226800

Metric Name: process.runtime.dotnet.monitor.lock_contention.count, The number of times there was contention when trying to acquire a monitor lock since the process start. Monitor locks are commonly acquired by using the lock keyword in C#, or by calling Monitor.Enter() and Monitor.TryEnter()., Meter: OpenTelemetry.Instrumentation.Runtime/1.9.0
(2025-09-20T11:49:12.0745270Z, 2025-09-20T11:49:12.2120250Z] LongSum
Value: 185

Metric Name: process.runtime.dotnet.thread_pool.threads.count, The number of thread pool threads that currently exist., Meter: OpenTelemetry.Instrumentation.Runtime/1.9.0
(2025-09-20T11:49:12.0745570Z, 2025-09-20T11:49:12.2120250Z] LongSumNonMonotonic
Value: 14

Metric Name: process.runtime.dotnet.thread_pool.completed_items.count, The number of work items that have been processed by the thread pool since the process start., Meter: OpenTelemetry.Instrumentation.Runtime/1.9.0
(2025-09-20T11:49:12.0745890Z, 2025-09-20T11:49:12.2120250Z] LongSum
Value: 1982

Metric Name: process.runtime.dotnet.thread_pool.queue.length, The number of work items that are currently queued to be processed by the thread pool., Meter: OpenTelemetry.Instrumentation.Runtime/1.9.0
(2025-09-20T11:49:12.0746220Z, 2025-09-20T11:49:12.2120260Z] LongSumNonMonotonic
Value: 1

Metric Name: process.runtime.dotnet.timer.count, The number of timer instances that are currently active. Timers can be created by many sources such as System.Threading.Timer, Task.Delay, or the timeout in a CancellationSource. An active timer is registered to tick at some point in the future and has not yet been canceled., Meter: OpenTelemetry.Instrumentation.Runtime/1.9.0
(2025-09-20T11:49:12.0746670Z, 2025-09-20T11:49:12.2120260Z] LongSumNonMonotonic
Value: 7

Metric Name: process.runtime.dotnet.assemblies.count, The number of .NET assemblies that are currently loaded., Meter: OpenTelemetry.Instrumentation.Runtime/1.9.0
(2025-09-20T11:49:12.0747000Z, 2025-09-20T11:49:12.2120260Z] LongSumNonMonotonic
Value: 206

Metric Name: http.server.active_requests, Number of active HTTP server requests., Unit: {request}, Meter: Microsoft.AspNetCore.Hosting
(2025-09-20T11:49:12.0748800Z, 2025-09-20T11:49:12.2120330Z] http.request.method: PUT url.scheme: http LongSumNonMonotonic
Value: 0
(2025-09-20T11:49:12.0748800Z, 2025-09-20T11:49:12.2120330Z] http.request.method: GET url.scheme: http LongSumNonMonotonic
Value: 0

Metric Name: http.server.request.duration, Duration of HTTP server requests., Unit: s, Meter: Microsoft.AspNetCore.Hosting
(2025-09-20T11:49:12.0748830Z, 2025-09-20T11:49:12.2120340Z] http.request.method: PUT http.response.status_code: 200 http.route: /api/users/me network.protocol.version: 1.1 url.scheme: http Histogram
Value: Sum: 0.0724915 Count: 2 Min: 0.0022268 Max: 0.0702647 
(-Infinity,0.005]:1
(0.005,0.01]:0
(0.01,0.025]:0
(0.025,0.05]:0
(0.05,0.075]:1
(0.075,0.1]:0
(0.1,0.25]:0
(0.25,0.5]:0
(0.5,0.75]:0
(0.75,1]:0
(1,2.5]:0
(2.5,5]:0
(5,7.5]:0
(7.5,10]:0
(10,+Infinity]:0

(2025-09-20T11:49:12.0748830Z, 2025-09-20T11:49:12.2120340Z] http.request.method: GET http.response.status_code: 200 http.route: /api/users/me network.protocol.version: 1.1 url.scheme: http Histogram
Value: Sum: 0.0060355 Count: 1 Min: 0.0060355 Max: 0.0060355 
(-Infinity,0.005]:0
(0.005,0.01]:1
(0.01,0.025]:0
(0.025,0.05]:0
(0.05,0.075]:0
(0.075,0.1]:0
(0.1,0.25]:0
(0.25,0.5]:0
(0.5,0.75]:0
(0.75,1]:0
(1,2.5]:0
(2.5,5]:0
(5,7.5]:0
(7.5,10]:0
(10,+Infinity]:0

(2025-09-20T11:49:12.0748830Z, 2025-09-20T11:49:12.2120340Z] http.request.method: PUT http.response.status_code: 400 http.route: /api/users/me network.protocol.version: 1.1 url.scheme: http Histogram
Value: Sum: 0.0012593 Count: 1 Min: 0.0012593 Max: 0.0012593 
(-Infinity,0.005]:1
(0.005,0.01]:0
(0.01,0.025]:0
(0.025,0.05]:0
(0.05,0.075]:0
(0.075,0.1]:0
(0.1,0.25]:0
(0.25,0.5]:0
(0.5,0.75]:0
(0.75,1]:0
(1,2.5]:0
(2.5,5]:0
(5,7.5]:0
(7.5,10]:0
(10,+Infinity]:0


Metric Name: aspnetcore.routing.match_attempts, Number of requests that were attempted to be matched to an endpoint., Unit: {match_attempt}, Meter: Microsoft.AspNetCore.Routing
(2025-09-20T11:49:12.1171020Z, 2025-09-20T11:49:12.2120350Z] aspnetcore.routing.is_fallback: false aspnetcore.routing.match_status: success http.route: /api/users/me LongSum
Value: 4
[Startup] Warning: failed to ensure app.notification_dedupes exists: Relational-specific methods can only be used when the context is using a relational database provider.
LogRecord.Timestamp:               2025-09-20T11:49:12.3498530Z
LogRecord.CategoryName:            Endpoints.V1
LogRecord.Severity:                Info
LogRecord.SeverityText:            Information
LogRecord.FormattedMessage:        [MapV1Endpoints] Environment='Development' IsDevelopment=True
LogRecord.Body:                    [MapV1Endpoints] Environment='{Env}' IsDevelopment={IsDev}
LogRecord.Attributes (Key:Value):
    Env: Development
    IsDev: true
    OriginalFormat (a.k.a Body): [MapV1Endpoints] Environment='{Env}' IsDevelopment={IsDev}

Resource associated with LogRecord:
service.name: Appostolic.Api
service.instance.id: cfc7ce07-e6a4-4518-a7e3-7e4ff99e6a9f
telemetry.sdk.name: opentelemetry
telemetry.sdk.language: dotnet
telemetry.sdk.version: 1.9.0

info: Endpoints.V1[0]
      [MapV1Endpoints] Environment='Development' IsDevelopment=True
LogRecord.Timestamp:               2025-09-20T11:49:12.3505010Z
LogRecord.CategoryName:            Microsoft.AspNetCore.DataProtection.KeyManagement.XmlKeyManager
LogRecord.Severity:                Info
LogRecord.SeverityText:            Information
LogRecord.FormattedMessage:        User profile is available. Using '/Users/kevinmccreary/.aspnet/DataProtection-Keys' as key repository; keys will not be encrypted at rest.
LogRecord.Body:                    User profile is available. Using '{FullName}' as key repository; keys will not be encrypted at rest.
LogRecord.Attributes (Key:Value):
    FullName: /Users/kevinmccreary/.aspnet/DataProtection-Keys
    OriginalFormat (a.k.a Body): User profile is available. Using '{FullName}' as key repository; keys will not be encrypted at rest.
LogRecord.EventId:                 62
LogRecord.EventName:               UsingProfileAsKeyRepository

Resource associated with LogRecord:
service.name: Appostolic.Api
service.instance.id: cfc7ce07-e6a4-4518-a7e3-7e4ff99e6a9f
telemetry.sdk.name: opentelemetry
telemetry.sdk.language: dotnet
telemetry.sdk.version: 1.9.0

info: Microsoft.AspNetCore.DataProtection.KeyManagement.XmlKeyManager[62]
      User profile is available. Using '/Users/kevinmccreary/.aspnet/DataProtection-Keys' as key repository; keys will not be encrypted at rest.
LogRecord.Timestamp:               2025-09-20T11:49:12.3530750Z
LogRecord.CategoryName:            Appostolic.Api.App.Notifications.AutoResendHostedService
LogRecord.Severity:                Info
LogRecord.SeverityText:            Information
LogRecord.FormattedMessage:        AutoResend is disabled by configuration
LogRecord.Body:                    AutoResend is disabled by configuration
LogRecord.Attributes (Key:Value):
info: Appostolic.Api.App.Notifications.AutoResendHostedService[0]
      AutoResend is disabled by configuration
    OriginalFormat (a.k.a Body): AutoResend is disabled by configuration

Resource associated with LogRecord:
service.name: Appostolic.Api
service.instance.id: cfc7ce07-e6a4-4518-a7e3-7e4ff99e6a9f
telemetry.sdk.name: opentelemetry
telemetry.sdk.language: dotnet
telemetry.sdk.version: 1.9.0

LogRecord.Timestamp:               2025-09-20T11:49:12.4689600Z
LogRecord.TraceId:                 92644eeec60569c970e35365585f126e
info: Microsoft.AspNetCore.Http.Result.BadRequestObjectResult[1]
      Setting HTTP status code 400.
LogRecord.SpanId:                  f119bab11a5fc98c
LogRecord.TraceFlags:              Recorded
LogRecord.CategoryName:            Microsoft.AspNetCore.Http.Result.BadRequestObjectResult
LogRecord.Severity:                Info
LogRecord.SeverityText:            Information
LogRecord.FormattedMessage:        Setting HTTP status code 400.
LogRecord.Body:                    Setting HTTP status code {StatusCode}.
LogRecord.Attributes (Key:Value):
    StatusCode: 400
    OriginalFormat (a.k.a Body): Setting HTTP status code {StatusCode}.
LogRecord.EventId:                 1
LogRecord.EventName:               WritingResultAsStatusCode

Resource associated with LogRecord:
service.name: Appostolic.Api
service.instance.id: cfc7ce07-e6a4-4518-a7e3-7e4ff99e6a9f
telemetry.sdk.name: opentelemetry
telemetry.sdk.language: dotnet
telemetry.sdk.version: 1.9.0

info: Microsoft.AspNetCore.Http.Result.BadRequestObjectResult[3]
      Writing value of type '<>f__AnonymousType0`1' as Json.
LogRecord.Timestamp:               2025-09-20T11:49:12.4694340Z
LogRecord.TraceId:                 92644eeec60569c970e35365585f126e
LogRecord.SpanId:                  f119bab11a5fc98c
LogRecord.TraceFlags:              Recorded
LogRecord.CategoryName:            Microsoft.AspNetCore.Http.Result.BadRequestObjectResult
LogRecord.Severity:                Info
LogRecord.SeverityText:            Information
LogRecord.FormattedMessage:        Writing value of type '<>f__AnonymousType0`1' as Json.
LogRecord.Body:                    Writing value of type '{Type}' as Json.
LogRecord.Attributes (Key:Value):
    Type: <>f__AnonymousType0`1
    OriginalFormat (a.k.a Body): Writing value of type '{Type}' as Json.
LogRecord.EventId:                 3
LogRecord.EventName:               WritingResultAsJson

Resource associated with LogRecord:
service.name: Appostolic.Api
service.instance.id: cfc7ce07-e6a4-4518-a7e3-7e4ff99e6a9f
telemetry.sdk.name: opentelemetry
telemetry.sdk.language: dotnet
telemetry.sdk.version: 1.9.0

Activity.TraceId:            92644eeec60569c970e35365585f126e
Activity.SpanId:             f119bab11a5fc98c
Activity.TraceFlags:         Recorded
Activity.ActivitySourceName: Microsoft.AspNetCore
Activity.DisplayName:        POST /api/agents/
Activity.Kind:               Server
Activity.StartTime:          2025-09-20T11:49:12.4021760Z
Activity.Duration:           00:00:00.0723420
Activity.Tags:
    server.address: localhost
    http.request.method: POST
    url.scheme: http
    url.path: /api/agents
    network.protocol.version: 1.1
    tenant: kevin-personal
    user: kevin@example.com
    http.route: /api/agents/
    http.response.status_code: 400
Resource associated with Activity:
    service.name: Appostolic.Api
    service.instance.id: cfc7ce07-e6a4-4518-a7e3-7e4ff99e6a9f
    telemetry.sdk.name: opentelemetry
    telemetry.sdk.language: dotnet
    telemetry.sdk.version: 1.9.0

info: Microsoft.AspNetCore.Http.Result.BadRequestObjectResult[1]
      Setting HTTP status code 400.
LogRecord.Timestamp:               2025-09-20T11:49:12.4777260Z
LogRecord.TraceId:                 2c37b2b5cdba3d77fc3e0505935161cb
LogRecord.SpanId:                  a32e7494f64eb748
LogRecord.TraceFlags:              Recorded
LogRecord.CategoryName:            Microsoft.AspNetCore.Http.Result.BadRequestObjectResult
LogRecord.Severity:                Info
LogRecord.SeverityText:            Information
LogRecord.FormattedMessage:        Setting HTTP status code 400.
LogRecord.Body:                    Setting HTTP status code {StatusCode}.
LogRecord.Attributes (Key:Value):
    StatusCode: 400
    OriginalFormat (a.k.a Body): Setting HTTP status code {StatusCode}.
LogRecord.EventId:                 1
LogRecord.EventName:               WritingResultAsStatusCode

Resource associated with LogRecord:
service.name: Appostolic.Api
service.instance.id: cfc7ce07-e6a4-4518-a7e3-7e4ff99e6a9f
telemetry.sdk.name: opentelemetry
telemetry.sdk.language: dotnet
telemetry.sdk.version: 1.9.0

LogRecord.Timestamp:               2025-09-20T11:49:12.4778090Z
LogRecord.TraceId:                 2c37b2b5cdba3d77fc3e0505935161cb
info: Microsoft.AspNetCore.Http.Result.BadRequestObjectResult[3]
      Writing value of type '<>f__AnonymousType0`1' as Json.
LogRecord.SpanId:                  a32e7494f64eb748
LogRecord.TraceFlags:              Recorded
LogRecord.CategoryName:            Microsoft.AspNetCore.Http.Result.BadRequestObjectResult
LogRecord.Severity:                Info
LogRecord.SeverityText:            Information
LogRecord.FormattedMessage:        Writing value of type '<>f__AnonymousType0`1' as Json.
LogRecord.Body:                    Writing value of type '{Type}' as Json.
LogRecord.Attributes (Key:Value):
    Type: <>f__AnonymousType0`1
    OriginalFormat (a.k.a Body): Writing value of type '{Type}' as Json.
LogRecord.EventId:                 3
LogRecord.EventName:               WritingResultAsJson

Resource associated with LogRecord:
service.name: Appostolic.Api
service.instance.id: cfc7ce07-e6a4-4518-a7e3-7e4ff99e6a9f
telemetry.sdk.name: opentelemetry
telemetry.sdk.language: dotnet
telemetry.sdk.version: 1.9.0

Activity.TraceId:            2c37b2b5cdba3d77fc3e0505935161cb
Activity.SpanId:             a32e7494f64eb748
Activity.TraceFlags:         Recorded
Activity.ActivitySourceName: Microsoft.AspNetCore
Activity.DisplayName:        POST /api/agents/
Activity.Kind:               Server
Activity.StartTime:          2025-09-20T11:49:12.4753870Z
Activity.Duration:           00:00:00.0026050
Activity.Tags:
    server.address: localhost
    http.request.method: POST
    url.scheme: http
    url.path: /api/agents
    network.protocol.version: 1.1
    tenant: kevin-personal
    user: kevin@example.com
    http.route: /api/agents/
    http.response.status_code: 400
Resource associated with Activity:
    service.name: Appostolic.Api
    service.instance.id: cfc7ce07-e6a4-4518-a7e3-7e4ff99e6a9f
    telemetry.sdk.name: opentelemetry
    telemetry.sdk.language: dotnet
    telemetry.sdk.version: 1.9.0

info: Microsoft.AspNetCore.Http.Result.BadRequestObjectResult[1]
      Setting HTTP status code 400.
LogRecord.Timestamp:               2025-09-20T11:49:12.4803640Z
LogRecord.TraceId:                 a32da772ff0c1c25635decbf7277fb40
LogRecord.SpanId:                  394a519c4cbe0d8a
LogRecord.TraceFlags:              Recorded
LogRecord.CategoryName:            Microsoft.AspNetCore.Http.Result.BadRequestObjectResult
LogRecord.Severity:                Info
LogRecord.SeverityText:            Information
LogRecord.FormattedMessage:        Setting HTTP status code 400.
LogRecord.Body:                    Setting HTTP status code {StatusCode}.
LogRecord.Attributes (Key:Value):
    StatusCode: 400
    OriginalFormat (a.k.a Body): Setting HTTP status code {StatusCode}.
LogRecord.EventId:                 1
LogRecord.EventName:               WritingResultAsStatusCode

Resource associated with LogRecord:
service.name: Appostolic.Api
service.instance.id: cfc7ce07-e6a4-4518-a7e3-7e4ff99e6a9f
telemetry.sdk.name: opentelemetry
telemetry.sdk.language: dotnet
telemetry.sdk.version: 1.9.0

LogRecord.Timestamp:               2025-09-20T11:49:12.4803950Z
LogRecord.TraceId:                 a32da772ff0c1c25635decbf7277fb40
LogRecord.SpanId:                  394a519c4cbe0d8a
LogRecord.TraceFlags:              Recorded
LogRecord.CategoryName:            Microsoft.AspNetCore.Http.Result.BadRequestObjectResult
LogRecord.Severity:                Info
LogRecord.SeverityText:            Information
LogRecord.FormattedMessage:        Writing value of type '<>f__AnonymousType0`1' as Json.
LogRecord.Body:                    Writing value of type '{Type}' as Json.
LogRecord.Attributes (Key:Value):
info: Microsoft.AspNetCore.Http.Result.BadRequestObjectResult[3]
      Writing value of type '<>f__AnonymousType0`1' as Json.
    Type: <>f__AnonymousType0`1
    OriginalFormat (a.k.a Body): Writing value of type '{Type}' as Json.
LogRecord.EventId:                 3
LogRecord.EventName:               WritingResultAsJson

Resource associated with LogRecord:
service.name: Appostolic.Api
service.instance.id: cfc7ce07-e6a4-4518-a7e3-7e4ff99e6a9f
telemetry.sdk.name: opentelemetry
telemetry.sdk.language: dotnet
telemetry.sdk.version: 1.9.0

Activity.TraceId:            a32da772ff0c1c25635decbf7277fb40
Activity.SpanId:             394a519c4cbe0d8a
Activity.TraceFlags:         Recorded
Activity.ActivitySourceName: Microsoft.AspNetCore
Activity.DisplayName:        POST /api/agents/
Activity.Kind:               Server
Activity.StartTime:          2025-09-20T11:49:12.4782050Z
Activity.Duration:           00:00:00.0022300
Activity.Tags:
    server.address: localhost
    http.request.method: POST
    url.scheme: http
    url.path: /api/agents
    network.protocol.version: 1.1
    tenant: kevin-personal
    user: kevin@example.com
    http.route: /api/agents/
    http.response.status_code: 400
Resource associated with Activity:
    service.name: Appostolic.Api
    service.instance.id: cfc7ce07-e6a4-4518-a7e3-7e4ff99e6a9f
    telemetry.sdk.name: opentelemetry
    telemetry.sdk.language: dotnet
    telemetry.sdk.version: 1.9.0

LogRecord.Timestamp:               2025-09-20T11:49:12.4881910Z
LogRecord.TraceId:                 12a5a00d49f8b5c297a5d4b210e3c522
LogRecord.SpanId:                  c41b9cd79d517cf9
LogRecord.TraceFlags:              Recorded
LogRecord.CategoryName:            Microsoft.AspNetCore.Http.Result.CreatedResult
info: Microsoft.AspNetCore.Http.Result.CreatedResult[1]
      Setting HTTP status code 201.
LogRecord.Severity:                Info
LogRecord.SeverityText:            Information
LogRecord.FormattedMessage:        Setting HTTP status code 201.
LogRecord.Body:                    Setting HTTP status code {StatusCode}.
LogRecord.Attributes (Key:Value):
    StatusCode: 201
    OriginalFormat (a.k.a Body): Setting HTTP status code {StatusCode}.
LogRecord.EventId:                 1
LogRecord.EventName:               WritingResultAsStatusCode

Resource associated with LogRecord:
service.name: Appostolic.Api
service.instance.id: cfc7ce07-e6a4-4518-a7e3-7e4ff99e6a9f
telemetry.sdk.name: opentelemetry
telemetry.sdk.language: dotnet
telemetry.sdk.version: 1.9.0

LogRecord.Timestamp:               2025-09-20T11:49:12.4886760Z
LogRecord.TraceId:                 12a5a00d49f8b5c297a5d4b210e3c522
LogRecord.SpanId:                  c41b9cd79d517cf9
LogRecord.TraceFlags:              Recorded
LogRecord.CategoryName:            Microsoft.AspNetCore.Http.Result.CreatedResult
LogRecord.Severity:                Info
LogRecord.SeverityText:            Information
LogRecord.FormattedMessage:        Writing value of type 'AgentDetails' as Json.
LogRecord.Body:                    Writing value of type '{Type}' as Json.
LogRecord.Attributes (Key:Value):
    Type: AgentDetails
    OriginalFormat (a.k.a Body): Writing value of type '{Type}' as Json.
info: Microsoft.AspNetCore.Http.Result.CreatedResult[3]
      Writing value of type 'AgentDetails' as Json.
LogRecord.EventId:                 3
LogRecord.EventName:               WritingResultAsJson

Resource associated with LogRecord:
service.name: Appostolic.Api
service.instance.id: cfc7ce07-e6a4-4518-a7e3-7e4ff99e6a9f
telemetry.sdk.name: opentelemetry
telemetry.sdk.language: dotnet
telemetry.sdk.version: 1.9.0

Activity.TraceId:            12a5a00d49f8b5c297a5d4b210e3c522
Activity.SpanId:             c41b9cd79d517cf9
Activity.TraceFlags:         Recorded
Activity.ActivitySourceName: Microsoft.AspNetCore
Activity.DisplayName:        POST /api/agents/
Activity.Kind:               Server
Activity.StartTime:          2025-09-20T11:49:12.4839570Z
Activity.Duration:           00:00:00.0069490
Activity.Tags:
    server.address: localhost
    http.request.method: POST
    url.scheme: http
    url.path: /api/agents
    network.protocol.version: 1.1
    tenant: kevin-personal
    user: kevin@example.com
    http.route: /api/agents/
    http.response.status_code: 201
Resource associated with Activity:
    service.name: Appostolic.Api
    service.instance.id: cfc7ce07-e6a4-4518-a7e3-7e4ff99e6a9f
    telemetry.sdk.name: opentelemetry
    telemetry.sdk.language: dotnet
    telemetry.sdk.version: 1.9.0

info: Microsoft.AspNetCore.Http.Result.OkObjectResult[1]
      Setting HTTP status code 200.
LogRecord.Timestamp:               2025-09-20T11:49:12.4967910Z
LogRecord.TraceId:                 78ee0f28dee86bcac6e8294932f70473
LogRecord.SpanId:                  8b01915560709a67
LogRecord.TraceFlags:              Recorded
LogRecord.CategoryName:            Microsoft.AspNetCore.Http.Result.OkObjectResult
LogRecord.Severity:                Info
LogRecord.SeverityText:            Information
LogRecord.FormattedMessage:        Setting HTTP status code 200.
LogRecord.Body:                    Setting HTTP status code {StatusCode}.
LogRecord.Attributes (Key:Value):
    StatusCode: 200
    OriginalFormat (a.k.a Body): Setting HTTP status code {StatusCode}.
LogRecord.EventId:                 1
LogRecord.EventName:               WritingResultAsStatusCode

Resource associated with LogRecord:
service.name: Appostolic.Api
service.instance.id: cfc7ce07-e6a4-4518-a7e3-7e4ff99e6a9f
telemetry.sdk.name: opentelemetry
telemetry.sdk.language: dotnet
telemetry.sdk.version: 1.9.0

info: Microsoft.AspNetCore.Http.Result.OkObjectResult[3]
      Writing value of type 'AgentDetails' as Json.
LogRecord.Timestamp:               2025-09-20T11:49:12.4968430Z
LogRecord.TraceId:                 78ee0f28dee86bcac6e8294932f70473
LogRecord.SpanId:                  8b01915560709a67
LogRecord.TraceFlags:              Recorded
LogRecord.CategoryName:            Microsoft.AspNetCore.Http.Result.OkObjectResult
LogRecord.Severity:                Info
LogRecord.SeverityText:            Information
LogRecord.FormattedMessage:        Writing value of type 'AgentDetails' as Json.
LogRecord.Body:                    Writing value of type '{Type}' as Json.
LogRecord.Attributes (Key:Value):
    Type: AgentDetails
    OriginalFormat (a.k.a Body): Writing value of type '{Type}' as Json.
LogRecord.EventId:                 3
LogRecord.EventName:               WritingResultAsJson

Resource associated with LogRecord:
service.name: Appostolic.Api
service.instance.id: cfc7ce07-e6a4-4518-a7e3-7e4ff99e6a9f
telemetry.sdk.name: opentelemetry
telemetry.sdk.language: dotnet
telemetry.sdk.version: 1.9.0

Activity.TraceId:            78ee0f28dee86bcac6e8294932f70473
Activity.SpanId:             8b01915560709a67
Activity.TraceFlags:         Recorded
Activity.ActivitySourceName: Microsoft.AspNetCore
Activity.DisplayName:        GET /api/agents/{id:guid}
Activity.Kind:               Server
Activity.StartTime:          2025-09-20T11:49:12.4921340Z
Activity.Duration:           00:00:00.0048080
Activity.Tags:
    server.address: localhost
    http.request.method: GET
    url.scheme: http
    url.path: /api/agents/055faf8f-b249-42d2-afa8-d16fcae8b158
    network.protocol.version: 1.1
    tenant: kevin-personal
    user: kevin@example.com
    http.route: /api/agents/{id:guid}
    http.response.status_code: 200
Resource associated with Activity:
    service.name: Appostolic.Api
    service.instance.id: cfc7ce07-e6a4-4518-a7e3-7e4ff99e6a9f
    telemetry.sdk.name: opentelemetry
    telemetry.sdk.language: dotnet
    telemetry.sdk.version: 1.9.0

LogRecord.Timestamp:               2025-09-20T11:49:12.5011860Z
LogRecord.TraceId:                 d966aa4894bc57901d737e0d7c8a193b
LogRecord.SpanId:                  1858cbcf3e37739a
LogRecord.TraceFlags:              Recorded
LogRecord.CategoryName:            Microsoft.AspNetCore.Http.Result.OkObjectResult
LogRecord.Severity:                Info
LogRecord.SeverityText:            Information
LogRecord.FormattedMessage:        Setting HTTP status code 200.
LogRecord.Body:                    Setting HTTP status code {StatusCode}.
LogRecord.Attributes (Key:Value):
    StatusCode: 200
    OriginalFormat (a.k.a Body): Setting HTTP status code {StatusCode}.
info: Microsoft.AspNetCore.Http.Result.OkObjectResult[1]
      Setting HTTP status code 200.
LogRecord.EventId:                 1
LogRecord.EventName:               WritingResultAsStatusCode

Resource associated with LogRecord:
service.name: Appostolic.Api
service.instance.id: cfc7ce07-e6a4-4518-a7e3-7e4ff99e6a9f
telemetry.sdk.name: opentelemetry
telemetry.sdk.language: dotnet
telemetry.sdk.version: 1.9.0

LogRecord.Timestamp:               2025-09-20T11:49:12.5018860Z
LogRecord.TraceId:                 d966aa4894bc57901d737e0d7c8a193b
LogRecord.SpanId:                  1858cbcf3e37739a
LogRecord.TraceFlags:              Recorded
info: Microsoft.AspNetCore.Http.Result.OkObjectResult[3]
      Writing value of type 'List`1' as Json.
LogRecord.CategoryName:            Microsoft.AspNetCore.Http.Result.OkObjectResult
LogRecord.Severity:                Info
LogRecord.SeverityText:            Information
LogRecord.FormattedMessage:        Writing value of type 'List`1' as Json.
LogRecord.Body:                    Writing value of type '{Type}' as Json.
LogRecord.Attributes (Key:Value):
    Type: List`1
    OriginalFormat (a.k.a Body): Writing value of type '{Type}' as Json.
LogRecord.EventId:                 3
LogRecord.EventName:               WritingResultAsJson

Resource associated with LogRecord:
service.name: Appostolic.Api
service.instance.id: cfc7ce07-e6a4-4518-a7e3-7e4ff99e6a9f
telemetry.sdk.name: opentelemetry
telemetry.sdk.language: dotnet
telemetry.sdk.version: 1.9.0

Activity.TraceId:            d966aa4894bc57901d737e0d7c8a193b
Activity.SpanId:             1858cbcf3e37739a
Activity.TraceFlags:         Recorded
Activity.ActivitySourceName: Microsoft.AspNetCore
Activity.DisplayName:        GET /api/agents/
Activity.Kind:               Server
Activity.StartTime:          2025-09-20T11:49:12.4971140Z
Activity.Duration:           00:00:00.0053430
Activity.Tags:
    server.address: localhost
    url.query: ?take=Redacted&skip=Redacted
    http.request.method: GET
    url.scheme: http
    url.path: /api/agents
    network.protocol.version: 1.1
    tenant: kevin-personal
    user: kevin@example.com
    http.route: /api/agents/
    http.response.status_code: 200
Resource associated with Activity:
    service.name: Appostolic.Api
    service.instance.id: cfc7ce07-e6a4-4518-a7e3-7e4ff99e6a9f
    telemetry.sdk.name: opentelemetry
    telemetry.sdk.language: dotnet
    telemetry.sdk.version: 1.9.0

LogRecord.Timestamp:               2025-09-20T11:49:12.5038970Z
LogRecord.TraceId:                 987351bb6997424bb0721f45d0c4b99c
LogRecord.SpanId:                  314003aaadaf2a22
LogRecord.TraceFlags:              Recorded
LogRecord.CategoryName:            Microsoft.AspNetCore.Http.Result.ConflictObjectResult
info: Microsoft.AspNetCore.Http.Result.ConflictObjectResult[1]
      Setting HTTP status code 409.
LogRecord.Severity:                Info
LogRecord.SeverityText:            Information
LogRecord.FormattedMessage:        Setting HTTP status code 409.
LogRecord.Body:                    Setting HTTP status code {StatusCode}.
LogRecord.Attributes (Key:Value):
    StatusCode: 409
    OriginalFormat (a.k.a Body): Setting HTTP status code {StatusCode}.
LogRecord.EventId:                 1
LogRecord.EventName:               WritingResultAsStatusCode

Resource associated with LogRecord:
service.name: Appostolic.Api
service.instance.id: cfc7ce07-e6a4-4518-a7e3-7e4ff99e6a9f
telemetry.sdk.name: opentelemetry
telemetry.sdk.language: dotnet
telemetry.sdk.version: 1.9.0

LogRecord.Timestamp:               2025-09-20T11:49:12.5039970Z
LogRecord.TraceId:                 987351bb6997424bb0721f45d0c4b99c
LogRecord.SpanId:                  314003aaadaf2a22
LogRecord.TraceFlags:              Recorded
LogRecord.CategoryName:            Microsoft.AspNetCore.Http.Result.ConflictObjectResult
LogRecord.Severity:                Info
LogRecord.SeverityText:            Information
LogRecord.FormattedMessage:        Writing value of type '<>f__AnonymousType0`1' as Json.
LogRecord.Body:                    Writing value of type '{Type}' as Json.
LogRecord.Attributes (Key:Value):
    Type: <>f__AnonymousType0`1
    OriginalFormat (a.k.a Body): Writing value of type '{Type}' as Json.
LogRecord.EventId:                 3
LogRecord.EventName:               WritingResultAsJson

Resource associated with LogRecord:
service.name: Appostolic.Api
service.instance.id: cfc7ce07-e6a4-4518-a7e3-7e4ff99e6a9f
telemetry.sdk.name: opentelemetry
telemetry.sdk.language: dotnet
telemetry.sdk.version: 1.9.0

info: Microsoft.AspNetCore.Http.Result.ConflictObjectResult[3]
      Writing value of type '<>f__AnonymousType0`1' as Json.
Activity.TraceId:            987351bb6997424bb0721f45d0c4b99c
Activity.SpanId:             314003aaadaf2a22
Activity.TraceFlags:         Recorded
Activity.ActivitySourceName: Microsoft.AspNetCore
Activity.DisplayName:        POST /api/agents/
Activity.Kind:               Server
Activity.StartTime:          2025-09-20T11:49:12.5033780Z
Activity.Duration:           00:00:00.0007060
Activity.Tags:
    server.address: localhost
    http.request.method: POST
    url.scheme: http
    url.path: /api/agents
    network.protocol.version: 1.1
    tenant: kevin-personal
    user: kevin@example.com
    http.route: /api/agents/
    http.response.status_code: 409
Resource associated with Activity:
    service.name: Appostolic.Api
    service.instance.id: cfc7ce07-e6a4-4518-a7e3-7e4ff99e6a9f
    telemetry.sdk.name: opentelemetry
    telemetry.sdk.language: dotnet
    telemetry.sdk.version: 1.9.0

LogRecord.Timestamp:               2025-09-20T11:49:12.5104170Z
LogRecord.TraceId:                 25447541ca7e91b6e04697dba2da3ba2
LogRecord.SpanId:                  fb8246939656f9ea
LogRecord.TraceFlags:              Recorded
LogRecord.CategoryName:            Microsoft.AspNetCore.Http.Result.OkObjectResult
LogRecord.Severity:                Info
LogRecord.SeverityText:            Information
LogRecord.FormattedMessage:        Setting HTTP status code 200.
LogRecord.Body:                    Setting HTTP status code {StatusCode}.
LogRecord.Attributes (Key:Value):
info: Microsoft.AspNetCore.Http.Result.OkObjectResult[1]
      Setting HTTP status code 200.
    StatusCode: 200
    OriginalFormat (a.k.a Body): Setting HTTP status code {StatusCode}.
LogRecord.EventId:                 1
LogRecord.EventName:               WritingResultAsStatusCode

Resource associated with LogRecord:
service.name: Appostolic.Api
service.instance.id: cfc7ce07-e6a4-4518-a7e3-7e4ff99e6a9f
telemetry.sdk.name: opentelemetry
telemetry.sdk.language: dotnet
telemetry.sdk.version: 1.9.0

LogRecord.Timestamp:               2025-09-20T11:49:12.5104910Z
LogRecord.TraceId:                 25447541ca7e91b6e04697dba2da3ba2
LogRecord.SpanId:                  fb8246939656f9ea
LogRecord.TraceFlags:              Recorded
LogRecord.CategoryName:            Microsoft.AspNetCore.Http.Result.OkObjectResult
info: Microsoft.AspNetCore.Http.Result.OkObjectResult[3]
      Writing value of type 'AgentDetails' as Json.
LogRecord.Severity:                Info
LogRecord.SeverityText:            Information
LogRecord.FormattedMessage:        Writing value of type 'AgentDetails' as Json.
LogRecord.Body:                    Writing value of type '{Type}' as Json.
LogRecord.Attributes (Key:Value):
    Type: AgentDetails
    OriginalFormat (a.k.a Body): Writing value of type '{Type}' as Json.
LogRecord.EventId:                 3
LogRecord.EventName:               WritingResultAsJson

Resource associated with LogRecord:
service.name: Appostolic.Api
service.instance.id: cfc7ce07-e6a4-4518-a7e3-7e4ff99e6a9f
telemetry.sdk.name: opentelemetry
telemetry.sdk.language: dotnet
telemetry.sdk.version: 1.9.0

Activity.TraceId:            25447541ca7e91b6e04697dba2da3ba2
Activity.SpanId:             fb8246939656f9ea
Activity.TraceFlags:         Recorded
Activity.ActivitySourceName: Microsoft.AspNetCore
Activity.DisplayName:        PUT /api/agents/{id:guid}
Activity.Kind:               Server
Activity.StartTime:          2025-09-20T11:49:12.5042270Z
Activity.Duration:           00:00:00.0063990
Activity.Tags:
    server.address: localhost
    http.request.method: PUT
    url.scheme: http
    url.path: /api/agents/055faf8f-b249-42d2-afa8-d16fcae8b158
    network.protocol.version: 1.1
    tenant: kevin-personal
    user: kevin@example.com
    http.route: /api/agents/{id:guid}
    http.response.status_code: 200
Resource associated with Activity:
    service.name: Appostolic.Api
    service.instance.id: cfc7ce07-e6a4-4518-a7e3-7e4ff99e6a9f
    telemetry.sdk.name: opentelemetry
    telemetry.sdk.language: dotnet
    telemetry.sdk.version: 1.9.0

LogRecord.Timestamp:               2025-09-20T11:49:12.5159450Z
LogRecord.TraceId:                 a4e18f4b02efe8fe93c6f288a5caf5b9
LogRecord.SpanId:                  d31c1a2fdbc81b6a
LogRecord.TraceFlags:              Recorded
LogRecord.CategoryName:            Microsoft.AspNetCore.Http.Result.NoContentResult
LogRecord.Severity:                Info
LogRecord.SeverityText:            Information
LogRecord.FormattedMessage:        Setting HTTP status code 204.
LogRecord.Body:                    Setting HTTP status code {StatusCode}.
LogRecord.Attributes (Key:Value):
    StatusCode: 204
    OriginalFormat (a.k.a Body): Setting HTTP status code {StatusCode}.
LogRecord.EventId:                 1
LogRecord.EventName:               WritingResultAsStatusCode

Resource associated with LogRecord:
service.name: Appostolic.Api
service.instance.id: cfc7ce07-e6a4-4518-a7e3-7e4ff99e6a9f
telemetry.sdk.name: opentelemetry
telemetry.sdk.language: dotnet
telemetry.sdk.version: 1.9.0

info: Microsoft.AspNetCore.Http.Result.NoContentResult[1]
      Setting HTTP status code 204.
Activity.TraceId:            a4e18f4b02efe8fe93c6f288a5caf5b9
Activity.SpanId:             d31c1a2fdbc81b6a
Activity.TraceFlags:         Recorded
Activity.ActivitySourceName: Microsoft.AspNetCore
Activity.DisplayName:        DELETE /api/agents/{id:guid}
Activity.Kind:               Server
Activity.StartTime:          2025-09-20T11:49:12.5108120Z
Activity.Duration:           00:00:00.0052020
Activity.Tags:
    server.address: localhost
    http.request.method: DELETE
    url.scheme: http
    url.path: /api/agents/055faf8f-b249-42d2-afa8-d16fcae8b158
    network.protocol.version: 1.1
    tenant: kevin-personal
    user: kevin@example.com
    http.route: /api/agents/{id:guid}
    http.response.status_code: 204
Resource associated with Activity:
    service.name: Appostolic.Api
    service.instance.id: cfc7ce07-e6a4-4518-a7e3-7e4ff99e6a9f
    telemetry.sdk.name: opentelemetry
    telemetry.sdk.language: dotnet
    telemetry.sdk.version: 1.9.0

LogRecord.Timestamp:               2025-09-20T11:49:12.5165170Z
LogRecord.TraceId:                 c1d55abb8169e88022fb5abfc69e8652
LogRecord.SpanId:                  af75329c65287bf6
LogRecord.TraceFlags:              Recorded
LogRecord.CategoryName:            Microsoft.AspNetCore.Http.Result.NotFoundObjectResult
LogRecord.Severity:                Info
LogRecord.SeverityText:            Information
LogRecord.FormattedMessage:        Setting HTTP status code 404.
LogRecord.Body:                    Setting HTTP status code {StatusCode}.
LogRecord.Attributes (Key:Value):
    StatusCode: 404
    OriginalFormat (a.k.a Body): Setting HTTP status code {StatusCode}.
LogRecord.EventId:                 1
LogRecord.EventName:               WritingResultAsStatusCode

Resource associated with LogRecord:
service.name: Appostolic.Api
service.instance.id: cfc7ce07-e6a4-4518-a7e3-7e4ff99e6a9f
telemetry.sdk.name: opentelemetry
telemetry.sdk.language: dotnet
telemetry.sdk.version: 1.9.0

Activity.TraceId:            c1d55abb8169e88022fb5abfc69e8652
Activity.SpanId:             af75329c65287bf6
Activity.TraceFlags:         Recorded
Activity.ActivitySourceName: Microsoft.AspNetCore
Activity.DisplayName:        GET /api/agents/{id:guid}
Activity.Kind:               Server
Activity.StartTime:          2025-09-20T11:49:12.5161180Z
Activity.Duration:           00:00:00.0004340
Activity.Tags:
    server.address: localhost
    http.request.method: GET
    url.scheme: http
    url.path: /api/agents/055faf8f-b249-42d2-afa8-d16fcae8b158
    network.protocol.version: 1.1
    tenant: kevin-personal
    user: kevin@example.com
    http.route: /api/agents/{id:guid}
    http.response.status_code: 404
Resource associated with Activity:
    service.name: Appostolic.Api
    service.instance.id: cfc7ce07-e6a4-4518-a7e3-7e4ff99e6a9f
    telemetry.sdk.name: opentelemetry
    telemetry.sdk.language: dotnet
    telemetry.sdk.version: 1.9.0

info: Microsoft.AspNetCore.Http.Result.NotFoundObjectResult[1]
      Setting HTTP status code 404.
Resource associated with Metric:
    service.name: Appostolic.Api
    service.instance.id: cfc7ce07-e6a4-4518-a7e3-7e4ff99e6a9f
    telemetry.sdk.name: opentelemetry
    telemetry.sdk.language: dotnet
    telemetry.sdk.version: 1.9.0

Metric Name: process.runtime.dotnet.gc.collections.count, Number of garbage collections that have occurred since process start., Meter: OpenTelemetry.Instrumentation.Runtime/1.9.0
(2025-09-20T11:49:12.3522180Z, 2025-09-20T11:49:12.5175740Z] generation: gen2 LongSum
Value: 10
(2025-09-20T11:49:12.3522180Z, 2025-09-20T11:49:12.5175740Z] generation: gen1 LongSum
Value: 16
(2025-09-20T11:49:12.3522180Z, 2025-09-20T11:49:12.5175740Z] generation: gen0 LongSum
Value: 28

Metric Name: process.runtime.dotnet.gc.objects.size, Count of bytes currently in use by objects in the GC heap that haven't been collected yet. Fragmentation and other GC committed memory pools are excluded., Unit: bytes, Meter: OpenTelemetry.Instrumentation.Runtime/1.9.0
(2025-09-20T11:49:12.3522310Z, 2025-09-20T11:49:12.5175750Z] LongSumNonMonotonic
Value: 281516696

Metric Name: process.runtime.dotnet.gc.allocations.size, Count of bytes allocated on the managed GC heap since the process start. .NET objects are allocated from this heap. Object allocations from unmanaged languages such as C/C++ do not use this heap., Unit: bytes, Meter: OpenTelemetry.Instrumentation.Runtime/1.9.0
(2025-09-20T11:49:12.3522400Z, 2025-09-20T11:49:12.5175750Z] LongSum
Value: 1270313584

Metric Name: process.runtime.dotnet.gc.committed_memory.size, The amount of committed virtual memory for the managed GC heap, as observed during the latest garbage collection. Committed virtual memory may be larger than the heap size because it includes both memory for storing existing objects (the heap size) and some extra memory that is ready to handle newly allocated objects in the future. The value will be unavailable until at least one garbage collection has occurred., Unit: bytes, Meter: OpenTelemetry.Instrumentation.Runtime/1.9.0
(2025-09-20T11:49:12.3522460Z, 2025-09-20T11:49:12.5175750Z] LongSumNonMonotonic
Value: 208355328

Metric Name: process.runtime.dotnet.gc.heap.size, The heap size (including fragmentation), as observed during the latest garbage collection. The value will be unavailable until at least one garbage collection has occurred., Unit: bytes, Meter: OpenTelemetry.Instrumentation.Runtime/1.9.0
(2025-09-20T11:49:12.3522550Z, 2025-09-20T11:49:12.5175760Z] generation: gen0 LongSumNonMonotonic
Value: 1723816
(2025-09-20T11:49:12.3522550Z, 2025-09-20T11:49:12.5175760Z] generation: gen1 LongSumNonMonotonic
Value: 7426528
(2025-09-20T11:49:12.3522550Z, 2025-09-20T11:49:12.5175760Z] generation: gen2 LongSumNonMonotonic
Value: 70676976
(2025-09-20T11:49:12.3522550Z, 2025-09-20T11:49:12.5175760Z] generation: loh LongSumNonMonotonic
Value: 123843312
(2025-09-20T11:49:12.3522550Z, 2025-09-20T11:49:12.5175760Z] generation: poh LongSumNonMonotonic
Value: 262336

Metric Name: process.runtime.dotnet.gc.heap.fragmentation.size, The heap fragmentation, as observed during the latest garbage collection. The value will be unavailable until at least one garbage collection has occurred., Unit: bytes, Meter: OpenTelemetry.Instrumentation.Runtime/1.9.0
(2025-09-20T11:49:12.3522640Z, 2025-09-20T11:49:12.5175760Z] generation: gen0 LongSumNonMonotonic
Value: 1723608
(2025-09-20T11:49:12.3522640Z, 2025-09-20T11:49:12.5175760Z] generation: gen1 LongSumNonMonotonic
Value: 145480
(2025-09-20T11:49:12.3522640Z, 2025-09-20T11:49:12.5175760Z] generation: gen2 LongSumNonMonotonic
Value: 1298576
(2025-09-20T11:49:12.3522640Z, 2025-09-20T11:49:12.5175760Z] generation: loh LongSumNonMonotonic
Value: 1555832
(2025-09-20T11:49:12.3522640Z, 2025-09-20T11:49:12.5175760Z] generation: poh LongSumNonMonotonic
Value: 0

Metric Name: process.runtime.dotnet.gc.duration, The total amount of time paused in GC since the process start., Unit: ns, Meter: OpenTelemetry.Instrumentation.Runtime/1.9.0
(2025-09-20T11:49:12.3522680Z, 2025-09-20T11:49:12.5175770Z] LongSum
Value: 622252000

Metric Name: process.runtime.dotnet.jit.il_compiled.size, Count of bytes of intermediate language that have been compiled since the process start., Unit: bytes, Meter: OpenTelemetry.Instrumentation.Runtime/1.9.0
(2025-09-20T11:49:12.3522750Z, 2025-09-20T11:49:12.5175770Z] LongSum
Value: 3857782

Metric Name: process.runtime.dotnet.jit.methods_compiled.count, The number of times the JIT compiler compiled a method since the process start. The JIT compiler may be invoked multiple times for the same method to compile with different generic parameters, or because tiered compilation requested different optimization settings., Meter: OpenTelemetry.Instrumentation.Runtime/1.9.0
(2025-09-20T11:49:12.3522880Z, 2025-09-20T11:49:12.5175770Z] LongSum
Value: 46965

Metric Name: process.runtime.dotnet.jit.compilation_time, The amount of time the JIT compiler has spent compiling methods since the process start., Unit: ns, Meter: OpenTelemetry.Instrumentation.Runtime/1.9.0
(2025-09-20T11:49:12.3522950Z, 2025-09-20T11:49:12.5175770Z] LongSum
Value: 10368607400

Metric Name: process.runtime.dotnet.monitor.lock_contention.count, The number of times there was contention when trying to acquire a monitor lock since the process start. Monitor locks are commonly acquired by using the lock keyword in C#, or by calling Monitor.Enter() and Monitor.TryEnter()., Meter: OpenTelemetry.Instrumentation.Runtime/1.9.0
(2025-09-20T11:49:12.3523020Z, 2025-09-20T11:49:12.5175780Z] LongSum
Value: 196

Metric Name: process.runtime.dotnet.thread_pool.threads.count, The number of thread pool threads that currently exist., Meter: OpenTelemetry.Instrumentation.Runtime/1.9.0
(2025-09-20T11:49:12.3523080Z, 2025-09-20T11:49:12.5175780Z] LongSumNonMonotonic
Value: 14

Metric Name: process.runtime.dotnet.thread_pool.completed_items.count, The number of work items that have been processed by the thread pool since the process start., Meter: OpenTelemetry.Instrumentation.Runtime/1.9.0
(2025-09-20T11:49:12.3523140Z, 2025-09-20T11:49:12.5175780Z] LongSum
Value: 2019

Metric Name: process.runtime.dotnet.thread_pool.queue.length, The number of work items that are currently queued to be processed by the thread pool., Meter: OpenTelemetry.Instrumentation.Runtime/1.9.0
(2025-09-20T11:49:12.3523210Z, 2025-09-20T11:49:12.5175780Z] LongSumNonMonotonic
Value: 0

Metric Name: process.runtime.dotnet.timer.count, The number of timer instances that are currently active. Timers can be created by many sources such as System.Threading.Timer, Task.Delay, or the timeout in a CancellationSource. An active timer is registered to tick at some point in the future and has not yet been canceled., Meter: OpenTelemetry.Instrumentation.Runtime/1.9.0
(2025-09-20T11:49:12.3523290Z, 2025-09-20T11:49:12.5175780Z] LongSumNonMonotonic
Value: 8

Metric Name: process.runtime.dotnet.assemblies.count, The number of .NET assemblies that are currently loaded., Meter: OpenTelemetry.Instrumentation.Runtime/1.9.0
(2025-09-20T11:49:12.3523340Z, 2025-09-20T11:49:12.5175790Z] LongSumNonMonotonic
Value: 207

Metric Name: http.server.active_requests, Number of active HTTP server requests., Unit: {request}, Meter: Microsoft.AspNetCore.Hosting
(2025-09-20T11:49:12.3524400Z, 2025-09-20T11:49:12.5175860Z] http.request.method: POST url.scheme: http LongSumNonMonotonic
Value: 0
(2025-09-20T11:49:12.3524400Z, 2025-09-20T11:49:12.5175860Z] http.request.method: GET url.scheme: http LongSumNonMonotonic
Value: 0
(2025-09-20T11:49:12.3524400Z, 2025-09-20T11:49:12.5175860Z] http.request.method: PUT url.scheme: http LongSumNonMonotonic
Value: 0
(2025-09-20T11:49:12.3524400Z, 2025-09-20T11:49:12.5175860Z] http.request.method: DELETE url.scheme: http LongSumNonMonotonic
Value: 0

Metric Name: http.server.request.duration, Duration of HTTP server requests., Unit: s, Meter: Microsoft.AspNetCore.Hosting
(2025-09-20T11:49:12.3524460Z, 2025-09-20T11:49:12.5175890Z] http.request.method: POST http.response.status_code: 400 http.route: /api/agents/ network.protocol.version: 1.1 url.scheme: http Histogram
Value: Sum: 0.0772047 Count: 3 Min: 0.0022325 Max: 0.0723434 
(-Infinity,0.005]:2
(0.005,0.01]:0
(0.01,0.025]:0
(0.025,0.05]:0
(0.05,0.075]:1
(0.075,0.1]:0
(0.1,0.25]:0
(0.25,0.5]:0
(0.5,0.75]:0
(0.75,1]:0
(1,2.5]:0
(2.5,5]:0
(5,7.5]:0
(7.5,10]:0
(10,+Infinity]:0

(2025-09-20T11:49:12.3524460Z, 2025-09-20T11:49:12.5175890Z] http.request.method: POST http.response.status_code: 201 http.route: /api/agents/ network.protocol.version: 1.1 url.scheme: http Histogram
Value: Sum: 0.006897 Count: 1 Min: 0.006897 Max: 0.006897 
(-Infinity,0.005]:0
(0.005,0.01]:1
(0.01,0.025]:0
(0.025,0.05]:0
(0.05,0.075]:0
(0.075,0.1]:0
(0.1,0.25]:0
(0.25,0.5]:0
(0.5,0.75]:0
(0.75,1]:0
(1,2.5]:0
(2.5,5]:0
(5,7.5]:0
(7.5,10]:0
(10,+Infinity]:0

(2025-09-20T11:49:12.3524460Z, 2025-09-20T11:49:12.5175890Z] http.request.method: GET http.response.status_code: 200 http.route: /api/agents/{id:guid} network.protocol.version: 1.1 url.scheme: http Histogram
Value: Sum: 0.0048274 Count: 1 Min: 0.0048274 Max: 0.0048274 
(-Infinity,0.005]:1
(0.005,0.01]:0
(0.01,0.025]:0
(0.025,0.05]:0
(0.05,0.075]:0
(0.075,0.1]:0
(0.1,0.25]:0
(0.25,0.5]:0
(0.5,0.75]:0
(0.75,1]:0
(1,2.5]:0
(2.5,5]:0
(5,7.5]:0
(7.5,10]:0
(10,+Infinity]:0

(2025-09-20T11:49:12.3524460Z, 2025-09-20T11:49:12.5175890Z] http.request.method: GET http.response.status_code: 200 http.route: /api/agents/ network.protocol.version: 1.1 url.scheme: http Histogram
Value: Sum: 0.0053361 Count: 1 Min: 0.0053361 Max: 0.0053361 
(-Infinity,0.005]:0
(0.005,0.01]:1
(0.01,0.025]:0
(0.025,0.05]:0
(0.05,0.075]:0
(0.075,0.1]:0
(0.1,0.25]:0
(0.25,0.5]:0
(0.5,0.75]:0
(0.75,1]:0
(1,2.5]:0
(2.5,5]:0
(5,7.5]:0
(7.5,10]:0
(10,+Infinity]:0

(2025-09-20T11:49:12.3524460Z, 2025-09-20T11:49:12.5175890Z] http.request.method: POST http.response.status_code: 409 http.route: /api/agents/ network.protocol.version: 1.1 url.scheme: http Histogram
Value: Sum: 0.0007106 Count: 1 Min: 0.0007106 Max: 0.0007106 
(-Infinity,0.005]:1
(0.005,0.01]:0
(0.01,0.025]:0
(0.025,0.05]:0
(0.05,0.075]:0
(0.075,0.1]:0
(0.1,0.25]:0
(0.25,0.5]:0
(0.5,0.75]:0
(0.75,1]:0
(1,2.5]:0
(2.5,5]:0
(5,7.5]:0
(7.5,10]:0
(10,+Infinity]:0

(2025-09-20T11:49:12.3524460Z, 2025-09-20T11:49:12.5175890Z] http.request.method: PUT http.response.status_code: 200 http.route: /api/agents/{id:guid} network.protocol.version: 1.1 url.scheme: http Histogram
Value: Sum: 0.0063799 Count: 1 Min: 0.0063799 Max: 0.0063799 
(-Infinity,0.005]:0
(0.005,0.01]:1
(0.01,0.025]:0
(0.025,0.05]:0
(0.05,0.075]:0
(0.075,0.1]:0
(0.1,0.25]:0
(0.25,0.5]:0
(0.5,0.75]:0
(0.75,1]:0
(1,2.5]:0
(2.5,5]:0
(5,7.5]:0
(7.5,10]:0
(10,+Infinity]:0

(2025-09-20T11:49:12.3524460Z, 2025-09-20T11:49:12.5175890Z] http.request.method: DELETE http.response.status_code: 204 http.route: /api/agents/{id:guid} network.protocol.version: 1.1 url.scheme: http Histogram
Value: Sum: 0.0051962 Count: 1 Min: 0.0051962 Max: 0.0051962 
(-Infinity,0.005]:0
(0.005,0.01]:1
(0.01,0.025]:0
(0.025,0.05]:0
(0.05,0.075]:0
(0.075,0.1]:0
(0.1,0.25]:0
(0.25,0.5]:0
(0.5,0.75]:0
(0.75,1]:0
(1,2.5]:0
(2.5,5]:0
(5,7.5]:0
(7.5,10]:0
(10,+Infinity]:0

(2025-09-20T11:49:12.3524460Z, 2025-09-20T11:49:12.5175890Z] http.request.method: GET http.response.status_code: 404 http.route: /api/agents/{id:guid} network.protocol.version: 1.1 url.scheme: http Histogram
Value: Sum: 0.0004352 Count: 1 Min: 0.0004352 Max: 0.0004352 
(-Infinity,0.005]:1
(0.005,0.01]:0
(0.01,0.025]:0
(0.025,0.05]:0
(0.05,0.075]:0
(0.075,0.1]:0
(0.1,0.25]:0
(0.25,0.5]:0
(0.5,0.75]:0
(0.75,1]:0
(1,2.5]:0
(2.5,5]:0
(5,7.5]:0
(7.5,10]:0
(10,+Infinity]:0


Metric Name: aspnetcore.routing.match_attempts, Number of requests that were attempted to be matched to an endpoint., Unit: {match_attempt}, Meter: Microsoft.AspNetCore.Routing
(2025-09-20T11:49:12.3983040Z, 2025-09-20T11:49:12.5175900Z] aspnetcore.routing.is_fallback: false aspnetcore.routing.match_status: success http.route: /api/agents/ LongSum
Value: 6
(2025-09-20T11:49:12.3983040Z, 2025-09-20T11:49:12.5175900Z] aspnetcore.routing.is_fallback: false aspnetcore.routing.match_status: success http.route: /api/agents/{id:guid} LongSum
Value: 4
[Startup] Warning: failed to ensure app.notification_dedupes exists: Relational-specific methods can only be used when the context is using a relational database provider.
LogRecord.Timestamp:               2025-09-20T11:49:12.6774820Z
LogRecord.CategoryName:            Endpoints.V1
info: Endpoints.V1[0]
      [MapV1Endpoints] Environment='Development' IsDevelopment=True
LogRecord.Severity:                Info
LogRecord.SeverityText:            Information
LogRecord.FormattedMessage:        [MapV1Endpoints] Environment='Development' IsDevelopment=True
LogRecord.Body:                    [MapV1Endpoints] Environment='{Env}' IsDevelopment={IsDev}
LogRecord.Attributes (Key:Value):
    Env: Development
    IsDev: true
    OriginalFormat (a.k.a Body): [MapV1Endpoints] Environment='{Env}' IsDevelopment={IsDev}

Resource associated with LogRecord:
service.name: Appostolic.Api
service.instance.id: cfc7ce07-e6a4-4518-a7e3-7e4ff99e6a9f
telemetry.sdk.name: opentelemetry
telemetry.sdk.language: dotnet
telemetry.sdk.version: 1.9.0

LogRecord.Timestamp:               2025-09-20T11:49:12.6778830Z
LogRecord.CategoryName:            Microsoft.AspNetCore.DataProtection.KeyManagement.XmlKeyManager
LogRecord.Severity:                Info
LogRecord.SeverityText:            Information
LogRecord.FormattedMessage:        User profile is available. Using '/Users/kevinmccreary/.aspnet/DataProtection-Keys' as key repository; keys will not be encrypted at rest.
LogRecord.Body:                    User profile is available. Using '{FullName}' as key repository; keys will not be encrypted at rest.
LogRecord.Attributes (Key:Value):
    FullName: /Users/kevinmccreary/.aspnet/DataProtection-Keys
    OriginalFormat (a.k.a Body): User profile is available. Using '{FullName}' as key repository; keys will not be encrypted at rest.
LogRecord.EventId:                 62
LogRecord.EventName:               UsingProfileAsKeyRepository

Resource associated with LogRecord:
service.name: Appostolic.Api
service.instance.id: cfc7ce07-e6a4-4518-a7e3-7e4ff99e6a9f
telemetry.sdk.name: opentelemetry
telemetry.sdk.language: dotnet
telemetry.sdk.version: 1.9.0

info: Microsoft.AspNetCore.DataProtection.KeyManagement.XmlKeyManager[62]
      User profile is available. Using '/Users/kevinmccreary/.aspnet/DataProtection-Keys' as key repository; keys will not be encrypted at rest.
LogRecord.Timestamp:               2025-09-20T11:49:12.6873690Z
LogRecord.CategoryName:            Appostolic.Api.App.Notifications.NotificationsPurgeHostedService
LogRecord.Severity:                Info
LogRecord.SeverityText:            Information
LogRecord.FormattedMessage:        NotificationsPurge started
LogRecord.Body:                    NotificationsPurge started
LogRecord.Attributes (Key:Value):
    OriginalFormat (a.k.a Body): NotificationsPurge started

Resource associated with LogRecord:
service.name: Appostolic.Api
service.instance.id: cfc7ce07-e6a4-4518-a7e3-7e4ff99e6a9f
telemetry.sdk.name: opentelemetry
telemetry.sdk.language: dotnet
telemetry.sdk.version: 1.9.0

info: Appostolic.Api.App.Notifications.NotificationsPurgeHostedService[0]
      NotificationsPurge started
LogRecord.Timestamp:               2025-09-20T11:49:12.7468870Z
LogRecord.CategoryName:            Appostolic.Api.App.Notifications.AutoResendHostedService
LogRecord.Severity:                Info
LogRecord.SeverityText:            Information
LogRecord.FormattedMessage:        AutoResend is disabled by configuration
LogRecord.Body:                    AutoResend is disabled by configuration
LogRecord.Attributes (Key:Value):
    OriginalFormat (a.k.a Body): AutoResend is disabled by configuration

Resource associated with LogRecord:
service.name: Appostolic.Api
service.instance.id: cfc7ce07-e6a4-4518-a7e3-7e4ff99e6a9f
telemetry.sdk.name: opentelemetry
telemetry.sdk.language: dotnet
telemetry.sdk.version: 1.9.0

LogRecord.Timestamp:               2025-09-20T11:49:12.7469270Z
LogRecord.CategoryName:            Appostolic.Api.App.Notifications.EmailDispatcherHostedService
LogRecord.Severity:                Info
LogRecord.SeverityText:            Information
LogRecord.FormattedMessage:        EmailDispatcher started
LogRecord.Body:                    EmailDispatcher started
LogRecord.Attributes (Key:Value):
    OriginalFormat (a.k.a Body): EmailDispatcher started

Resource associated with LogRecord:
service.name: Appostolic.Api
service.instance.id: cfc7ce07-e6a4-4518-a7e3-7e4ff99e6a9f
telemetry.sdk.name: opentelemetry
telemetry.sdk.language: dotnet
telemetry.sdk.version: 1.9.0

LogRecord.Timestamp:               2025-09-20T11:49:12.7469480Z
LogRecord.CategoryName:            Appostolic.Api.App.Notifications.NotificationDispatcherHostedService
LogRecord.Severity:                Info
LogRecord.SeverityText:            Information
LogRecord.FormattedMessage:        NotificationDispatcher started
LogRecord.Body:                    NotificationDispatcher started
LogRecord.Attributes (Key:Value):
    OriginalFormat (a.k.a Body): NotificationDispatcher started

Resource associated with LogRecord:
service.name: Appostolic.Api
service.instance.id: cfc7ce07-e6a4-4518-a7e3-7e4ff99e6a9f
telemetry.sdk.name: opentelemetry
telemetry.sdk.language: dotnet
telemetry.sdk.version: 1.9.0

LogRecord.Timestamp:               2025-09-20T11:49:12.7469860Z
LogRecord.CategoryName:            Appostolic.Api.Application.Agents.Queue.AgentTaskWorker
LogRecord.Severity:                Info
LogRecord.SeverityText:            Information
LogRecord.FormattedMessage:        AgentTaskWorker started.
LogRecord.Body:                    AgentTaskWorker started.
LogRecord.Attributes (Key:Value):
    OriginalFormat (a.k.a Body): AgentTaskWorker started.

Resource associated with LogRecord:
service.name: Appostolic.Api
service.instance.id: cfc7ce07-e6a4-4518-a7e3-7e4ff99e6a9f
telemetry.sdk.name: opentelemetry
telemetry.sdk.language: dotnet
telemetry.sdk.version: 1.9.0

info: Appostolic.Api.App.Notifications.AutoResendHostedService[0]
      AutoResend is disabled by configuration
info: Appostolic.Api.App.Notifications.EmailDispatcherHostedService[0]
      EmailDispatcher started
info: Appostolic.Api.App.Notifications.NotificationDispatcherHostedService[0]
      NotificationDispatcher started
info: Appostolic.Api.Application.Agents.Queue.AgentTaskWorker[0]
      AgentTaskWorker started.
Activity.TraceId:            3877087c469e7a482d215b920021c64c
Activity.SpanId:             e0576322cc94792f
Activity.TraceFlags:         Recorded
Activity.ParentSpanId:       94406fbfe1e84437
Activity.ActivitySourceName: Appostolic.AgentRuntime
Activity.DisplayName:        agent.model
Activity.Kind:               Internal
Activity.StartTime:          2025-09-20T11:49:13.3757920Z
Activity.Duration:           00:00:00.0000110
Activity.Tags:
    agent.id: 11111111-1111-1111-1111-111111111111
    task.id: cd7403c4-d7f0-407c-9685-036ca98fd1c0
    tenant: kevin-personal
    user: kevin@example.com
    step: 1
    model.name: gpt-4o-mini
    maxSteps: 8
    duration.ms: 0
Resource associated with Activity:
    service.name: Appostolic.Api
    service.instance.id: cfc7ce07-e6a4-4518-a7e3-7e4ff99e6a9f
    telemetry.sdk.name: opentelemetry
    telemetry.sdk.language: dotnet
    telemetry.sdk.version: 1.9.0

info: Appostolic.Api.Application.Agents.Tools.WebSearchTool[0]
      web.search q="intro" hits=1
LogRecord.Timestamp:               2025-09-20T11:49:13.3832240Z
LogRecord.TraceId:                 3877087c469e7a482d215b920021c64c
LogRecord.SpanId:                  ee8892ea8b782653
LogRecord.TraceFlags:              Recorded
LogRecord.CategoryName:            Appostolic.Api.Application.Agents.Tools.WebSearchTool
LogRecord.Severity:                Info
LogRecord.SeverityText:            Information
LogRecord.FormattedMessage:        web.search q="intro" hits=1
LogRecord.Body:                    web.search q="{Query}" hits={HitCount}
LogRecord.Attributes (Key:Value):
    Query: intro
    HitCount: 1
    OriginalFormat (a.k.a Body): web.search q="{Query}" hits={HitCount}

Resource associated with LogRecord:
service.name: Appostolic.Api
service.instance.id: cfc7ce07-e6a4-4518-a7e3-7e4ff99e6a9f
telemetry.sdk.name: opentelemetry
telemetry.sdk.language: dotnet
telemetry.sdk.version: 1.9.0

info: Appostolic.Api.Application.Agents.Tools.WebSearchTool[0]
      tool.call name=web.search tenant=kevin-personal user=kevin@example.com success=True durationMs=1
LogRecord.Timestamp:               2025-09-20T11:49:13.3841070Z
LogRecord.TraceId:                 3877087c469e7a482d215b920021c64c
LogRecord.SpanId:                  ee8892ea8b782653
LogRecord.TraceFlags:              Recorded
LogRecord.CategoryName:            Appostolic.Api.Application.Agents.Tools.WebSearchTool
LogRecord.Severity:                Info
LogRecord.SeverityText:            Information
LogRecord.FormattedMessage:        tool.call name=web.search tenant=kevin-personal user=kevin@example.com success=True durationMs=1
LogRecord.Body:                    tool.call name={Name} tenant={Tenant} user={User} success={Success} durationMs={DurationMs}
LogRecord.Attributes (Key:Value):
    Name: web.search
    Tenant: kevin-personal
    User: kevin@example.com
    Success: true
    DurationMs: 1
    OriginalFormat (a.k.a Body): tool.call name={Name} tenant={Tenant} user={User} success={Success} durationMs={DurationMs}

Resource associated with LogRecord:
service.name: Appostolic.Api
service.instance.id: cfc7ce07-e6a4-4518-a7e3-7e4ff99e6a9f
telemetry.sdk.name: opentelemetry
telemetry.sdk.language: dotnet
telemetry.sdk.version: 1.9.0

Activity.TraceId:            3877087c469e7a482d215b920021c64c
Activity.SpanId:             ee8892ea8b782653
Activity.TraceFlags:         Recorded
Activity.ParentSpanId:       963b3f7c8d84181d
Activity.ActivitySourceName: Appostolic.Tools
Activity.DisplayName:        tool.invoke
Activity.Kind:               Internal
Activity.StartTime:          2025-09-20T11:49:13.3828500Z
Activity.Duration:           00:00:00.0012970
Activity.Tags:
    tool.name: web.search
    tenant: kevin-personal
    user: kevin@example.com
    duration.ms: 1
    success: true
Resource associated with Activity:
    service.name: Appostolic.Api
    service.instance.id: cfc7ce07-e6a4-4518-a7e3-7e4ff99e6a9f
    telemetry.sdk.name: opentelemetry
    telemetry.sdk.language: dotnet
    telemetry.sdk.version: 1.9.0

Activity.TraceId:            3877087c469e7a482d215b920021c64c
Activity.SpanId:             963b3f7c8d84181d
Activity.TraceFlags:         Recorded
Activity.ParentSpanId:       94406fbfe1e84437
Activity.ActivitySourceName: Appostolic.Tools
Activity.DisplayName:        tool.web.search
Activity.Kind:               Internal
Activity.StartTime:          2025-09-20T11:49:13.3828370Z
Activity.Duration:           00:00:00.0019150
Activity.Tags:
    tool.name: web.search
    tenant: kevin-personal
    user: kevin@example.com
    success: true
    duration.ms: 1
Resource associated with Activity:
    service.name: Appostolic.Api
    service.instance.id: cfc7ce07-e6a4-4518-a7e3-7e4ff99e6a9f
    telemetry.sdk.name: opentelemetry
    telemetry.sdk.language: dotnet
    telemetry.sdk.version: 1.9.0

Activity.TraceId:            3877087c469e7a482d215b920021c64c
Activity.SpanId:             df876a61f550b7ea
Activity.TraceFlags:         Recorded
Activity.ParentSpanId:       94406fbfe1e84437
Activity.ActivitySourceName: Appostolic.AgentRuntime
Activity.DisplayName:        agent.model
Activity.Kind:               Internal
Activity.StartTime:          2025-09-20T11:49:13.3857150Z
Activity.Duration:           00:00:00.0000180
Activity.Tags:
    agent.id: 11111111-1111-1111-1111-111111111111
    task.id: cd7403c4-d7f0-407c-9685-036ca98fd1c0
    tenant: kevin-personal
    user: kevin@example.com
    step: 3
    model.name: gpt-4o-mini
    maxSteps: 8
    duration.ms: 0
Resource associated with Activity:
    service.name: Appostolic.Api
    service.instance.id: cfc7ce07-e6a4-4518-a7e3-7e4ff99e6a9f
    telemetry.sdk.name: opentelemetry
    telemetry.sdk.language: dotnet
    telemetry.sdk.version: 1.9.0

info: Appostolic.Api.Application.Agents.Runtime.AgentOrchestrator[0]
      Task succeeded at step 3
LogRecord.Timestamp:               2025-09-20T11:49:13.3868860Z
LogRecord.TraceId:                 3877087c469e7a482d215b920021c64c
LogRecord.SpanId:                  94406fbfe1e84437
LogRecord.TraceFlags:              Recorded
LogRecord.CategoryName:            Appostolic.Api.Application.Agents.Runtime.AgentOrchestrator
LogRecord.Severity:                Info
LogRecord.SeverityText:            Information
LogRecord.FormattedMessage:        Task succeeded at step 3
LogRecord.Body:                    Task succeeded at step {Step}
LogRecord.Attributes (Key:Value):
    Step: 3
    OriginalFormat (a.k.a Body): Task succeeded at step {Step}

Resource associated with LogRecord:
service.name: Appostolic.Api
service.instance.id: cfc7ce07-e6a4-4518-a7e3-7e4ff99e6a9f
telemetry.sdk.name: opentelemetry
telemetry.sdk.language: dotnet
telemetry.sdk.version: 1.9.0

Activity.TraceId:            3877087c469e7a482d215b920021c64c
Activity.SpanId:             94406fbfe1e84437
Activity.TraceFlags:         Recorded
Activity.ActivitySourceName: Appostolic.AgentRuntime
Activity.DisplayName:        agent.run
Activity.Kind:               Internal
Activity.StartTime:          2025-09-20T11:49:13.3754200Z
Activity.Duration:           00:00:00.0121500
Activity.Tags:
    task.id: cd7403c4-d7f0-407c-9685-036ca98fd1c0
    agent.id: 11111111-1111-1111-1111-111111111111
    tenant: kevin-personal
    user: kevin@example.com
Resource associated with Activity:
    service.name: Appostolic.Api
    service.instance.id: cfc7ce07-e6a4-4518-a7e3-7e4ff99e6a9f
    telemetry.sdk.name: opentelemetry
    telemetry.sdk.language: dotnet
    telemetry.sdk.version: 1.9.0

info: Microsoft.AspNetCore.Http.Result.CreatedResult[1]
      Setting HTTP status code 201.
LogRecord.Timestamp:               2025-09-20T11:49:13.3878260Z
LogRecord.TraceId:                 aea205d22f09cbbc099946cfbd389080
LogRecord.SpanId:                  14207e501cde7a99
LogRecord.TraceFlags:              Recorded
LogRecord.CategoryName:            Microsoft.AspNetCore.Http.Result.CreatedResult
LogRecord.Severity:                Info
LogRecord.SeverityText:            Information
LogRecord.FormattedMessage:        Setting HTTP status code 201.
LogRecord.Body:                    Setting HTTP status code {StatusCode}.
LogRecord.Attributes (Key:Value):
    StatusCode: 201
    OriginalFormat (a.k.a Body): Setting HTTP status code {StatusCode}.
LogRecord.EventId:                 1
LogRecord.EventName:               WritingResultAsStatusCode

Resource associated with LogRecord:
service.name: Appostolic.Api
service.instance.id: cfc7ce07-e6a4-4518-a7e3-7e4ff99e6a9f
telemetry.sdk.name: opentelemetry
telemetry.sdk.language: dotnet
telemetry.sdk.version: 1.9.0

info: Microsoft.AspNetCore.Http.Result.CreatedResult[3]
      Writing value of type 'AgentTaskSummary' as Json.
LogRecord.Timestamp:               2025-09-20T11:49:13.3898970Z
LogRecord.TraceId:                 aea205d22f09cbbc099946cfbd389080
LogRecord.SpanId:                  14207e501cde7a99
LogRecord.TraceFlags:              Recorded
LogRecord.CategoryName:            Microsoft.AspNetCore.Http.Result.CreatedResult
LogRecord.Severity:                Info
LogRecord.SeverityText:            Information
LogRecord.FormattedMessage:        Writing value of type 'AgentTaskSummary' as Json.
LogRecord.Body:                    Writing value of type '{Type}' as Json.
LogRecord.Attributes (Key:Value):
    Type: AgentTaskSummary
    OriginalFormat (a.k.a Body): Writing value of type '{Type}' as Json.
LogRecord.EventId:                 3
LogRecord.EventName:               WritingResultAsJson

Resource associated with LogRecord:
service.name: Appostolic.Api
service.instance.id: cfc7ce07-e6a4-4518-a7e3-7e4ff99e6a9f
telemetry.sdk.name: opentelemetry
telemetry.sdk.language: dotnet
telemetry.sdk.version: 1.9.0

Activity.TraceId:            aea205d22f09cbbc099946cfbd389080
Activity.SpanId:             14207e501cde7a99
Activity.TraceFlags:         Recorded
Activity.ActivitySourceName: Microsoft.AspNetCore
Activity.DisplayName:        POST /api/agent-tasks/
Activity.Kind:               Server
Activity.StartTime:          2025-09-20T11:49:13.2904430Z
Activity.Duration:           00:00:00.1025140
Activity.Tags:
    server.address: localhost
    http.request.method: POST
    url.scheme: http
    url.path: /api/agent-tasks
    network.protocol.version: 1.1
    tenant: kevin-personal
    user: kevin@example.com
    http.route: /api/agent-tasks/
    http.response.status_code: 201
Resource associated with Activity:
    service.name: Appostolic.Api
    service.instance.id: cfc7ce07-e6a4-4518-a7e3-7e4ff99e6a9f
    telemetry.sdk.name: opentelemetry
    telemetry.sdk.language: dotnet
    telemetry.sdk.version: 1.9.0

LogRecord.Timestamp:               2025-09-20T11:49:13.4022690Z
LogRecord.TraceId:                 82d776777e0f4dc4400db45f1f6dfc6b
LogRecord.SpanId:                  aa9f774de905fa33
LogRecord.TraceFlags:              Recorded
LogRecord.CategoryName:            Microsoft.AspNetCore.Http.Result.OkObjectResult
LogRecord.Severity:                Info
LogRecord.SeverityText:            Information
info: Microsoft.AspNetCore.Http.Result.OkObjectResult[1]
      Setting HTTP status code 200.
LogRecord.FormattedMessage:        Setting HTTP status code 200.
LogRecord.Body:                    Setting HTTP status code {StatusCode}.
LogRecord.Attributes (Key:Value):
    StatusCode: 200
    OriginalFormat (a.k.a Body): Setting HTTP status code {StatusCode}.
LogRecord.EventId:                 1
LogRecord.EventName:               WritingResultAsStatusCode

Resource associated with LogRecord:
service.name: Appostolic.Api
service.instance.id: cfc7ce07-e6a4-4518-a7e3-7e4ff99e6a9f
telemetry.sdk.name: opentelemetry
telemetry.sdk.language: dotnet
telemetry.sdk.version: 1.9.0

LogRecord.Timestamp:               2025-09-20T11:49:13.4027410Z
LogRecord.TraceId:                 82d776777e0f4dc4400db45f1f6dfc6b
LogRecord.SpanId:                  aa9f774de905fa33
LogRecord.TraceFlags:              Recorded
LogRecord.CategoryName:            Microsoft.AspNetCore.Http.Result.OkObjectResult
LogRecord.Severity:                Info
LogRecord.SeverityText:            Information
LogRecord.FormattedMessage:        Writing value of type '<>f__AnonymousType1`2' as Json.
LogRecord.Body:                    Writing value of type '{Type}' as Json.
LogRecord.Attributes (Key:Value):
info: Microsoft.AspNetCore.Http.Result.OkObjectResult[3]
      Writing value of type '<>f__AnonymousType1`2' as Json.
    Type: <>f__AnonymousType1`2
    OriginalFormat (a.k.a Body): Writing value of type '{Type}' as Json.
LogRecord.EventId:                 3
LogRecord.EventName:               WritingResultAsJson

Resource associated with LogRecord:
service.name: Appostolic.Api
service.instance.id: cfc7ce07-e6a4-4518-a7e3-7e4ff99e6a9f
telemetry.sdk.name: opentelemetry
telemetry.sdk.language: dotnet
telemetry.sdk.version: 1.9.0

Activity.TraceId:            82d776777e0f4dc4400db45f1f6dfc6b
Activity.SpanId:             aa9f774de905fa33
Activity.TraceFlags:         Recorded
Activity.ActivitySourceName: Microsoft.AspNetCore
Activity.DisplayName:        GET /api/agent-tasks/{id:guid}
Activity.Kind:               Server
Activity.StartTime:          2025-09-20T11:49:13.3952240Z
Activity.Duration:           00:00:00.0082890
Activity.Tags:
    server.address: localhost
    url.query: ?includeTraces=Redacted
    http.request.method: GET
    url.scheme: http
    url.path: /api/agent-tasks/cd7403c4-d7f0-407c-9685-036ca98fd1c0
    network.protocol.version: 1.1
    tenant: kevin-personal
    user: kevin@example.com
    http.route: /api/agent-tasks/{id:guid}
    http.response.status_code: 200
Resource associated with Activity:
    service.name: Appostolic.Api
    service.instance.id: cfc7ce07-e6a4-4518-a7e3-7e4ff99e6a9f
    telemetry.sdk.name: opentelemetry
    telemetry.sdk.language: dotnet
    telemetry.sdk.version: 1.9.0

LogRecord.Timestamp:               2025-09-20T11:49:13.4057750Z
LogRecord.CategoryName:            Appostolic.Api.Application.Agents.Queue.AgentTaskWorker
LogRecord.Severity:                Info
LogRecord.SeverityText:            Information
LogRecord.FormattedMessage:        AgentTaskWorker stopping. dequeued=1 inflight=False inflightTaskId=(null)
LogRecord.Body:                    AgentTaskWorker stopping. dequeued={Count} inflight={HasInFlight} inflightTaskId={TaskId}
LogRecord.Attributes (Key:Value):
    Count: 1
info: Appostolic.Api.Application.Agents.Queue.AgentTaskWorker[0]
      AgentTaskWorker stopping. dequeued=1 inflight=False inflightTaskId=(null)
    HasInFlight: false
    OriginalFormat (a.k.a Body): AgentTaskWorker stopping. dequeued={Count} inflight={HasInFlight} inflightTaskId={TaskId}

Resource associated with LogRecord:
service.name: Appostolic.Api
service.instance.id: cfc7ce07-e6a4-4518-a7e3-7e4ff99e6a9f
telemetry.sdk.name: opentelemetry
telemetry.sdk.language: dotnet
telemetry.sdk.version: 1.9.0

LogRecord.Timestamp:               2025-09-20T11:49:13.4076570Z
LogRecord.CategoryName:            Appostolic.Api.App.Notifications.NotificationDispatcherHostedService
LogRecord.Severity:                Info
LogRecord.SeverityText:            Information
LogRecord.FormattedMessage:        NotificationDispatcher stopping
LogRecord.Body:                    NotificationDispatcher stopping
LogRecord.Attributes (Key:Value):
info: Appostolic.Api.App.Notifications.NotificationDispatcherHostedService[0]
      NotificationDispatcher stopping
    OriginalFormat (a.k.a Body): NotificationDispatcher stopping

Resource associated with LogRecord:
service.name: Appostolic.Api
service.instance.id: cfc7ce07-e6a4-4518-a7e3-7e4ff99e6a9f
telemetry.sdk.name: opentelemetry
telemetry.sdk.language: dotnet
telemetry.sdk.version: 1.9.0

LogRecord.Timestamp:               2025-09-20T11:49:13.4077940Z
LogRecord.CategoryName:            Appostolic.Api.App.Notifications.EmailDispatcherHostedService
info: Appostolic.Api.App.Notifications.EmailDispatcherHostedService[0]
      EmailDispatcher stopping
LogRecord.Severity:                Info
LogRecord.SeverityText:            Information
LogRecord.FormattedMessage:        EmailDispatcher stopping
LogRecord.Body:                    EmailDispatcher stopping
LogRecord.Attributes (Key:Value):
    OriginalFormat (a.k.a Body): EmailDispatcher stopping

Resource associated with LogRecord:
service.name: Appostolic.Api
service.instance.id: cfc7ce07-e6a4-4518-a7e3-7e4ff99e6a9f
telemetry.sdk.name: opentelemetry
telemetry.sdk.language: dotnet
telemetry.sdk.version: 1.9.0

LogRecord.Timestamp:               2025-09-20T11:49:13.4078680Z
LogRecord.CategoryName:            Appostolic.Api.App.Notifications.NotificationsPurgeHostedService
LogRecord.Severity:                Info
LogRecord.SeverityText:            Information
LogRecord.FormattedMessage:        NotificationsPurge stopping
LogRecord.Body:                    NotificationsPurge stopping
LogRecord.Attributes (Key:Value):
    OriginalFormat (a.k.a Body): NotificationsPurge stopping

Resource associated with LogRecord:
service.name: Appostolic.Api
service.instance.id: cfc7ce07-e6a4-4518-a7e3-7e4ff99e6a9f
telemetry.sdk.name: opentelemetry
telemetry.sdk.language: dotnet
telemetry.sdk.version: 1.9.0

info: Appostolic.Api.App.Notifications.NotificationsPurgeHostedService[0]
      NotificationsPurge stopping
Resource associated with Metric:
    service.name: Appostolic.Api
    service.instance.id: cfc7ce07-e6a4-4518-a7e3-7e4ff99e6a9f
    telemetry.sdk.name: opentelemetry
    telemetry.sdk.language: dotnet
    telemetry.sdk.version: 1.9.0

Metric Name: process.runtime.dotnet.gc.collections.count, Number of garbage collections that have occurred since process start., Meter: OpenTelemetry.Instrumentation.Runtime/1.9.0
(2025-09-20T11:49:12.6866210Z, 2025-09-20T11:49:13.4080690Z] generation: gen2 LongSum
Value: 10
(2025-09-20T11:49:12.6866210Z, 2025-09-20T11:49:13.4080690Z] generation: gen1 LongSum
Value: 17
(2025-09-20T11:49:12.6866210Z, 2025-09-20T11:49:13.4080690Z] generation: gen0 LongSum
Value: 29

Metric Name: process.runtime.dotnet.gc.objects.size, Count of bytes currently in use by objects in the GC heap that haven't been collected yet. Fragmentation and other GC committed memory pools are excluded., Unit: bytes, Meter: OpenTelemetry.Instrumentation.Runtime/1.9.0
(2025-09-20T11:49:12.6866300Z, 2025-09-20T11:49:13.4080690Z] LongSumNonMonotonic
Value: 295385584

Metric Name: process.runtime.dotnet.gc.allocations.size, Count of bytes allocated on the managed GC heap since the process start. .NET objects are allocated from this heap. Object allocations from unmanaged languages such as C/C++ do not use this heap., Unit: bytes, Meter: OpenTelemetry.Instrumentation.Runtime/1.9.0
(2025-09-20T11:49:12.6866360Z, 2025-09-20T11:49:13.4080690Z] LongSum
Value: 1295095952

Metric Name: process.runtime.dotnet.gc.committed_memory.size, The amount of committed virtual memory for the managed GC heap, as observed during the latest garbage collection. Committed virtual memory may be larger than the heap size because it includes both memory for storing existing objects (the heap size) and some extra memory that is ready to handle newly allocated objects in the future. The value will be unavailable until at least one garbage collection has occurred., Unit: bytes, Meter: OpenTelemetry.Instrumentation.Runtime/1.9.0
(2025-09-20T11:49:12.6866380Z, 2025-09-20T11:49:13.4080690Z] LongSumNonMonotonic
Value: 217530368

Metric Name: process.runtime.dotnet.gc.heap.size, The heap size (including fragmentation), as observed during the latest garbage collection. The value will be unavailable until at least one garbage collection has occurred., Unit: bytes, Meter: OpenTelemetry.Instrumentation.Runtime/1.9.0
(2025-09-20T11:49:12.6866430Z, 2025-09-20T11:49:13.4080690Z] generation: gen0 LongSumNonMonotonic
Value: 5005976
(2025-09-20T11:49:12.6866430Z, 2025-09-20T11:49:13.4080690Z] generation: gen1 LongSumNonMonotonic
Value: 2014664
(2025-09-20T11:49:12.6866430Z, 2025-09-20T11:49:13.4080690Z] generation: gen2 LongSumNonMonotonic
Value: 78656952
(2025-09-20T11:49:12.6866430Z, 2025-09-20T11:49:13.4080690Z] generation: loh LongSumNonMonotonic
Value: 128733040
(2025-09-20T11:49:12.6866430Z, 2025-09-20T11:49:13.4080690Z] generation: poh LongSumNonMonotonic
Value: 262336

Metric Name: process.runtime.dotnet.gc.heap.fragmentation.size, The heap fragmentation, as observed during the latest garbage collection. The value will be unavailable until at least one garbage collection has occurred., Unit: bytes, Meter: OpenTelemetry.Instrumentation.Runtime/1.9.0
(2025-09-20T11:49:12.6866460Z, 2025-09-20T11:49:13.4080700Z] generation: gen0 LongSumNonMonotonic
Value: 5005584
(2025-09-20T11:49:12.6866460Z, 2025-09-20T11:49:13.4080700Z] generation: gen1 LongSumNonMonotonic
Value: 30376
(2025-09-20T11:49:12.6866460Z, 2025-09-20T11:49:13.4080700Z] generation: gen2 LongSumNonMonotonic
Value: 858312
(2025-09-20T11:49:12.6866460Z, 2025-09-20T11:49:13.4080700Z] generation: loh LongSumNonMonotonic
Value: 1425824
(2025-09-20T11:49:12.6866460Z, 2025-09-20T11:49:13.4080700Z] generation: poh LongSumNonMonotonic
Value: 0

Metric Name: process.runtime.dotnet.gc.duration, The total amount of time paused in GC since the process start., Unit: ns, Meter: OpenTelemetry.Instrumentation.Runtime/1.9.0
(2025-09-20T11:49:12.6866490Z, 2025-09-20T11:49:13.4080700Z] LongSum
Value: 650147000

Metric Name: process.runtime.dotnet.jit.il_compiled.size, Count of bytes of intermediate language that have been compiled since the process start., Unit: bytes, Meter: OpenTelemetry.Instrumentation.Runtime/1.9.0
(2025-09-20T11:49:12.6866520Z, 2025-09-20T11:49:13.4080700Z] LongSum
Value: 3987639

Metric Name: process.runtime.dotnet.jit.methods_compiled.count, The number of times the JIT compiler compiled a method since the process start. The JIT compiler may be invoked multiple times for the same method to compile with different generic parameters, or because tiered compilation requested different optimization settings., Meter: OpenTelemetry.Instrumentation.Runtime/1.9.0
(2025-09-20T11:49:12.6866570Z, 2025-09-20T11:49:13.4080700Z] LongSum
Value: 48612

Metric Name: process.runtime.dotnet.jit.compilation_time, The amount of time the JIT compiler has spent compiling methods since the process start., Unit: ns, Meter: OpenTelemetry.Instrumentation.Runtime/1.9.0
(2025-09-20T11:49:12.6866600Z, 2025-09-20T11:49:13.4080700Z] LongSum
Value: 11495771800

Metric Name: process.runtime.dotnet.monitor.lock_contention.count, The number of times there was contention when trying to acquire a monitor lock since the process start. Monitor locks are commonly acquired by using the lock keyword in C#, or by calling Monitor.Enter() and Monitor.TryEnter()., Meter: OpenTelemetry.Instrumentation.Runtime/1.9.0
(2025-09-20T11:49:12.6866640Z, 2025-09-20T11:49:13.4080700Z] LongSum
Value: 200

Metric Name: process.runtime.dotnet.thread_pool.threads.count, The number of thread pool threads that currently exist., Meter: OpenTelemetry.Instrumentation.Runtime/1.9.0
(2025-09-20T11:49:12.6866680Z, 2025-09-20T11:49:13.4080700Z] LongSumNonMonotonic
Value: 14

Metric Name: process.runtime.dotnet.thread_pool.completed_items.count, The number of work items that have been processed by the thread pool since the process start., Meter: OpenTelemetry.Instrumentation.Runtime/1.9.0
(2025-09-20T11:49:12.6866700Z, 2025-09-20T11:49:13.4080700Z] LongSum
Value: 2063

Metric Name: process.runtime.dotnet.thread_pool.queue.length, The number of work items that are currently queued to be processed by the thread pool., Meter: OpenTelemetry.Instrumentation.Runtime/1.9.0
(2025-09-20T11:49:12.6866740Z, 2025-09-20T11:49:13.4080710Z] LongSumNonMonotonic
Value: 0

Metric Name: process.runtime.dotnet.timer.count, The number of timer instances that are currently active. Timers can be created by many sources such as System.Threading.Timer, Task.Delay, or the timeout in a CancellationSource. An active timer is registered to tick at some point in the future and has not yet been canceled., Meter: OpenTelemetry.Instrumentation.Runtime/1.9.0
(2025-09-20T11:49:12.6866760Z, 2025-09-20T11:49:13.4080710Z] LongSumNonMonotonic
Value: 6

Metric Name: process.runtime.dotnet.assemblies.count, The number of .NET assemblies that are currently loaded., Meter: OpenTelemetry.Instrumentation.Runtime/1.9.0
(2025-09-20T11:49:12.6866800Z, 2025-09-20T11:49:13.4080710Z] LongSumNonMonotonic
Value: 207

Metric Name: process.runtime.dotnet.exceptions.count, Count of exceptions that have been thrown in managed code, since the observation started. The value will be unavailable until an exception has been thrown after OpenTelemetry.Instrumentation.Runtime initialization., Meter: OpenTelemetry.Instrumentation.Runtime/1.9.0
(2025-09-20T11:49:12.6866830Z, 2025-09-20T11:49:13.4080710Z] LongSum
Value: 4

Metric Name: agent.tasks.created, Count of agent tasks created., Unit: {task}, Meter: Appostolic.Metrics
(2025-09-20T11:49:12.6866870Z, 2025-09-20T11:49:13.4080710Z] agent.id: 11111111-1111-1111-1111-111111111111 tenant: kevin-personal LongSum
Value: 1

Metric Name: agent.tasks.completed, Count of agent tasks completed by status., Unit: {task}, Meter: Appostolic.Metrics
(2025-09-20T11:49:12.6866900Z, 2025-09-20T11:49:13.4080720Z] status: Succeeded LongSum
Value: 1

Metric Name: agent.task.duration, End-to-end task duration from CreatedAt to FinishedAt., Unit: ms, Meter: Appostolic.Metrics
(2025-09-20T11:49:12.6866940Z, 2025-09-20T11:49:13.4080730Z] status: Succeeded Histogram
Value: Sum: 43 Count: 1 Min: 43 Max: 43 
(-Infinity,0]:0
(0,5]:0
(5,10]:0
(10,25]:0
(25,50]:1
(50,75]:0
(75,100]:0
(100,250]:0
(250,500]:0
(500,750]:0
(750,1000]:0
(1000,2500]:0
(2500,5000]:0
(5000,7500]:0
(7500,10000]:0
(10000,+Infinity]:0


Metric Name: agent.model.tokens, Total tokens used by model decisions (prompt + completion)., Unit: {token}, Meter: Appostolic.Metrics
(2025-09-20T11:49:12.6866970Z, 2025-09-20T11:49:13.4080730Z] agentId: 11111111-1111-1111-1111-111111111111 model: gpt-4o-mini LongSum
Value: 248

Metric Name: agent.tool.duration, Duration of tool invocations., Unit: ms, Meter: Appostolic.Metrics
(2025-09-20T11:49:12.6867000Z, 2025-09-20T11:49:13.4080740Z] tool: web.search Histogram
Value: Sum: 1 Count: 1 Min: 1 Max: 1 
(-Infinity,0]:0
(0,5]:1
(5,10]:0
(10,25]:0
(25,50]:0
(50,75]:0
(75,100]:0
(100,250]:0
(250,500]:0
(500,750]:0
(750,1000]:0
(1000,2500]:0
(2500,5000]:0
(5000,7500]:0
(7500,10000]:0
(10000,+Infinity]:0


Metric Name: http.server.active_requests, Number of active HTTP server requests., Unit: {request}, Meter: Microsoft.AspNetCore.Hosting
(2025-09-20T11:49:12.6867330Z, 2025-09-20T11:49:13.4080830Z] http.request.method: POST url.scheme: http LongSumNonMonotonic
Value: 0
(2025-09-20T11:49:12.6867330Z, 2025-09-20T11:49:13.4080830Z] http.request.method: GET url.scheme: http LongSumNonMonotonic
Value: 0

Metric Name: http.server.request.duration, Duration of HTTP server requests., Unit: s, Meter: Microsoft.AspNetCore.Hosting
(2025-09-20T11:49:12.6867360Z, 2025-09-20T11:49:13.4080830Z] http.request.method: POST http.response.status_code: 201 http.route: /api/agent-tasks/ network.protocol.version: 1.1 url.scheme: http Histogram
Value: Sum: 0.1025571 Count: 1 Min: 0.1025571 Max: 0.1025571 
(-Infinity,0.005]:0
(0.005,0.01]:0
(0.01,0.025]:0
(0.025,0.05]:0
(0.05,0.075]:0
(0.075,0.1]:0
(0.1,0.25]:1
(0.25,0.5]:0
(0.5,0.75]:0
(0.75,1]:0
(1,2.5]:0
(2.5,5]:0
(5,7.5]:0
(7.5,10]:0
(10,+Infinity]:0

(2025-09-20T11:49:12.6867360Z, 2025-09-20T11:49:13.4080830Z] http.request.method: GET http.response.status_code: 200 http.route: /api/agent-tasks/{id:guid} network.protocol.version: 1.1 url.scheme: http Histogram
Value: Sum: 0.0082875 Count: 1 Min: 0.0082875 Max: 0.0082875 
(-Infinity,0.005]:0
(0.005,0.01]:1
(0.01,0.025]:0
(0.025,0.05]:0
(0.05,0.075]:0
(0.075,0.1]:0
(0.1,0.25]:0
(0.25,0.5]:0
(0.5,0.75]:0
(0.75,1]:0
(1,2.5]:0
(2.5,5]:0
(5,7.5]:0
(7.5,10]:0
(10,+Infinity]:0


Metric Name: aspnetcore.routing.match_attempts, Number of requests that were attempted to be matched to an endpoint., Unit: {match_attempt}, Meter: Microsoft.AspNetCore.Routing
(2025-09-20T11:49:13.2034450Z, 2025-09-20T11:49:13.4080840Z] aspnetcore.routing.is_fallback: false aspnetcore.routing.match_status: success http.route: /api/agent-tasks/ LongSum
Value: 1
(2025-09-20T11:49:13.2034450Z, 2025-09-20T11:49:13.4080840Z] aspnetcore.routing.is_fallback: false aspnetcore.routing.match_status: success http.route: /api/agent-tasks/{id:guid} LongSum
Value: 1
[Startup] Warning: failed to ensure app.notification_dedupes exists: Relational-specific methods can only be used when the context is using a relational database provider.
info: Endpoints.V1[0]
      [MapV1Endpoints] Environment='Development' IsDevelopment=True
LogRecord.Timestamp:               2025-09-20T11:49:13.4971810Z
LogRecord.CategoryName:            Endpoints.V1
LogRecord.Severity:                Info
LogRecord.SeverityText:            Information
LogRecord.FormattedMessage:        [MapV1Endpoints] Environment='Development' IsDevelopment=True
LogRecord.Body:                    [MapV1Endpoints] Environment='{Env}' IsDevelopment={IsDev}
LogRecord.Attributes (Key:Value):
    Env: Development
    IsDev: true
    OriginalFormat (a.k.a Body): [MapV1Endpoints] Environment='{Env}' IsDevelopment={IsDev}

Resource associated with LogRecord:
service.name: Appostolic.Api
service.instance.id: cfc7ce07-e6a4-4518-a7e3-7e4ff99e6a9f
telemetry.sdk.name: opentelemetry
telemetry.sdk.language: dotnet
telemetry.sdk.version: 1.9.0

info: Microsoft.AspNetCore.DataProtection.KeyManagement.XmlKeyManager[62]
      User profile is available. Using '/Users/kevinmccreary/.aspnet/DataProtection-Keys' as key repository; keys will not be encrypted at rest.
LogRecord.Timestamp:               2025-09-20T11:49:13.4976310Z
LogRecord.CategoryName:            Microsoft.AspNetCore.DataProtection.KeyManagement.XmlKeyManager
LogRecord.Severity:                Info
LogRecord.SeverityText:            Information
LogRecord.FormattedMessage:        User profile is available. Using '/Users/kevinmccreary/.aspnet/DataProtection-Keys' as key repository; keys will not be encrypted at rest.
LogRecord.Body:                    User profile is available. Using '{FullName}' as key repository; keys will not be encrypted at rest.
LogRecord.Attributes (Key:Value):
    FullName: /Users/kevinmccreary/.aspnet/DataProtection-Keys
    OriginalFormat (a.k.a Body): User profile is available. Using '{FullName}' as key repository; keys will not be encrypted at rest.
LogRecord.EventId:                 62
LogRecord.EventName:               UsingProfileAsKeyRepository

Resource associated with LogRecord:
service.name: Appostolic.Api
service.instance.id: cfc7ce07-e6a4-4518-a7e3-7e4ff99e6a9f
telemetry.sdk.name: opentelemetry
telemetry.sdk.language: dotnet
telemetry.sdk.version: 1.9.0

info: Appostolic.Api.App.Notifications.AutoResendHostedService[0]
      AutoResend is disabled by configuration
LogRecord.Timestamp:               2025-09-20T11:49:13.5002380Z
LogRecord.CategoryName:            Appostolic.Api.App.Notifications.AutoResendHostedService
LogRecord.Severity:                Info
LogRecord.SeverityText:            Information
LogRecord.FormattedMessage:        AutoResend is disabled by configuration
LogRecord.Body:                    AutoResend is disabled by configuration
LogRecord.Attributes (Key:Value):
    OriginalFormat (a.k.a Body): AutoResend is disabled by configuration

Resource associated with LogRecord:
service.name: Appostolic.Api
service.instance.id: cfc7ce07-e6a4-4518-a7e3-7e4ff99e6a9f
telemetry.sdk.name: opentelemetry
telemetry.sdk.language: dotnet
telemetry.sdk.version: 1.9.0

LogRecord.Timestamp:               2025-09-20T11:49:13.6080150Z
LogRecord.TraceId:                 873bf425fa33d1d33554cb786a018e80
LogRecord.SpanId:                  78fbbe96c5c7b418
LogRecord.TraceFlags:              Recorded
LogRecord.CategoryName:            Microsoft.AspNetCore.Http.Result.CreatedResult
LogRecord.Severity:                Info
LogRecord.SeverityText:            Information
info: Microsoft.AspNetCore.Http.Result.CreatedResult[1]
      Setting HTTP status code 201.
LogRecord.FormattedMessage:        Setting HTTP status code 201.
LogRecord.Body:                    Setting HTTP status code {StatusCode}.
LogRecord.Attributes (Key:Value):
    StatusCode: 201
    OriginalFormat (a.k.a Body): Setting HTTP status code {StatusCode}.
LogRecord.EventId:                 1
LogRecord.EventName:               WritingResultAsStatusCode

Resource associated with LogRecord:
service.name: Appostolic.Api
service.instance.id: cfc7ce07-e6a4-4518-a7e3-7e4ff99e6a9f
telemetry.sdk.name: opentelemetry
telemetry.sdk.language: dotnet
telemetry.sdk.version: 1.9.0

LogRecord.Timestamp:               2025-09-20T11:49:13.6082450Z
LogRecord.TraceId:                 873bf425fa33d1d33554cb786a018e80
LogRecord.SpanId:                  78fbbe96c5c7b418
LogRecord.TraceFlags:              Recorded
LogRecord.CategoryName:            Microsoft.AspNetCore.Http.Result.CreatedResult
LogRecord.Severity:                Info
LogRecord.SeverityText:            Information
LogRecord.FormattedMessage:        Writing value of type 'AgentTaskSummary' as Json.
LogRecord.Body:                    Writing value of type '{Type}' as Json.
LogRecord.Attributes (Key:Value):
info: Microsoft.AspNetCore.Http.Result.CreatedResult[3]
      Writing value of type 'AgentTaskSummary' as Json.
    Type: AgentTaskSummary
    OriginalFormat (a.k.a Body): Writing value of type '{Type}' as Json.
LogRecord.EventId:                 3
LogRecord.EventName:               WritingResultAsJson

Resource associated with LogRecord:
service.name: Appostolic.Api
service.instance.id: cfc7ce07-e6a4-4518-a7e3-7e4ff99e6a9f
telemetry.sdk.name: opentelemetry
telemetry.sdk.language: dotnet
telemetry.sdk.version: 1.9.0

Activity.TraceId:            873bf425fa33d1d33554cb786a018e80
Activity.SpanId:             78fbbe96c5c7b418
Activity.TraceFlags:         Recorded
Activity.ActivitySourceName: Microsoft.AspNetCore
Activity.DisplayName:        POST /api/agent-tasks/
Activity.Kind:               Server
Activity.StartTime:          2025-09-20T11:49:13.5464870Z
Activity.Duration:           00:00:00.0687770
Activity.Tags:
    server.address: localhost
    http.request.method: POST
    url.scheme: http
    url.path: /api/agent-tasks
    network.protocol.version: 1.1
    tenant: kevin-personal
    user: kevin@example.com
    http.route: /api/agent-tasks/
    http.response.status_code: 201
Resource associated with Activity:
    service.name: Appostolic.Api
    service.instance.id: cfc7ce07-e6a4-4518-a7e3-7e4ff99e6a9f
    telemetry.sdk.name: opentelemetry
    telemetry.sdk.language: dotnet
    telemetry.sdk.version: 1.9.0

LogRecord.Timestamp:               2025-09-20T11:49:13.6201230Z
LogRecord.TraceId:                 09578c5d2aea984b33c8b177d3f2cc2b
LogRecord.SpanId:                  bd2f83dc81787983
LogRecord.TraceFlags:              Recorded
info: Microsoft.AspNetCore.Http.Result.CreatedResult[1]
      Setting HTTP status code 201.
LogRecord.CategoryName:            Microsoft.AspNetCore.Http.Result.CreatedResult
LogRecord.Severity:                Info
LogRecord.SeverityText:            Information
LogRecord.FormattedMessage:        Setting HTTP status code 201.
LogRecord.Body:                    Setting HTTP status code {StatusCode}.
LogRecord.Attributes (Key:Value):
    StatusCode: 201
    OriginalFormat (a.k.a Body): Setting HTTP status code {StatusCode}.
LogRecord.EventId:                 1
LogRecord.EventName:               WritingResultAsStatusCode

Resource associated with LogRecord:
service.name: Appostolic.Api
service.instance.id: cfc7ce07-e6a4-4518-a7e3-7e4ff99e6a9f
telemetry.sdk.name: opentelemetry
telemetry.sdk.language: dotnet
telemetry.sdk.version: 1.9.0

info: Microsoft.AspNetCore.Http.Result.CreatedResult[3]
      Writing value of type 'AgentTaskSummary' as Json.
LogRecord.Timestamp:               2025-09-20T11:49:13.6202600Z
LogRecord.TraceId:                 09578c5d2aea984b33c8b177d3f2cc2b
LogRecord.SpanId:                  bd2f83dc81787983
LogRecord.TraceFlags:              Recorded
LogRecord.CategoryName:            Microsoft.AspNetCore.Http.Result.CreatedResult
LogRecord.Severity:                Info
LogRecord.SeverityText:            Information
LogRecord.FormattedMessage:        Writing value of type 'AgentTaskSummary' as Json.
LogRecord.Body:                    Writing value of type '{Type}' as Json.
LogRecord.Attributes (Key:Value):
    Type: AgentTaskSummary
    OriginalFormat (a.k.a Body): Writing value of type '{Type}' as Json.
LogRecord.EventId:                 3
LogRecord.EventName:               WritingResultAsJson

Resource associated with LogRecord:
service.name: Appostolic.Api
service.instance.id: cfc7ce07-e6a4-4518-a7e3-7e4ff99e6a9f
telemetry.sdk.name: opentelemetry
telemetry.sdk.language: dotnet
telemetry.sdk.version: 1.9.0

Activity.TraceId:            09578c5d2aea984b33c8b177d3f2cc2b
Activity.SpanId:             bd2f83dc81787983
Activity.TraceFlags:         Recorded
Activity.ActivitySourceName: Microsoft.AspNetCore
Activity.DisplayName:        POST /api/agent-tasks/
Activity.Kind:               Server
Activity.StartTime:          2025-09-20T11:49:13.6183910Z
Activity.Duration:           00:00:00.0024070
Activity.Tags:
    server.address: localhost
    http.request.method: POST
    url.scheme: http
    url.path: /api/agent-tasks
    network.protocol.version: 1.1
    tenant: kevin-personal
    user: kevin@example.com
    http.route: /api/agent-tasks/
    http.response.status_code: 201
Resource associated with Activity:
    service.name: Appostolic.Api
    service.instance.id: cfc7ce07-e6a4-4518-a7e3-7e4ff99e6a9f
    telemetry.sdk.name: opentelemetry
    telemetry.sdk.language: dotnet
    telemetry.sdk.version: 1.9.0

LogRecord.Timestamp:               2025-09-20T11:49:13.6516660Z
LogRecord.TraceId:                 08b75fd68b01c9b3b474434ffb7743f3
LogRecord.SpanId:                  f0440b23a84d1334
LogRecord.TraceFlags:              Recorded
LogRecord.CategoryName:            Microsoft.AspNetCore.Http.Result.OkObjectResult
LogRecord.Severity:                Info
LogRecord.SeverityText:            Information
LogRecord.FormattedMessage:        Setting HTTP status code 200.
LogRecord.Body:                    Setting HTTP status code {StatusCode}.
LogRecord.Attributes (Key:Value):
    StatusCode: 200
    OriginalFormat (a.k.a Body): Setting HTTP status code {StatusCode}.
LogRecord.EventId:                 1
LogRecord.EventName:               WritingResultAsStatusCode

Resource associated with LogRecord:
service.name: Appostolic.Api
service.instance.id: cfc7ce07-e6a4-4518-a7e3-7e4ff99e6a9f
telemetry.sdk.name: opentelemetry
telemetry.sdk.language: dotnet
telemetry.sdk.version: 1.9.0

LogRecord.Timestamp:               2025-09-20T11:49:13.6520320Z
LogRecord.TraceId:                 08b75fd68b01c9b3b474434ffb7743f3
LogRecord.SpanId:                  f0440b23a84d1334
LogRecord.TraceFlags:              Recorded
LogRecord.CategoryName:            Microsoft.AspNetCore.Http.Result.OkObjectResult
LogRecord.Severity:                Info
LogRecord.SeverityText:            Information
LogRecord.FormattedMessage:        Writing value of type '<>f__AnonymousType1`2' as Json.
LogRecord.Body:                    Writing value of type '{Type}' as Json.
LogRecord.Attributes (Key:Value):
    Type: <>f__AnonymousType1`2
    OriginalFormat (a.k.a Body): Writing value of type '{Type}' as Json.
LogRecord.EventId:                 3
LogRecord.EventName:               WritingResultAsJson

Resource associated with LogRecord:
service.name: Appostolic.Api
service.instance.id: cfc7ce07-e6a4-4518-a7e3-7e4ff99e6a9f
telemetry.sdk.name: opentelemetry
telemetry.sdk.language: dotnet
telemetry.sdk.version: 1.9.0

Activity.TraceId:            08b75fd68b01c9b3b474434ffb7743f3
Activity.SpanId:             f0440b23a84d1334
Activity.TraceFlags:         Recorded
Activity.ActivitySourceName: Microsoft.AspNetCore
Activity.DisplayName:        GET /api/agent-tasks/{id:guid}
Activity.Kind:               Server
Activity.StartTime:          2025-09-20T11:49:13.6216510Z
Activity.Duration:           00:00:00.0305150
Activity.Tags:
    server.address: localhost
    url.query: ?includeTraces=Redacted
    http.request.method: GET
    url.scheme: http
    url.path: /api/agent-tasks/9da24410-4c82-40a5-8cc3-db7ab1a240eb
    network.protocol.version: 1.1
    tenant: kevin-personal
    user: kevin@example.com
    http.route: /api/agent-tasks/{id:guid}
    http.response.status_code: 200
Resource associated with Activity:
    service.name: Appostolic.Api
    service.instance.id: cfc7ce07-e6a4-4518-a7e3-7e4ff99e6a9f
    telemetry.sdk.name: opentelemetry
    telemetry.sdk.language: dotnet
    telemetry.sdk.version: 1.9.0

info: Microsoft.AspNetCore.Http.Result.OkObjectResult[1]
      Setting HTTP status code 200.
info: Microsoft.AspNetCore.Http.Result.OkObjectResult[3]
      Writing value of type '<>f__AnonymousType1`2' as Json.
info: Microsoft.AspNetCore.Http.Result.CreatedResult[1]
      Setting HTTP status code 201.
LogRecord.Timestamp:               2025-09-20T11:49:13.6582320Z
LogRecord.TraceId:                 31623afa6efd96e52782a4869b7f0078
LogRecord.SpanId:                  991930f6ced13a31
LogRecord.TraceFlags:              Recorded
LogRecord.CategoryName:            Microsoft.AspNetCore.Http.Result.CreatedResult
LogRecord.Severity:                Info
LogRecord.SeverityText:            Information
LogRecord.FormattedMessage:        Setting HTTP status code 201.
LogRecord.Body:                    Setting HTTP status code {StatusCode}.
LogRecord.Attributes (Key:Value):
    StatusCode: 201
    OriginalFormat (a.k.a Body): Setting HTTP status code {StatusCode}.
LogRecord.EventId:                 1
LogRecord.EventName:               WritingResultAsStatusCode

Resource associated with LogRecord:
service.name: Appostolic.Api
service.instance.id: cfc7ce07-e6a4-4518-a7e3-7e4ff99e6a9f
telemetry.sdk.name: opentelemetry
telemetry.sdk.language: dotnet
telemetry.sdk.version: 1.9.0

info: Microsoft.AspNetCore.Http.Result.CreatedResult[3]
      Writing value of type 'AgentTaskSummary' as Json.
LogRecord.Timestamp:               2025-09-20T11:49:13.6584050Z
LogRecord.TraceId:                 31623afa6efd96e52782a4869b7f0078
LogRecord.SpanId:                  991930f6ced13a31
LogRecord.TraceFlags:              Recorded
LogRecord.CategoryName:            Microsoft.AspNetCore.Http.Result.CreatedResult
LogRecord.Severity:                Info
LogRecord.SeverityText:            Information
LogRecord.FormattedMessage:        Writing value of type 'AgentTaskSummary' as Json.
LogRecord.Body:                    Writing value of type '{Type}' as Json.
LogRecord.Attributes (Key:Value):
    Type: AgentTaskSummary
    OriginalFormat (a.k.a Body): Writing value of type '{Type}' as Json.
LogRecord.EventId:                 3
LogRecord.EventName:               WritingResultAsJson

Resource associated with LogRecord:
service.name: Appostolic.Api
service.instance.id: cfc7ce07-e6a4-4518-a7e3-7e4ff99e6a9f
telemetry.sdk.name: opentelemetry
telemetry.sdk.language: dotnet
telemetry.sdk.version: 1.9.0

Activity.TraceId:            31623afa6efd96e52782a4869b7f0078
Activity.SpanId:             991930f6ced13a31
Activity.TraceFlags:         Recorded
Activity.ActivitySourceName: Microsoft.AspNetCore
Activity.DisplayName:        POST /api/agent-tasks/
Activity.Kind:               Server
Activity.StartTime:          2025-09-20T11:49:13.6575220Z
Activity.Duration:           00:00:00.0016500
Activity.Tags:
    server.address: localhost
    http.request.method: POST
    url.scheme: http
    url.path: /api/agent-tasks
    network.protocol.version: 1.1
    tenant: kevin-personal
    user: kevin@example.com
    http.route: /api/agent-tasks/
    http.response.status_code: 201
Resource associated with Activity:
    service.name: Appostolic.Api
    service.instance.id: cfc7ce07-e6a4-4518-a7e3-7e4ff99e6a9f
    telemetry.sdk.name: opentelemetry
    telemetry.sdk.language: dotnet
    telemetry.sdk.version: 1.9.0

info: Microsoft.AspNetCore.Http.Result.OkObjectResult[1]
      Setting HTTP status code 200.
LogRecord.Timestamp:               2025-09-20T11:49:13.6785430Z
LogRecord.TraceId:                 3ccc98efbfa3da6800d442469a4c7da5
LogRecord.SpanId:                  a50f6e817104494f
LogRecord.TraceFlags:              Recorded
LogRecord.CategoryName:            Microsoft.AspNetCore.Http.Result.OkObjectResult
LogRecord.Severity:                Info
LogRecord.SeverityText:            Information
LogRecord.FormattedMessage:        Setting HTTP status code 200.
LogRecord.Body:                    Setting HTTP status code {StatusCode}.
LogRecord.Attributes (Key:Value):
    StatusCode: 200
    OriginalFormat (a.k.a Body): Setting HTTP status code {StatusCode}.
LogRecord.EventId:                 1
LogRecord.EventName:               WritingResultAsStatusCode

Resource associated with LogRecord:
service.name: Appostolic.Api
service.instance.id: cfc7ce07-e6a4-4518-a7e3-7e4ff99e6a9f
telemetry.sdk.name: opentelemetry
telemetry.sdk.language: dotnet
telemetry.sdk.version: 1.9.0

LogRecord.Timestamp:               2025-09-20T11:49:13.6787240Z
LogRecord.TraceId:                 3ccc98efbfa3da6800d442469a4c7da5
LogRecord.SpanId:                  a50f6e817104494f
info: Microsoft.AspNetCore.Http.Result.OkObjectResult[3]
      Writing value of type 'List`1' as Json.
LogRecord.TraceFlags:              Recorded
LogRecord.CategoryName:            Microsoft.AspNetCore.Http.Result.OkObjectResult
LogRecord.Severity:                Info
LogRecord.SeverityText:            Information
LogRecord.FormattedMessage:        Writing value of type 'List`1' as Json.
LogRecord.Body:                    Writing value of type '{Type}' as Json.
LogRecord.Attributes (Key:Value):
    Type: List`1
    OriginalFormat (a.k.a Body): Writing value of type '{Type}' as Json.
LogRecord.EventId:                 3
LogRecord.EventName:               WritingResultAsJson

Resource associated with LogRecord:
service.name: Appostolic.Api
service.instance.id: cfc7ce07-e6a4-4518-a7e3-7e4ff99e6a9f
telemetry.sdk.name: opentelemetry
telemetry.sdk.language: dotnet
telemetry.sdk.version: 1.9.0

Activity.TraceId:            3ccc98efbfa3da6800d442469a4c7da5
Activity.SpanId:             a50f6e817104494f
Activity.TraceFlags:         Recorded
Activity.ActivitySourceName: Microsoft.AspNetCore
Activity.DisplayName:        GET /api/agent-tasks/
Activity.Kind:               Server
Activity.StartTime:          2025-09-20T11:49:13.6605930Z
Activity.Duration:           00:00:00.0183070
Activity.Tags:
    server.address: localhost
    url.query: ?status=Redacted&take=Redacted&skip=Redacted
    http.request.method: GET
    url.scheme: http
    url.path: /api/agent-tasks
    network.protocol.version: 1.1
    tenant: kevin-personal
    user: kevin@example.com
    http.route: /api/agent-tasks/
    http.response.status_code: 200
Resource associated with Activity:
    service.name: Appostolic.Api
    service.instance.id: cfc7ce07-e6a4-4518-a7e3-7e4ff99e6a9f
    telemetry.sdk.name: opentelemetry
    telemetry.sdk.language: dotnet
    telemetry.sdk.version: 1.9.0

Resource associated with Metric:
    service.name: Appostolic.Api
    service.instance.id: cfc7ce07-e6a4-4518-a7e3-7e4ff99e6a9f
    telemetry.sdk.name: opentelemetry
    telemetry.sdk.language: dotnet
    telemetry.sdk.version: 1.9.0

Metric Name: process.runtime.dotnet.gc.collections.count, Number of garbage collections that have occurred since process start., Meter: OpenTelemetry.Instrumentation.Runtime/1.9.0
(2025-09-20T11:49:13.4990130Z, 2025-09-20T11:49:13.6800520Z] generation: gen2 LongSum
Value: 10
(2025-09-20T11:49:13.4990130Z, 2025-09-20T11:49:13.6800520Z] generation: gen1 LongSum
Value: 17
(2025-09-20T11:49:13.4990130Z, 2025-09-20T11:49:13.6800520Z] generation: gen0 LongSum
Value: 30

Metric Name: process.runtime.dotnet.gc.objects.size, Count of bytes currently in use by objects in the GC heap that haven't been collected yet. Fragmentation and other GC committed memory pools are excluded., Unit: bytes, Meter: OpenTelemetry.Instrumentation.Runtime/1.9.0
(2025-09-20T11:49:13.4990250Z, 2025-09-20T11:49:13.6800520Z] LongSumNonMonotonic
Value: 305270656

Metric Name: process.runtime.dotnet.gc.allocations.size, Count of bytes allocated on the managed GC heap since the process start. .NET objects are allocated from this heap. Object allocations from unmanaged languages such as C/C++ do not use this heap., Unit: bytes, Meter: OpenTelemetry.Instrumentation.Runtime/1.9.0
(2025-09-20T11:49:13.4990290Z, 2025-09-20T11:49:13.6800520Z] LongSum
Value: 1309123600

Metric Name: process.runtime.dotnet.gc.committed_memory.size, The amount of committed virtual memory for the managed GC heap, as observed during the latest garbage collection. Committed virtual memory may be larger than the heap size because it includes both memory for storing existing objects (the heap size) and some extra memory that is ready to handle newly allocated objects in the future. The value will be unavailable until at least one garbage collection has occurred., Unit: bytes, Meter: OpenTelemetry.Instrumentation.Runtime/1.9.0
(2025-09-20T11:49:13.4990330Z, 2025-09-20T11:49:13.6800530Z] LongSumNonMonotonic
Value: 218578944

Metric Name: process.runtime.dotnet.gc.heap.size, The heap size (including fragmentation), as observed during the latest garbage collection. The value will be unavailable until at least one garbage collection has occurred., Unit: bytes, Meter: OpenTelemetry.Instrumentation.Runtime/1.9.0
(2025-09-20T11:49:13.4990370Z, 2025-09-20T11:49:13.6800530Z] generation: gen0 LongSumNonMonotonic
Value: 6406672
(2025-09-20T11:49:13.4990370Z, 2025-09-20T11:49:13.6800530Z] generation: gen1 LongSumNonMonotonic
Value: 4012464
(2025-09-20T11:49:13.4990370Z, 2025-09-20T11:49:13.6800530Z] generation: gen2 LongSumNonMonotonic
Value: 78656952
(2025-09-20T11:49:13.4990370Z, 2025-09-20T11:49:13.6800530Z] generation: loh LongSumNonMonotonic
Value: 128864168
(2025-09-20T11:49:13.4990370Z, 2025-09-20T11:49:13.6800530Z] generation: poh LongSumNonMonotonic
Value: 262336

Metric Name: process.runtime.dotnet.gc.heap.fragmentation.size, The heap fragmentation, as observed during the latest garbage collection. The value will be unavailable until at least one garbage collection has occurred., Unit: bytes, Meter: OpenTelemetry.Instrumentation.Runtime/1.9.0
(2025-09-20T11:49:13.4990410Z, 2025-09-20T11:49:13.6800530Z] generation: gen0 LongSumNonMonotonic
Value: 6377928
(2025-09-20T11:49:13.4990410Z, 2025-09-20T11:49:13.6800530Z] generation: gen1 LongSumNonMonotonic
Value: 62208
(2025-09-20T11:49:13.4990410Z, 2025-09-20T11:49:13.6800530Z] generation: gen2 LongSumNonMonotonic
Value: 858312
(2025-09-20T11:49:13.4990410Z, 2025-09-20T11:49:13.6800530Z] generation: loh LongSumNonMonotonic
Value: 1425856
(2025-09-20T11:49:13.4990410Z, 2025-09-20T11:49:13.6800530Z] generation: poh LongSumNonMonotonic
Value: 0

Metric Name: process.runtime.dotnet.gc.duration, The total amount of time paused in GC since the process start., Unit: ns, Meter: OpenTelemetry.Instrumentation.Runtime/1.9.0
(2025-09-20T11:49:13.4990440Z, 2025-09-20T11:49:13.6800540Z] LongSum
Value: 655959000

Metric Name: process.runtime.dotnet.jit.il_compiled.size, Count of bytes of intermediate language that have been compiled since the process start., Unit: bytes, Meter: OpenTelemetry.Instrumentation.Runtime/1.9.0
(2025-09-20T11:49:13.4990480Z, 2025-09-20T11:49:13.6800540Z] LongSum
Value: 4027193

Metric Name: process.runtime.dotnet.jit.methods_compiled.count, The number of times the JIT compiler compiled a method since the process start. The JIT compiler may be invoked multiple times for the same method to compile with different generic parameters, or because tiered compilation requested different optimization settings., Meter: OpenTelemetry.Instrumentation.Runtime/1.9.0
(2025-09-20T11:49:13.4990530Z, 2025-09-20T11:49:13.6800540Z] LongSum
Value: 48892

Metric Name: process.runtime.dotnet.jit.compilation_time, The amount of time the JIT compiler has spent compiling methods since the process start., Unit: ns, Meter: OpenTelemetry.Instrumentation.Runtime/1.9.0
(2025-09-20T11:49:13.4990560Z, 2025-09-20T11:49:13.6800540Z] LongSum
Value: 11669203800

Metric Name: process.runtime.dotnet.monitor.lock_contention.count, The number of times there was contention when trying to acquire a monitor lock since the process start. Monitor locks are commonly acquired by using the lock keyword in C#, or by calling Monitor.Enter() and Monitor.TryEnter()., Meter: OpenTelemetry.Instrumentation.Runtime/1.9.0
(2025-09-20T11:49:13.4990590Z, 2025-09-20T11:49:13.6800550Z] LongSum
Value: 205

Metric Name: process.runtime.dotnet.thread_pool.threads.count, The number of thread pool threads that currently exist., Meter: OpenTelemetry.Instrumentation.Runtime/1.9.0
(2025-09-20T11:49:13.4990620Z, 2025-09-20T11:49:13.6800550Z] LongSumNonMonotonic
Value: 14

Metric Name: process.runtime.dotnet.thread_pool.completed_items.count, The number of work items that have been processed by the thread pool since the process start., Meter: OpenTelemetry.Instrumentation.Runtime/1.9.0
(2025-09-20T11:49:13.4990660Z, 2025-09-20T11:49:13.6800550Z] LongSum
Value: 2092

Metric Name: process.runtime.dotnet.thread_pool.queue.length, The number of work items that are currently queued to be processed by the thread pool., Meter: OpenTelemetry.Instrumentation.Runtime/1.9.0
(2025-09-20T11:49:13.4990690Z, 2025-09-20T11:49:13.6800550Z] LongSumNonMonotonic
Value: 0

Metric Name: process.runtime.dotnet.timer.count, The number of timer instances that are currently active. Timers can be created by many sources such as System.Threading.Timer, Task.Delay, or the timeout in a CancellationSource. An active timer is registered to tick at some point in the future and has not yet been canceled., Meter: OpenTelemetry.Instrumentation.Runtime/1.9.0
(2025-09-20T11:49:13.4990730Z, 2025-09-20T11:49:13.6800560Z] LongSumNonMonotonic
Value: 6

Metric Name: process.runtime.dotnet.assemblies.count, The number of .NET assemblies that are currently loaded., Meter: OpenTelemetry.Instrumentation.Runtime/1.9.0
(2025-09-20T11:49:13.4990760Z, 2025-09-20T11:49:13.6800560Z] LongSumNonMonotonic
Value: 208

Metric Name: agent.tasks.created, Count of agent tasks created., Unit: {task}, Meter: Appostolic.Metrics
(2025-09-20T11:49:13.4990820Z, 2025-09-20T11:49:13.6800580Z] agent.id: 11111111-1111-1111-1111-111111111111 tenant: kevin-personal LongSum
Value: 3

Metric Name: http.server.active_requests, Number of active HTTP server requests., Unit: {request}, Meter: Microsoft.AspNetCore.Hosting
(2025-09-20T11:49:13.4991310Z, 2025-09-20T11:49:13.6800780Z] http.request.method: POST url.scheme: http LongSumNonMonotonic
Value: 0
(2025-09-20T11:49:13.4991310Z, 2025-09-20T11:49:13.6800780Z] http.request.method: GET url.scheme: http LongSumNonMonotonic
Value: 0

Metric Name: http.server.request.duration, Duration of HTTP server requests., Unit: s, Meter: Microsoft.AspNetCore.Hosting
(2025-09-20T11:49:13.4991350Z, 2025-09-20T11:49:13.6800800Z] http.request.method: POST http.response.status_code: 201 http.route: /api/agent-tasks/ network.protocol.version: 1.1 url.scheme: http Histogram
Value: Sum: 0.0728265 Count: 3 Min: 0.0016563 Max: 0.0687682 
(-Infinity,0.005]:2
(0.005,0.01]:0
(0.01,0.025]:0
(0.025,0.05]:0
(0.05,0.075]:1
(0.075,0.1]:0
(0.1,0.25]:0
(0.25,0.5]:0
(0.5,0.75]:0
(0.75,1]:0
(1,2.5]:0
(2.5,5]:0
(5,7.5]:0
(7.5,10]:0
(10,+Infinity]:0

(2025-09-20T11:49:13.4991350Z, 2025-09-20T11:49:13.6800800Z] http.request.method: GET http.response.status_code: 200 http.route: /api/agent-tasks/{id:guid} network.protocol.version: 1.1 url.scheme: http Histogram
Value: Sum: 0.0305054 Count: 1 Min: 0.0305054 Max: 0.0305054 
(-Infinity,0.005]:0
(0.005,0.01]:0
(0.01,0.025]:0
(0.025,0.05]:1
(0.05,0.075]:0
(0.075,0.1]:0
(0.1,0.25]:0
(0.25,0.5]:0
(0.5,0.75]:0
(0.75,1]:0
(1,2.5]:0
(2.5,5]:0
(5,7.5]:0
(7.5,10]:0
(10,+Infinity]:0

(2025-09-20T11:49:13.4991350Z, 2025-09-20T11:49:13.6800800Z] http.request.method: GET http.response.status_code: 200 http.route: /api/agent-tasks/ network.protocol.version: 1.1 url.scheme: http Histogram
Value: Sum: 0.0182935 Count: 1 Min: 0.0182935 Max: 0.0182935 
(-Infinity,0.005]:0
(0.005,0.01]:0
(0.01,0.025]:1
(0.025,0.05]:0
(0.05,0.075]:0
(0.075,0.1]:0
(0.1,0.25]:0
(0.25,0.5]:0
(0.5,0.75]:0
(0.75,1]:0
(1,2.5]:0
(2.5,5]:0
(5,7.5]:0
(7.5,10]:0
(10,+Infinity]:0


Metric Name: aspnetcore.routing.match_attempts, Number of requests that were attempted to be matched to an endpoint., Unit: {match_attempt}, Meter: Microsoft.AspNetCore.Routing
(2025-09-20T11:49:13.5440050Z, 2025-09-20T11:49:13.6800800Z] aspnetcore.routing.is_fallback: false aspnetcore.routing.match_status: success http.route: /api/agent-tasks/ LongSum
Value: 4
(2025-09-20T11:49:13.5440050Z, 2025-09-20T11:49:13.6800800Z] aspnetcore.routing.is_fallback: false aspnetcore.routing.match_status: success http.route: /api/agent-tasks/{id:guid} LongSum
Value: 1
[Startup] Warning: failed to ensure app.notification_dedupes exists: Relational-specific methods can only be used when the context is using a relational database provider.
LogRecord.Timestamp:               2025-09-20T11:49:13.7638000Z
LogRecord.CategoryName:            Endpoints.V1
LogRecord.Severity:                Info
LogRecord.SeverityText:            Information
LogRecord.FormattedMessage:        [MapV1Endpoints] Environment='Development' IsDevelopment=True
LogRecord.Body:                    [MapV1Endpoints] Environment='{Env}' IsDevelopment={IsDev}
LogRecord.Attributes (Key:Value):
    Env: Development
    IsDev: true
    OriginalFormat (a.k.a Body): [MapV1Endpoints] Environment='{Env}' IsDevelopment={IsDev}

Resource associated with LogRecord:
service.name: Appostolic.Api
service.instance.id: cfc7ce07-e6a4-4518-a7e3-7e4ff99e6a9f
telemetry.sdk.name: opentelemetry
telemetry.sdk.language: dotnet
telemetry.sdk.version: 1.9.0

info: Endpoints.V1[0]
      [MapV1Endpoints] Environment='Development' IsDevelopment=True
LogRecord.Timestamp:               2025-09-20T11:49:13.7640670Z
LogRecord.CategoryName:            Microsoft.AspNetCore.DataProtection.KeyManagement.XmlKeyManager
LogRecord.Severity:                Info
LogRecord.SeverityText:            Information
LogRecord.FormattedMessage:        User profile is available. Using '/Users/kevinmccreary/.aspnet/DataProtection-Keys' as key repository; keys will not be encrypted at rest.
LogRecord.Body:                    User profile is available. Using '{FullName}' as key repository; keys will not be encrypted at rest.
LogRecord.Attributes (Key:Value):
    FullName: /Users/kevinmccreary/.aspnet/DataProtection-Keys
    OriginalFormat (a.k.a Body): User profile is available. Using '{FullName}' as key repository; keys will not be encrypted at rest.
LogRecord.EventId:                 62
LogRecord.EventName:               UsingProfileAsKeyRepository

Resource associated with LogRecord:
service.name: Appostolic.Api
service.instance.id: cfc7ce07-e6a4-4518-a7e3-7e4ff99e6a9f
telemetry.sdk.name: opentelemetry
telemetry.sdk.language: dotnet
telemetry.sdk.version: 1.9.0

info: Microsoft.AspNetCore.DataProtection.KeyManagement.XmlKeyManager[62]
      User profile is available. Using '/Users/kevinmccreary/.aspnet/DataProtection-Keys' as key repository; keys will not be encrypted at rest.
LogRecord.Timestamp:               2025-09-20T11:49:13.7652960Z
LogRecord.CategoryName:            Appostolic.Api.App.Notifications.AutoResendHostedService
LogRecord.Severity:                Info
LogRecord.SeverityText:            Information
LogRecord.FormattedMessage:        AutoResend is disabled by configuration
LogRecord.Body:                    AutoResend is disabled by configuration
LogRecord.Attributes (Key:Value):
    OriginalFormat (a.k.a Body): AutoResend is disabled by configuration

Resource associated with LogRecord:
service.name: Appostolic.Api
service.instance.id: cfc7ce07-e6a4-4518-a7e3-7e4ff99e6a9f
telemetry.sdk.name: opentelemetry
telemetry.sdk.language: dotnet
telemetry.sdk.version: 1.9.0

info: Appostolic.Api.App.Notifications.AutoResendHostedService[0]
      AutoResend is disabled by configuration
Resource associated with Metric:
    service.name: Appostolic.Api
    service.instance.id: cfc7ce07-e6a4-4518-a7e3-7e4ff99e6a9f
    telemetry.sdk.name: opentelemetry
    telemetry.sdk.language: dotnet
    telemetry.sdk.version: 1.9.0

Metric Name: process.runtime.dotnet.gc.collections.count, Number of garbage collections that have occurred since process start., Meter: OpenTelemetry.Instrumentation.Runtime/1.9.0
(2025-09-20T11:49:13.7646180Z, 2025-09-20T11:49:13.8097210Z] generation: gen2 LongSum
Value: 10
(2025-09-20T11:49:13.7646180Z, 2025-09-20T11:49:13.8097210Z] generation: gen1 LongSum
Value: 17
(2025-09-20T11:49:13.7646180Z, 2025-09-20T11:49:13.8097210Z] generation: gen0 LongSum
Value: 31

Metric Name: process.runtime.dotnet.gc.objects.size, Count of bytes currently in use by objects in the GC heap that haven't been collected yet. Fragmentation and other GC committed memory pools are excluded., Unit: bytes, Meter: OpenTelemetry.Instrumentation.Runtime/1.9.0
(2025-09-20T11:49:13.7646240Z, 2025-09-20T11:49:13.8097220Z] LongSumNonMonotonic
Value: 311204000

Metric Name: process.runtime.dotnet.gc.allocations.size, Count of bytes allocated on the managed GC heap since the process start. .NET objects are allocated from this heap. Object allocations from unmanaged languages such as C/C++ do not use this heap., Unit: bytes, Meter: OpenTelemetry.Instrumentation.Runtime/1.9.0
(2025-09-20T11:49:13.7646280Z, 2025-09-20T11:49:13.8097220Z] LongSum
Value: 1318922064

Metric Name: process.runtime.dotnet.gc.committed_memory.size, The amount of committed virtual memory for the managed GC heap, as observed during the latest garbage collection. Committed virtual memory may be larger than the heap size because it includes both memory for storing existing objects (the heap size) and some extra memory that is ready to handle newly allocated objects in the future. The value will be unavailable until at least one garbage collection has occurred., Unit: bytes, Meter: OpenTelemetry.Instrumentation.Runtime/1.9.0
(2025-09-20T11:49:13.7646370Z, 2025-09-20T11:49:13.8097220Z] LongSumNonMonotonic
Value: 225394688

Metric Name: process.runtime.dotnet.gc.heap.size, The heap size (including fragmentation), as observed during the latest garbage collection. The value will be unavailable until at least one garbage collection has occurred., Unit: bytes, Meter: OpenTelemetry.Instrumentation.Runtime/1.9.0
(2025-09-20T11:49:13.7646420Z, 2025-09-20T11:49:13.8097220Z] generation: gen0 LongSumNonMonotonic
Value: 6157536
(2025-09-20T11:49:13.7646420Z, 2025-09-20T11:49:13.8097220Z] generation: gen1 LongSumNonMonotonic
Value: 6257328
(2025-09-20T11:49:13.7646420Z, 2025-09-20T11:49:13.8097220Z] generation: gen2 LongSumNonMonotonic
Value: 78656952
(2025-09-20T11:49:13.7646420Z, 2025-09-20T11:49:13.8097220Z] generation: loh LongSumNonMonotonic
Value: 133753896
(2025-09-20T11:49:13.7646420Z, 2025-09-20T11:49:13.8097220Z] generation: poh LongSumNonMonotonic
Value: 262336

Metric Name: process.runtime.dotnet.gc.heap.fragmentation.size, The heap fragmentation, as observed during the latest garbage collection. The value will be unavailable until at least one garbage collection has occurred., Unit: bytes, Meter: OpenTelemetry.Instrumentation.Runtime/1.9.0
(2025-09-20T11:49:13.7646450Z, 2025-09-20T11:49:13.8097230Z] generation: gen0 LongSumNonMonotonic
Value: 6156936
(2025-09-20T11:49:13.7646450Z, 2025-09-20T11:49:13.8097230Z] generation: gen1 LongSumNonMonotonic
Value: 92624
(2025-09-20T11:49:13.7646450Z, 2025-09-20T11:49:13.8097230Z] generation: gen2 LongSumNonMonotonic
Value: 858312
(2025-09-20T11:49:13.7646450Z, 2025-09-20T11:49:13.8097230Z] generation: loh LongSumNonMonotonic
Value: 1426944
(2025-09-20T11:49:13.7646450Z, 2025-09-20T11:49:13.8097230Z] generation: poh LongSumNonMonotonic
Value: 0

Metric Name: process.runtime.dotnet.gc.duration, The total amount of time paused in GC since the process start., Unit: ns, Meter: OpenTelemetry.Instrumentation.Runtime/1.9.0
(2025-09-20T11:49:13.7646480Z, 2025-09-20T11:49:13.8097230Z] LongSum
Value: 663165000

Metric Name: process.runtime.dotnet.jit.il_compiled.size, Count of bytes of intermediate language that have been compiled since the process start., Unit: bytes, Meter: OpenTelemetry.Instrumentation.Runtime/1.9.0
(2025-09-20T11:49:13.7646510Z, 2025-09-20T11:49:13.8097230Z] LongSum
Value: 4037799

Metric Name: process.runtime.dotnet.jit.methods_compiled.count, The number of times the JIT compiler compiled a method since the process start. The JIT compiler may be invoked multiple times for the same method to compile with different generic parameters, or because tiered compilation requested different optimization settings., Meter: OpenTelemetry.Instrumentation.Runtime/1.9.0
(2025-09-20T11:49:13.7646560Z, 2025-09-20T11:49:13.8097230Z] LongSum
Value: 48970

Metric Name: process.runtime.dotnet.jit.compilation_time, The amount of time the JIT compiler has spent compiling methods since the process start., Unit: ns, Meter: OpenTelemetry.Instrumentation.Runtime/1.9.0
(2025-09-20T11:49:13.7646590Z, 2025-09-20T11:49:13.8097240Z] LongSum
Value: 11712790400

Metric Name: process.runtime.dotnet.monitor.lock_contention.count, The number of times there was contention when trying to acquire a monitor lock since the process start. Monitor locks are commonly acquired by using the lock keyword in C#, or by calling Monitor.Enter() and Monitor.TryEnter()., Meter: OpenTelemetry.Instrumentation.Runtime/1.9.0
(2025-09-20T11:49:13.7646620Z, 2025-09-20T11:49:13.8097240Z] LongSum
Value: 205

Metric Name: process.runtime.dotnet.thread_pool.threads.count, The number of thread pool threads that currently exist., Meter: OpenTelemetry.Instrumentation.Runtime/1.9.0
(2025-09-20T11:49:13.7646650Z, 2025-09-20T11:49:13.8097240Z] LongSumNonMonotonic
Value: 14

Metric Name: process.runtime.dotnet.thread_pool.completed_items.count, The number of work items that have been processed by the thread pool since the process start., Meter: OpenTelemetry.Instrumentation.Runtime/1.9.0
(2025-09-20T11:49:13.7646680Z, 2025-09-20T11:49:13.8097240Z] LongSum
Value: 2100

Metric Name: process.runtime.dotnet.thread_pool.queue.length, The number of work items that are currently queued to be processed by the thread pool., Meter: OpenTelemetry.Instrumentation.Runtime/1.9.0
(2025-09-20T11:49:13.7646710Z, 2025-09-20T11:49:13.8097250Z] LongSumNonMonotonic
Value: 0

Metric Name: process.runtime.dotnet.timer.count, The number of timer instances that are currently active. Timers can be created by many sources such as System.Threading.Timer, Task.Delay, or the timeout in a CancellationSource. An active timer is registered to tick at some point in the future and has not yet been canceled., Meter: OpenTelemetry.Instrumentation.Runtime/1.9.0
(2025-09-20T11:49:13.7646740Z, 2025-09-20T11:49:13.8097250Z] LongSumNonMonotonic
Value: 6

Metric Name: process.runtime.dotnet.assemblies.count, The number of .NET assemblies that are currently loaded., Meter: OpenTelemetry.Instrumentation.Runtime/1.9.0
(2025-09-20T11:49:13.7646780Z, 2025-09-20T11:49:13.8097250Z] LongSumNonMonotonic
Value: 208
[Startup] Warning: failed to ensure app.notification_dedupes exists: Relational-specific methods can only be used when the context is using a relational database provider.
LogRecord.Timestamp:               2025-09-20T11:49:13.8894640Z
LogRecord.CategoryName:            Endpoints.V1
LogRecord.Severity:                Info
LogRecord.SeverityText:            Information
LogRecord.FormattedMessage:        [MapV1Endpoints] Environment='Development' IsDevelopment=True
LogRecord.Body:                    [MapV1Endpoints] Environment='{Env}' IsDevelopment={IsDev}
LogRecord.Attributes (Key:Value):
    Env: Development
    IsDev: true
    OriginalFormat (a.k.a Body): [MapV1Endpoints] Environment='{Env}' IsDevelopment={IsDev}

Resource associated with LogRecord:
service.name: Appostolic.Api
service.instance.id: cfc7ce07-e6a4-4518-a7e3-7e4ff99e6a9f
telemetry.sdk.name: opentelemetry
telemetry.sdk.language: dotnet
telemetry.sdk.version: 1.9.0

info: Endpoints.V1[0]
      [MapV1Endpoints] Environment='Development' IsDevelopment=True
info: Microsoft.AspNetCore.DataProtection.KeyManagement.XmlKeyManager[62]
      User profile is available. Using '/Users/kevinmccreary/.aspnet/DataProtection-Keys' as key repository; keys will not be encrypted at rest.
LogRecord.Timestamp:               2025-09-20T11:49:13.8900130Z
LogRecord.CategoryName:            Microsoft.AspNetCore.DataProtection.KeyManagement.XmlKeyManager
LogRecord.Severity:                Info
LogRecord.SeverityText:            Information
LogRecord.FormattedMessage:        User profile is available. Using '/Users/kevinmccreary/.aspnet/DataProtection-Keys' as key repository; keys will not be encrypted at rest.
LogRecord.Body:                    User profile is available. Using '{FullName}' as key repository; keys will not be encrypted at rest.
LogRecord.Attributes (Key:Value):
    FullName: /Users/kevinmccreary/.aspnet/DataProtection-Keys
    OriginalFormat (a.k.a Body): User profile is available. Using '{FullName}' as key repository; keys will not be encrypted at rest.
LogRecord.EventId:                 62
LogRecord.EventName:               UsingProfileAsKeyRepository

Resource associated with LogRecord:
service.name: Appostolic.Api
service.instance.id: cfc7ce07-e6a4-4518-a7e3-7e4ff99e6a9f
telemetry.sdk.name: opentelemetry
telemetry.sdk.language: dotnet
telemetry.sdk.version: 1.9.0

LogRecord.Timestamp:               2025-09-20T11:49:13.8939430Z
LogRecord.CategoryName:            Appostolic.Api.App.Notifications.AutoResendHostedService
LogRecord.Severity:                Info
LogRecord.SeverityText:            Information
LogRecord.FormattedMessage:        AutoResend is disabled by configuration
LogRecord.Body:                    AutoResend is disabled by configuration
LogRecord.Attributes (Key:Value):
    OriginalFormat (a.k.a Body): AutoResend is disabled by configuration

Resource associated with LogRecord:
service.name: Appostolic.Api
service.instance.id: cfc7ce07-e6a4-4518-a7e3-7e4ff99e6a9f
telemetry.sdk.name: opentelemetry
telemetry.sdk.language: dotnet
telemetry.sdk.version: 1.9.0

info: Appostolic.Api.App.Notifications.AutoResendHostedService[0]
      AutoResend is disabled by configuration
info: Appostolic.Api.Infrastructure.Auth.DevHeaderAuthHandler[7]
      Dev was not authenticated. Failure message: Missing x-dev-user or x-tenant headers
LogRecord.Timestamp:               2025-09-20T11:49:14.0255750Z
LogRecord.TraceId:                 1ca53bb0f6e3add40aaf37d6f7fa4688
LogRecord.SpanId:                  46d671a357fa1f7b
LogRecord.TraceFlags:              Recorded
LogRecord.CategoryName:            Appostolic.Api.Infrastructure.Auth.DevHeaderAuthHandler
LogRecord.Severity:                Info
LogRecord.SeverityText:            Information
LogRecord.FormattedMessage:        Dev was not authenticated. Failure message: Missing x-dev-user or x-tenant headers
LogRecord.Body:                    {AuthenticationScheme} was not authenticated. Failure message: {FailureMessage}
LogRecord.Attributes (Key:Value):
    AuthenticationScheme: Dev
    FailureMessage: Missing x-dev-user or x-tenant headers
    OriginalFormat (a.k.a Body): {AuthenticationScheme} was not authenticated. Failure message: {FailureMessage}
LogRecord.EventId:                 7
LogRecord.EventName:               AuthenticationSchemeNotAuthenticatedWithFailure

Resource associated with LogRecord:
service.name: Appostolic.Api
service.instance.id: cfc7ce07-e6a4-4518-a7e3-7e4ff99e6a9f
telemetry.sdk.name: opentelemetry
telemetry.sdk.language: dotnet
telemetry.sdk.version: 1.9.0

LogRecord.Timestamp:               2025-09-20T11:49:14.5226800Z
info: Microsoft.AspNetCore.Http.Result.CreatedResult[1]
      Setting HTTP status code 201.
LogRecord.TraceId:                 1ca53bb0f6e3add40aaf37d6f7fa4688
LogRecord.SpanId:                  46d671a357fa1f7b
LogRecord.TraceFlags:              Recorded
LogRecord.CategoryName:            Microsoft.AspNetCore.Http.Result.CreatedResult
LogRecord.Severity:                Info
LogRecord.SeverityText:            Information
LogRecord.FormattedMessage:        Setting HTTP status code 201.
LogRecord.Body:                    Setting HTTP status code {StatusCode}.
LogRecord.Attributes (Key:Value):
    StatusCode: 201
    OriginalFormat (a.k.a Body): Setting HTTP status code {StatusCode}.
LogRecord.EventId:                 1
LogRecord.EventName:               WritingResultAsStatusCode

Resource associated with LogRecord:
service.name: Appostolic.Api
service.instance.id: cfc7ce07-e6a4-4518-a7e3-7e4ff99e6a9f
telemetry.sdk.name: opentelemetry
telemetry.sdk.language: dotnet
telemetry.sdk.version: 1.9.0

info: Microsoft.AspNetCore.Http.Result.CreatedResult[3]
      Writing value of type '<>f__AnonymousType23`3' as Json.
LogRecord.Timestamp:               2025-09-20T11:49:14.5232520Z
LogRecord.TraceId:                 1ca53bb0f6e3add40aaf37d6f7fa4688
LogRecord.SpanId:                  46d671a357fa1f7b
LogRecord.TraceFlags:              Recorded
LogRecord.CategoryName:            Microsoft.AspNetCore.Http.Result.CreatedResult
LogRecord.Severity:                Info
LogRecord.SeverityText:            Information
LogRecord.FormattedMessage:        Writing value of type '<>f__AnonymousType23`3' as Json.
LogRecord.Body:                    Writing value of type '{Type}' as Json.
LogRecord.Attributes (Key:Value):
    Type: <>f__AnonymousType23`3
    OriginalFormat (a.k.a Body): Writing value of type '{Type}' as Json.
LogRecord.EventId:                 3
LogRecord.EventName:               WritingResultAsJson

Resource associated with LogRecord:
service.name: Appostolic.Api
service.instance.id: cfc7ce07-e6a4-4518-a7e3-7e4ff99e6a9f
telemetry.sdk.name: opentelemetry
telemetry.sdk.language: dotnet
telemetry.sdk.version: 1.9.0

Activity.TraceId:            1ca53bb0f6e3add40aaf37d6f7fa4688
Activity.SpanId:             46d671a357fa1f7b
Activity.TraceFlags:         Recorded
Activity.ActivitySourceName: Microsoft.AspNetCore
Activity.DisplayName:        POST /api/auth/signup
Activity.Kind:               Server
Activity.StartTime:          2025-09-20T11:49:13.9619100Z
Activity.Duration:           00:00:00.5723910
Activity.Tags:
    server.address: localhost
    http.request.method: POST
    url.scheme: http
    url.path: /api/auth/signup
    network.protocol.version: 1.1
    http.route: /api/auth/signup
    http.response.status_code: 201
Resource associated with Activity:
    service.name: Appostolic.Api
    service.instance.id: cfc7ce07-e6a4-4518-a7e3-7e4ff99e6a9f
    telemetry.sdk.name: opentelemetry
    telemetry.sdk.language: dotnet
    telemetry.sdk.version: 1.9.0

LogRecord.Timestamp:               2025-09-20T11:49:14.5497030Z
LogRecord.TraceId:                 6ac9314edc8eea49a9d508254cfd51bf
LogRecord.SpanId:                  df2f3d1bf2d59efb
info: Appostolic.Api.Infrastructure.Auth.DevHeaderAuthHandler[7]
      Dev was not authenticated. Failure message: Missing x-dev-user or x-tenant headers
LogRecord.TraceFlags:              Recorded
LogRecord.CategoryName:            Appostolic.Api.Infrastructure.Auth.DevHeaderAuthHandler
LogRecord.Severity:                Info
LogRecord.SeverityText:            Information
LogRecord.FormattedMessage:        Dev was not authenticated. Failure message: Missing x-dev-user or x-tenant headers
LogRecord.Body:                    {AuthenticationScheme} was not authenticated. Failure message: {FailureMessage}
LogRecord.Attributes (Key:Value):
    AuthenticationScheme: Dev
    FailureMessage: Missing x-dev-user or x-tenant headers
    OriginalFormat (a.k.a Body): {AuthenticationScheme} was not authenticated. Failure message: {FailureMessage}
LogRecord.EventId:                 7
LogRecord.EventName:               AuthenticationSchemeNotAuthenticatedWithFailure

Resource associated with LogRecord:
service.name: Appostolic.Api
service.instance.id: cfc7ce07-e6a4-4518-a7e3-7e4ff99e6a9f
telemetry.sdk.name: opentelemetry
telemetry.sdk.language: dotnet
telemetry.sdk.version: 1.9.0

info: Microsoft.AspNetCore.Http.Result.OkObjectResult[1]
      Setting HTTP status code 200.
LogRecord.Timestamp:               2025-09-20T11:49:15.2460870Z
LogRecord.TraceId:                 6ac9314edc8eea49a9d508254cfd51bf
LogRecord.SpanId:                  df2f3d1bf2d59efb
LogRecord.TraceFlags:              Recorded
LogRecord.CategoryName:            Microsoft.AspNetCore.Http.Result.OkObjectResult
LogRecord.Severity:                Info
LogRecord.SeverityText:            Information
LogRecord.FormattedMessage:        Setting HTTP status code 200.
LogRecord.Body:                    Setting HTTP status code {StatusCode}.
LogRecord.Attributes (Key:Value):
    StatusCode: 200
    OriginalFormat (a.k.a Body): Setting HTTP status code {StatusCode}.
LogRecord.EventId:                 1
LogRecord.EventName:               WritingResultAsStatusCode

Resource associated with LogRecord:
service.name: Appostolic.Api
service.instance.id: cfc7ce07-e6a4-4518-a7e3-7e4ff99e6a9f
telemetry.sdk.name: opentelemetry
telemetry.sdk.language: dotnet
telemetry.sdk.version: 1.9.0

LogRecord.Timestamp:               2025-09-20T11:49:15.2480320Z
LogRecord.TraceId:                 6ac9314edc8eea49a9d508254cfd51bf
LogRecord.SpanId:                  df2f3d1bf2d59efb
LogRecord.TraceFlags:              Recorded
LogRecord.CategoryName:            Microsoft.AspNetCore.Http.Result.OkObjectResult
LogRecord.Severity:                Info
LogRecord.SeverityText:            Information
LogRecord.FormattedMessage:        Writing value of type '<>f__AnonymousType25`3' as Json.
LogRecord.Body:                    Writing value of type '{Type}' as Json.
LogRecord.Attributes (Key:Value):
    Type: <>f__AnonymousType25`3
    OriginalFormat (a.k.a Body): Writing value of type '{Type}' as Json.
LogRecord.EventId:                 3
LogRecord.EventName:               WritingResultAsJson

Resource associated with LogRecord:
service.name: Appostolic.Api
service.instance.id: cfc7ce07-e6a4-4518-a7e3-7e4ff99e6a9f
telemetry.sdk.name: opentelemetry
telemetry.sdk.language: dotnet
telemetry.sdk.version: 1.9.0

info: Microsoft.AspNetCore.Http.Result.OkObjectResult[3]
      Writing value of type '<>f__AnonymousType25`3' as Json.
Activity.TraceId:            6ac9314edc8eea49a9d508254cfd51bf
Activity.SpanId:             df2f3d1bf2d59efb
Activity.TraceFlags:         Recorded
Activity.ActivitySourceName: Microsoft.AspNetCore
Activity.DisplayName:        POST /api/auth/login
Activity.Kind:               Server
Activity.StartTime:          2025-09-20T11:49:14.5479460Z
Activity.Duration:           00:00:00.7006760
Activity.Tags:
    server.address: localhost
    http.request.method: POST
    url.scheme: http
    url.path: /api/auth/login
    network.protocol.version: 1.1
    http.route: /api/auth/login
    http.response.status_code: 200
Resource associated with Activity:
    service.name: Appostolic.Api
    service.instance.id: cfc7ce07-e6a4-4518-a7e3-7e4ff99e6a9f
    telemetry.sdk.name: opentelemetry
    telemetry.sdk.language: dotnet
    telemetry.sdk.version: 1.9.0

Resource associated with Metric:
    service.name: Appostolic.Api
    service.instance.id: cfc7ce07-e6a4-4518-a7e3-7e4ff99e6a9f
    telemetry.sdk.name: opentelemetry
    telemetry.sdk.language: dotnet
    telemetry.sdk.version: 1.9.0

Metric Name: process.runtime.dotnet.gc.collections.count, Number of garbage collections that have occurred since process start., Meter: OpenTelemetry.Instrumentation.Runtime/1.9.0
(2025-09-20T11:49:13.8922330Z, 2025-09-20T11:49:15.2509370Z] generation: gen2 LongSum
Value: 11
(2025-09-20T11:49:13.8922330Z, 2025-09-20T11:49:15.2509370Z] generation: gen1 LongSum
Value: 17
(2025-09-20T11:49:13.8922330Z, 2025-09-20T11:49:15.2509370Z] generation: gen0 LongSum
Value: 32

Metric Name: process.runtime.dotnet.gc.objects.size, Count of bytes currently in use by objects in the GC heap that haven't been collected yet. Fragmentation and other GC committed memory pools are excluded., Unit: bytes, Meter: OpenTelemetry.Instrumentation.Runtime/1.9.0
(2025-09-20T11:49:13.8922390Z, 2025-09-20T11:49:15.2509370Z] LongSumNonMonotonic
Value: 384472744

Metric Name: process.runtime.dotnet.gc.allocations.size, Count of bytes allocated on the managed GC heap since the process start. .NET objects are allocated from this heap. Object allocations from unmanaged languages such as C/C++ do not use this heap., Unit: bytes, Meter: OpenTelemetry.Instrumentation.Runtime/1.9.0
(2025-09-20T11:49:13.8922450Z, 2025-09-20T11:49:15.2509370Z] LongSum
Value: 1467232648

Metric Name: process.runtime.dotnet.gc.committed_memory.size, The amount of committed virtual memory for the managed GC heap, as observed during the latest garbage collection. Committed virtual memory may be larger than the heap size because it includes both memory for storing existing objects (the heap size) and some extra memory that is ready to handle newly allocated objects in the future. The value will be unavailable until at least one garbage collection has occurred., Unit: bytes, Meter: OpenTelemetry.Instrumentation.Runtime/1.9.0
(2025-09-20T11:49:13.8922500Z, 2025-09-20T11:49:15.2509380Z] LongSumNonMonotonic
Value: 337641472

Metric Name: process.runtime.dotnet.gc.heap.size, The heap size (including fragmentation), as observed during the latest garbage collection. The value will be unavailable until at least one garbage collection has occurred., Unit: bytes, Meter: OpenTelemetry.Instrumentation.Runtime/1.9.0
(2025-09-20T11:49:13.8922530Z, 2025-09-20T11:49:15.2509380Z] generation: gen0 LongSumNonMonotonic
Value: 5504192
(2025-09-20T11:49:13.8922530Z, 2025-09-20T11:49:15.2509380Z] generation: gen1 LongSumNonMonotonic
Value: 8960608
(2025-09-20T11:49:13.8922530Z, 2025-09-20T11:49:15.2509380Z] generation: gen2 LongSumNonMonotonic
Value: 78656952
(2025-09-20T11:49:13.8922530Z, 2025-09-20T11:49:15.2509380Z] generation: loh LongSumNonMonotonic
Value: 243934560
(2025-09-20T11:49:13.8922530Z, 2025-09-20T11:49:15.2509380Z] generation: poh LongSumNonMonotonic
Value: 262336

Metric Name: process.runtime.dotnet.gc.heap.fragmentation.size, The heap fragmentation, as observed during the latest garbage collection. The value will be unavailable until at least one garbage collection has occurred., Unit: bytes, Meter: OpenTelemetry.Instrumentation.Runtime/1.9.0
(2025-09-20T11:49:13.8922570Z, 2025-09-20T11:49:15.2509380Z] generation: gen0 LongSumNonMonotonic
Value: 4326296
(2025-09-20T11:49:13.8922570Z, 2025-09-20T11:49:15.2509380Z] generation: gen1 LongSumNonMonotonic
Value: 446336
(2025-09-20T11:49:13.8922570Z, 2025-09-20T11:49:15.2509380Z] generation: gen2 LongSumNonMonotonic
Value: 983976
(2025-09-20T11:49:13.8922570Z, 2025-09-20T11:49:15.2509380Z] generation: loh LongSumNonMonotonic
Value: 69062448
(2025-09-20T11:49:13.8922570Z, 2025-09-20T11:49:15.2509380Z] generation: poh LongSumNonMonotonic
Value: 0

Metric Name: process.runtime.dotnet.gc.duration, The total amount of time paused in GC since the process start., Unit: ns, Meter: OpenTelemetry.Instrumentation.Runtime/1.9.0
(2025-09-20T11:49:13.8922610Z, 2025-09-20T11:49:15.2509380Z] LongSum
Value: 671665000

Metric Name: process.runtime.dotnet.jit.il_compiled.size, Count of bytes of intermediate language that have been compiled since the process start., Unit: bytes, Meter: OpenTelemetry.Instrumentation.Runtime/1.9.0
(2025-09-20T11:49:13.8922630Z, 2025-09-20T11:49:15.2509380Z] LongSum
Value: 4200704

Metric Name: process.runtime.dotnet.jit.methods_compiled.count, The number of times the JIT compiler compiled a method since the process start. The JIT compiler may be invoked multiple times for the same method to compile with different generic parameters, or because tiered compilation requested different optimization settings., Meter: OpenTelemetry.Instrumentation.Runtime/1.9.0
(2025-09-20T11:49:13.8922690Z, 2025-09-20T11:49:15.2509380Z] LongSum
Value: 50801

Metric Name: process.runtime.dotnet.jit.compilation_time, The amount of time the JIT compiler has spent compiling methods since the process start., Unit: ns, Meter: OpenTelemetry.Instrumentation.Runtime/1.9.0
(2025-09-20T11:49:13.8922720Z, 2025-09-20T11:49:15.2509380Z] LongSum
Value: 13015108200

Metric Name: process.runtime.dotnet.monitor.lock_contention.count, The number of times there was contention when trying to acquire a monitor lock since the process start. Monitor locks are commonly acquired by using the lock keyword in C#, or by calling Monitor.Enter() and Monitor.TryEnter()., Meter: OpenTelemetry.Instrumentation.Runtime/1.9.0
(2025-09-20T11:49:13.8922760Z, 2025-09-20T11:49:15.2509380Z] LongSum
Value: 208

Metric Name: process.runtime.dotnet.thread_pool.threads.count, The number of thread pool threads that currently exist., Meter: OpenTelemetry.Instrumentation.Runtime/1.9.0
(2025-09-20T11:49:13.8922800Z, 2025-09-20T11:49:15.2509380Z] LongSumNonMonotonic
Value: 14

Metric Name: process.runtime.dotnet.thread_pool.completed_items.count, The number of work items that have been processed by the thread pool since the process start., Meter: OpenTelemetry.Instrumentation.Runtime/1.9.0
(2025-09-20T11:49:13.8922840Z, 2025-09-20T11:49:15.2509380Z] LongSum
Value: 2197

Metric Name: process.runtime.dotnet.thread_pool.queue.length, The number of work items that are currently queued to be processed by the thread pool., Meter: OpenTelemetry.Instrumentation.Runtime/1.9.0
(2025-09-20T11:49:13.8922880Z, 2025-09-20T11:49:15.2509380Z] LongSumNonMonotonic
Value: 0

Metric Name: process.runtime.dotnet.timer.count, The number of timer instances that are currently active. Timers can be created by many sources such as System.Threading.Timer, Task.Delay, or the timeout in a CancellationSource. An active timer is registered to tick at some point in the future and has not yet been canceled., Meter: OpenTelemetry.Instrumentation.Runtime/1.9.0
(2025-09-20T11:49:13.8922910Z, 2025-09-20T11:49:15.2509390Z] LongSumNonMonotonic
Value: 6

Metric Name: process.runtime.dotnet.assemblies.count, The number of .NET assemblies that are currently loaded., Meter: OpenTelemetry.Instrumentation.Runtime/1.9.0
(2025-09-20T11:49:13.8922960Z, 2025-09-20T11:49:15.2509390Z] LongSumNonMonotonic
Value: 208

Metric Name: http.server.active_requests, Number of active HTTP server requests., Unit: {request}, Meter: Microsoft.AspNetCore.Hosting
(2025-09-20T11:49:13.8923610Z, 2025-09-20T11:49:15.2509420Z] http.request.method: POST url.scheme: http LongSumNonMonotonic
Value: 0

Metric Name: http.server.request.duration, Duration of HTTP server requests., Unit: s, Meter: Microsoft.AspNetCore.Hosting
(2025-09-20T11:49:13.8923650Z, 2025-09-20T11:49:15.2509430Z] http.request.method: POST http.response.status_code: 201 http.route: /api/auth/signup network.protocol.version: 1.1 url.scheme: http Histogram
Value: Sum: 0.5723614 Count: 1 Min: 0.5723614 Max: 0.5723614 
(-Infinity,0.005]:0
(0.005,0.01]:0
(0.01,0.025]:0
(0.025,0.05]:0
(0.05,0.075]:0
(0.075,0.1]:0
(0.1,0.25]:0
(0.25,0.5]:0
(0.5,0.75]:1
(0.75,1]:0
(1,2.5]:0
(2.5,5]:0
(5,7.5]:0
(7.5,10]:0
(10,+Infinity]:0

(2025-09-20T11:49:13.8923650Z, 2025-09-20T11:49:15.2509430Z] http.request.method: POST http.response.status_code: 200 http.route: /api/auth/login network.protocol.version: 1.1 url.scheme: http Histogram
Value: Sum: 0.7005994 Count: 1 Min: 0.7005994 Max: 0.7005994 
(-Infinity,0.005]:0
(0.005,0.01]:0
(0.01,0.025]:0
(0.025,0.05]:0
(0.05,0.075]:0
(0.075,0.1]:0
(0.1,0.25]:0
(0.25,0.5]:0
(0.5,0.75]:1
(0.75,1]:0
(1,2.5]:0
(2.5,5]:0
(5,7.5]:0
(7.5,10]:0
(10,+Infinity]:0


Metric Name: aspnetcore.routing.match_attempts, Number of requests that were attempted to be matched to an endpoint., Unit: {match_attempt}, Meter: Microsoft.AspNetCore.Routing
(2025-09-20T11:49:13.9584080Z, 2025-09-20T11:49:15.2509440Z] aspnetcore.routing.is_fallback: false aspnetcore.routing.match_status: success http.route: /api/auth/signup LongSum
Value: 1
(2025-09-20T11:49:13.9584080Z, 2025-09-20T11:49:15.2509440Z] aspnetcore.routing.is_fallback: false aspnetcore.routing.match_status: success http.route: /api/auth/login LongSum
Value: 1
[Startup] Warning: failed to ensure app.notification_dedupes exists: Relational-specific methods can only be used when the context is using a relational database provider.
info: Endpoints.V1[0]
      [MapV1Endpoints] Environment='Development' IsDevelopment=True
LogRecord.Timestamp:               2025-09-20T11:49:15.4090270Z
LogRecord.CategoryName:            Endpoints.V1
LogRecord.Severity:                Info
LogRecord.SeverityText:            Information
LogRecord.FormattedMessage:        [MapV1Endpoints] Environment='Development' IsDevelopment=True
LogRecord.Body:                    [MapV1Endpoints] Environment='{Env}' IsDevelopment={IsDev}
LogRecord.Attributes (Key:Value):
    Env: Development
    IsDev: true
    OriginalFormat (a.k.a Body): [MapV1Endpoints] Environment='{Env}' IsDevelopment={IsDev}

Resource associated with LogRecord:
service.name: Appostolic.Api
service.instance.id: cfc7ce07-e6a4-4518-a7e3-7e4ff99e6a9f
telemetry.sdk.name: opentelemetry
telemetry.sdk.language: dotnet
telemetry.sdk.version: 1.9.0

info: Microsoft.AspNetCore.DataProtection.KeyManagement.XmlKeyManager[62]
      User profile is available. Using '/Users/kevinmccreary/.aspnet/DataProtection-Keys' as key repository; keys will not be encrypted at rest.
LogRecord.Timestamp:               2025-09-20T11:49:15.4102810Z
LogRecord.CategoryName:            Microsoft.AspNetCore.DataProtection.KeyManagement.XmlKeyManager
LogRecord.Severity:                Info
LogRecord.SeverityText:            Information
LogRecord.FormattedMessage:        User profile is available. Using '/Users/kevinmccreary/.aspnet/DataProtection-Keys' as key repository; keys will not be encrypted at rest.
LogRecord.Body:                    User profile is available. Using '{FullName}' as key repository; keys will not be encrypted at rest.
LogRecord.Attributes (Key:Value):
    FullName: /Users/kevinmccreary/.aspnet/DataProtection-Keys
    OriginalFormat (a.k.a Body): User profile is available. Using '{FullName}' as key repository; keys will not be encrypted at rest.
LogRecord.EventId:                 62
LogRecord.EventName:               UsingProfileAsKeyRepository

Resource associated with LogRecord:
service.name: Appostolic.Api
service.instance.id: cfc7ce07-e6a4-4518-a7e3-7e4ff99e6a9f
telemetry.sdk.name: opentelemetry
telemetry.sdk.language: dotnet
telemetry.sdk.version: 1.9.0

LogRecord.Timestamp:               2025-09-20T11:49:15.4285020Z
info: Appostolic.Api.App.Notifications.AutoResendHostedService[0]
      AutoResend is disabled by configuration
LogRecord.CategoryName:            Appostolic.Api.App.Notifications.AutoResendHostedService
LogRecord.Severity:                Info
LogRecord.SeverityText:            Information
LogRecord.FormattedMessage:        AutoResend is disabled by configuration
LogRecord.Body:                    AutoResend is disabled by configuration
LogRecord.Attributes (Key:Value):
    OriginalFormat (a.k.a Body): AutoResend is disabled by configuration

Resource associated with LogRecord:
service.name: Appostolic.Api
service.instance.id: cfc7ce07-e6a4-4518-a7e3-7e4ff99e6a9f
telemetry.sdk.name: opentelemetry
telemetry.sdk.language: dotnet
telemetry.sdk.version: 1.9.0

LogRecord.Timestamp:               2025-09-20T11:49:15.5082020Z
LogRecord.TraceId:                 8ba6e62f63538f46838eced1236743a5
LogRecord.SpanId:                  5f42e3624f175ca2
info: Appostolic.Api.Infrastructure.Auth.DevHeaderAuthHandler[7]
      Dev was not authenticated. Failure message: Missing x-dev-user or x-tenant headers
LogRecord.TraceFlags:              Recorded
LogRecord.CategoryName:            Appostolic.Api.Infrastructure.Auth.DevHeaderAuthHandler
LogRecord.Severity:                Info
LogRecord.SeverityText:            Information
LogRecord.FormattedMessage:        Dev was not authenticated. Failure message: Missing x-dev-user or x-tenant headers
LogRecord.Body:                    {AuthenticationScheme} was not authenticated. Failure message: {FailureMessage}
LogRecord.Attributes (Key:Value):
    AuthenticationScheme: Dev
    FailureMessage: Missing x-dev-user or x-tenant headers
    OriginalFormat (a.k.a Body): {AuthenticationScheme} was not authenticated. Failure message: {FailureMessage}
LogRecord.EventId:                 7
LogRecord.EventName:               AuthenticationSchemeNotAuthenticatedWithFailure

Resource associated with LogRecord:
service.name: Appostolic.Api
service.instance.id: cfc7ce07-e6a4-4518-a7e3-7e4ff99e6a9f
telemetry.sdk.name: opentelemetry
telemetry.sdk.language: dotnet
telemetry.sdk.version: 1.9.0

info: Microsoft.AspNetCore.Http.Result.CreatedResult[1]
      Setting HTTP status code 201.
LogRecord.Timestamp:               2025-09-20T11:49:15.7570690Z
LogRecord.TraceId:                 8ba6e62f63538f46838eced1236743a5
LogRecord.SpanId:                  5f42e3624f175ca2
LogRecord.TraceFlags:              Recorded
LogRecord.CategoryName:            Microsoft.AspNetCore.Http.Result.CreatedResult
LogRecord.Severity:                Info
LogRecord.SeverityText:            Information
LogRecord.FormattedMessage:        Setting HTTP status code 201.
LogRecord.Body:                    Setting HTTP status code {StatusCode}.
LogRecord.Attributes (Key:Value):
    StatusCode: 201
    OriginalFormat (a.k.a Body): Setting HTTP status code {StatusCode}.
LogRecord.EventId:                 1
LogRecord.EventName:               WritingResultAsStatusCode

Resource associated with LogRecord:
service.name: Appostolic.Api
service.instance.id: cfc7ce07-e6a4-4518-a7e3-7e4ff99e6a9f
telemetry.sdk.name: opentelemetry
telemetry.sdk.language: dotnet
telemetry.sdk.version: 1.9.0

info: Microsoft.AspNetCore.Http.Result.CreatedResult[3]
      Writing value of type '<>f__AnonymousType23`3' as Json.
LogRecord.Timestamp:               2025-09-20T11:49:15.7577190Z
LogRecord.TraceId:                 8ba6e62f63538f46838eced1236743a5
LogRecord.SpanId:                  5f42e3624f175ca2
LogRecord.TraceFlags:              Recorded
LogRecord.CategoryName:            Microsoft.AspNetCore.Http.Result.CreatedResult
LogRecord.Severity:                Info
LogRecord.SeverityText:            Information
LogRecord.FormattedMessage:        Writing value of type '<>f__AnonymousType23`3' as Json.
LogRecord.Body:                    Writing value of type '{Type}' as Json.
LogRecord.Attributes (Key:Value):
    Type: <>f__AnonymousType23`3
    OriginalFormat (a.k.a Body): Writing value of type '{Type}' as Json.
LogRecord.EventId:                 3
LogRecord.EventName:               WritingResultAsJson

Resource associated with LogRecord:
service.name: Appostolic.Api
service.instance.id: cfc7ce07-e6a4-4518-a7e3-7e4ff99e6a9f
telemetry.sdk.name: opentelemetry
telemetry.sdk.language: dotnet
telemetry.sdk.version: 1.9.0

Activity.TraceId:            8ba6e62f63538f46838eced1236743a5
Activity.SpanId:             5f42e3624f175ca2
Activity.TraceFlags:         Recorded
Activity.ActivitySourceName: Microsoft.AspNetCore
Activity.DisplayName:        POST /api/auth/signup
Activity.Kind:               Server
Activity.StartTime:          2025-09-20T11:49:15.4703680Z
Activity.Duration:           00:00:00.3151800
Activity.Tags:
    server.address: localhost
    http.request.method: POST
    url.scheme: http
    url.path: /api/auth/signup
    network.protocol.version: 1.1
    http.route: /api/auth/signup
    http.response.status_code: 201
Resource associated with Activity:
    service.name: Appostolic.Api
    service.instance.id: cfc7ce07-e6a4-4518-a7e3-7e4ff99e6a9f
    telemetry.sdk.name: opentelemetry
    telemetry.sdk.language: dotnet
    telemetry.sdk.version: 1.9.0

LogRecord.Timestamp:               2025-09-20T11:49:15.8029510Z
LogRecord.TraceId:                 c9e44dbf3b6bfc241b0a8827efc19784
LogRecord.SpanId:                  37a828ef6eaac01b
info: Appostolic.Api.Infrastructure.Auth.DevHeaderAuthHandler[7]
      Dev was not authenticated. Failure message: Missing x-dev-user or x-tenant headers
LogRecord.TraceFlags:              Recorded
LogRecord.CategoryName:            Appostolic.Api.Infrastructure.Auth.DevHeaderAuthHandler
LogRecord.Severity:                Info
LogRecord.SeverityText:            Information
LogRecord.FormattedMessage:        Dev was not authenticated. Failure message: Missing x-dev-user or x-tenant headers
LogRecord.Body:                    {AuthenticationScheme} was not authenticated. Failure message: {FailureMessage}
LogRecord.Attributes (Key:Value):
    AuthenticationScheme: Dev
    FailureMessage: Missing x-dev-user or x-tenant headers
    OriginalFormat (a.k.a Body): {AuthenticationScheme} was not authenticated. Failure message: {FailureMessage}
LogRecord.EventId:                 7
LogRecord.EventName:               AuthenticationSchemeNotAuthenticatedWithFailure

Resource associated with LogRecord:
service.name: Appostolic.Api
service.instance.id: cfc7ce07-e6a4-4518-a7e3-7e4ff99e6a9f
telemetry.sdk.name: opentelemetry
telemetry.sdk.language: dotnet
telemetry.sdk.version: 1.9.0

info: Microsoft.AspNetCore.Http.Result.OkObjectResult[1]
      Setting HTTP status code 200.
LogRecord.Timestamp:               2025-09-20T11:49:16.0885780Z
LogRecord.TraceId:                 c9e44dbf3b6bfc241b0a8827efc19784
LogRecord.SpanId:                  37a828ef6eaac01b
LogRecord.TraceFlags:              Recorded
LogRecord.CategoryName:            Microsoft.AspNetCore.Http.Result.OkObjectResult
LogRecord.Severity:                Info
LogRecord.SeverityText:            Information
LogRecord.FormattedMessage:        Setting HTTP status code 200.
LogRecord.Body:                    Setting HTTP status code {StatusCode}.
LogRecord.Attributes (Key:Value):
    StatusCode: 200
    OriginalFormat (a.k.a Body): Setting HTTP status code {StatusCode}.
LogRecord.EventId:                 1
LogRecord.EventName:               WritingResultAsStatusCode

Resource associated with LogRecord:
service.name: Appostolic.Api
service.instance.id: cfc7ce07-e6a4-4518-a7e3-7e4ff99e6a9f
telemetry.sdk.name: opentelemetry
telemetry.sdk.language: dotnet
telemetry.sdk.version: 1.9.0

info: Microsoft.AspNetCore.Http.Result.OkObjectResult[3]
      Writing value of type '<>f__AnonymousType25`3' as Json.
LogRecord.Timestamp:               2025-09-20T11:49:16.0890810Z
LogRecord.TraceId:                 c9e44dbf3b6bfc241b0a8827efc19784
LogRecord.SpanId:                  37a828ef6eaac01b
LogRecord.TraceFlags:              Recorded
LogRecord.CategoryName:            Microsoft.AspNetCore.Http.Result.OkObjectResult
LogRecord.Severity:                Info
LogRecord.SeverityText:            Information
LogRecord.FormattedMessage:        Writing value of type '<>f__AnonymousType25`3' as Json.
LogRecord.Body:                    Writing value of type '{Type}' as Json.
LogRecord.Attributes (Key:Value):
    Type: <>f__AnonymousType25`3
    OriginalFormat (a.k.a Body): Writing value of type '{Type}' as Json.
LogRecord.EventId:                 3
LogRecord.EventName:               WritingResultAsJson

Resource associated with LogRecord:
service.name: Appostolic.Api
service.instance.id: cfc7ce07-e6a4-4518-a7e3-7e4ff99e6a9f
telemetry.sdk.name: opentelemetry
telemetry.sdk.language: dotnet
telemetry.sdk.version: 1.9.0

Activity.TraceId:            c9e44dbf3b6bfc241b0a8827efc19784
Activity.SpanId:             37a828ef6eaac01b
Activity.TraceFlags:         Recorded
Activity.ActivitySourceName: Microsoft.AspNetCore
Activity.DisplayName:        POST /api/auth/login
Activity.Kind:               Server
Activity.StartTime:          2025-09-20T11:49:15.7958830Z
Activity.Duration:           00:00:00.2934690
Activity.Tags:
    server.address: localhost
    http.request.method: POST
    url.scheme: http
    url.path: /api/auth/login
    network.protocol.version: 1.1
    http.route: /api/auth/login
    http.response.status_code: 200
Resource associated with Activity:
    service.name: Appostolic.Api
    service.instance.id: cfc7ce07-e6a4-4518-a7e3-7e4ff99e6a9f
    telemetry.sdk.name: opentelemetry
    telemetry.sdk.language: dotnet
    telemetry.sdk.version: 1.9.0

Resource associated with Metric:
    service.name: Appostolic.Api
    service.instance.id: cfc7ce07-e6a4-4518-a7e3-7e4ff99e6a9f
    telemetry.sdk.name: opentelemetry
    telemetry.sdk.language: dotnet
    telemetry.sdk.version: 1.9.0

Metric Name: process.runtime.dotnet.gc.collections.count, Number of garbage collections that have occurred since process start., Meter: OpenTelemetry.Instrumentation.Runtime/1.9.0
(2025-09-20T11:49:15.4146020Z, 2025-09-20T11:49:16.1383300Z] generation: gen2 LongSum
Value: 11
(2025-09-20T11:49:15.4146020Z, 2025-09-20T11:49:16.1383300Z] generation: gen1 LongSum
Value: 18
(2025-09-20T11:49:15.4146020Z, 2025-09-20T11:49:16.1383300Z] generation: gen0 LongSum
Value: 32

Metric Name: process.runtime.dotnet.gc.objects.size, Count of bytes currently in use by objects in the GC heap that haven't been collected yet. Fragmentation and other GC committed memory pools are excluded., Unit: bytes, Meter: OpenTelemetry.Instrumentation.Runtime/1.9.0
(2025-09-20T11:49:15.4146150Z, 2025-09-20T11:49:16.1383310Z] LongSumNonMonotonic
Value: 532760176

Metric Name: process.runtime.dotnet.gc.allocations.size, Count of bytes allocated on the managed GC heap since the process start. .NET objects are allocated from this heap. Object allocations from unmanaged languages such as C/C++ do not use this heap., Unit: bytes, Meter: OpenTelemetry.Instrumentation.Runtime/1.9.0
(2025-09-20T11:49:15.4146220Z, 2025-09-20T11:49:16.1383320Z] LongSum
Value: 1616140736

Metric Name: process.runtime.dotnet.gc.committed_memory.size, The amount of committed virtual memory for the managed GC heap, as observed during the latest garbage collection. Committed virtual memory may be larger than the heap size because it includes both memory for storing existing objects (the heap size) and some extra memory that is ready to handle newly allocated objects in the future. The value will be unavailable until at least one garbage collection has occurred., Unit: bytes, Meter: OpenTelemetry.Instrumentation.Runtime/1.9.0
(2025-09-20T11:49:15.4146320Z, 2025-09-20T11:49:16.1383320Z] LongSumNonMonotonic
Value: 339738624

Metric Name: process.runtime.dotnet.gc.heap.size, The heap size (including fragmentation), as observed during the latest garbage collection. The value will be unavailable until at least one garbage collection has occurred., Unit: bytes, Meter: OpenTelemetry.Instrumentation.Runtime/1.9.0
(2025-09-20T11:49:15.4146400Z, 2025-09-20T11:49:16.1383320Z] generation: gen0 LongSumNonMonotonic
Value: 6191392
(2025-09-20T11:49:15.4146400Z, 2025-09-20T11:49:16.1383320Z] generation: gen1 LongSumNonMonotonic
Value: 2112056
(2025-09-20T11:49:15.4146400Z, 2025-09-20T11:49:16.1383320Z] generation: gen2 LongSumNonMonotonic
Value: 86974544
(2025-09-20T11:49:15.4146400Z, 2025-09-20T11:49:16.1383320Z] generation: loh LongSumNonMonotonic
Value: 243934560
(2025-09-20T11:49:15.4146400Z, 2025-09-20T11:49:16.1383320Z] generation: poh LongSumNonMonotonic
Value: 262336

Metric Name: process.runtime.dotnet.gc.heap.fragmentation.size, The heap fragmentation, as observed during the latest garbage collection. The value will be unavailable until at least one garbage collection has occurred., Unit: bytes, Meter: OpenTelemetry.Instrumentation.Runtime/1.9.0
(2025-09-20T11:49:15.4146480Z, 2025-09-20T11:49:16.1383320Z] generation: gen0 LongSumNonMonotonic
Value: 6190864
(2025-09-20T11:49:15.4146480Z, 2025-09-20T11:49:16.1383320Z] generation: gen1 LongSumNonMonotonic
Value: 27672
(2025-09-20T11:49:15.4146480Z, 2025-09-20T11:49:16.1383320Z] generation: gen2 LongSumNonMonotonic
Value: 880960
(2025-09-20T11:49:15.4146480Z, 2025-09-20T11:49:16.1383320Z] generation: loh LongSumNonMonotonic
Value: 31038784
(2025-09-20T11:49:15.4146480Z, 2025-09-20T11:49:16.1383320Z] generation: poh LongSumNonMonotonic
Value: 0

Metric Name: process.runtime.dotnet.gc.duration, The total amount of time paused in GC since the process start., Unit: ns, Meter: OpenTelemetry.Instrumentation.Runtime/1.9.0
(2025-09-20T11:49:15.4146530Z, 2025-09-20T11:49:16.1383320Z] LongSum
Value: 683902000

Metric Name: process.runtime.dotnet.jit.il_compiled.size, Count of bytes of intermediate language that have been compiled since the process start., Unit: bytes, Meter: OpenTelemetry.Instrumentation.Runtime/1.9.0
(2025-09-20T11:49:15.4146730Z, 2025-09-20T11:49:16.1383330Z] LongSum
Value: 4311660

Metric Name: process.runtime.dotnet.jit.methods_compiled.count, The number of times the JIT compiler compiled a method since the process start. The JIT compiler may be invoked multiple times for the same method to compile with different generic parameters, or because tiered compilation requested different optimization settings., Meter: OpenTelemetry.Instrumentation.Runtime/1.9.0
(2025-09-20T11:49:15.4146840Z, 2025-09-20T11:49:16.1383330Z] LongSum
Value: 52232

Metric Name: process.runtime.dotnet.jit.compilation_time, The amount of time the JIT compiler has spent compiling methods since the process start., Unit: ns, Meter: OpenTelemetry.Instrumentation.Runtime/1.9.0
(2025-09-20T11:49:15.4146890Z, 2025-09-20T11:49:16.1383330Z] LongSum
Value: 13594238800

Metric Name: process.runtime.dotnet.monitor.lock_contention.count, The number of times there was contention when trying to acquire a monitor lock since the process start. Monitor locks are commonly acquired by using the lock keyword in C#, or by calling Monitor.Enter() and Monitor.TryEnter()., Meter: OpenTelemetry.Instrumentation.Runtime/1.9.0
(2025-09-20T11:49:15.4146960Z, 2025-09-20T11:49:16.1383330Z] LongSum
Value: 215

Metric Name: process.runtime.dotnet.thread_pool.threads.count, The number of thread pool threads that currently exist., Meter: OpenTelemetry.Instrumentation.Runtime/1.9.0
(2025-09-20T11:49:15.4147030Z, 2025-09-20T11:49:16.1383340Z] LongSumNonMonotonic
Value: 14

Metric Name: process.runtime.dotnet.thread_pool.completed_items.count, The number of work items that have been processed by the thread pool since the process start., Meter: OpenTelemetry.Instrumentation.Runtime/1.9.0
(2025-09-20T11:49:15.4147080Z, 2025-09-20T11:49:16.1383340Z] LongSum
Value: 2284

Metric Name: process.runtime.dotnet.thread_pool.queue.length, The number of work items that are currently queued to be processed by the thread pool., Meter: OpenTelemetry.Instrumentation.Runtime/1.9.0
(2025-09-20T11:49:15.4147150Z, 2025-09-20T11:49:16.1383340Z] LongSumNonMonotonic
Value: 1

Metric Name: process.runtime.dotnet.timer.count, The number of timer instances that are currently active. Timers can be created by many sources such as System.Threading.Timer, Task.Delay, or the timeout in a CancellationSource. An active timer is registered to tick at some point in the future and has not yet been canceled., Meter: OpenTelemetry.Instrumentation.Runtime/1.9.0
(2025-09-20T11:49:15.4147220Z, 2025-09-20T11:49:16.1383340Z] LongSumNonMonotonic
Value: 6

Metric Name: process.runtime.dotnet.assemblies.count, The number of .NET assemblies that are currently loaded., Meter: OpenTelemetry.Instrumentation.Runtime/1.9.0
(2025-09-20T11:49:15.4147270Z, 2025-09-20T11:49:16.1383350Z] LongSumNonMonotonic
Value: 210

Metric Name: process.runtime.dotnet.exceptions.count, Count of exceptions that have been thrown in managed code, since the observation started. The value will be unavailable until an exception has been thrown after OpenTelemetry.Instrumentation.Runtime initialization., Meter: OpenTelemetry.Instrumentation.Runtime/1.9.0
(2025-09-20T11:49:15.4147350Z, 2025-09-20T11:49:16.1383350Z] LongSum
Value: 4

Metric Name: http.server.active_requests, Number of active HTTP server requests., Unit: {request}, Meter: Microsoft.AspNetCore.Hosting
(2025-09-20T11:49:15.4148410Z, 2025-09-20T11:49:16.1383410Z] http.request.method: POST url.scheme: http LongSumNonMonotonic
Value: 0

Metric Name: http.server.request.duration, Duration of HTTP server requests., Unit: s, Meter: Microsoft.AspNetCore.Hosting
(2025-09-20T11:49:15.4148530Z, 2025-09-20T11:49:16.1383420Z] http.request.method: POST http.response.status_code: 201 http.route: /api/auth/signup network.protocol.version: 1.1 url.scheme: http Histogram
Value: Sum: 0.3151621 Count: 1 Min: 0.3151621 Max: 0.3151621 
(-Infinity,0.005]:0
(0.005,0.01]:0
(0.01,0.025]:0
(0.025,0.05]:0
(0.05,0.075]:0
(0.075,0.1]:0
(0.1,0.25]:0
(0.25,0.5]:1
(0.5,0.75]:0
(0.75,1]:0
(1,2.5]:0
(2.5,5]:0
(5,7.5]:0
(7.5,10]:0
(10,+Infinity]:0

(2025-09-20T11:49:15.4148530Z, 2025-09-20T11:49:16.1383420Z] http.request.method: POST http.response.status_code: 200 http.route: /api/auth/login network.protocol.version: 1.1 url.scheme: http Histogram
Value: Sum: 0.2935295 Count: 1 Min: 0.2935295 Max: 0.2935295 
(-Infinity,0.005]:0
(0.005,0.01]:0
(0.01,0.025]:0
(0.025,0.05]:0
(0.05,0.075]:0
(0.075,0.1]:0
(0.1,0.25]:0
(0.25,0.5]:1
(0.5,0.75]:0
(0.75,1]:0
(1,2.5]:0
(2.5,5]:0
(5,7.5]:0
(7.5,10]:0
(10,+Infinity]:0


Metric Name: aspnetcore.routing.match_attempts, Number of requests that were attempted to be matched to an endpoint., Unit: {match_attempt}, Meter: Microsoft.AspNetCore.Routing
(2025-09-20T11:49:15.4687380Z, 2025-09-20T11:49:16.1383430Z] aspnetcore.routing.is_fallback: false aspnetcore.routing.match_status: success http.route: /api/auth/signup LongSum
Value: 1
(2025-09-20T11:49:15.4687380Z, 2025-09-20T11:49:16.1383430Z] aspnetcore.routing.is_fallback: false aspnetcore.routing.match_status: success http.route: /api/auth/login LongSum
Value: 1
[Startup] Warning: failed to ensure app.notification_dedupes exists: Relational-specific methods can only be used when the context is using a relational database provider.
LogRecord.Timestamp:               2025-09-20T11:49:16.2424990Z
LogRecord.CategoryName:            Endpoints.V1
info: Endpoints.V1[0]
      [MapV1Endpoints] Environment='Development' IsDevelopment=True
LogRecord.Severity:                Info
LogRecord.SeverityText:            Information
LogRecord.FormattedMessage:        [MapV1Endpoints] Environment='Development' IsDevelopment=True
LogRecord.Body:                    [MapV1Endpoints] Environment='{Env}' IsDevelopment={IsDev}
LogRecord.Attributes (Key:Value):
    Env: Development
    IsDev: true
    OriginalFormat (a.k.a Body): [MapV1Endpoints] Environment='{Env}' IsDevelopment={IsDev}

Resource associated with LogRecord:
service.name: Appostolic.Api
service.instance.id: cfc7ce07-e6a4-4518-a7e3-7e4ff99e6a9f
telemetry.sdk.name: opentelemetry
telemetry.sdk.language: dotnet
telemetry.sdk.version: 1.9.0

LogRecord.Timestamp:               2025-09-20T11:49:16.2428610Z
LogRecord.CategoryName:            Microsoft.AspNetCore.DataProtection.KeyManagement.XmlKeyManager
LogRecord.Severity:                Info
LogRecord.SeverityText:            Information
LogRecord.FormattedMessage:        User profile is available. Using '/Users/kevinmccreary/.aspnet/DataProtection-Keys' as key repository; keys will not be encrypted at rest.
info: Microsoft.AspNetCore.DataProtection.KeyManagement.XmlKeyManager[62]
      User profile is available. Using '/Users/kevinmccreary/.aspnet/DataProtection-Keys' as key repository; keys will not be encrypted at rest.
LogRecord.Body:                    User profile is available. Using '{FullName}' as key repository; keys will not be encrypted at rest.
LogRecord.Attributes (Key:Value):
    FullName: /Users/kevinmccreary/.aspnet/DataProtection-Keys
    OriginalFormat (a.k.a Body): User profile is available. Using '{FullName}' as key repository; keys will not be encrypted at rest.
LogRecord.EventId:                 62
LogRecord.EventName:               UsingProfileAsKeyRepository

Resource associated with LogRecord:
service.name: Appostolic.Api
service.instance.id: cfc7ce07-e6a4-4518-a7e3-7e4ff99e6a9f
telemetry.sdk.name: opentelemetry
telemetry.sdk.language: dotnet
telemetry.sdk.version: 1.9.0

LogRecord.Timestamp:               2025-09-20T11:49:16.2475180Z
LogRecord.CategoryName:            Appostolic.Api.App.Notifications.NotificationsPurgeHostedService
LogRecord.Severity:                Info
LogRecord.SeverityText:            Information
LogRecord.FormattedMessage:        NotificationsPurge started
LogRecord.Body:                    NotificationsPurge started
LogRecord.Attributes (Key:Value):
    OriginalFormat (a.k.a Body): NotificationsPurge started

Resource associated with LogRecord:
info: Appostolic.Api.App.Notifications.NotificationsPurgeHostedService[0]
      NotificationsPurge started
service.name: Appostolic.Api
service.instance.id: cfc7ce07-e6a4-4518-a7e3-7e4ff99e6a9f
telemetry.sdk.name: opentelemetry
telemetry.sdk.language: dotnet
telemetry.sdk.version: 1.9.0

LogRecord.Timestamp:               2025-09-20T11:49:16.3309450Z
LogRecord.CategoryName:            Appostolic.Api.App.Notifications.AutoResendHostedService
LogRecord.Severity:                Info
LogRecord.SeverityText:            Information
LogRecord.FormattedMessage:        AutoResend is disabled by configuration
LogRecord.Body:                    AutoResend is disabled by configuration
LogRecord.Attributes (Key:Value):
    OriginalFormat (a.k.a Body): AutoResend is disabled by configuration

Resource associated with LogRecord:
service.name: Appostolic.Api
service.instance.id: cfc7ce07-e6a4-4518-a7e3-7e4ff99e6a9f
telemetry.sdk.name: opentelemetry
telemetry.sdk.language: dotnet
telemetry.sdk.version: 1.9.0

LogRecord.Timestamp:               2025-09-20T11:49:16.3309810Z
LogRecord.CategoryName:            Appostolic.Api.App.Notifications.EmailDispatcherHostedService
LogRecord.Severity:                Info
LogRecord.SeverityText:            Information
LogRecord.FormattedMessage:        EmailDispatcher started
LogRecord.Body:                    EmailDispatcher started
LogRecord.Attributes (Key:Value):
    OriginalFormat (a.k.a Body): EmailDispatcher started

Resource associated with LogRecord:
service.name: Appostolic.Api
service.instance.id: cfc7ce07-e6a4-4518-a7e3-7e4ff99e6a9f
telemetry.sdk.name: opentelemetry
telemetry.sdk.language: dotnet
telemetry.sdk.version: 1.9.0

LogRecord.Timestamp:               2025-09-20T11:49:16.3310010Z
LogRecord.CategoryName:            Appostolic.Api.App.Notifications.NotificationDispatcherHostedService
LogRecord.Severity:                Info
LogRecord.SeverityText:            Information
LogRecord.FormattedMessage:        NotificationDispatcher started
LogRecord.Body:                    NotificationDispatcher started
LogRecord.Attributes (Key:Value):
    OriginalFormat (a.k.a Body): NotificationDispatcher started

Resource associated with LogRecord:
service.name: Appostolic.Api
service.instance.id: cfc7ce07-e6a4-4518-a7e3-7e4ff99e6a9f
telemetry.sdk.name: opentelemetry
telemetry.sdk.language: dotnet
telemetry.sdk.version: 1.9.0

LogRecord.Timestamp:               2025-09-20T11:49:16.3310220Z
LogRecord.CategoryName:            Appostolic.Api.Application.Agents.Queue.AgentTaskWorker
LogRecord.Severity:                Info
LogRecord.SeverityText:            Information
LogRecord.FormattedMessage:        AgentTaskWorker started.
LogRecord.Body:                    AgentTaskWorker started.
LogRecord.Attributes (Key:Value):
    OriginalFormat (a.k.a Body): AgentTaskWorker started.

Resource associated with LogRecord:
service.name: Appostolic.Api
service.instance.id: cfc7ce07-e6a4-4518-a7e3-7e4ff99e6a9f
telemetry.sdk.name: opentelemetry
telemetry.sdk.language: dotnet
telemetry.sdk.version: 1.9.0

info: Appostolic.Api.App.Notifications.AutoResendHostedService[0]
      AutoResend is disabled by configuration
info: Appostolic.Api.App.Notifications.EmailDispatcherHostedService[0]
      EmailDispatcher started
info: Appostolic.Api.App.Notifications.NotificationDispatcherHostedService[0]
      NotificationDispatcher started
info: Appostolic.Api.Application.Agents.Queue.AgentTaskWorker[0]
      AgentTaskWorker started.
Activity.TraceId:            fd5bb2fe5b0f12ecd2bbc1f281ba9dc9
Activity.SpanId:             29f45bc898ee051d
Activity.TraceFlags:         Recorded
Activity.ParentSpanId:       2427f187fab05eea
Activity.ActivitySourceName: Appostolic.AgentRuntime
Activity.DisplayName:        agent.model
Activity.Kind:               Internal
Activity.StartTime:          2025-09-20T11:49:16.5835400Z
Activity.Duration:           00:00:00.0000180
Activity.Tags:
    agent.id: 11111111-1111-1111-1111-111111111111
    task.id: a821bfa9-4095-441e-9951-ae3e0c2b29bb
    tenant: kevin-personal
    user: kevin@example.com
    step: 1
    model.name: gpt-4o-mini
    maxSteps: 8
    duration.ms: 0
Resource associated with Activity:
    service.name: Appostolic.Api
    service.instance.id: cfc7ce07-e6a4-4518-a7e3-7e4ff99e6a9f
    telemetry.sdk.name: opentelemetry
    telemetry.sdk.language: dotnet
    telemetry.sdk.version: 1.9.0

Activity.TraceId:            fd5bb2fe5b0f12ecd2bbc1f281ba9dc9
Activity.SpanId:             974191d9dfddb0f1
Activity.TraceFlags:         Recorded
Activity.ParentSpanId:       2427f187fab05eea
Activity.ActivitySourceName: Appostolic.Tools
Activity.DisplayName:        tool.db.query
Activity.Kind:               Internal
Activity.StartTime:          2025-09-20T11:49:16.5906760Z
Activity.Duration:           00:00:00.0000030
Activity.Tags:
    tool.name: db.query
    tenant: kevin-personal
    user: kevin@example.com
    success: false
    duration.ms: 0
    error: Tool not allowed
Resource associated with Activity:
    service.name: Appostolic.Api
    service.instance.id: cfc7ce07-e6a4-4518-a7e3-7e4ff99e6a9f
    telemetry.sdk.name: opentelemetry
    telemetry.sdk.language: dotnet
    telemetry.sdk.version: 1.9.0

LogRecord.Timestamp:               2025-09-20T11:49:16.5915280Z
LogRecord.TraceId:                 fd5bb2fe5b0f12ecd2bbc1f281ba9dc9
LogRecord.SpanId:                  2427f187fab05eea
LogRecord.TraceFlags:              Recorded
LogRecord.CategoryName:            Appostolic.Api.Application.Agents.Runtime.AgentOrchestrator
warn: Appostolic.Api.Application.Agents.Runtime.AgentOrchestrator[0]
      Denied tool db.query at step 1
LogRecord.Severity:                Warn
LogRecord.SeverityText:            Warning
LogRecord.FormattedMessage:        Denied tool db.query at step 1
LogRecord.Body:                    Denied tool {Tool} at step {Step}
LogRecord.Attributes (Key:Value):
    Tool: db.query
    Step: 1
    OriginalFormat (a.k.a Body): Denied tool {Tool} at step {Step}

Resource associated with LogRecord:
service.name: Appostolic.Api
service.instance.id: cfc7ce07-e6a4-4518-a7e3-7e4ff99e6a9f
telemetry.sdk.name: opentelemetry
telemetry.sdk.language: dotnet
telemetry.sdk.version: 1.9.0

Activity.TraceId:            fd5bb2fe5b0f12ecd2bbc1f281ba9dc9
Activity.SpanId:             2427f187fab05eea
Activity.TraceFlags:         Recorded
Activity.ActivitySourceName: Appostolic.AgentRuntime
Activity.DisplayName:        agent.run
Activity.Kind:               Internal
Activity.StartTime:          2025-09-20T11:49:16.5832110Z
Activity.Duration:           00:00:00.0086970
Activity.Tags:
    task.id: a821bfa9-4095-441e-9951-ae3e0c2b29bb
    agent.id: 11111111-1111-1111-1111-111111111111
    tenant: kevin-personal
    user: kevin@example.com
Resource associated with Activity:
    service.name: Appostolic.Api
    service.instance.id: cfc7ce07-e6a4-4518-a7e3-7e4ff99e6a9f
    telemetry.sdk.name: opentelemetry
    telemetry.sdk.language: dotnet
    telemetry.sdk.version: 1.9.0

info: Microsoft.AspNetCore.Http.Result.CreatedResult[1]
      Setting HTTP status code 201.
LogRecord.Timestamp:               2025-09-20T11:49:16.5924060Z
LogRecord.TraceId:                 14a4b9780bcc7514471dfb8c29e6a5f7
LogRecord.SpanId:                  19b65d0cd34d403e
LogRecord.TraceFlags:              Recorded
LogRecord.CategoryName:            Microsoft.AspNetCore.Http.Result.CreatedResult
LogRecord.Severity:                Info
LogRecord.SeverityText:            Information
LogRecord.FormattedMessage:        Setting HTTP status code 201.
LogRecord.Body:                    Setting HTTP status code {StatusCode}.
LogRecord.Attributes (Key:Value):
    StatusCode: 201
    OriginalFormat (a.k.a Body): Setting HTTP status code {StatusCode}.
LogRecord.EventId:                 1
LogRecord.EventName:               WritingResultAsStatusCode

Resource associated with LogRecord:
service.name: Appostolic.Api
service.instance.id: cfc7ce07-e6a4-4518-a7e3-7e4ff99e6a9f
telemetry.sdk.name: opentelemetry
telemetry.sdk.language: dotnet
telemetry.sdk.version: 1.9.0

info: Microsoft.AspNetCore.Http.Result.CreatedResult[3]
      Writing value of type 'AgentTaskSummary' as Json.
LogRecord.Timestamp:               2025-09-20T11:49:16.5928760Z
LogRecord.TraceId:                 14a4b9780bcc7514471dfb8c29e6a5f7
LogRecord.SpanId:                  19b65d0cd34d403e
LogRecord.TraceFlags:              Recorded
LogRecord.CategoryName:            Microsoft.AspNetCore.Http.Result.CreatedResult
LogRecord.Severity:                Info
LogRecord.SeverityText:            Information
LogRecord.FormattedMessage:        Writing value of type 'AgentTaskSummary' as Json.
LogRecord.Body:                    Writing value of type '{Type}' as Json.
LogRecord.Attributes (Key:Value):
    Type: AgentTaskSummary
    OriginalFormat (a.k.a Body): Writing value of type '{Type}' as Json.
LogRecord.EventId:                 3
LogRecord.EventName:               WritingResultAsJson

Resource associated with LogRecord:
service.name: Appostolic.Api
service.instance.id: cfc7ce07-e6a4-4518-a7e3-7e4ff99e6a9f
telemetry.sdk.name: opentelemetry
telemetry.sdk.language: dotnet
telemetry.sdk.version: 1.9.0

Activity.TraceId:            14a4b9780bcc7514471dfb8c29e6a5f7
Activity.SpanId:             19b65d0cd34d403e
Activity.TraceFlags:         Recorded
Activity.ActivitySourceName: Microsoft.AspNetCore
Activity.DisplayName:        POST /api/agent-tasks/
Activity.Kind:               Server
Activity.StartTime:          2025-09-20T11:49:16.4753700Z
Activity.Duration:           00:00:00.1180900
Activity.Tags:
    server.address: localhost
    http.request.method: POST
    url.scheme: http
    url.path: /api/agent-tasks
    network.protocol.version: 1.1
    tenant: kevin-personal
    user: kevin@example.com
    http.route: /api/agent-tasks/
    http.response.status_code: 201
Resource associated with Activity:
    service.name: Appostolic.Api
    service.instance.id: cfc7ce07-e6a4-4518-a7e3-7e4ff99e6a9f
    telemetry.sdk.name: opentelemetry
    telemetry.sdk.language: dotnet
    telemetry.sdk.version: 1.9.0

LogRecord.Timestamp:               2025-09-20T11:49:16.6034250Z
info: Microsoft.AspNetCore.Http.Result.OkObjectResult[1]
      Setting HTTP status code 200.
LogRecord.TraceId:                 97cd9cdde7d03a4f5058de9638528f55
LogRecord.SpanId:                  59548eb85cde6e4e
LogRecord.TraceFlags:              Recorded
LogRecord.CategoryName:            Microsoft.AspNetCore.Http.Result.OkObjectResult
LogRecord.Severity:                Info
LogRecord.SeverityText:            Information
LogRecord.FormattedMessage:        Setting HTTP status code 200.
LogRecord.Body:                    Setting HTTP status code {StatusCode}.
LogRecord.Attributes (Key:Value):
    StatusCode: 200
    OriginalFormat (a.k.a Body): Setting HTTP status code {StatusCode}.
LogRecord.EventId:                 1
LogRecord.EventName:               WritingResultAsStatusCode

Resource associated with LogRecord:
service.name: Appostolic.Api
service.instance.id: cfc7ce07-e6a4-4518-a7e3-7e4ff99e6a9f
telemetry.sdk.name: opentelemetry
telemetry.sdk.language: dotnet
telemetry.sdk.version: 1.9.0

LogRecord.Timestamp:               2025-09-20T11:49:16.6038960Z
LogRecord.TraceId:                 97cd9cdde7d03a4f5058de9638528f55
LogRecord.SpanId:                  59548eb85cde6e4e
LogRecord.TraceFlags:              Recorded
LogRecord.CategoryName:            Microsoft.AspNetCore.Http.Result.OkObjectResult
LogRecord.Severity:                Info
LogRecord.SeverityText:            Information
LogRecord.FormattedMessage:        Writing value of type '<>f__AnonymousType1`2' as Json.
LogRecord.Body:                    Writing value of type '{Type}' as Json.
LogRecord.Attributes (Key:Value):
    Type: <>f__AnonymousType1`2
    OriginalFormat (a.k.a Body): Writing value of type '{Type}' as Json.
LogRecord.EventId:                 3
LogRecord.EventName:               WritingResultAsJson

Resource associated with LogRecord:
service.name: Appostolic.Api
service.instance.id: cfc7ce07-e6a4-4518-a7e3-7e4ff99e6a9f
telemetry.sdk.name: opentelemetry
telemetry.sdk.language: dotnet
telemetry.sdk.version: 1.9.0

info: Microsoft.AspNetCore.Http.Result.OkObjectResult[3]
      Writing value of type '<>f__AnonymousType1`2' as Json.
Activity.TraceId:            97cd9cdde7d03a4f5058de9638528f55
Activity.SpanId:             59548eb85cde6e4e
Activity.TraceFlags:         Recorded
Activity.ActivitySourceName: Microsoft.AspNetCore
Activity.DisplayName:        GET /api/agent-tasks/{id:guid}
Activity.Kind:               Server
Activity.StartTime:          2025-09-20T11:49:16.5940330Z
Activity.Duration:           00:00:00.0107150
Activity.Tags:
    server.address: localhost
    url.query: ?includeTraces=Redacted
    http.request.method: GET
    url.scheme: http
    url.path: /api/agent-tasks/a821bfa9-4095-441e-9951-ae3e0c2b29bb
    network.protocol.version: 1.1
    tenant: kevin-personal
    user: kevin@example.com
    http.route: /api/agent-tasks/{id:guid}
    http.response.status_code: 200
Resource associated with Activity:
    service.name: Appostolic.Api
    service.instance.id: cfc7ce07-e6a4-4518-a7e3-7e4ff99e6a9f
    telemetry.sdk.name: opentelemetry
    telemetry.sdk.language: dotnet
    telemetry.sdk.version: 1.9.0

info: Appostolic.Api.Application.Agents.Queue.AgentTaskWorker[0]
      AgentTaskWorker stopping. dequeued=1 inflight=False inflightTaskId=(null)
LogRecord.Timestamp:               2025-09-20T11:49:16.6055320Z
LogRecord.CategoryName:            Appostolic.Api.Application.Agents.Queue.AgentTaskWorker
LogRecord.Severity:                Info
LogRecord.SeverityText:            Information
LogRecord.FormattedMessage:        AgentTaskWorker stopping. dequeued=1 inflight=False inflightTaskId=(null)
LogRecord.Body:                    AgentTaskWorker stopping. dequeued={Count} inflight={HasInFlight} inflightTaskId={TaskId}
LogRecord.Attributes (Key:Value):
    Count: 1
    HasInFlight: false
    OriginalFormat (a.k.a Body): AgentTaskWorker stopping. dequeued={Count} inflight={HasInFlight} inflightTaskId={TaskId}

Resource associated with LogRecord:
service.name: Appostolic.Api
service.instance.id: cfc7ce07-e6a4-4518-a7e3-7e4ff99e6a9f
telemetry.sdk.name: opentelemetry
telemetry.sdk.language: dotnet
telemetry.sdk.version: 1.9.0

LogRecord.Timestamp:               2025-09-20T11:49:16.6056330Z
LogRecord.CategoryName:            Appostolic.Api.App.Notifications.NotificationDispatcherHostedService
LogRecord.Severity:                Info
LogRecord.SeverityText:            Information
LogRecord.FormattedMessage:        NotificationDispatcher stopping
LogRecord.Body:                    NotificationDispatcher stopping
LogRecord.Attributes (Key:Value):
    OriginalFormat (a.k.a Body): NotificationDispatcher stopping
info: Appostolic.Api.App.Notifications.NotificationDispatcherHostedService[0]
      NotificationDispatcher stopping

Resource associated with LogRecord:
service.name: Appostolic.Api
service.instance.id: cfc7ce07-e6a4-4518-a7e3-7e4ff99e6a9f
telemetry.sdk.name: opentelemetry
telemetry.sdk.language: dotnet
telemetry.sdk.version: 1.9.0

info: Appostolic.Api.App.Notifications.EmailDispatcherHostedService[0]
      EmailDispatcher stopping
LogRecord.Timestamp:               2025-09-20T11:49:16.6057360Z
LogRecord.CategoryName:            Appostolic.Api.App.Notifications.EmailDispatcherHostedService
LogRecord.Severity:                Info
LogRecord.SeverityText:            Information
LogRecord.FormattedMessage:        EmailDispatcher stopping
LogRecord.Body:                    EmailDispatcher stopping
LogRecord.Attributes (Key:Value):
    OriginalFormat (a.k.a Body): EmailDispatcher stopping

Resource associated with LogRecord:
service.name: Appostolic.Api
service.instance.id: cfc7ce07-e6a4-4518-a7e3-7e4ff99e6a9f
telemetry.sdk.name: opentelemetry
telemetry.sdk.language: dotnet
telemetry.sdk.version: 1.9.0

LogRecord.Timestamp:               2025-09-20T11:49:16.6058010Z
info: Appostolic.Api.App.Notifications.NotificationsPurgeHostedService[0]
      NotificationsPurge stopping
LogRecord.CategoryName:            Appostolic.Api.App.Notifications.NotificationsPurgeHostedService
LogRecord.Severity:                Info
LogRecord.SeverityText:            Information
LogRecord.FormattedMessage:        NotificationsPurge stopping
LogRecord.Body:                    NotificationsPurge stopping
LogRecord.Attributes (Key:Value):
    OriginalFormat (a.k.a Body): NotificationsPurge stopping

Resource associated with LogRecord:
service.name: Appostolic.Api
service.instance.id: cfc7ce07-e6a4-4518-a7e3-7e4ff99e6a9f
telemetry.sdk.name: opentelemetry
telemetry.sdk.language: dotnet
telemetry.sdk.version: 1.9.0

Resource associated with Metric:
    service.name: Appostolic.Api
    service.instance.id: cfc7ce07-e6a4-4518-a7e3-7e4ff99e6a9f
    telemetry.sdk.name: opentelemetry
    telemetry.sdk.language: dotnet
    telemetry.sdk.version: 1.9.0

Metric Name: process.runtime.dotnet.gc.collections.count, Number of garbage collections that have occurred since process start., Meter: OpenTelemetry.Instrumentation.Runtime/1.9.0
(2025-09-20T11:49:16.2468550Z, 2025-09-20T11:49:16.6068810Z] generation: gen2 LongSum
Value: 11
(2025-09-20T11:49:16.2468550Z, 2025-09-20T11:49:16.6068810Z] generation: gen1 LongSum
Value: 18
(2025-09-20T11:49:16.2468550Z, 2025-09-20T11:49:16.6068810Z] generation: gen0 LongSum
Value: 35

Metric Name: process.runtime.dotnet.gc.objects.size, Count of bytes currently in use by objects in the GC heap that haven't been collected yet. Fragmentation and other GC committed memory pools are excluded., Unit: bytes, Meter: OpenTelemetry.Instrumentation.Runtime/1.9.0
(2025-09-20T11:49:16.2468600Z, 2025-09-20T11:49:16.6068810Z] LongSumNonMonotonic
Value: 544215064

Metric Name: process.runtime.dotnet.gc.allocations.size, Count of bytes allocated on the managed GC heap since the process start. .NET objects are allocated from this heap. Object allocations from unmanaged languages such as C/C++ do not use this heap., Unit: bytes, Meter: OpenTelemetry.Instrumentation.Runtime/1.9.0
(2025-09-20T11:49:16.2468640Z, 2025-09-20T11:49:16.6068810Z] LongSum
Value: 1640943584

Metric Name: process.runtime.dotnet.gc.committed_memory.size, The amount of committed virtual memory for the managed GC heap, as observed during the latest garbage collection. Committed virtual memory may be larger than the heap size because it includes both memory for storing existing objects (the heap size) and some extra memory that is ready to handle newly allocated objects in the future. The value will be unavailable until at least one garbage collection has occurred., Unit: bytes, Meter: OpenTelemetry.Instrumentation.Runtime/1.9.0
(2025-09-20T11:49:16.2468670Z, 2025-09-20T11:49:16.6068810Z] LongSumNonMonotonic
Value: 480313344

Metric Name: process.runtime.dotnet.gc.heap.size, The heap size (including fragmentation), as observed during the latest garbage collection. The value will be unavailable until at least one garbage collection has occurred., Unit: bytes, Meter: OpenTelemetry.Instrumentation.Runtime/1.9.0
(2025-09-20T11:49:16.2468710Z, 2025-09-20T11:49:16.6068820Z] generation: gen0 LongSumNonMonotonic
Value: 6738672
(2025-09-20T11:49:16.2468710Z, 2025-09-20T11:49:16.6068820Z] generation: gen1 LongSumNonMonotonic
Value: 7934160
(2025-09-20T11:49:16.2468710Z, 2025-09-20T11:49:16.6068820Z] generation: gen2 LongSumNonMonotonic
Value: 86974544
(2025-09-20T11:49:16.2468710Z, 2025-09-20T11:49:16.6068820Z] generation: loh LongSumNonMonotonic
Value: 378152512
(2025-09-20T11:49:16.2468710Z, 2025-09-20T11:49:16.6068820Z] generation: poh LongSumNonMonotonic
Value: 262336

Metric Name: process.runtime.dotnet.gc.heap.fragmentation.size, The heap fragmentation, as observed during the latest garbage collection. The value will be unavailable until at least one garbage collection has occurred., Unit: bytes, Meter: OpenTelemetry.Instrumentation.Runtime/1.9.0
(2025-09-20T11:49:16.2468740Z, 2025-09-20T11:49:16.6068820Z] generation: gen0 LongSumNonMonotonic
Value: 6738424
(2025-09-20T11:49:16.2468740Z, 2025-09-20T11:49:16.6068820Z] generation: gen1 LongSumNonMonotonic
Value: 113768
(2025-09-20T11:49:16.2468740Z, 2025-09-20T11:49:16.6068820Z] generation: gen2 LongSumNonMonotonic
Value: 880960
(2025-09-20T11:49:16.2468740Z, 2025-09-20T11:49:16.6068820Z] generation: loh LongSumNonMonotonic
Value: 25730840
(2025-09-20T11:49:16.2468740Z, 2025-09-20T11:49:16.6068820Z] generation: poh LongSumNonMonotonic
Value: 0

Metric Name: process.runtime.dotnet.gc.duration, The total amount of time paused in GC since the process start., Unit: ns, Meter: OpenTelemetry.Instrumentation.Runtime/1.9.0
(2025-09-20T11:49:16.2468770Z, 2025-09-20T11:49:16.6068820Z] LongSum
Value: 704887000

Metric Name: process.runtime.dotnet.jit.il_compiled.size, Count of bytes of intermediate language that have been compiled since the process start., Unit: bytes, Meter: OpenTelemetry.Instrumentation.Runtime/1.9.0
(2025-09-20T11:49:16.2468790Z, 2025-09-20T11:49:16.6068820Z] LongSum
Value: 4430315

Metric Name: process.runtime.dotnet.jit.methods_compiled.count, The number of times the JIT compiler compiled a method since the process start. The JIT compiler may be invoked multiple times for the same method to compile with different generic parameters, or because tiered compilation requested different optimization settings., Meter: OpenTelemetry.Instrumentation.Runtime/1.9.0
(2025-09-20T11:49:16.2468830Z, 2025-09-20T11:49:16.6068820Z] LongSum
Value: 53651

Metric Name: process.runtime.dotnet.jit.compilation_time, The amount of time the JIT compiler has spent compiling methods since the process start., Unit: ns, Meter: OpenTelemetry.Instrumentation.Runtime/1.9.0
(2025-09-20T11:49:16.2468860Z, 2025-09-20T11:49:16.6068820Z] LongSum
Value: 14097367100

Metric Name: process.runtime.dotnet.monitor.lock_contention.count, The number of times there was contention when trying to acquire a monitor lock since the process start. Monitor locks are commonly acquired by using the lock keyword in C#, or by calling Monitor.Enter() and Monitor.TryEnter()., Meter: OpenTelemetry.Instrumentation.Runtime/1.9.0
(2025-09-20T11:49:16.2468890Z, 2025-09-20T11:49:16.6068820Z] LongSum
Value: 218

Metric Name: process.runtime.dotnet.thread_pool.threads.count, The number of thread pool threads that currently exist., Meter: OpenTelemetry.Instrumentation.Runtime/1.9.0
(2025-09-20T11:49:16.2468920Z, 2025-09-20T11:49:16.6068820Z] LongSumNonMonotonic
Value: 14

Metric Name: process.runtime.dotnet.thread_pool.completed_items.count, The number of work items that have been processed by the thread pool since the process start., Meter: OpenTelemetry.Instrumentation.Runtime/1.9.0
(2025-09-20T11:49:16.2468950Z, 2025-09-20T11:49:16.6068820Z] LongSum
Value: 2321

Metric Name: process.runtime.dotnet.thread_pool.queue.length, The number of work items that are currently queued to be processed by the thread pool., Meter: OpenTelemetry.Instrumentation.Runtime/1.9.0
(2025-09-20T11:49:16.2468980Z, 2025-09-20T11:49:16.6068830Z] LongSumNonMonotonic
Value: 0

Metric Name: process.runtime.dotnet.timer.count, The number of timer instances that are currently active. Timers can be created by many sources such as System.Threading.Timer, Task.Delay, or the timeout in a CancellationSource. An active timer is registered to tick at some point in the future and has not yet been canceled., Meter: OpenTelemetry.Instrumentation.Runtime/1.9.0
(2025-09-20T11:49:16.2469010Z, 2025-09-20T11:49:16.6068830Z] LongSumNonMonotonic
Value: 8

Metric Name: process.runtime.dotnet.assemblies.count, The number of .NET assemblies that are currently loaded., Meter: OpenTelemetry.Instrumentation.Runtime/1.9.0
(2025-09-20T11:49:16.2469040Z, 2025-09-20T11:49:16.6068830Z] LongSumNonMonotonic
Value: 210

Metric Name: process.runtime.dotnet.exceptions.count, Count of exceptions that have been thrown in managed code, since the observation started. The value will be unavailable until an exception has been thrown after OpenTelemetry.Instrumentation.Runtime initialization., Meter: OpenTelemetry.Instrumentation.Runtime/1.9.0
(2025-09-20T11:49:16.2469070Z, 2025-09-20T11:49:16.6068830Z] LongSum
Value: 4

Metric Name: agent.tasks.created, Count of agent tasks created., Unit: {task}, Meter: Appostolic.Metrics
(2025-09-20T11:49:16.2469100Z, 2025-09-20T11:49:16.6068830Z] agent.id: 11111111-1111-1111-1111-111111111111 tenant: kevin-personal LongSum
Value: 1

Metric Name: agent.tasks.completed, Count of agent tasks completed by status., Unit: {task}, Meter: Appostolic.Metrics
(2025-09-20T11:49:16.2469140Z, 2025-09-20T11:49:16.6068840Z] status: Failed LongSum
Value: 1

Metric Name: agent.task.duration, End-to-end task duration from CreatedAt to FinishedAt., Unit: ms, Meter: Appostolic.Metrics
(2025-09-20T11:49:16.2469170Z, 2025-09-20T11:49:16.6068840Z] status: Failed Histogram
Value: Sum: 32 Count: 1 Min: 32 Max: 32 
(-Infinity,0]:0
(0,5]:0
(5,10]:0
(10,25]:0
(25,50]:1
(50,75]:0
(75,100]:0
(100,250]:0
(250,500]:0
(500,750]:0
(750,1000]:0
(1000,2500]:0
(2500,5000]:0
(5000,7500]:0
(7500,10000]:0
(10000,+Infinity]:0


Metric Name: agent.model.tokens, Total tokens used by model decisions (prompt + completion)., Unit: {token}, Meter: Appostolic.Metrics
(2025-09-20T11:49:16.2469200Z, 2025-09-20T11:49:16.6068840Z] agentId: 11111111-1111-1111-1111-111111111111 model: gpt-4o-mini LongSum
Value: 121

Metric Name: agent.tool.errors, Count of tool errors by tool name., Unit: {error}, Meter: Appostolic.Metrics
(2025-09-20T11:49:16.2469250Z, 2025-09-20T11:49:16.6068850Z] tool: db.query LongSum
Value: 1

Metric Name: http.server.active_requests, Number of active HTTP server requests., Unit: {request}, Meter: Microsoft.AspNetCore.Hosting
(2025-09-20T11:49:16.2469510Z, 2025-09-20T11:49:16.6068860Z] http.request.method: POST url.scheme: http LongSumNonMonotonic
Value: 0
(2025-09-20T11:49:16.2469510Z, 2025-09-20T11:49:16.6068860Z] http.request.method: GET url.scheme: http LongSumNonMonotonic
Value: 0

Metric Name: http.server.request.duration, Duration of HTTP server requests., Unit: s, Meter: Microsoft.AspNetCore.Hosting
(2025-09-20T11:49:16.2469550Z, 2025-09-20T11:49:16.6068870Z] http.request.method: POST http.response.status_code: 201 http.route: /api/agent-tasks/ network.protocol.version: 1.1 url.scheme: http Histogram
Value: Sum: 0.1180895 Count: 1 Min: 0.1180895 Max: 0.1180895 
(-Infinity,0.005]:0
(0.005,0.01]:0
(0.01,0.025]:0
(0.025,0.05]:0
(0.05,0.075]:0
(0.075,0.1]:0
(0.1,0.25]:1
(0.25,0.5]:0
(0.5,0.75]:0
(0.75,1]:0
(1,2.5]:0
(2.5,5]:0
(5,7.5]:0
(7.5,10]:0
(10,+Infinity]:0

(2025-09-20T11:49:16.2469550Z, 2025-09-20T11:49:16.6068870Z] http.request.method: GET http.response.status_code: 200 http.route: /api/agent-tasks/{id:guid} network.protocol.version: 1.1 url.scheme: http Histogram
Value: Sum: 0.010705 Count: 1 Min: 0.010705 Max: 0.010705 
(-Infinity,0.005]:0
(0.005,0.01]:0
(0.01,0.025]:1
(0.025,0.05]:0
(0.05,0.075]:0
(0.075,0.1]:0
(0.1,0.25]:0
(0.25,0.5]:0
(0.5,0.75]:0
(0.75,1]:0
(1,2.5]:0
(2.5,5]:0
(5,7.5]:0
(7.5,10]:0
(10,+Infinity]:0


Metric Name: aspnetcore.routing.match_attempts, Number of requests that were attempted to be matched to an endpoint., Unit: {match_attempt}, Meter: Microsoft.AspNetCore.Routing
(2025-09-20T11:49:16.4124400Z, 2025-09-20T11:49:16.6068870Z] aspnetcore.routing.is_fallback: false aspnetcore.routing.match_status: success http.route: /api/agent-tasks/ LongSum
Value: 1
(2025-09-20T11:49:16.4124400Z, 2025-09-20T11:49:16.6068870Z] aspnetcore.routing.is_fallback: false aspnetcore.routing.match_status: success http.route: /api/agent-tasks/{id:guid} LongSum
Value: 1
[Startup] Warning: failed to ensure app.notification_dedupes exists: Relational-specific methods can only be used when the context is using a relational database provider.
LogRecord.Timestamp:               2025-09-20T11:49:16.6727450Z
LogRecord.CategoryName:            Endpoints.V1
info: Endpoints.V1[0]
      [MapV1Endpoints] Environment='Development' IsDevelopment=True
LogRecord.Severity:                Info
LogRecord.SeverityText:            Information
LogRecord.FormattedMessage:        [MapV1Endpoints] Environment='Development' IsDevelopment=True
LogRecord.Body:                    [MapV1Endpoints] Environment='{Env}' IsDevelopment={IsDev}
LogRecord.Attributes (Key:Value):
    Env: Development
    IsDev: true
    OriginalFormat (a.k.a Body): [MapV1Endpoints] Environment='{Env}' IsDevelopment={IsDev}

Resource associated with LogRecord:
service.name: Appostolic.Api
service.instance.id: cfc7ce07-e6a4-4518-a7e3-7e4ff99e6a9f
telemetry.sdk.name: opentelemetry
telemetry.sdk.language: dotnet
telemetry.sdk.version: 1.9.0

info: Microsoft.AspNetCore.DataProtection.KeyManagement.XmlKeyManager[62]
      User profile is available. Using '/Users/kevinmccreary/.aspnet/DataProtection-Keys' as key repository; keys will not be encrypted at rest.
LogRecord.Timestamp:               2025-09-20T11:49:16.6732100Z
LogRecord.CategoryName:            Microsoft.AspNetCore.DataProtection.KeyManagement.XmlKeyManager
LogRecord.Severity:                Info
LogRecord.SeverityText:            Information
LogRecord.FormattedMessage:        User profile is available. Using '/Users/kevinmccreary/.aspnet/DataProtection-Keys' as key repository; keys will not be encrypted at rest.
LogRecord.Body:                    User profile is available. Using '{FullName}' as key repository; keys will not be encrypted at rest.
LogRecord.Attributes (Key:Value):
    FullName: /Users/kevinmccreary/.aspnet/DataProtection-Keys
    OriginalFormat (a.k.a Body): User profile is available. Using '{FullName}' as key repository; keys will not be encrypted at rest.
LogRecord.EventId:                 62
LogRecord.EventName:               UsingProfileAsKeyRepository

Resource associated with LogRecord:
service.name: Appostolic.Api
service.instance.id: cfc7ce07-e6a4-4518-a7e3-7e4ff99e6a9f
telemetry.sdk.name: opentelemetry
telemetry.sdk.language: dotnet
telemetry.sdk.version: 1.9.0

LogRecord.Timestamp:               2025-09-20T11:49:16.6742950Z
LogRecord.CategoryName:            Appostolic.Api.App.Notifications.AutoResendHostedService
info: Appostolic.Api.App.Notifications.AutoResendHostedService[0]
      AutoResend is disabled by configuration
LogRecord.Severity:                Info
LogRecord.SeverityText:            Information
LogRecord.FormattedMessage:        AutoResend is disabled by configuration
LogRecord.Body:                    AutoResend is disabled by configuration
LogRecord.Attributes (Key:Value):
    OriginalFormat (a.k.a Body): AutoResend is disabled by configuration

Resource associated with LogRecord:
service.name: Appostolic.Api
service.instance.id: cfc7ce07-e6a4-4518-a7e3-7e4ff99e6a9f
telemetry.sdk.name: opentelemetry
telemetry.sdk.language: dotnet
telemetry.sdk.version: 1.9.0

info: Microsoft.AspNetCore.Http.Result.NoContentResult[1]
      Setting HTTP status code 204.
LogRecord.Timestamp:               2025-09-20T11:49:16.7641620Z
LogRecord.TraceId:                 31f10a355f2ef46cbb870e29d31fa627
LogRecord.SpanId:                  978875c91e901ec6
LogRecord.TraceFlags:              Recorded
LogRecord.CategoryName:            Microsoft.AspNetCore.Http.Result.NoContentResult
LogRecord.Severity:                Info
LogRecord.SeverityText:            Information
LogRecord.FormattedMessage:        Setting HTTP status code 204.
LogRecord.Body:                    Setting HTTP status code {StatusCode}.
LogRecord.Attributes (Key:Value):
    StatusCode: 204
    OriginalFormat (a.k.a Body): Setting HTTP status code {StatusCode}.
LogRecord.EventId:                 1
LogRecord.EventName:               WritingResultAsStatusCode

Resource associated with LogRecord:
service.name: Appostolic.Api
service.instance.id: cfc7ce07-e6a4-4518-a7e3-7e4ff99e6a9f
telemetry.sdk.name: opentelemetry
telemetry.sdk.language: dotnet
telemetry.sdk.version: 1.9.0

Activity.TraceId:            31f10a355f2ef46cbb870e29d31fa627
Activity.SpanId:             978875c91e901ec6
Activity.TraceFlags:         Recorded
Activity.ActivitySourceName: Microsoft.AspNetCore
Activity.DisplayName:        PUT /api/tenants/{tenantId:guid}/members/{userId:guid}
Activity.Kind:               Server
Activity.StartTime:          2025-09-20T11:49:16.7194610Z
Activity.Duration:           00:00:00.0449210
Activity.Tags:
    server.address: localhost
    http.request.method: PUT
    url.scheme: http
    url.path: /api/tenants/57144a05-f323-491b-861c-58e61de47e0b/members/5f4f4e5d-fe85-42c1-8d2d-409be26403c2
    network.protocol.version: 1.1
    tenant: kevin-personal
    user: kevin@example.com
    http.route: /api/tenants/{tenantId:guid}/members/{userId:guid}
    http.response.status_code: 204
Resource associated with Activity:
    service.name: Appostolic.Api
    service.instance.id: cfc7ce07-e6a4-4518-a7e3-7e4ff99e6a9f
    telemetry.sdk.name: opentelemetry
    telemetry.sdk.language: dotnet
    telemetry.sdk.version: 1.9.0

Resource associated with Metric:
    service.name: Appostolic.Api
    service.instance.id: cfc7ce07-e6a4-4518-a7e3-7e4ff99e6a9f
    telemetry.sdk.name: opentelemetry
    telemetry.sdk.language: dotnet
    telemetry.sdk.version: 1.9.0

Metric Name: process.runtime.dotnet.gc.collections.count, Number of garbage collections that have occurred since process start., Meter: OpenTelemetry.Instrumentation.Runtime/1.9.0
(2025-09-20T11:49:16.6736870Z, 2025-09-20T11:49:16.7706790Z] generation: gen2 LongSum
Value: 11
(2025-09-20T11:49:16.6736870Z, 2025-09-20T11:49:16.7706790Z] generation: gen1 LongSum
Value: 18
(2025-09-20T11:49:16.6736870Z, 2025-09-20T11:49:16.7706790Z] generation: gen0 LongSum
Value: 36

Metric Name: process.runtime.dotnet.gc.objects.size, Count of bytes currently in use by objects in the GC heap that haven't been collected yet. Fragmentation and other GC committed memory pools are excluded., Unit: bytes, Meter: OpenTelemetry.Instrumentation.Runtime/1.9.0
(2025-09-20T11:49:16.6736970Z, 2025-09-20T11:49:16.7706800Z] LongSumNonMonotonic
Value: 553924232

Metric Name: process.runtime.dotnet.gc.allocations.size, Count of bytes allocated on the managed GC heap since the process start. .NET objects are allocated from this heap. Object allocations from unmanaged languages such as C/C++ do not use this heap., Unit: bytes, Meter: OpenTelemetry.Instrumentation.Runtime/1.9.0
(2025-09-20T11:49:16.6737040Z, 2025-09-20T11:49:16.7706800Z] LongSum
Value: 1654344208

Metric Name: process.runtime.dotnet.gc.committed_memory.size, The amount of committed virtual memory for the managed GC heap, as observed during the latest garbage collection. Committed virtual memory may be larger than the heap size because it includes both memory for storing existing objects (the heap size) and some extra memory that is ready to handle newly allocated objects in the future. The value will be unavailable until at least one garbage collection has occurred., Unit: bytes, Meter: OpenTelemetry.Instrumentation.Runtime/1.9.0
(2025-09-20T11:49:16.6737090Z, 2025-09-20T11:49:16.7706800Z] LongSumNonMonotonic
Value: 481886208

Metric Name: process.runtime.dotnet.gc.heap.size, The heap size (including fragmentation), as observed during the latest garbage collection. The value will be unavailable until at least one garbage collection has occurred., Unit: bytes, Meter: OpenTelemetry.Instrumentation.Runtime/1.9.0
(2025-09-20T11:49:16.6737280Z, 2025-09-20T11:49:16.7706800Z] generation: gen0 LongSumNonMonotonic
Value: 1983880
(2025-09-20T11:49:16.6737280Z, 2025-09-20T11:49:16.7706800Z] generation: gen1 LongSumNonMonotonic
Value: 10230888
(2025-09-20T11:49:16.6737280Z, 2025-09-20T11:49:16.7706800Z] generation: gen2 LongSumNonMonotonic
Value: 86974544
(2025-09-20T11:49:16.6737280Z, 2025-09-20T11:49:16.7706800Z] generation: loh LongSumNonMonotonic
Value: 378152512
(2025-09-20T11:49:16.6737280Z, 2025-09-20T11:49:16.7706800Z] generation: poh LongSumNonMonotonic
Value: 262336

Metric Name: process.runtime.dotnet.gc.heap.fragmentation.size, The heap fragmentation, as observed during the latest garbage collection. The value will be unavailable until at least one garbage collection has occurred., Unit: bytes, Meter: OpenTelemetry.Instrumentation.Runtime/1.9.0
(2025-09-20T11:49:16.6737390Z, 2025-09-20T11:49:16.7706810Z] generation: gen0 LongSumNonMonotonic
Value: 1983672
(2025-09-20T11:49:16.6737390Z, 2025-09-20T11:49:16.7706810Z] generation: gen1 LongSumNonMonotonic
Value: 147368
(2025-09-20T11:49:16.6737390Z, 2025-09-20T11:49:16.7706810Z] generation: gen2 LongSumNonMonotonic
Value: 880960
(2025-09-20T11:49:16.6737390Z, 2025-09-20T11:49:16.7706810Z] generation: loh LongSumNonMonotonic
Value: 20711104
(2025-09-20T11:49:16.6737390Z, 2025-09-20T11:49:16.7706810Z] generation: poh LongSumNonMonotonic
Value: 0

Metric Name: process.runtime.dotnet.gc.duration, The total amount of time paused in GC since the process start., Unit: ns, Meter: OpenTelemetry.Instrumentation.Runtime/1.9.0
(2025-09-20T11:49:16.6737420Z, 2025-09-20T11:49:16.7706810Z] LongSum
Value: 710311000

Metric Name: process.runtime.dotnet.jit.il_compiled.size, Count of bytes of intermediate language that have been compiled since the process start., Unit: bytes, Meter: OpenTelemetry.Instrumentation.Runtime/1.9.0
(2025-09-20T11:49:16.6737460Z, 2025-09-20T11:49:16.7706820Z] LongSum
Value: 4462315

Metric Name: process.runtime.dotnet.jit.methods_compiled.count, The number of times the JIT compiler compiled a method since the process start. The JIT compiler may be invoked multiple times for the same method to compile with different generic parameters, or because tiered compilation requested different optimization settings., Meter: OpenTelemetry.Instrumentation.Runtime/1.9.0
(2025-09-20T11:49:16.6737500Z, 2025-09-20T11:49:16.7706820Z] LongSum
Value: 53841

Metric Name: process.runtime.dotnet.jit.compilation_time, The amount of time the JIT compiler has spent compiling methods since the process start., Unit: ns, Meter: OpenTelemetry.Instrumentation.Runtime/1.9.0
(2025-09-20T11:49:16.6737530Z, 2025-09-20T11:49:16.7706820Z] LongSum
Value: 14175180000

Metric Name: process.runtime.dotnet.monitor.lock_contention.count, The number of times there was contention when trying to acquire a monitor lock since the process start. Monitor locks are commonly acquired by using the lock keyword in C#, or by calling Monitor.Enter() and Monitor.TryEnter()., Meter: OpenTelemetry.Instrumentation.Runtime/1.9.0
(2025-09-20T11:49:16.6737560Z, 2025-09-20T11:49:16.7706820Z] LongSum
Value: 219

Metric Name: process.runtime.dotnet.thread_pool.threads.count, The number of thread pool threads that currently exist., Meter: OpenTelemetry.Instrumentation.Runtime/1.9.0
(2025-09-20T11:49:16.6737590Z, 2025-09-20T11:49:16.7706820Z] LongSumNonMonotonic
Value: 14

Metric Name: process.runtime.dotnet.thread_pool.completed_items.count, The number of work items that have been processed by the thread pool since the process start., Meter: OpenTelemetry.Instrumentation.Runtime/1.9.0
(2025-09-20T11:49:16.6737620Z, 2025-09-20T11:49:16.7706820Z] LongSum
Value: 2337

Metric Name: process.runtime.dotnet.thread_pool.queue.length, The number of work items that are currently queued to be processed by the thread pool., Meter: OpenTelemetry.Instrumentation.Runtime/1.9.0
(2025-09-20T11:49:16.6737650Z, 2025-09-20T11:49:16.7706820Z] LongSumNonMonotonic
Value: 0

Metric Name: process.runtime.dotnet.timer.count, The number of timer instances that are currently active. Timers can be created by many sources such as System.Threading.Timer, Task.Delay, or the timeout in a CancellationSource. An active timer is registered to tick at some point in the future and has not yet been canceled., Meter: OpenTelemetry.Instrumentation.Runtime/1.9.0
(2025-09-20T11:49:16.6737680Z, 2025-09-20T11:49:16.7706820Z] LongSumNonMonotonic
Value: 7

Metric Name: process.runtime.dotnet.assemblies.count, The number of .NET assemblies that are currently loaded., Meter: OpenTelemetry.Instrumentation.Runtime/1.9.0
(2025-09-20T11:49:16.6737700Z, 2025-09-20T11:49:16.7706820Z] LongSumNonMonotonic
Value: 210

Metric Name: http.server.active_requests, Number of active HTTP server requests., Unit: {request}, Meter: Microsoft.AspNetCore.Hosting
(2025-09-20T11:49:16.6738180Z, 2025-09-20T11:49:16.7706840Z] http.request.method: PUT url.scheme: http LongSumNonMonotonic
Value: 0

Metric Name: http.server.request.duration, Duration of HTTP server requests., Unit: s, Meter: Microsoft.AspNetCore.Hosting
(2025-09-20T11:49:16.6738210Z, 2025-09-20T11:49:16.7706850Z] http.request.method: PUT http.response.status_code: 204 http.route: /api/tenants/{tenantId:guid}/members/{userId:guid} network.protocol.version: 1.1 url.scheme: http Histogram
Value: Sum: 0.0449292 Count: 1 Min: 0.0449292 Max: 0.0449292 
(-Infinity,0.005]:0
(0.005,0.01]:0
(0.01,0.025]:0
(0.025,0.05]:1
(0.05,0.075]:0
(0.075,0.1]:0
(0.1,0.25]:0
(0.25,0.5]:0
(0.5,0.75]:0
(0.75,1]:0
(1,2.5]:0
(2.5,5]:0
(5,7.5]:0
(7.5,10]:0
(10,+Infinity]:0


Metric Name: aspnetcore.routing.match_attempts, Number of requests that were attempted to be matched to an endpoint., Unit: {match_attempt}, Meter: Microsoft.AspNetCore.Routing
(2025-09-20T11:49:16.7153200Z, 2025-09-20T11:49:16.7706850Z] aspnetcore.routing.is_fallback: false aspnetcore.routing.match_status: success http.route: /api/tenants/{tenantId:guid}/members/{userId:guid} LongSum
Value: 1
[Startup] Warning: failed to ensure app.notification_dedupes exists: Relational-specific methods can only be used when the context is using a relational database provider.
info: Endpoints.V1[0]
      [MapV1Endpoints] Environment='Development' IsDevelopment=True
LogRecord.Timestamp:               2025-09-20T11:49:16.8368540Z
LogRecord.CategoryName:            Endpoints.V1
LogRecord.Severity:                Info
LogRecord.SeverityText:            Information
LogRecord.FormattedMessage:        [MapV1Endpoints] Environment='Development' IsDevelopment=True
LogRecord.Body:                    [MapV1Endpoints] Environment='{Env}' IsDevelopment={IsDev}
LogRecord.Attributes (Key:Value):
    Env: Development
    IsDev: true
    OriginalFormat (a.k.a Body): [MapV1Endpoints] Environment='{Env}' IsDevelopment={IsDev}

Resource associated with LogRecord:
service.name: Appostolic.Api
service.instance.id: cfc7ce07-e6a4-4518-a7e3-7e4ff99e6a9f
telemetry.sdk.name: opentelemetry
telemetry.sdk.language: dotnet
telemetry.sdk.version: 1.9.0

LogRecord.Timestamp:               2025-09-20T11:49:16.8373610Z
info: Microsoft.AspNetCore.DataProtection.KeyManagement.XmlKeyManager[62]
      User profile is available. Using '/Users/kevinmccreary/.aspnet/DataProtection-Keys' as key repository; keys will not be encrypted at rest.
LogRecord.CategoryName:            Microsoft.AspNetCore.DataProtection.KeyManagement.XmlKeyManager
LogRecord.Severity:                Info
LogRecord.SeverityText:            Information
LogRecord.FormattedMessage:        User profile is available. Using '/Users/kevinmccreary/.aspnet/DataProtection-Keys' as key repository; keys will not be encrypted at rest.
LogRecord.Body:                    User profile is available. Using '{FullName}' as key repository; keys will not be encrypted at rest.
LogRecord.Attributes (Key:Value):
    FullName: /Users/kevinmccreary/.aspnet/DataProtection-Keys
    OriginalFormat (a.k.a Body): User profile is available. Using '{FullName}' as key repository; keys will not be encrypted at rest.
LogRecord.EventId:                 62
LogRecord.EventName:               UsingProfileAsKeyRepository

Resource associated with LogRecord:
service.name: Appostolic.Api
service.instance.id: cfc7ce07-e6a4-4518-a7e3-7e4ff99e6a9f
telemetry.sdk.name: opentelemetry
telemetry.sdk.language: dotnet
telemetry.sdk.version: 1.9.0

LogRecord.Timestamp:               2025-09-20T11:49:16.8384360Z
LogRecord.CategoryName:            Appostolic.Api.App.Notifications.AutoResendHostedService
LogRecord.Severity:                Info
LogRecord.SeverityText:            Information
LogRecord.FormattedMessage:        AutoResend is disabled by configuration
LogRecord.Body:                    AutoResend is disabled by configuration
LogRecord.Attributes (Key:Value):
info: Appostolic.Api.App.Notifications.AutoResendHostedService[0]
      AutoResend is disabled by configuration
    OriginalFormat (a.k.a Body): AutoResend is disabled by configuration

Resource associated with LogRecord:
service.name: Appostolic.Api
service.instance.id: cfc7ce07-e6a4-4518-a7e3-7e4ff99e6a9f
telemetry.sdk.name: opentelemetry
telemetry.sdk.language: dotnet
telemetry.sdk.version: 1.9.0

info: Microsoft.AspNetCore.Http.Result.OkObjectResult[1]
      Setting HTTP status code 200.
LogRecord.Timestamp:               2025-09-20T11:49:16.9348760Z
LogRecord.TraceId:                 365b26d1997c3b27adc31660422a5ccd
LogRecord.SpanId:                  c4ffceef2d44e2a6
LogRecord.TraceFlags:              Recorded
LogRecord.CategoryName:            Microsoft.AspNetCore.Http.Result.OkObjectResult
LogRecord.Severity:                Info
LogRecord.SeverityText:            Information
LogRecord.FormattedMessage:        Setting HTTP status code 200.
LogRecord.Body:                    Setting HTTP status code {StatusCode}.
LogRecord.Attributes (Key:Value):
    StatusCode: 200
    OriginalFormat (a.k.a Body): Setting HTTP status code {StatusCode}.
LogRecord.EventId:                 1
LogRecord.EventName:               WritingResultAsStatusCode

Resource associated with LogRecord:
service.name: Appostolic.Api
service.instance.id: cfc7ce07-e6a4-4518-a7e3-7e4ff99e6a9f
telemetry.sdk.name: opentelemetry
telemetry.sdk.language: dotnet
telemetry.sdk.version: 1.9.0

LogRecord.Timestamp:               2025-09-20T11:49:16.9350860Z
LogRecord.TraceId:                 365b26d1997c3b27adc31660422a5ccd
LogRecord.SpanId:                  c4ffceef2d44e2a6
info: Microsoft.AspNetCore.Http.Result.OkObjectResult[3]
      Writing value of type '<>f__AnonymousType18`3' as Json.
LogRecord.TraceFlags:              Recorded
LogRecord.CategoryName:            Microsoft.AspNetCore.Http.Result.OkObjectResult
LogRecord.Severity:                Info
LogRecord.SeverityText:            Information
LogRecord.FormattedMessage:        Writing value of type '<>f__AnonymousType18`3' as Json.
LogRecord.Body:                    Writing value of type '{Type}' as Json.
LogRecord.Attributes (Key:Value):
    Type: <>f__AnonymousType18`3
    OriginalFormat (a.k.a Body): Writing value of type '{Type}' as Json.
LogRecord.EventId:                 3
LogRecord.EventName:               WritingResultAsJson

Resource associated with LogRecord:
service.name: Appostolic.Api
service.instance.id: cfc7ce07-e6a4-4518-a7e3-7e4ff99e6a9f
telemetry.sdk.name: opentelemetry
telemetry.sdk.language: dotnet
telemetry.sdk.version: 1.9.0

Activity.TraceId:            365b26d1997c3b27adc31660422a5ccd
Activity.SpanId:             c4ffceef2d44e2a6
Activity.TraceFlags:         Recorded
Activity.ActivitySourceName: Microsoft.AspNetCore
Activity.DisplayName:        GET /api/users/me
Activity.Kind:               Server
Activity.StartTime:          2025-09-20T11:49:16.8846060Z
Activity.Duration:           00:00:00.0507940
Activity.Tags:
    server.address: localhost
    http.request.method: GET
    url.scheme: http
    url.path: /api/users/me
    network.protocol.version: 1.1
    tenant: kevin-personal
    user: kevin@example.com
    http.route: /api/users/me
    http.response.status_code: 200
Resource associated with Activity:
    service.name: Appostolic.Api
    service.instance.id: cfc7ce07-e6a4-4518-a7e3-7e4ff99e6a9f
    telemetry.sdk.name: opentelemetry
    telemetry.sdk.language: dotnet
    telemetry.sdk.version: 1.9.0

[Startup] Warning: failed to ensure app.notification_dedupes exists: Relational-specific methods can only be used when the context is using a relational database provider.
info: Endpoints.V1[0]
      [MapV1Endpoints] Environment='Development' IsDevelopment=True
LogRecord.Timestamp:               2025-09-20T11:49:16.9982820Z
LogRecord.CategoryName:            Endpoints.V1
LogRecord.Severity:                Info
LogRecord.SeverityText:            Information
LogRecord.FormattedMessage:        [MapV1Endpoints] Environment='Development' IsDevelopment=True
LogRecord.Body:                    [MapV1Endpoints] Environment='{Env}' IsDevelopment={IsDev}
LogRecord.Attributes (Key:Value):
    Env: Development
    IsDev: true
    OriginalFormat (a.k.a Body): [MapV1Endpoints] Environment='{Env}' IsDevelopment={IsDev}

Resource associated with LogRecord:
service.name: Appostolic.Api
service.instance.id: cfc7ce07-e6a4-4518-a7e3-7e4ff99e6a9f
telemetry.sdk.name: opentelemetry
telemetry.sdk.language: dotnet
telemetry.sdk.version: 1.9.0

LogRecord.Timestamp:               2025-09-20T11:49:16.9986140Z
LogRecord.CategoryName:            Microsoft.AspNetCore.DataProtection.KeyManagement.XmlKeyManager
LogRecord.Severity:                Info
info: Microsoft.AspNetCore.DataProtection.KeyManagement.XmlKeyManager[62]
      User profile is available. Using '/Users/kevinmccreary/.aspnet/DataProtection-Keys' as key repository; keys will not be encrypted at rest.
LogRecord.SeverityText:            Information
LogRecord.FormattedMessage:        User profile is available. Using '/Users/kevinmccreary/.aspnet/DataProtection-Keys' as key repository; keys will not be encrypted at rest.
LogRecord.Body:                    User profile is available. Using '{FullName}' as key repository; keys will not be encrypted at rest.
LogRecord.Attributes (Key:Value):
    FullName: /Users/kevinmccreary/.aspnet/DataProtection-Keys
    OriginalFormat (a.k.a Body): User profile is available. Using '{FullName}' as key repository; keys will not be encrypted at rest.
LogRecord.EventId:                 62
LogRecord.EventName:               UsingProfileAsKeyRepository

Resource associated with LogRecord:
service.name: Appostolic.Api
service.instance.id: cfc7ce07-e6a4-4518-a7e3-7e4ff99e6a9f
telemetry.sdk.name: opentelemetry
telemetry.sdk.language: dotnet
telemetry.sdk.version: 1.9.0

LogRecord.Timestamp:               2025-09-20T11:49:17.0023220Z
LogRecord.CategoryName:            Appostolic.Api.App.Notifications.AutoResendHostedService
LogRecord.Severity:                Info
LogRecord.SeverityText:            Information
LogRecord.FormattedMessage:        AutoResend is disabled by configuration
LogRecord.Body:                    AutoResend is disabled by configuration
LogRecord.Attributes (Key:Value):
info: Appostolic.Api.App.Notifications.AutoResendHostedService[0]
      AutoResend is disabled by configuration
    OriginalFormat (a.k.a Body): AutoResend is disabled by configuration

Resource associated with LogRecord:
service.name: Appostolic.Api
service.instance.id: cfc7ce07-e6a4-4518-a7e3-7e4ff99e6a9f
telemetry.sdk.name: opentelemetry
telemetry.sdk.language: dotnet
telemetry.sdk.version: 1.9.0

  Failed Appostolic.Api.AuthTests.LoginRolesConvergenceTests.Login_Corrects_MismatchedRolesBitmask [882 ms]
  Error Message:
   Expected m.roles to be 15, but found 6 (difference of -9).
  Stack Trace:
     at FluentAssertions.Execution.XUnit2TestFramework.Throw(String message)
   at FluentAssertions.Execution.TestFrameworkProvider.Throw(String message)
   at FluentAssertions.Execution.DefaultAssertionStrategy.HandleFailure(String message)
   at FluentAssertions.Execution.AssertionScope.FailWith(Func`1 failReasonFunc)
   at FluentAssertions.Numeric.NumericAssertions`2.Be(T expected, String because, Object[] becauseArgs)
   at Appostolic.Api.AuthTests.LoginRolesConvergenceTests.Login_Corrects_MismatchedRolesBitmask() in /Users/kevinmccreary/appostolic/apps/api.tests/Auth/LoginRolesConvergenceTests.cs:line 43
--- End of stack trace from previous location ---
LogRecord.Timestamp:               2025-09-20T11:49:17.1787220Z
info: Microsoft.AspNetCore.Http.Result.OkObjectResult[1]
      Setting HTTP status code 200.
LogRecord.TraceId:                 1dd6bfcaf1a951777296a80b9ddc5177
LogRecord.SpanId:                  7e42c24bc2cc2b37
LogRecord.TraceFlags:              Recorded
LogRecord.CategoryName:            Microsoft.AspNetCore.Http.Result.OkObjectResult
LogRecord.Severity:                Info
LogRecord.SeverityText:            Information
LogRecord.FormattedMessage:        Setting HTTP status code 200.
LogRecord.Body:                    Setting HTTP status code {StatusCode}.
LogRecord.Attributes (Key:Value):
    StatusCode: 200
    OriginalFormat (a.k.a Body): Setting HTTP status code {StatusCode}.
LogRecord.EventId:                 1
LogRecord.EventName:               WritingResultAsStatusCode

Resource associated with LogRecord:
service.name: Appostolic.Api
service.instance.id: cfc7ce07-e6a4-4518-a7e3-7e4ff99e6a9f
telemetry.sdk.name: opentelemetry
telemetry.sdk.language: dotnet
telemetry.sdk.version: 1.9.0

LogRecord.Timestamp:               2025-09-20T11:49:17.1788820Z
LogRecord.TraceId:                 1dd6bfcaf1a951777296a80b9ddc5177
LogRecord.SpanId:                  7e42c24bc2cc2b37
LogRecord.TraceFlags:              Recorded
LogRecord.CategoryName:            Microsoft.AspNetCore.Http.Result.OkObjectResult
info: Microsoft.AspNetCore.Http.Result.OkObjectResult[3]
      Writing value of type '<>f__AnonymousType18`3' as Json.
LogRecord.Severity:                Info
LogRecord.SeverityText:            Information
LogRecord.FormattedMessage:        Writing value of type '<>f__AnonymousType18`3' as Json.
LogRecord.Body:                    Writing value of type '{Type}' as Json.
LogRecord.Attributes (Key:Value):
    Type: <>f__AnonymousType18`3
    OriginalFormat (a.k.a Body): Writing value of type '{Type}' as Json.
LogRecord.EventId:                 3
LogRecord.EventName:               WritingResultAsJson

Resource associated with LogRecord:
service.name: Appostolic.Api
service.instance.id: cfc7ce07-e6a4-4518-a7e3-7e4ff99e6a9f
telemetry.sdk.name: opentelemetry
telemetry.sdk.language: dotnet
telemetry.sdk.version: 1.9.0

Activity.TraceId:            1dd6bfcaf1a951777296a80b9ddc5177
Activity.SpanId:             7e42c24bc2cc2b37
Activity.TraceFlags:         Recorded
Activity.ActivitySourceName: Microsoft.AspNetCore
Activity.DisplayName:        GET /api/users/me
Activity.Kind:               Server
Activity.StartTime:          2025-09-20T11:49:17.0509410Z
Activity.Duration:           00:00:00.1281390
Activity.Tags:
    server.address: localhost
    http.request.method: GET
    url.scheme: http
    url.path: /api/users/me
    network.protocol.version: 1.1
    tenant: kevin-personal
    user: kevin@example.com
    http.route: /api/users/me
    http.response.status_code: 200
Resource associated with Activity:
    service.name: Appostolic.Api
    service.instance.id: cfc7ce07-e6a4-4518-a7e3-7e4ff99e6a9f
    telemetry.sdk.name: opentelemetry
    telemetry.sdk.language: dotnet
    telemetry.sdk.version: 1.9.0

Activity.TraceId:            1dd6bfcaf1a951777296a80b9ddc5177
Activity.SpanId:             7e42c24bc2cc2b37
Activity.TraceFlags:         Recorded
Activity.ActivitySourceName: Microsoft.AspNetCore
Activity.DisplayName:        GET /api/users/me
Activity.Kind:               Server
Activity.StartTime:          2025-09-20T11:49:17.0509410Z
Activity.Duration:           00:00:00.1281390
Activity.Tags:
    server.address: localhost
    http.request.method: GET
    url.scheme: http
    url.path: /api/users/me
    network.protocol.version: 1.1
    tenant: kevin-personal
    user: kevin@example.com
    http.route: /api/users/me
    http.response.status_code: 200
Resource associated with Activity:
    service.name: Appostolic.Api
    service.instance.id: cfc7ce07-e6a4-4518-a7e3-7e4ff99e6a9f
    telemetry.sdk.name: opentelemetry
    telemetry.sdk.language: dotnet
    telemetry.sdk.version: 1.9.0

Resource associated with Metric:
    service.name: Appostolic.Api
    service.instance.id: cfc7ce07-e6a4-4518-a7e3-7e4ff99e6a9f
    telemetry.sdk.name: opentelemetry
    telemetry.sdk.language: dotnet
    telemetry.sdk.version: 1.9.0

Metric Name: process.runtime.dotnet.gc.collections.count, Number of garbage collections that have occurred since process start., Meter: OpenTelemetry.Instrumentation.Runtime/1.9.0
(2025-09-20T11:49:16.8379010Z, 2025-09-20T11:49:17.1800640Z] generation: gen2 LongSum
Value: 12
(2025-09-20T11:49:16.8379010Z, 2025-09-20T11:49:17.1800640Z] generation: gen1 LongSum
Value: 19
(2025-09-20T11:49:16.8379010Z, 2025-09-20T11:49:17.1800640Z] generation: gen0 LongSum
Value: 37

Metric Name: process.runtime.dotnet.gc.objects.size, Count of bytes currently in use by objects in the GC heap that haven't been collected yet. Fragmentation and other GC committed memory pools are excluded., Unit: bytes, Meter: OpenTelemetry.Instrumentation.Runtime/1.9.0
(2025-09-20T11:49:16.8379060Z, 2025-09-20T11:49:17.1800650Z] LongSumNonMonotonic
Value: 374511624

Metric Name: process.runtime.dotnet.gc.allocations.size, Count of bytes allocated on the managed GC heap since the process start. .NET objects are allocated from this heap. Object allocations from unmanaged languages such as C/C++ do not use this heap., Unit: bytes, Meter: OpenTelemetry.Instrumentation.Runtime/1.9.0
(2025-09-20T11:49:16.8379090Z, 2025-09-20T11:49:17.1800650Z] LongSum
Value: 1680827720

Metric Name: process.runtime.dotnet.gc.committed_memory.size, The amount of committed virtual memory for the managed GC heap, as observed during the latest garbage collection. Committed virtual memory may be larger than the heap size because it includes both memory for storing existing objects (the heap size) and some extra memory that is ready to handle newly allocated objects in the future. The value will be unavailable until at least one garbage collection has occurred., Unit: bytes, Meter: OpenTelemetry.Instrumentation.Runtime/1.9.0
(2025-09-20T11:49:16.8379120Z, 2025-09-20T11:49:17.1800650Z] LongSumNonMonotonic
Value: 315817984

Metric Name: process.runtime.dotnet.gc.heap.size, The heap size (including fragmentation), as observed during the latest garbage collection. The value will be unavailable until at least one garbage collection has occurred., Unit: bytes, Meter: OpenTelemetry.Instrumentation.Runtime/1.9.0
(2025-09-20T11:49:16.8379160Z, 2025-09-20T11:49:17.1800650Z] generation: gen0 LongSumNonMonotonic
Value: 7621976
(2025-09-20T11:49:16.8379160Z, 2025-09-20T11:49:17.1800650Z] generation: gen1 LongSumNonMonotonic
Value: 9161896
(2025-09-20T11:49:16.8379160Z, 2025-09-20T11:49:17.1800650Z] generation: gen2 LongSumNonMonotonic
Value: 97199288
(2025-09-20T11:49:16.8379160Z, 2025-09-20T11:49:17.1800650Z] generation: loh LongSumNonMonotonic
Value: 200880840
(2025-09-20T11:49:16.8379160Z, 2025-09-20T11:49:17.1800650Z] generation: poh LongSumNonMonotonic
Value: 262336

Metric Name: process.runtime.dotnet.gc.heap.fragmentation.size, The heap fragmentation, as observed during the latest garbage collection. The value will be unavailable until at least one garbage collection has occurred., Unit: bytes, Meter: OpenTelemetry.Instrumentation.Runtime/1.9.0
(2025-09-20T11:49:16.8379180Z, 2025-09-20T11:49:17.1800650Z] generation: gen0 LongSumNonMonotonic
Value: 7621224
(2025-09-20T11:49:16.8379180Z, 2025-09-20T11:49:17.1800650Z] generation: gen1 LongSumNonMonotonic
Value: 4585472
(2025-09-20T11:49:16.8379180Z, 2025-09-20T11:49:17.1800650Z] generation: gen2 LongSumNonMonotonic
Value: 1786072
(2025-09-20T11:49:16.8379180Z, 2025-09-20T11:49:17.1800650Z] generation: loh LongSumNonMonotonic
Value: 36037656
(2025-09-20T11:49:16.8379180Z, 2025-09-20T11:49:17.1800650Z] generation: poh LongSumNonMonotonic
Value: 0

Metric Name: process.runtime.dotnet.gc.duration, The total amount of time paused in GC since the process start., Unit: ns, Meter: OpenTelemetry.Instrumentation.Runtime/1.9.0
(2025-09-20T11:49:16.8379210Z, 2025-09-20T11:49:17.1800650Z] LongSum
Value: 724497000

Metric Name: process.runtime.dotnet.jit.il_compiled.size, Count of bytes of intermediate language that have been compiled since the process start., Unit: bytes, Meter: OpenTelemetry.Instrumentation.Runtime/1.9.0
(2025-09-20T11:49:16.8379240Z, 2025-09-20T11:49:17.1800650Z] LongSum
Value: 4527218

Metric Name: process.runtime.dotnet.jit.methods_compiled.count, The number of times the JIT compiler compiled a method since the process start. The JIT compiler may be invoked multiple times for the same method to compile with different generic parameters, or because tiered compilation requested different optimization settings., Meter: OpenTelemetry.Instrumentation.Runtime/1.9.0
(2025-09-20T11:49:16.8379280Z, 2025-09-20T11:49:17.1800650Z] LongSum
Value: 54353

Metric Name: process.runtime.dotnet.jit.compilation_time, The amount of time the JIT compiler has spent compiling methods since the process start., Unit: ns, Meter: OpenTelemetry.Instrumentation.Runtime/1.9.0
(2025-09-20T11:49:16.8379300Z, 2025-09-20T11:49:17.1800650Z] LongSum
Value: 14369964700

Metric Name: process.runtime.dotnet.monitor.lock_contention.count, The number of times there was contention when trying to acquire a monitor lock since the process start. Monitor locks are commonly acquired by using the lock keyword in C#, or by calling Monitor.Enter() and Monitor.TryEnter()., Meter: OpenTelemetry.Instrumentation.Runtime/1.9.0
(2025-09-20T11:49:16.8379340Z, 2025-09-20T11:49:17.1800650Z] LongSum
Value: 219

Metric Name: process.runtime.dotnet.thread_pool.threads.count, The number of thread pool threads that currently exist., Meter: OpenTelemetry.Instrumentation.Runtime/1.9.0
(2025-09-20T11:49:16.8379360Z, 2025-09-20T11:49:17.1800650Z] LongSumNonMonotonic
Value: 14

Metric Name: process.runtime.dotnet.thread_pool.completed_items.count, The number of work items that have been processed by the thread pool since the process start., Meter: OpenTelemetry.Instrumentation.Runtime/1.9.0
(2025-09-20T11:49:16.8379390Z, 2025-09-20T11:49:17.1800650Z] LongSum
Value: 2364

Metric Name: process.runtime.dotnet.thread_pool.queue.length, The number of work items that are currently queued to be processed by the thread pool., Meter: OpenTelemetry.Instrumentation.Runtime/1.9.0
(2025-09-20T11:49:16.8379420Z, 2025-09-20T11:49:17.1800660Z] LongSumNonMonotonic
Value: 0

Metric Name: process.runtime.dotnet.timer.count, The number of timer instances that are currently active. Timers can be created by many sources such as System.Threading.Timer, Task.Delay, or the timeout in a CancellationSource. An active timer is registered to tick at some point in the future and has not yet been canceled., Meter: OpenTelemetry.Instrumentation.Runtime/1.9.0
(2025-09-20T11:49:16.8379450Z, 2025-09-20T11:49:17.1800660Z] LongSumNonMonotonic
Value: 7

Metric Name: process.runtime.dotnet.assemblies.count, The number of .NET assemblies that are currently loaded., Meter: OpenTelemetry.Instrumentation.Runtime/1.9.0
(2025-09-20T11:49:16.8379470Z, 2025-09-20T11:49:17.1800660Z] LongSumNonMonotonic
Value: 210

Metric Name: process.runtime.dotnet.exceptions.count, Count of exceptions that have been thrown in managed code, since the observation started. The value will be unavailable until an exception has been thrown after OpenTelemetry.Instrumentation.Runtime initialization., Meter: OpenTelemetry.Instrumentation.Runtime/1.9.0
(2025-09-20T11:49:16.8379500Z, 2025-09-20T11:49:17.1800660Z] LongSum
Value: 1

Metric Name: http.server.active_requests, Number of active HTTP server requests., Unit: {request}, Meter: Microsoft.AspNetCore.Hosting
(2025-09-20T11:49:16.8379950Z, 2025-09-20T11:49:17.1800680Z] http.request.method: GET url.scheme: http LongSumNonMonotonic
Value: 0

Metric Name: http.server.request.duration, Duration of HTTP server requests., Unit: s, Meter: Microsoft.AspNetCore.Hosting
(2025-09-20T11:49:16.8379980Z, 2025-09-20T11:49:17.1800680Z] http.request.method: GET http.response.status_code: 200 http.route: /api/users/me network.protocol.version: 1.1 url.scheme: http Histogram
Value: Sum: 0.1789315 Count: 2 Min: 0.0507967 Max: 0.1281348 
(-Infinity,0.005]:0
(0.005,0.01]:0
(0.01,0.025]:0
(0.025,0.05]:0
(0.05,0.075]:1
(0.075,0.1]:0
(0.1,0.25]:1
(0.25,0.5]:0
(0.5,0.75]:0
(0.75,1]:0
(1,2.5]:0
(2.5,5]:0
(5,7.5]:0
(7.5,10]:0
(10,+Infinity]:0


Metric Name: aspnetcore.routing.match_attempts, Number of requests that were attempted to be matched to an endpoint., Unit: {match_attempt}, Meter: Microsoft.AspNetCore.Routing
(2025-09-20T11:49:16.8777620Z, 2025-09-20T11:49:17.1800680Z] aspnetcore.routing.is_fallback: false aspnetcore.routing.match_status: success http.route: /api/users/me LongSum
Value: 2
Resource associated with Metric:
    service.name: Appostolic.Api
    service.instance.id: cfc7ce07-e6a4-4518-a7e3-7e4ff99e6a9f
    telemetry.sdk.name: opentelemetry
    telemetry.sdk.language: dotnet
    telemetry.sdk.version: 1.9.0

Metric Name: process.runtime.dotnet.gc.collections.count, Number of garbage collections that have occurred since process start., Meter: OpenTelemetry.Instrumentation.Runtime/1.9.0
(2025-09-20T11:49:17.0016410Z, 2025-09-20T11:49:17.1802510Z] generation: gen2 LongSum
Value: 12
(2025-09-20T11:49:17.0016410Z, 2025-09-20T11:49:17.1802510Z] generation: gen1 LongSum
Value: 19
(2025-09-20T11:49:17.0016410Z, 2025-09-20T11:49:17.1802510Z] generation: gen0 LongSum
Value: 37

Metric Name: process.runtime.dotnet.gc.objects.size, Count of bytes currently in use by objects in the GC heap that haven't been collected yet. Fragmentation and other GC committed memory pools are excluded., Unit: bytes, Meter: OpenTelemetry.Instrumentation.Runtime/1.9.0
(2025-09-20T11:49:17.0016450Z, 2025-09-20T11:49:17.1802510Z] LongSumNonMonotonic
Value: 374602088

Metric Name: process.runtime.dotnet.gc.allocations.size, Count of bytes allocated on the managed GC heap since the process start. .NET objects are allocated from this heap. Object allocations from unmanaged languages such as C/C++ do not use this heap., Unit: bytes, Meter: OpenTelemetry.Instrumentation.Runtime/1.9.0
(2025-09-20T11:49:17.0016490Z, 2025-09-20T11:49:17.1802510Z] LongSum
Value: 1680916576

Metric Name: process.runtime.dotnet.gc.committed_memory.size, The amount of committed virtual memory for the managed GC heap, as observed during the latest garbage collection. Committed virtual memory may be larger than the heap size because it includes both memory for storing existing objects (the heap size) and some extra memory that is ready to handle newly allocated objects in the future. The value will be unavailable until at least one garbage collection has occurred., Unit: bytes, Meter: OpenTelemetry.Instrumentation.Runtime/1.9.0
(2025-09-20T11:49:17.0016560Z, 2025-09-20T11:49:17.1802510Z] LongSumNonMonotonic
Value: 315817984

Metric Name: process.runtime.dotnet.gc.heap.size, The heap size (including fragmentation), as observed during the latest garbage collection. The value will be unavailable until at least one garbage collection has occurred., Unit: bytes, Meter: OpenTelemetry.Instrumentation.Runtime/1.9.0
(2025-09-20T11:49:17.0016590Z, 2025-09-20T11:49:17.1802510Z] generation: gen0 LongSumNonMonotonic
Value: 7621976
(2025-09-20T11:49:17.0016590Z, 2025-09-20T11:49:17.1802510Z] generation: gen1 LongSumNonMonotonic
Value: 9161896
(2025-09-20T11:49:17.0016590Z, 2025-09-20T11:49:17.1802510Z] generation: gen2 LongSumNonMonotonic
Value: 97199288
(2025-09-20T11:49:17.0016590Z, 2025-09-20T11:49:17.1802510Z] generation: loh LongSumNonMonotonic
Value: 200880840
(2025-09-20T11:49:17.0016590Z, 2025-09-20T11:49:17.1802510Z] generation: poh LongSumNonMonotonic
Value: 262336

Metric Name: process.runtime.dotnet.gc.heap.fragmentation.size, The heap fragmentation, as observed during the latest garbage collection. The value will be unavailable until at least one garbage collection has occurred., Unit: bytes, Meter: OpenTelemetry.Instrumentation.Runtime/1.9.0
(2025-09-20T11:49:17.0016640Z, 2025-09-20T11:49:17.1802510Z] generation: gen0 LongSumNonMonotonic
Value: 7621224
(2025-09-20T11:49:17.0016640Z, 2025-09-20T11:49:17.1802510Z] generation: gen1 LongSumNonMonotonic
Value: 4585472
(2025-09-20T11:49:17.0016640Z, 2025-09-20T11:49:17.1802510Z] generation: gen2 LongSumNonMonotonic
Value: 1786072
(2025-09-20T11:49:17.0016640Z, 2025-09-20T11:49:17.1802510Z] generation: loh LongSumNonMonotonic
Value: 36037656
(2025-09-20T11:49:17.0016640Z, 2025-09-20T11:49:17.1802510Z] generation: poh LongSumNonMonotonic
Value: 0

Metric Name: process.runtime.dotnet.gc.duration, The total amount of time paused in GC since the process start., Unit: ns, Meter: OpenTelemetry.Instrumentation.Runtime/1.9.0
(2025-09-20T11:49:17.0016680Z, 2025-09-20T11:49:17.1802510Z] LongSum
Value: 724497000

Metric Name: process.runtime.dotnet.jit.il_compiled.size, Count of bytes of intermediate language that have been compiled since the process start., Unit: bytes, Meter: OpenTelemetry.Instrumentation.Runtime/1.9.0
(2025-09-20T11:49:17.0016700Z, 2025-09-20T11:49:17.1802520Z] LongSum
Value: 4527218

Metric Name: process.runtime.dotnet.jit.methods_compiled.count, The number of times the JIT compiler compiled a method since the process start. The JIT compiler may be invoked multiple times for the same method to compile with different generic parameters, or because tiered compilation requested different optimization settings., Meter: OpenTelemetry.Instrumentation.Runtime/1.9.0
(2025-09-20T11:49:17.0016760Z, 2025-09-20T11:49:17.1802520Z] LongSum
Value: 54353

Metric Name: process.runtime.dotnet.jit.compilation_time, The amount of time the JIT compiler has spent compiling methods since the process start., Unit: ns, Meter: OpenTelemetry.Instrumentation.Runtime/1.9.0
(2025-09-20T11:49:17.0016800Z, 2025-09-20T11:49:17.1802520Z] LongSum
Value: 14369964700

Metric Name: process.runtime.dotnet.monitor.lock_contention.count, The number of times there was contention when trying to acquire a monitor lock since the process start. Monitor locks are commonly acquired by using the lock keyword in C#, or by calling Monitor.Enter() and Monitor.TryEnter()., Meter: OpenTelemetry.Instrumentation.Runtime/1.9.0
(2025-09-20T11:49:17.0016830Z, 2025-09-20T11:49:17.1802520Z] LongSum
Value: 219

Metric Name: process.runtime.dotnet.thread_pool.threads.count, The number of thread pool threads that currently exist., Meter: OpenTelemetry.Instrumentation.Runtime/1.9.0
(2025-09-20T11:49:17.0016870Z, 2025-09-20T11:49:17.1802520Z] LongSumNonMonotonic
Value: 14

Metric Name: process.runtime.dotnet.thread_pool.completed_items.count, The number of work items that have been processed by the thread pool since the process start., Meter: OpenTelemetry.Instrumentation.Runtime/1.9.0
(2025-09-20T11:49:17.0016910Z, 2025-09-20T11:49:17.1802520Z] LongSum
Value: 2364

Metric Name: process.runtime.dotnet.thread_pool.queue.length, The number of work items that are currently queued to be processed by the thread pool., Meter: OpenTelemetry.Instrumentation.Runtime/1.9.0
(2025-09-20T11:49:17.0016930Z, 2025-09-20T11:49:17.1802520Z] LongSumNonMonotonic
Value: 0

Metric Name: process.runtime.dotnet.timer.count, The number of timer instances that are currently active. Timers can be created by many sources such as System.Threading.Timer, Task.Delay, or the timeout in a CancellationSource. An active timer is registered to tick at some point in the future and has not yet been canceled., Meter: OpenTelemetry.Instrumentation.Runtime/1.9.0
(2025-09-20T11:49:17.0016980Z, 2025-09-20T11:49:17.1802520Z] LongSumNonMonotonic
Value: 7

Metric Name: process.runtime.dotnet.assemblies.count, The number of .NET assemblies that are currently loaded., Meter: OpenTelemetry.Instrumentation.Runtime/1.9.0
(2025-09-20T11:49:17.0017010Z, 2025-09-20T11:49:17.1802520Z] LongSumNonMonotonic
Value: 210

Metric Name: http.server.active_requests, Number of active HTTP server requests., Unit: {request}, Meter: Microsoft.AspNetCore.Hosting
(2025-09-20T11:49:17.0017590Z, 2025-09-20T11:49:17.1802550Z] http.request.method: GET url.scheme: http LongSumNonMonotonic
Value: 0

Metric Name: http.server.request.duration, Duration of HTTP server requests., Unit: s, Meter: Microsoft.AspNetCore.Hosting
(2025-09-20T11:49:17.0017630Z, 2025-09-20T11:49:17.1802550Z] http.request.method: GET http.response.status_code: 200 http.route: /api/users/me network.protocol.version: 1.1 url.scheme: http Histogram
Value: Sum: 0.1281348 Count: 1 Min: 0.1281348 Max: 0.1281348 
(-Infinity,0.005]:0
(0.005,0.01]:0
(0.01,0.025]:0
(0.025,0.05]:0
(0.05,0.075]:0
(0.075,0.1]:0
(0.1,0.25]:1
(0.25,0.5]:0
(0.5,0.75]:0
(0.75,1]:0
(1,2.5]:0
(2.5,5]:0
(5,7.5]:0
(7.5,10]:0
(10,+Infinity]:0


Metric Name: aspnetcore.routing.match_attempts, Number of requests that were attempted to be matched to an endpoint., Unit: {match_attempt}, Meter: Microsoft.AspNetCore.Routing
(2025-09-20T11:49:17.0017680Z, 2025-09-20T11:49:17.1802560Z] aspnetcore.routing.is_fallback: false aspnetcore.routing.match_status: success http.route: /api/users/me LongSum
Value: 1
[Startup] Warning: failed to ensure app.notification_dedupes exists: Relational-specific methods can only be used when the context is using a relational database provider.
info: Endpoints.V1[0]
      [MapV1Endpoints] Environment='Development' IsDevelopment=True
LogRecord.Timestamp:               2025-09-20T11:49:17.2429610Z
LogRecord.CategoryName:            Endpoints.V1
LogRecord.Severity:                Info
LogRecord.SeverityText:            Information
LogRecord.FormattedMessage:        [MapV1Endpoints] Environment='Development' IsDevelopment=True
LogRecord.Body:                    [MapV1Endpoints] Environment='{Env}' IsDevelopment={IsDev}
LogRecord.Attributes (Key:Value):
    Env: Development
    IsDev: true
    OriginalFormat (a.k.a Body): [MapV1Endpoints] Environment='{Env}' IsDevelopment={IsDev}

Resource associated with LogRecord:
service.name: Appostolic.Api
service.instance.id: cfc7ce07-e6a4-4518-a7e3-7e4ff99e6a9f
telemetry.sdk.name: opentelemetry
telemetry.sdk.language: dotnet
telemetry.sdk.version: 1.9.0

info: Microsoft.AspNetCore.DataProtection.KeyManagement.XmlKeyManager[62]
      User profile is available. Using '/Users/kevinmccreary/.aspnet/DataProtection-Keys' as key repository; keys will not be encrypted at rest.
LogRecord.Timestamp:               2025-09-20T11:49:17.2432370Z
LogRecord.CategoryName:            Microsoft.AspNetCore.DataProtection.KeyManagement.XmlKeyManager
LogRecord.Severity:                Info
LogRecord.SeverityText:            Information
LogRecord.FormattedMessage:        User profile is available. Using '/Users/kevinmccreary/.aspnet/DataProtection-Keys' as key repository; keys will not be encrypted at rest.
LogRecord.Body:                    User profile is available. Using '{FullName}' as key repository; keys will not be encrypted at rest.
LogRecord.Attributes (Key:Value):
    FullName: /Users/kevinmccreary/.aspnet/DataProtection-Keys
    OriginalFormat (a.k.a Body): User profile is available. Using '{FullName}' as key repository; keys will not be encrypted at rest.
LogRecord.EventId:                 62
LogRecord.EventName:               UsingProfileAsKeyRepository

Resource associated with LogRecord:
service.name: Appostolic.Api
service.instance.id: cfc7ce07-e6a4-4518-a7e3-7e4ff99e6a9f
telemetry.sdk.name: opentelemetry
telemetry.sdk.language: dotnet
telemetry.sdk.version: 1.9.0

LogRecord.Timestamp:               2025-09-20T11:49:17.2440980Z
LogRecord.CategoryName:            Appostolic.Api.App.Notifications.AutoResendHostedService
info: Appostolic.Api.App.Notifications.AutoResendHostedService[0]
      AutoResend is disabled by configuration
LogRecord.Severity:                Info
LogRecord.SeverityText:            Information
LogRecord.FormattedMessage:        AutoResend is disabled by configuration
LogRecord.Body:                    AutoResend is disabled by configuration
LogRecord.Attributes (Key:Value):
    OriginalFormat (a.k.a Body): AutoResend is disabled by configuration

Resource associated with LogRecord:
service.name: Appostolic.Api
service.instance.id: cfc7ce07-e6a4-4518-a7e3-7e4ff99e6a9f
telemetry.sdk.name: opentelemetry
telemetry.sdk.language: dotnet
telemetry.sdk.version: 1.9.0

LogRecord.Timestamp:               2025-09-20T11:49:17.3317350Z
LogRecord.TraceId:                 4ea6a5e84e1907d6b155425d5b3c324c
LogRecord.SpanId:                  fac13a2bd1734002
info: Microsoft.AspNetCore.Http.Result.OkObjectResult[1]
      Setting HTTP status code 200.
LogRecord.TraceFlags:              Recorded
LogRecord.CategoryName:            Microsoft.AspNetCore.Http.Result.OkObjectResult
LogRecord.Severity:                Info
LogRecord.SeverityText:            Information
LogRecord.FormattedMessage:        Setting HTTP status code 200.
LogRecord.Body:                    Setting HTTP status code {StatusCode}.
LogRecord.Attributes (Key:Value):
    StatusCode: 200
    OriginalFormat (a.k.a Body): Setting HTTP status code {StatusCode}.
LogRecord.EventId:                 1
LogRecord.EventName:               WritingResultAsStatusCode

Resource associated with LogRecord:
service.name: Appostolic.Api
service.instance.id: cfc7ce07-e6a4-4518-a7e3-7e4ff99e6a9f
telemetry.sdk.name: opentelemetry
telemetry.sdk.language: dotnet
telemetry.sdk.version: 1.9.0

LogRecord.Timestamp:               2025-09-20T11:49:17.3337300Z
LogRecord.TraceId:                 4ea6a5e84e1907d6b155425d5b3c324c
LogRecord.SpanId:                  fac13a2bd1734002
info: Microsoft.AspNetCore.Http.Result.OkObjectResult[3]
      Writing value of type 'List`1' as Json.
LogRecord.TraceFlags:              Recorded
LogRecord.CategoryName:            Microsoft.AspNetCore.Http.Result.OkObjectResult
LogRecord.Severity:                Info
LogRecord.SeverityText:            Information
LogRecord.FormattedMessage:        Writing value of type 'List`1' as Json.
LogRecord.Body:                    Writing value of type '{Type}' as Json.
LogRecord.Attributes (Key:Value):
    Type: List`1
    OriginalFormat (a.k.a Body): Writing value of type '{Type}' as Json.
LogRecord.EventId:                 3
LogRecord.EventName:               WritingResultAsJson

Resource associated with LogRecord:
service.name: Appostolic.Api
service.instance.id: cfc7ce07-e6a4-4518-a7e3-7e4ff99e6a9f
telemetry.sdk.name: opentelemetry
telemetry.sdk.language: dotnet
telemetry.sdk.version: 1.9.0

Activity.TraceId:            4ea6a5e84e1907d6b155425d5b3c324c
Activity.SpanId:             fac13a2bd1734002
Activity.TraceFlags:         Recorded
Activity.ActivitySourceName: Microsoft.AspNetCore
Activity.DisplayName:        GET /api/tenants/{tenantId:guid}/audits
Activity.Kind:               Server
Activity.StartTime:          2025-09-20T11:49:17.2838410Z
Activity.Duration:           00:00:00.0510430
Activity.Tags:
    server.address: localhost
    url.query: ?take=Redacted
    http.request.method: GET
    url.scheme: http
    url.path: /api/tenants/3a7e4a61-a048-4573-92f8-ed9120fb09f5/audits
    network.protocol.version: 1.1
    tenant: t-3aaf9f5dd32b4b809258c3212ded9c45
    user: a-242a917418e04507b1b93dca5a13cebe@ex.com
    http.route: /api/tenants/{tenantId:guid}/audits
    http.response.status_code: 200
Resource associated with Activity:
    service.name: Appostolic.Api
    service.instance.id: cfc7ce07-e6a4-4518-a7e3-7e4ff99e6a9f
    telemetry.sdk.name: opentelemetry
    telemetry.sdk.language: dotnet
    telemetry.sdk.version: 1.9.0

LogRecord.Timestamp:               2025-09-20T11:49:17.3396220Z
LogRecord.TraceId:                 e5e1b65eb5947e7231bfdae415ce3fbe
LogRecord.SpanId:                  7d01c0525cb717ed
LogRecord.TraceFlags:              Recorded
LogRecord.CategoryName:            Microsoft.AspNetCore.Http.Result.OkObjectResult
LogRecord.Severity:                Info
LogRecord.SeverityText:            Information
LogRecord.FormattedMessage:        Setting HTTP status code 200.
LogRecord.Body:                    Setting HTTP status code {StatusCode}.
LogRecord.Attributes (Key:Value):
    StatusCode: 200
    OriginalFormat (a.k.a Body): Setting HTTP status code {StatusCode}.
LogRecord.EventId:                 1
LogRecord.EventName:               WritingResultAsStatusCode

Resource associated with LogRecord:
service.name: Appostolic.Api
service.instance.id: cfc7ce07-e6a4-4518-a7e3-7e4ff99e6a9f
telemetry.sdk.name: opentelemetry
telemetry.sdk.language: dotnet
telemetry.sdk.version: 1.9.0

LogRecord.Timestamp:               2025-09-20T11:49:17.3396730Z
LogRecord.TraceId:                 e5e1b65eb5947e7231bfdae415ce3fbe
LogRecord.SpanId:                  7d01c0525cb717ed
LogRecord.TraceFlags:              Recorded
LogRecord.CategoryName:            Microsoft.AspNetCore.Http.Result.OkObjectResult
LogRecord.Severity:                Info
LogRecord.SeverityText:            Information
LogRecord.FormattedMessage:        Writing value of type 'List`1' as Json.
LogRecord.Body:                    Writing value of type '{Type}' as Json.
LogRecord.Attributes (Key:Value):
info: Microsoft.AspNetCore.Http.Result.OkObjectResult[1]
      Setting HTTP status code 200.
    Type: List`1
info: Microsoft.AspNetCore.Http.Result.OkObjectResult[3]
      Writing value of type 'List`1' as Json.
    OriginalFormat (a.k.a Body): Writing value of type '{Type}' as Json.
LogRecord.EventId:                 3
LogRecord.EventName:               WritingResultAsJson

Resource associated with LogRecord:
service.name: Appostolic.Api
service.instance.id: cfc7ce07-e6a4-4518-a7e3-7e4ff99e6a9f
telemetry.sdk.name: opentelemetry
telemetry.sdk.language: dotnet
telemetry.sdk.version: 1.9.0

Activity.TraceId:            e5e1b65eb5947e7231bfdae415ce3fbe
Activity.SpanId:             7d01c0525cb717ed
Activity.TraceFlags:         Recorded
Activity.ActivitySourceName: Microsoft.AspNetCore
Activity.DisplayName:        GET /api/tenants/{tenantId:guid}/audits
Activity.Kind:               Server
Activity.StartTime:          2025-09-20T11:49:17.3352580Z
Activity.Duration:           00:00:00.0046030
Activity.Tags:
    server.address: localhost
    url.query: ?skip=Redacted&take=Redacted
    http.request.method: GET
    url.scheme: http
    url.path: /api/tenants/3a7e4a61-a048-4573-92f8-ed9120fb09f5/audits
    network.protocol.version: 1.1
    tenant: t-3aaf9f5dd32b4b809258c3212ded9c45
    user: a-242a917418e04507b1b93dca5a13cebe@ex.com
    http.route: /api/tenants/{tenantId:guid}/audits
    http.response.status_code: 200
Resource associated with Activity:
    service.name: Appostolic.Api
    service.instance.id: cfc7ce07-e6a4-4518-a7e3-7e4ff99e6a9f
    telemetry.sdk.name: opentelemetry
    telemetry.sdk.language: dotnet
    telemetry.sdk.version: 1.9.0

LogRecord.Timestamp:               2025-09-20T11:49:17.3481430Z
info: Microsoft.AspNetCore.Http.Result.OkObjectResult[1]
      Setting HTTP status code 200.
LogRecord.TraceId:                 de4681e785168b686cc3a7a54ad8a2e4
LogRecord.SpanId:                  902ff9019f41f615
LogRecord.TraceFlags:              Recorded
LogRecord.CategoryName:            Microsoft.AspNetCore.Http.Result.OkObjectResult
LogRecord.Severity:                Info
LogRecord.SeverityText:            Information
LogRecord.FormattedMessage:        Setting HTTP status code 200.
LogRecord.Body:                    Setting HTTP status code {StatusCode}.
LogRecord.Attributes (Key:Value):
    StatusCode: 200
    OriginalFormat (a.k.a Body): Setting HTTP status code {StatusCode}.
LogRecord.EventId:                 1
LogRecord.EventName:               WritingResultAsStatusCode

Resource associated with LogRecord:
service.name: Appostolic.Api
service.instance.id: cfc7ce07-e6a4-4518-a7e3-7e4ff99e6a9f
telemetry.sdk.name: opentelemetry
telemetry.sdk.language: dotnet
telemetry.sdk.version: 1.9.0

LogRecord.Timestamp:               2025-09-20T11:49:17.3481770Z
LogRecord.TraceId:                 de4681e785168b686cc3a7a54ad8a2e4
LogRecord.SpanId:                  902ff9019f41f615
LogRecord.TraceFlags:              Recorded
LogRecord.CategoryName:            Microsoft.AspNetCore.Http.Result.OkObjectResult
LogRecord.Severity:                Info
LogRecord.SeverityText:            Information
LogRecord.FormattedMessage:        Writing value of type 'List`1' as Json.
LogRecord.Body:                    Writing value of type '{Type}' as Json.
LogRecord.Attributes (Key:Value):
info: Microsoft.AspNetCore.Http.Result.OkObjectResult[3]
      Writing value of type 'List`1' as Json.
    Type: List`1
    OriginalFormat (a.k.a Body): Writing value of type '{Type}' as Json.
LogRecord.EventId:                 3
LogRecord.EventName:               WritingResultAsJson

Resource associated with LogRecord:
service.name: Appostolic.Api
service.instance.id: cfc7ce07-e6a4-4518-a7e3-7e4ff99e6a9f
telemetry.sdk.name: opentelemetry
telemetry.sdk.language: dotnet
telemetry.sdk.version: 1.9.0

Activity.TraceId:            de4681e785168b686cc3a7a54ad8a2e4
Activity.SpanId:             902ff9019f41f615
Activity.TraceFlags:         Recorded
Activity.ActivitySourceName: Microsoft.AspNetCore
Activity.DisplayName:        GET /api/tenants/{tenantId:guid}/audits
Activity.Kind:               Server
Activity.StartTime:          2025-09-20T11:49:17.3424370Z
Activity.Duration:           00:00:00.0058720
Activity.Tags:
    server.address: localhost
    url.query: ?userId=Redacted
    http.request.method: GET
    url.scheme: http
    url.path: /api/tenants/aeccccab-0152-45c0-badd-cb1ad906990a/audits
    network.protocol.version: 1.1
    tenant: t-81963da9367647bdb5ec1cb08ee06f59
    user: a-f96ae07199db49c2b70007afd6113e00@ex.com
    http.route: /api/tenants/{tenantId:guid}/audits
    http.response.status_code: 200
Resource associated with Activity:
    service.name: Appostolic.Api
    service.instance.id: cfc7ce07-e6a4-4518-a7e3-7e4ff99e6a9f
    telemetry.sdk.name: opentelemetry
    telemetry.sdk.language: dotnet
    telemetry.sdk.version: 1.9.0

LogRecord.Timestamp:               2025-09-20T11:49:17.3526100Z
info: Microsoft.AspNetCore.Http.Result.OkObjectResult[1]
      Setting HTTP status code 200.
LogRecord.TraceId:                 7126280b20989545c32c7830164528c9
LogRecord.SpanId:                  7553eaec95e9c224
LogRecord.TraceFlags:              Recorded
LogRecord.CategoryName:            Microsoft.AspNetCore.Http.Result.OkObjectResult
LogRecord.Severity:                Info
LogRecord.SeverityText:            Information
LogRecord.FormattedMessage:        Setting HTTP status code 200.
LogRecord.Body:                    Setting HTTP status code {StatusCode}.
LogRecord.Attributes (Key:Value):
    StatusCode: 200
    OriginalFormat (a.k.a Body): Setting HTTP status code {StatusCode}.
LogRecord.EventId:                 1
LogRecord.EventName:               WritingResultAsStatusCode

Resource associated with LogRecord:
service.name: Appostolic.Api
service.instance.id: cfc7ce07-e6a4-4518-a7e3-7e4ff99e6a9f
telemetry.sdk.name: opentelemetry
telemetry.sdk.language: dotnet
telemetry.sdk.version: 1.9.0

LogRecord.Timestamp:               2025-09-20T11:49:17.3526480Z
LogRecord.TraceId:                 7126280b20989545c32c7830164528c9
LogRecord.SpanId:                  7553eaec95e9c224
LogRecord.TraceFlags:              Recorded
LogRecord.CategoryName:            Microsoft.AspNetCore.Http.Result.OkObjectResult
LogRecord.Severity:                Info
LogRecord.SeverityText:            Information
LogRecord.FormattedMessage:        Writing value of type 'List`1' as Json.
LogRecord.Body:                    Writing value of type '{Type}' as Json.
LogRecord.Attributes (Key:Value):
info: Microsoft.AspNetCore.Http.Result.OkObjectResult[3]
      Writing value of type 'List`1' as Json.
    Type: List`1
    OriginalFormat (a.k.a Body): Writing value of type '{Type}' as Json.
LogRecord.EventId:                 3
LogRecord.EventName:               WritingResultAsJson

Resource associated with LogRecord:
service.name: Appostolic.Api
service.instance.id: cfc7ce07-e6a4-4518-a7e3-7e4ff99e6a9f
telemetry.sdk.name: opentelemetry
telemetry.sdk.language: dotnet
telemetry.sdk.version: 1.9.0

Activity.TraceId:            7126280b20989545c32c7830164528c9
Activity.SpanId:             7553eaec95e9c224
Activity.TraceFlags:         Recorded
Activity.ActivitySourceName: Microsoft.AspNetCore
Activity.DisplayName:        GET /api/tenants/{tenantId:guid}/audits
Activity.Kind:               Server
Activity.StartTime:          2025-09-20T11:49:17.3486070Z
Activity.Duration:           00:00:00.0041030
Activity.Tags:
    server.address: localhost
    url.query: ?changedByUserId=Redacted
    http.request.method: GET
    url.scheme: http
    url.path: /api/tenants/aeccccab-0152-45c0-badd-cb1ad906990a/audits
    network.protocol.version: 1.1
    tenant: t-81963da9367647bdb5ec1cb08ee06f59
    user: a-f96ae07199db49c2b70007afd6113e00@ex.com
    http.route: /api/tenants/{tenantId:guid}/audits
    http.response.status_code: 200
Resource associated with Activity:
    service.name: Appostolic.Api
    service.instance.id: cfc7ce07-e6a4-4518-a7e3-7e4ff99e6a9f
    telemetry.sdk.name: opentelemetry
    telemetry.sdk.language: dotnet
    telemetry.sdk.version: 1.9.0

info: Microsoft.AspNetCore.Http.Result.OkObjectResult[1]
      Setting HTTP status code 200.
LogRecord.Timestamp:               2025-09-20T11:49:17.3583240Z
LogRecord.TraceId:                 79ad6f8613b04ae4287e21fdb5eb394a
LogRecord.SpanId:                  a71eb947cfeaed1f
LogRecord.TraceFlags:              Recorded
LogRecord.CategoryName:            Microsoft.AspNetCore.Http.Result.OkObjectResult
LogRecord.Severity:                Info
LogRecord.SeverityText:            Information
LogRecord.FormattedMessage:        Setting HTTP status code 200.
LogRecord.Body:                    Setting HTTP status code {StatusCode}.
LogRecord.Attributes (Key:Value):
    StatusCode: 200
    OriginalFormat (a.k.a Body): Setting HTTP status code {StatusCode}.
LogRecord.EventId:                 1
LogRecord.EventName:               WritingResultAsStatusCode

Resource associated with LogRecord:
service.name: Appostolic.Api
service.instance.id: cfc7ce07-e6a4-4518-a7e3-7e4ff99e6a9f
telemetry.sdk.name: opentelemetry
telemetry.sdk.language: dotnet
telemetry.sdk.version: 1.9.0

LogRecord.Timestamp:               2025-09-20T11:49:17.3583690Z
LogRecord.TraceId:                 79ad6f8613b04ae4287e21fdb5eb394a
LogRecord.SpanId:                  a71eb947cfeaed1f
LogRecord.TraceFlags:              Recorded
LogRecord.CategoryName:            Microsoft.AspNetCore.Http.Result.OkObjectResult
LogRecord.Severity:                Info
info: Microsoft.AspNetCore.Http.Result.OkObjectResult[3]
      Writing value of type 'List`1' as Json.
LogRecord.SeverityText:            Information
LogRecord.FormattedMessage:        Writing value of type 'List`1' as Json.
LogRecord.Body:                    Writing value of type '{Type}' as Json.
LogRecord.Attributes (Key:Value):
    Type: List`1
    OriginalFormat (a.k.a Body): Writing value of type '{Type}' as Json.
LogRecord.EventId:                 3
LogRecord.EventName:               WritingResultAsJson

Resource associated with LogRecord:
service.name: Appostolic.Api
service.instance.id: cfc7ce07-e6a4-4518-a7e3-7e4ff99e6a9f
telemetry.sdk.name: opentelemetry
telemetry.sdk.language: dotnet
telemetry.sdk.version: 1.9.0

Activity.TraceId:            79ad6f8613b04ae4287e21fdb5eb394a
Activity.SpanId:             a71eb947cfeaed1f
Activity.TraceFlags:         Recorded
Activity.ActivitySourceName: Microsoft.AspNetCore
Activity.DisplayName:        GET /api/tenants/{tenantId:guid}/audits
Activity.Kind:               Server
Activity.StartTime:          2025-09-20T11:49:17.3528080Z
Activity.Duration:           00:00:00.0056310
Activity.Tags:
    server.address: localhost
    url.query: ?from=Redacted&to=Redacted
    http.request.method: GET
    url.scheme: http
    url.path: /api/tenants/aeccccab-0152-45c0-badd-cb1ad906990a/audits
    network.protocol.version: 1.1
    tenant: t-81963da9367647bdb5ec1cb08ee06f59
    user: a-f96ae07199db49c2b70007afd6113e00@ex.com
    http.route: /api/tenants/{tenantId:guid}/audits
    http.response.status_code: 200
Resource associated with Activity:
    service.name: Appostolic.Api
    service.instance.id: cfc7ce07-e6a4-4518-a7e3-7e4ff99e6a9f
    telemetry.sdk.name: opentelemetry
    telemetry.sdk.language: dotnet
    telemetry.sdk.version: 1.9.0

LogRecord.Timestamp:               2025-09-20T11:49:17.3588570Z
info: Microsoft.AspNetCore.Http.Result.BadRequestObjectResult[1]
      Setting HTTP status code 400.
LogRecord.TraceId:                 c0fe730e37c83573a0f35f100696a04e
LogRecord.SpanId:                  6f2f8abc6f4d8753
LogRecord.TraceFlags:              Recorded
LogRecord.CategoryName:            Microsoft.AspNetCore.Http.Result.BadRequestObjectResult
LogRecord.Severity:                Info
LogRecord.SeverityText:            Information
LogRecord.FormattedMessage:        Setting HTTP status code 400.
LogRecord.Body:                    Setting HTTP status code {StatusCode}.
LogRecord.Attributes (Key:Value):
    StatusCode: 400
    OriginalFormat (a.k.a Body): Setting HTTP status code {StatusCode}.
LogRecord.EventId:                 1
LogRecord.EventName:               WritingResultAsStatusCode

Resource associated with LogRecord:
service.name: Appostolic.Api
service.instance.id: cfc7ce07-e6a4-4518-a7e3-7e4ff99e6a9f
telemetry.sdk.name: opentelemetry
telemetry.sdk.language: dotnet
telemetry.sdk.version: 1.9.0

LogRecord.Timestamp:               2025-09-20T11:49:17.3589450Z
LogRecord.TraceId:                 c0fe730e37c83573a0f35f100696a04e
LogRecord.SpanId:                  6f2f8abc6f4d8753
LogRecord.TraceFlags:              Recorded
LogRecord.CategoryName:            Microsoft.AspNetCore.Http.Result.BadRequestObjectResult
LogRecord.Severity:                Info
LogRecord.SeverityText:            Information
info: Microsoft.AspNetCore.Http.Result.BadRequestObjectResult[3]
      Writing value of type '<>f__AnonymousType0`1' as Json.
LogRecord.FormattedMessage:        Writing value of type '<>f__AnonymousType0`1' as Json.
LogRecord.Body:                    Writing value of type '{Type}' as Json.
LogRecord.Attributes (Key:Value):
    Type: <>f__AnonymousType0`1
    OriginalFormat (a.k.a Body): Writing value of type '{Type}' as Json.
LogRecord.EventId:                 3
LogRecord.EventName:               WritingResultAsJson

Resource associated with LogRecord:
service.name: Appostolic.Api
service.instance.id: cfc7ce07-e6a4-4518-a7e3-7e4ff99e6a9f
telemetry.sdk.name: opentelemetry
telemetry.sdk.language: dotnet
telemetry.sdk.version: 1.9.0

Activity.TraceId:            c0fe730e37c83573a0f35f100696a04e
Activity.SpanId:             6f2f8abc6f4d8753
Activity.TraceFlags:         Recorded
Activity.ActivitySourceName: Microsoft.AspNetCore
Activity.DisplayName:        GET /api/tenants/{tenantId:guid}/audits
Activity.Kind:               Server
Activity.StartTime:          2025-09-20T11:49:17.3585220Z
Activity.Duration:           00:00:00.0004760
Activity.Tags:
    server.address: localhost
    url.query: ?from=Redacted&to=Redacted
    http.request.method: GET
    url.scheme: http
    url.path: /api/tenants/aeccccab-0152-45c0-badd-cb1ad906990a/audits
    network.protocol.version: 1.1
    tenant: t-81963da9367647bdb5ec1cb08ee06f59
    user: a-f96ae07199db49c2b70007afd6113e00@ex.com
    http.route: /api/tenants/{tenantId:guid}/audits
    http.response.status_code: 400
Resource associated with Activity:
    service.name: Appostolic.Api
    service.instance.id: cfc7ce07-e6a4-4518-a7e3-7e4ff99e6a9f
    telemetry.sdk.name: opentelemetry
    telemetry.sdk.language: dotnet
    telemetry.sdk.version: 1.9.0

fail: Microsoft.AspNetCore.Diagnostics.DeveloperExceptionPageMiddleware[1]
      An unhandled exception has occurred while executing the request.
      Microsoft.AspNetCore.Http.BadHttpRequestException: Failed to bind parameter "Nullable<Guid> userId" from "not-a-guid".
         at lambda_method9127(Closure, Object, HttpContext)
         at Microsoft.AspNetCore.Routing.EndpointMiddleware.Invoke(HttpContext httpContext)
         at Program.<>c.<<<Main>$>b__0_15>d.MoveNext() in /Users/kevinmccreary/appostolic/apps/api/Program.cs:line 427
      --- End of stack trace from previous location ---
         at Program.<>c.<<<Main>$>b__0_14>d.MoveNext() in /Users/kevinmccreary/appostolic/apps/api/Program.cs:line 381
      --- End of stack trace from previous location ---
         at Program.<>c.<<<Main>$>b__0_13>d.MoveNext() in /Users/kevinmccreary/appostolic/apps/api/Program.cs:line 366
      --- End of stack trace from previous location ---
         at Appostolic.Api.Infrastructure.MultiTenancy.TenantScopeMiddleware.InvokeAsync(HttpContext context, AppDbContext db) in /Users/kevinmccreary/appostolic/apps/api/App/Infrastructure/MultiTenancy/TenantScopeMiddleware.cs:line 37
         at Appostolic.Api.Infrastructure.Auth.ProblemDetailsAuthorizationResultHandler.HandleAsync(RequestDelegate next, HttpContext context, AuthorizationPolicy policy, PolicyAuthorizationResult authorizeResult) in /Users/kevinmccreary/appostolic/apps/api/App/Infrastructure/Auth/ProblemDetailsAuthorizationResultHandler.cs:line 17
         at Microsoft.AspNetCore.Authorization.AuthorizationMiddleware.Invoke(HttpContext context)
         at Microsoft.AspNetCore.Authentication.AuthenticationMiddleware.Invoke(HttpContext context)
         at Swashbuckle.AspNetCore.SwaggerUI.SwaggerUIMiddleware.Invoke(HttpContext httpContext)
         at Swashbuckle.AspNetCore.Swagger.SwaggerMiddleware.Invoke(HttpContext httpContext, ISwaggerProvider swaggerProvider)
         at Microsoft.AspNetCore.Diagnostics.DeveloperExceptionPageMiddlewareImpl.Invoke(HttpContext context)
LogRecord.Timestamp:               2025-09-20T11:49:17.3618580Z
LogRecord.TraceId:                 6a3c31b63a81adcbd0aa5f055c411ab3
LogRecord.SpanId:                  21bd0b07dc0f68e7
LogRecord.TraceFlags:              Recorded
LogRecord.CategoryName:            Microsoft.AspNetCore.Diagnostics.DeveloperExceptionPageMiddleware
LogRecord.Severity:                Error
LogRecord.SeverityText:            Error
LogRecord.FormattedMessage:        An unhandled exception has occurred while executing the request.
LogRecord.Body:                    An unhandled exception has occurred while executing the request.
LogRecord.Attributes (Key:Value):
    OriginalFormat (a.k.a Body): An unhandled exception has occurred while executing the request.
LogRecord.EventId:                 1
LogRecord.EventName:               UnhandledException
LogRecord.Exception:               Microsoft.AspNetCore.Http.BadHttpRequestException: Failed to bind parameter "Nullable<Guid> userId" from "not-a-guid".
   at lambda_method9127(Closure, Object, HttpContext)
   at Microsoft.AspNetCore.Routing.EndpointMiddleware.Invoke(HttpContext httpContext)
   at Program.<>c.<<<Main>$>b__0_15>d.MoveNext() in /Users/kevinmccreary/appostolic/apps/api/Program.cs:line 427
--- End of stack trace from previous location ---
   at Program.<>c.<<<Main>$>b__0_14>d.MoveNext() in /Users/kevinmccreary/appostolic/apps/api/Program.cs:line 381
--- End of stack trace from previous location ---
   at Program.<>c.<<<Main>$>b__0_13>d.MoveNext() in /Users/kevinmccreary/appostolic/apps/api/Program.cs:line 366
--- End of stack trace from previous location ---
   at Appostolic.Api.Infrastructure.MultiTenancy.TenantScopeMiddleware.InvokeAsync(HttpContext context, AppDbContext db) in /Users/kevinmccreary/appostolic/apps/api/App/Infrastructure/MultiTenancy/TenantScopeMiddleware.cs:line 37
   at Appostolic.Api.Infrastructure.Auth.ProblemDetailsAuthorizationResultHandler.HandleAsync(RequestDelegate next, HttpContext context, AuthorizationPolicy policy, PolicyAuthorizationResult authorizeResult) in /Users/kevinmccreary/appostolic/apps/api/App/Infrastructure/Auth/ProblemDetailsAuthorizationResultHandler.cs:line 17
   at Microsoft.AspNetCore.Authorization.AuthorizationMiddleware.Invoke(HttpContext context)
   at Microsoft.AspNetCore.Authentication.AuthenticationMiddleware.Invoke(HttpContext context)
   at Swashbuckle.AspNetCore.SwaggerUI.SwaggerUIMiddleware.Invoke(HttpContext httpContext)
   at Swashbuckle.AspNetCore.Swagger.SwaggerMiddleware.Invoke(HttpContext httpContext, ISwaggerProvider swaggerProvider)
   at Microsoft.AspNetCore.Diagnostics.DeveloperExceptionPageMiddlewareImpl.Invoke(HttpContext context)

Resource associated with LogRecord:
service.name: Appostolic.Api
service.instance.id: cfc7ce07-e6a4-4518-a7e3-7e4ff99e6a9f
telemetry.sdk.name: opentelemetry
telemetry.sdk.language: dotnet
telemetry.sdk.version: 1.9.0

Activity.TraceId:            6a3c31b63a81adcbd0aa5f055c411ab3
Activity.SpanId:             21bd0b07dc0f68e7
Activity.TraceFlags:         Recorded
Activity.ActivitySourceName: Microsoft.AspNetCore
Activity.DisplayName:        GET /api/tenants/{tenantId:guid}/audits
Activity.Kind:               Server
Activity.StartTime:          2025-09-20T11:49:17.3602550Z
Activity.Duration:           00:00:00.0033510
Activity.Tags:
    server.address: localhost
    url.query: ?userId=Redacted
    http.request.method: GET
    url.scheme: http
    url.path: /api/tenants/7da465ec-de85-4bfb-b6aa-95f708ea5648/audits
    network.protocol.version: 1.1
    tenant: t-de05efa8d8814912963d7a54ad5cb177
    user: a-5e2b50f9dbf74bd8bc39180a3cafe753@ex.com
    error.type: Microsoft.AspNetCore.Http.BadHttpRequestException
    http.route: /api/tenants/{tenantId:guid}/audits
    http.response.status_code: 400
StatusCode: Error
Resource associated with Activity:
    service.name: Appostolic.Api
    service.instance.id: cfc7ce07-e6a4-4518-a7e3-7e4ff99e6a9f
    telemetry.sdk.name: opentelemetry
    telemetry.sdk.language: dotnet
    telemetry.sdk.version: 1.9.0

LogRecord.Timestamp:               2025-09-20T11:49:17.3643910Z
LogRecord.TraceId:                 ab20a3d6c4b7bbbb1dc4c942daf6db68
fail: Microsoft.AspNetCore.Diagnostics.DeveloperExceptionPageMiddleware[1]
      An unhandled exception has occurred while executing the request.
      Microsoft.AspNetCore.Http.BadHttpRequestException: Failed to bind parameter "Nullable<Guid> changedByUserId" from "xyz".
         at lambda_method9127(Closure, Object, HttpContext)
         at Microsoft.AspNetCore.Routing.EndpointMiddleware.Invoke(HttpContext httpContext)
         at Program.<>c.<<<Main>$>b__0_15>d.MoveNext() in /Users/kevinmccreary/appostolic/apps/api/Program.cs:line 427
      --- End of stack trace from previous location ---
         at Program.<>c.<<<Main>$>b__0_14>d.MoveNext() in /Users/kevinmccreary/appostolic/apps/api/Program.cs:line 381
      --- End of stack trace from previous location ---
         at Program.<>c.<<<Main>$>b__0_13>d.MoveNext() in /Users/kevinmccreary/appostolic/apps/api/Program.cs:line 366
      --- End of stack trace from previous location ---
         at Appostolic.Api.Infrastructure.MultiTenancy.TenantScopeMiddleware.InvokeAsync(HttpContext context, AppDbContext db) in /Users/kevinmccreary/appostolic/apps/api/App/Infrastructure/MultiTenancy/TenantScopeMiddleware.cs:line 37
         at Appostolic.Api.Infrastructure.Auth.ProblemDetailsAuthorizationResultHandler.HandleAsync(RequestDelegate next, HttpContext context, AuthorizationPolicy policy, PolicyAuthorizationResult authorizeResult) in /Users/kevinmccreary/appostolic/apps/api/App/Infrastructure/Auth/ProblemDetailsAuthorizationResultHandler.cs:line 17
         at Microsoft.AspNetCore.Authorization.AuthorizationMiddleware.Invoke(HttpContext context)
         at Microsoft.AspNetCore.Authentication.AuthenticationMiddleware.Invoke(HttpContext context)
         at Swashbuckle.AspNetCore.SwaggerUI.SwaggerUIMiddleware.Invoke(HttpContext httpContext)
         at Swashbuckle.AspNetCore.Swagger.SwaggerMiddleware.Invoke(HttpContext httpContext, ISwaggerProvider swaggerProvider)
         at Microsoft.AspNetCore.Diagnostics.DeveloperExceptionPageMiddlewareImpl.Invoke(HttpContext context)
LogRecord.SpanId:                  30a686e891ddc457
LogRecord.TraceFlags:              Recorded
LogRecord.CategoryName:            Microsoft.AspNetCore.Diagnostics.DeveloperExceptionPageMiddleware
LogRecord.Severity:                Error
LogRecord.SeverityText:            Error
LogRecord.FormattedMessage:        An unhandled exception has occurred while executing the request.
LogRecord.Body:                    An unhandled exception has occurred while executing the request.
LogRecord.Attributes (Key:Value):
    OriginalFormat (a.k.a Body): An unhandled exception has occurred while executing the request.
LogRecord.EventId:                 1
LogRecord.EventName:               UnhandledException
LogRecord.Exception:               Microsoft.AspNetCore.Http.BadHttpRequestException: Failed to bind parameter "Nullable<Guid> changedByUserId" from "xyz".
   at lambda_method9127(Closure, Object, HttpContext)
   at Microsoft.AspNetCore.Routing.EndpointMiddleware.Invoke(HttpContext httpContext)
   at Program.<>c.<<<Main>$>b__0_15>d.MoveNext() in /Users/kevinmccreary/appostolic/apps/api/Program.cs:line 427
--- End of stack trace from previous location ---
   at Program.<>c.<<<Main>$>b__0_14>d.MoveNext() in /Users/kevinmccreary/appostolic/apps/api/Program.cs:line 381
--- End of stack trace from previous location ---
   at Program.<>c.<<<Main>$>b__0_13>d.MoveNext() in /Users/kevinmccreary/appostolic/apps/api/Program.cs:line 366
--- End of stack trace from previous location ---
   at Appostolic.Api.Infrastructure.MultiTenancy.TenantScopeMiddleware.InvokeAsync(HttpContext context, AppDbContext db) in /Users/kevinmccreary/appostolic/apps/api/App/Infrastructure/MultiTenancy/TenantScopeMiddleware.cs:line 37
   at Appostolic.Api.Infrastructure.Auth.ProblemDetailsAuthorizationResultHandler.HandleAsync(RequestDelegate next, HttpContext context, AuthorizationPolicy policy, PolicyAuthorizationResult authorizeResult) in /Users/kevinmccreary/appostolic/apps/api/App/Infrastructure/Auth/ProblemDetailsAuthorizationResultHandler.cs:line 17
   at Microsoft.AspNetCore.Authorization.AuthorizationMiddleware.Invoke(HttpContext context)
   at Microsoft.AspNetCore.Authentication.AuthenticationMiddleware.Invoke(HttpContext context)
   at Swashbuckle.AspNetCore.SwaggerUI.SwaggerUIMiddleware.Invoke(HttpContext httpContext)
   at Swashbuckle.AspNetCore.Swagger.SwaggerMiddleware.Invoke(HttpContext httpContext, ISwaggerProvider swaggerProvider)
   at Microsoft.AspNetCore.Diagnostics.DeveloperExceptionPageMiddlewareImpl.Invoke(HttpContext context)

Resource associated with LogRecord:
service.name: Appostolic.Api
service.instance.id: cfc7ce07-e6a4-4518-a7e3-7e4ff99e6a9f
telemetry.sdk.name: opentelemetry
telemetry.sdk.language: dotnet
telemetry.sdk.version: 1.9.0

Activity.TraceId:            ab20a3d6c4b7bbbb1dc4c942daf6db68
Activity.SpanId:             30a686e891ddc457
Activity.TraceFlags:         Recorded
Activity.ActivitySourceName: Microsoft.AspNetCore
Activity.DisplayName:        GET /api/tenants/{tenantId:guid}/audits
Activity.Kind:               Server
Activity.StartTime:          2025-09-20T11:49:17.3637770Z
Activity.Duration:           00:00:00.0008370
Activity.Tags:
    server.address: localhost
    url.query: ?changedByUserId=Redacted
    http.request.method: GET
    url.scheme: http
    url.path: /api/tenants/7da465ec-de85-4bfb-b6aa-95f708ea5648/audits
    network.protocol.version: 1.1
    tenant: t-de05efa8d8814912963d7a54ad5cb177
    user: a-5e2b50f9dbf74bd8bc39180a3cafe753@ex.com
    error.type: Microsoft.AspNetCore.Http.BadHttpRequestException
    http.route: /api/tenants/{tenantId:guid}/audits
    http.response.status_code: 400
StatusCode: Error
Resource associated with Activity:
    service.name: Appostolic.Api
    service.instance.id: cfc7ce07-e6a4-4518-a7e3-7e4ff99e6a9f
    telemetry.sdk.name: opentelemetry
    telemetry.sdk.language: dotnet
    telemetry.sdk.version: 1.9.0

Resource associated with Metric:
    service.name: Appostolic.Api
    service.instance.id: cfc7ce07-e6a4-4518-a7e3-7e4ff99e6a9f
    telemetry.sdk.name: opentelemetry
    telemetry.sdk.language: dotnet
    telemetry.sdk.version: 1.9.0

Metric Name: process.runtime.dotnet.gc.collections.count, Number of garbage collections that have occurred since process start., Meter: OpenTelemetry.Instrumentation.Runtime/1.9.0
(2025-09-20T11:49:17.2435970Z, 2025-09-20T11:49:17.3651330Z] generation: gen2 LongSum
Value: 12
(2025-09-20T11:49:17.2435970Z, 2025-09-20T11:49:17.3651330Z] generation: gen1 LongSum
Value: 19
(2025-09-20T11:49:17.2435970Z, 2025-09-20T11:49:17.3651330Z] generation: gen0 LongSum
Value: 38

Metric Name: process.runtime.dotnet.gc.objects.size, Count of bytes currently in use by objects in the GC heap that haven't been collected yet. Fragmentation and other GC committed memory pools are excluded., Unit: bytes, Meter: OpenTelemetry.Instrumentation.Runtime/1.9.0
(2025-09-20T11:49:17.2436020Z, 2025-09-20T11:49:17.3651340Z] LongSumNonMonotonic
Value: 387337560

Metric Name: process.runtime.dotnet.gc.allocations.size, Count of bytes allocated on the managed GC heap since the process start. .NET objects are allocated from this heap. Object allocations from unmanaged languages such as C/C++ do not use this heap., Unit: bytes, Meter: OpenTelemetry.Instrumentation.Runtime/1.9.0
(2025-09-20T11:49:17.2436050Z, 2025-09-20T11:49:17.3651340Z] LongSum
Value: 1697263280

Metric Name: process.runtime.dotnet.gc.committed_memory.size, The amount of committed virtual memory for the managed GC heap, as observed during the latest garbage collection. Committed virtual memory may be larger than the heap size because it includes both memory for storing existing objects (the heap size) and some extra memory that is ready to handle newly allocated objects in the future. The value will be unavailable until at least one garbage collection has occurred., Unit: bytes, Meter: OpenTelemetry.Instrumentation.Runtime/1.9.0
(2025-09-20T11:49:17.2436080Z, 2025-09-20T11:49:17.3651340Z] LongSumNonMonotonic
Value: 316604416

Metric Name: process.runtime.dotnet.gc.heap.size, The heap size (including fragmentation), as observed during the latest garbage collection. The value will be unavailable until at least one garbage collection has occurred., Unit: bytes, Meter: OpenTelemetry.Instrumentation.Runtime/1.9.0
(2025-09-20T11:49:17.2436120Z, 2025-09-20T11:49:17.3651340Z] generation: gen0 LongSumNonMonotonic
Value: 6126184
(2025-09-20T11:49:17.2436120Z, 2025-09-20T11:49:17.3651340Z] generation: gen1 LongSumNonMonotonic
Value: 11424192
(2025-09-20T11:49:17.2436120Z, 2025-09-20T11:49:17.3651340Z] generation: gen2 LongSumNonMonotonic
Value: 97199288
(2025-09-20T11:49:17.2436120Z, 2025-09-20T11:49:17.3651340Z] generation: loh LongSumNonMonotonic
Value: 200880840
(2025-09-20T11:49:17.2436120Z, 2025-09-20T11:49:17.3651340Z] generation: poh LongSumNonMonotonic
Value: 262336

Metric Name: process.runtime.dotnet.gc.heap.fragmentation.size, The heap fragmentation, as observed during the latest garbage collection. The value will be unavailable until at least one garbage collection has occurred., Unit: bytes, Meter: OpenTelemetry.Instrumentation.Runtime/1.9.0
(2025-09-20T11:49:17.2436140Z, 2025-09-20T11:49:17.3651340Z] generation: gen0 LongSumNonMonotonic
Value: 6125904
(2025-09-20T11:49:17.2436140Z, 2025-09-20T11:49:17.3651340Z] generation: gen1 LongSumNonMonotonic
Value: 4591712
(2025-09-20T11:49:17.2436140Z, 2025-09-20T11:49:17.3651340Z] generation: gen2 LongSumNonMonotonic
Value: 1786072
(2025-09-20T11:49:17.2436140Z, 2025-09-20T11:49:17.3651340Z] generation: loh LongSumNonMonotonic
Value: 31149016
(2025-09-20T11:49:17.2436140Z, 2025-09-20T11:49:17.3651340Z] generation: poh LongSumNonMonotonic
Value: 0

Metric Name: process.runtime.dotnet.gc.duration, The total amount of time paused in GC since the process start., Unit: ns, Meter: OpenTelemetry.Instrumentation.Runtime/1.9.0
(2025-09-20T11:49:17.2436170Z, 2025-09-20T11:49:17.3651350Z] LongSum
Value: 729283000

Metric Name: process.runtime.dotnet.jit.il_compiled.size, Count of bytes of intermediate language that have been compiled since the process start., Unit: bytes, Meter: OpenTelemetry.Instrumentation.Runtime/1.9.0
(2025-09-20T11:49:17.2436200Z, 2025-09-20T11:49:17.3651350Z] LongSum
Value: 4580819

Metric Name: process.runtime.dotnet.jit.methods_compiled.count, The number of times the JIT compiler compiled a method since the process start. The JIT compiler may be invoked multiple times for the same method to compile with different generic parameters, or because tiered compilation requested different optimization settings., Meter: OpenTelemetry.Instrumentation.Runtime/1.9.0
(2025-09-20T11:49:17.2436240Z, 2025-09-20T11:49:17.3651350Z] LongSum
Value: 54696

Metric Name: process.runtime.dotnet.jit.compilation_time, The amount of time the JIT compiler has spent compiling methods since the process start., Unit: ns, Meter: OpenTelemetry.Instrumentation.Runtime/1.9.0
(2025-09-20T11:49:17.2436260Z, 2025-09-20T11:49:17.3651350Z] LongSum
Value: 14467933900

Metric Name: process.runtime.dotnet.monitor.lock_contention.count, The number of times there was contention when trying to acquire a monitor lock since the process start. Monitor locks are commonly acquired by using the lock keyword in C#, or by calling Monitor.Enter() and Monitor.TryEnter()., Meter: OpenTelemetry.Instrumentation.Runtime/1.9.0
(2025-09-20T11:49:17.2436300Z, 2025-09-20T11:49:17.3651350Z] LongSum
Value: 221

Metric Name: process.runtime.dotnet.thread_pool.threads.count, The number of thread pool threads that currently exist., Meter: OpenTelemetry.Instrumentation.Runtime/1.9.0
(2025-09-20T11:49:17.2436330Z, 2025-09-20T11:49:17.3651350Z] LongSumNonMonotonic
Value: 14

Metric Name: process.runtime.dotnet.thread_pool.completed_items.count, The number of work items that have been processed by the thread pool since the process start., Meter: OpenTelemetry.Instrumentation.Runtime/1.9.0
(2025-09-20T11:49:17.2436360Z, 2025-09-20T11:49:17.3651350Z] LongSum
Value: 2399

Metric Name: process.runtime.dotnet.thread_pool.queue.length, The number of work items that are currently queued to be processed by the thread pool., Meter: OpenTelemetry.Instrumentation.Runtime/1.9.0
(2025-09-20T11:49:17.2436390Z, 2025-09-20T11:49:17.3651350Z] LongSumNonMonotonic
Value: 0

Metric Name: process.runtime.dotnet.timer.count, The number of timer instances that are currently active. Timers can be created by many sources such as System.Threading.Timer, Task.Delay, or the timeout in a CancellationSource. An active timer is registered to tick at some point in the future and has not yet been canceled., Meter: OpenTelemetry.Instrumentation.Runtime/1.9.0
(2025-09-20T11:49:17.2436410Z, 2025-09-20T11:49:17.3651350Z] LongSumNonMonotonic
Value: 7

Metric Name: process.runtime.dotnet.assemblies.count, The number of .NET assemblies that are currently loaded., Meter: OpenTelemetry.Instrumentation.Runtime/1.9.0
(2025-09-20T11:49:17.2436440Z, 2025-09-20T11:49:17.3651350Z] LongSumNonMonotonic
Value: 210

Metric Name: process.runtime.dotnet.exceptions.count, Count of exceptions that have been thrown in managed code, since the observation started. The value will be unavailable until an exception has been thrown after OpenTelemetry.Instrumentation.Runtime initialization., Meter: OpenTelemetry.Instrumentation.Runtime/1.9.0
(2025-09-20T11:49:17.2436470Z, 2025-09-20T11:49:17.3651350Z] LongSum
Value: 20

Metric Name: http.server.active_requests, Number of active HTTP server requests., Unit: {request}, Meter: Microsoft.AspNetCore.Hosting
(2025-09-20T11:49:17.2436910Z, 2025-09-20T11:49:17.3651390Z] http.request.method: GET url.scheme: http LongSumNonMonotonic
Value: 0

Metric Name: http.server.request.duration, Duration of HTTP server requests., Unit: s, Meter: Microsoft.AspNetCore.Hosting
(2025-09-20T11:49:17.2436940Z, 2025-09-20T11:49:17.3651390Z] http.request.method: GET http.response.status_code: 200 http.route: /api/tenants/{tenantId:guid}/audits network.protocol.version: 1.1 url.scheme: http Histogram
Value: Sum: 0.071249 Count: 5 Min: 0.0041031 Max: 0.0510447 
(-Infinity,0.005]:2
(0.005,0.01]:2
(0.01,0.025]:0
(0.025,0.05]:0
(0.05,0.075]:1
(0.075,0.1]:0
(0.1,0.25]:0
(0.25,0.5]:0
(0.5,0.75]:0
(0.75,1]:0
(1,2.5]:0
(2.5,5]:0
(5,7.5]:0
(7.5,10]:0
(10,+Infinity]:0

(2025-09-20T11:49:17.2436940Z, 2025-09-20T11:49:17.3651390Z] http.request.method: GET http.response.status_code: 400 http.route: /api/tenants/{tenantId:guid}/audits network.protocol.version: 1.1 url.scheme: http Histogram
Value: Sum: 0.0004733 Count: 1 Min: 0.0004733 Max: 0.0004733 
(-Infinity,0.005]:1
(0.005,0.01]:0
(0.01,0.025]:0
(0.025,0.05]:0
(0.05,0.075]:0
(0.075,0.1]:0
(0.1,0.25]:0
(0.25,0.5]:0
(0.5,0.75]:0
(0.75,1]:0
(1,2.5]:0
(2.5,5]:0
(5,7.5]:0
(7.5,10]:0
(10,+Infinity]:0

(2025-09-20T11:49:17.2436940Z, 2025-09-20T11:49:17.3651390Z] error.type: Microsoft.AspNetCore.Http.BadHttpRequestException http.request.method: GET http.response.status_code: 400 http.route: /api/tenants/{tenantId:guid}/audits network.protocol.version: 1.1 url.scheme: http Histogram
Value: Sum: 0.0041848 Count: 2 Min: 0.0008385 Max: 0.0033463 
(-Infinity,0.005]:2
(0.005,0.01]:0
(0.01,0.025]:0
(0.025,0.05]:0
(0.05,0.075]:0
(0.075,0.1]:0
(0.1,0.25]:0
(0.25,0.5]:0
(0.5,0.75]:0
(0.75,1]:0
(1,2.5]:0
(2.5,5]:0
(5,7.5]:0
(7.5,10]:0
(10,+Infinity]:0


Metric Name: aspnetcore.routing.match_attempts, Number of requests that were attempted to be matched to an endpoint., Unit: {match_attempt}, Meter: Microsoft.AspNetCore.Routing
(2025-09-20T11:49:17.2827080Z, 2025-09-20T11:49:17.3651390Z] aspnetcore.routing.is_fallback: false aspnetcore.routing.match_status: success http.route: /api/tenants/{tenantId:guid}/audits LongSum
Value: 8

Metric Name: aspnetcore.diagnostics.exceptions, Number of exceptions caught by exception handling middleware., Unit: {exception}, Meter: Microsoft.AspNetCore.Diagnostics
(2025-09-20T11:49:17.2827770Z, 2025-09-20T11:49:17.3651400Z] aspnetcore.diagnostics.exception.result: unhandled error.type: Microsoft.AspNetCore.Http.BadHttpRequestException LongSum
Value: 2
[Startup] Warning: failed to ensure app.notification_dedupes exists: Relational-specific methods can only be used when the context is using a relational database provider.
info: Endpoints.V1[0]
      [MapV1Endpoints] Environment='Development' IsDevelopment=True
LogRecord.Timestamp:               2025-09-20T11:49:17.4463030Z
LogRecord.CategoryName:            Endpoints.V1
LogRecord.Severity:                Info
LogRecord.SeverityText:            Information
LogRecord.FormattedMessage:        [MapV1Endpoints] Environment='Development' IsDevelopment=True
LogRecord.Body:                    [MapV1Endpoints] Environment='{Env}' IsDevelopment={IsDev}
LogRecord.Attributes (Key:Value):
    Env: Development
    IsDev: true
    OriginalFormat (a.k.a Body): [MapV1Endpoints] Environment='{Env}' IsDevelopment={IsDev}

Resource associated with LogRecord:
service.name: Appostolic.Api
service.instance.id: cfc7ce07-e6a4-4518-a7e3-7e4ff99e6a9f
telemetry.sdk.name: opentelemetry
telemetry.sdk.language: dotnet
telemetry.sdk.version: 1.9.0

LogRecord.Timestamp:               2025-09-20T11:49:17.4467550Z
LogRecord.CategoryName:            Microsoft.AspNetCore.DataProtection.KeyManagement.XmlKeyManager
info: Microsoft.AspNetCore.DataProtection.KeyManagement.XmlKeyManager[62]
      User profile is available. Using '/Users/kevinmccreary/.aspnet/DataProtection-Keys' as key repository; keys will not be encrypted at rest.
LogRecord.Severity:                Info
LogRecord.SeverityText:            Information
LogRecord.FormattedMessage:        User profile is available. Using '/Users/kevinmccreary/.aspnet/DataProtection-Keys' as key repository; keys will not be encrypted at rest.
LogRecord.Body:                    User profile is available. Using '{FullName}' as key repository; keys will not be encrypted at rest.
LogRecord.Attributes (Key:Value):
    FullName: /Users/kevinmccreary/.aspnet/DataProtection-Keys
    OriginalFormat (a.k.a Body): User profile is available. Using '{FullName}' as key repository; keys will not be encrypted at rest.
LogRecord.EventId:                 62
LogRecord.EventName:               UsingProfileAsKeyRepository

Resource associated with LogRecord:
service.name: Appostolic.Api
service.instance.id: cfc7ce07-e6a4-4518-a7e3-7e4ff99e6a9f
telemetry.sdk.name: opentelemetry
telemetry.sdk.language: dotnet
telemetry.sdk.version: 1.9.0

LogRecord.Timestamp:               2025-09-20T11:49:17.4478740Z
LogRecord.CategoryName:            Appostolic.Api.App.Notifications.NotificationsPurgeHostedService
LogRecord.Severity:                Info
info: Appostolic.Api.App.Notifications.NotificationsPurgeHostedService[0]
      NotificationsPurge started
LogRecord.SeverityText:            Information
LogRecord.FormattedMessage:        NotificationsPurge started
LogRecord.Body:                    NotificationsPurge started
LogRecord.Attributes (Key:Value):
    OriginalFormat (a.k.a Body): NotificationsPurge started

Resource associated with LogRecord:
service.name: Appostolic.Api
service.instance.id: cfc7ce07-e6a4-4518-a7e3-7e4ff99e6a9f
telemetry.sdk.name: opentelemetry
telemetry.sdk.language: dotnet
telemetry.sdk.version: 1.9.0

info: Appostolic.Api.App.Notifications.AutoResendHostedService[0]
      AutoResend is disabled by configuration
LogRecord.Timestamp:               2025-09-20T11:49:17.4837540Z
LogRecord.CategoryName:            Appostolic.Api.App.Notifications.AutoResendHostedService
LogRecord.Severity:                Info
LogRecord.SeverityText:            Information
LogRecord.FormattedMessage:        AutoResend is disabled by configuration
LogRecord.Body:                    AutoResend is disabled by configuration
LogRecord.Attributes (Key:Value):
    OriginalFormat (a.k.a Body): AutoResend is disabled by configuration

Resource associated with LogRecord:
service.name: Appostolic.Api
service.instance.id: cfc7ce07-e6a4-4518-a7e3-7e4ff99e6a9f
telemetry.sdk.name: opentelemetry
telemetry.sdk.language: dotnet
telemetry.sdk.version: 1.9.0

LogRecord.Timestamp:               2025-09-20T11:49:17.4837940Z
LogRecord.CategoryName:            Appostolic.Api.App.Notifications.EmailDispatcherHostedService
LogRecord.Severity:                Info
LogRecord.SeverityText:            Information
LogRecord.FormattedMessage:        EmailDispatcher started
LogRecord.Body:                    EmailDispatcher started
LogRecord.Attributes (Key:Value):
    OriginalFormat (a.k.a Body): EmailDispatcher started

Resource associated with LogRecord:
service.name: Appostolic.Api
service.instance.id: cfc7ce07-e6a4-4518-a7e3-7e4ff99e6a9f
telemetry.sdk.name: opentelemetry
telemetry.sdk.language: dotnet
telemetry.sdk.version: 1.9.0

info: Appostolic.Api.App.Notifications.EmailDispatcherHostedService[0]
      EmailDispatcher started
LogRecord.Timestamp:               2025-09-20T11:49:17.4838140Z
LogRecord.CategoryName:            Appostolic.Api.App.Notifications.NotificationDispatcherHostedService
LogRecord.Severity:                Info
LogRecord.SeverityText:            Information
LogRecord.FormattedMessage:        NotificationDispatcher started
LogRecord.Body:                    NotificationDispatcher started
LogRecord.Attributes (Key:Value):
    OriginalFormat (a.k.a Body): NotificationDispatcher started

Resource associated with LogRecord:
service.name: Appostolic.Api
service.instance.id: cfc7ce07-e6a4-4518-a7e3-7e4ff99e6a9f
info: Appostolic.Api.App.Notifications.NotificationDispatcherHostedService[0]
      NotificationDispatcher started
telemetry.sdk.name: opentelemetry
telemetry.sdk.language: dotnet
telemetry.sdk.version: 1.9.0

LogRecord.Timestamp:               2025-09-20T11:49:17.4838350Z
LogRecord.CategoryName:            Appostolic.Api.Application.Agents.Queue.AgentTaskWorker
LogRecord.Severity:                Info
LogRecord.SeverityText:            Information
LogRecord.FormattedMessage:        AgentTaskWorker started.
LogRecord.Body:                    AgentTaskWorker started.
LogRecord.Attributes (Key:Value):
    OriginalFormat (a.k.a Body): AgentTaskWorker started.

Resource associated with LogRecord:
service.name: Appostolic.Api
service.instance.id: cfc7ce07-e6a4-4518-a7e3-7e4ff99e6a9f
telemetry.sdk.name: opentelemetry
telemetry.sdk.language: dotnet
telemetry.sdk.version: 1.9.0

info: Appostolic.Api.Application.Agents.Queue.AgentTaskWorker[0]
      AgentTaskWorker started.
Activity.TraceId:            f41bc7758d8cf23bf751de9dff884f2b
Activity.SpanId:             7e73b3d250fd2312
Activity.TraceFlags:         Recorded
Activity.ParentSpanId:       653359586a1326f5
Activity.ActivitySourceName: Appostolic.AgentRuntime
Activity.DisplayName:        agent.model
Activity.Kind:               Internal
Activity.StartTime:          2025-09-20T11:49:17.6111070Z
Activity.Duration:           00:00:00.0000080
Activity.Tags:
    agent.id: 11111111-1111-1111-1111-111111111111
    task.id: 3088accd-fa6c-4134-96f5-faade0693ef9
    tenant: kevin-personal
    user: kevin@example.com
    step: 1
    model.name: gpt-4o-mini
    maxSteps: 8
    duration.ms: 0
Resource associated with Activity:
    service.name: Appostolic.Api
    service.instance.id: cfc7ce07-e6a4-4518-a7e3-7e4ff99e6a9f
    telemetry.sdk.name: opentelemetry
    telemetry.sdk.language: dotnet
    telemetry.sdk.version: 1.9.0

info: Appostolic.Api.Application.Agents.Tools.WebSearchTool[0]
      web.search q="intro" hits=1
LogRecord.Timestamp:               2025-09-20T11:49:17.6180200Z
LogRecord.TraceId:                 f41bc7758d8cf23bf751de9dff884f2b
LogRecord.SpanId:                  86da4d611db5a18f
LogRecord.TraceFlags:              Recorded
LogRecord.CategoryName:            Appostolic.Api.Application.Agents.Tools.WebSearchTool
LogRecord.Severity:                Info
LogRecord.SeverityText:            Information
LogRecord.FormattedMessage:        web.search q="intro" hits=1
LogRecord.Body:                    web.search q="{Query}" hits={HitCount}
LogRecord.Attributes (Key:Value):
    Query: intro
    HitCount: 1
    OriginalFormat (a.k.a Body): web.search q="{Query}" hits={HitCount}

Resource associated with LogRecord:
service.name: Appostolic.Api
service.instance.id: cfc7ce07-e6a4-4518-a7e3-7e4ff99e6a9f
telemetry.sdk.name: opentelemetry
telemetry.sdk.language: dotnet
telemetry.sdk.version: 1.9.0

LogRecord.Timestamp:               2025-09-20T11:49:17.6183400Z
LogRecord.TraceId:                 f41bc7758d8cf23bf751de9dff884f2b
LogRecord.SpanId:                  86da4d611db5a18f
LogRecord.TraceFlags:              Recorded
LogRecord.CategoryName:            Appostolic.Api.Application.Agents.Tools.WebSearchTool
LogRecord.Severity:                Info
LogRecord.SeverityText:            Information
LogRecord.FormattedMessage:        tool.call name=web.search tenant=kevin-personal user=kevin@example.com success=True durationMs=1
LogRecord.Body:                    tool.call name={Name} tenant={Tenant} user={User} success={Success} durationMs={DurationMs}
LogRecord.Attributes (Key:Value):
info: Appostolic.Api.Application.Agents.Tools.WebSearchTool[0]
      tool.call name=web.search tenant=kevin-personal user=kevin@example.com success=True durationMs=1
    Name: web.search
    Tenant: kevin-personal
    User: kevin@example.com
    Success: true
    DurationMs: 1
    OriginalFormat (a.k.a Body): tool.call name={Name} tenant={Tenant} user={User} success={Success} durationMs={DurationMs}

Resource associated with LogRecord:
service.name: Appostolic.Api
service.instance.id: cfc7ce07-e6a4-4518-a7e3-7e4ff99e6a9f
telemetry.sdk.name: opentelemetry
telemetry.sdk.language: dotnet
telemetry.sdk.version: 1.9.0

Activity.TraceId:            f41bc7758d8cf23bf751de9dff884f2b
Activity.SpanId:             86da4d611db5a18f
Activity.TraceFlags:         Recorded
Activity.ParentSpanId:       4639f3201ac0df73
Activity.ActivitySourceName: Appostolic.Tools
Activity.DisplayName:        tool.invoke
Activity.Kind:               Internal
Activity.StartTime:          2025-09-20T11:49:17.6177530Z
Activity.Duration:           00:00:00.0006160
Activity.Tags:
    tool.name: web.search
    tenant: kevin-personal
    user: kevin@example.com
    duration.ms: 1
    success: true
Resource associated with Activity:
    service.name: Appostolic.Api
    service.instance.id: cfc7ce07-e6a4-4518-a7e3-7e4ff99e6a9f
    telemetry.sdk.name: opentelemetry
    telemetry.sdk.language: dotnet
    telemetry.sdk.version: 1.9.0

Activity.TraceId:            f41bc7758d8cf23bf751de9dff884f2b
Activity.SpanId:             4639f3201ac0df73
Activity.TraceFlags:         Recorded
Activity.ParentSpanId:       653359586a1326f5
Activity.ActivitySourceName: Appostolic.Tools
Activity.DisplayName:        tool.web.search
Activity.Kind:               Internal
Activity.StartTime:          2025-09-20T11:49:17.6177500Z
Activity.Duration:           00:00:00.0006450
Activity.Tags:
    tool.name: web.search
    tenant: kevin-personal
    user: kevin@example.com
    success: true
    duration.ms: 0
Resource associated with Activity:
    service.name: Appostolic.Api
    service.instance.id: cfc7ce07-e6a4-4518-a7e3-7e4ff99e6a9f
    telemetry.sdk.name: opentelemetry
    telemetry.sdk.language: dotnet
    telemetry.sdk.version: 1.9.0

Activity.TraceId:            f41bc7758d8cf23bf751de9dff884f2b
Activity.SpanId:             eb6f6df88a63fcac
Activity.TraceFlags:         Recorded
Activity.ParentSpanId:       653359586a1326f5
Activity.ActivitySourceName: Appostolic.AgentRuntime
Activity.DisplayName:        agent.model
Activity.Kind:               Internal
Activity.StartTime:          2025-09-20T11:49:17.6188250Z
Activity.Duration:           00:00:00.0000150
Activity.Tags:
    agent.id: 11111111-1111-1111-1111-111111111111
    task.id: 3088accd-fa6c-4134-96f5-faade0693ef9
    tenant: kevin-personal
    user: kevin@example.com
    step: 3
    model.name: gpt-4o-mini
    maxSteps: 8
    duration.ms: 0
Resource associated with Activity:
    service.name: Appostolic.Api
    service.instance.id: cfc7ce07-e6a4-4518-a7e3-7e4ff99e6a9f
    telemetry.sdk.name: opentelemetry
    telemetry.sdk.language: dotnet
    telemetry.sdk.version: 1.9.0

LogRecord.Timestamp:               2025-09-20T11:49:17.6190490Z
LogRecord.TraceId:                 f41bc7758d8cf23bf751de9dff884f2b
LogRecord.SpanId:                  653359586a1326f5
LogRecord.TraceFlags:              Recorded
LogRecord.CategoryName:            Appostolic.Api.Application.Agents.Runtime.AgentOrchestrator
info: Appostolic.Api.Application.Agents.Runtime.AgentOrchestrator[0]
      Task succeeded at step 3
LogRecord.Severity:                Info
LogRecord.SeverityText:            Information
LogRecord.FormattedMessage:        Task succeeded at step 3
LogRecord.Body:                    Task succeeded at step {Step}
LogRecord.Attributes (Key:Value):
    Step: 3
    OriginalFormat (a.k.a Body): Task succeeded at step {Step}

Resource associated with LogRecord:
service.name: Appostolic.Api
service.instance.id: cfc7ce07-e6a4-4518-a7e3-7e4ff99e6a9f
telemetry.sdk.name: opentelemetry
telemetry.sdk.language: dotnet
telemetry.sdk.version: 1.9.0

Activity.TraceId:            f41bc7758d8cf23bf751de9dff884f2b
Activity.SpanId:             653359586a1326f5
Activity.TraceFlags:         Recorded
Activity.ActivitySourceName: Appostolic.AgentRuntime
Activity.DisplayName:        agent.run
Activity.Kind:               Internal
Activity.StartTime:          2025-09-20T11:49:17.6108430Z
Activity.Duration:           00:00:00.0083750
Activity.Tags:
    task.id: 3088accd-fa6c-4134-96f5-faade0693ef9
    agent.id: 11111111-1111-1111-1111-111111111111
    tenant: kevin-personal
    user: kevin@example.com
Resource associated with Activity:
    service.name: Appostolic.Api
    service.instance.id: cfc7ce07-e6a4-4518-a7e3-7e4ff99e6a9f
    telemetry.sdk.name: opentelemetry
    telemetry.sdk.language: dotnet
    telemetry.sdk.version: 1.9.0

LogRecord.Timestamp:               2025-09-20T11:49:17.6193160Z
info: Microsoft.AspNetCore.Http.Result.CreatedResult[1]
      Setting HTTP status code 201.
LogRecord.TraceId:                 36e90a172556f9a3cf6ff0751b322eac
LogRecord.SpanId:                  0e9d62b71b3f1e46
LogRecord.TraceFlags:              Recorded
LogRecord.CategoryName:            Microsoft.AspNetCore.Http.Result.CreatedResult
LogRecord.Severity:                Info
LogRecord.SeverityText:            Information
LogRecord.FormattedMessage:        Setting HTTP status code 201.
LogRecord.Body:                    Setting HTTP status code {StatusCode}.
LogRecord.Attributes (Key:Value):
    StatusCode: 201
    OriginalFormat (a.k.a Body): Setting HTTP status code {StatusCode}.
LogRecord.EventId:                 1
LogRecord.EventName:               WritingResultAsStatusCode

Resource associated with LogRecord:
service.name: Appostolic.Api
service.instance.id: cfc7ce07-e6a4-4518-a7e3-7e4ff99e6a9f
telemetry.sdk.name: opentelemetry
telemetry.sdk.language: dotnet
telemetry.sdk.version: 1.9.0

LogRecord.Timestamp:               2025-09-20T11:49:17.6195470Z
LogRecord.TraceId:                 36e90a172556f9a3cf6ff0751b322eac
info: Microsoft.AspNetCore.Http.Result.CreatedResult[3]
      Writing value of type 'AgentTaskSummary' as Json.
LogRecord.SpanId:                  0e9d62b71b3f1e46
LogRecord.TraceFlags:              Recorded
LogRecord.CategoryName:            Microsoft.AspNetCore.Http.Result.CreatedResult
LogRecord.Severity:                Info
LogRecord.SeverityText:            Information
LogRecord.FormattedMessage:        Writing value of type 'AgentTaskSummary' as Json.
LogRecord.Body:                    Writing value of type '{Type}' as Json.
LogRecord.Attributes (Key:Value):
    Type: AgentTaskSummary
    OriginalFormat (a.k.a Body): Writing value of type '{Type}' as Json.
LogRecord.EventId:                 3
LogRecord.EventName:               WritingResultAsJson

Resource associated with LogRecord:
service.name: Appostolic.Api
service.instance.id: cfc7ce07-e6a4-4518-a7e3-7e4ff99e6a9f
telemetry.sdk.name: opentelemetry
telemetry.sdk.language: dotnet
telemetry.sdk.version: 1.9.0

Activity.TraceId:            36e90a172556f9a3cf6ff0751b322eac
Activity.SpanId:             0e9d62b71b3f1e46
Activity.TraceFlags:         Recorded
Activity.ActivitySourceName: Microsoft.AspNetCore
Activity.DisplayName:        POST /api/agent-tasks/
Activity.Kind:               Server
Activity.StartTime:          2025-09-20T11:49:17.5555720Z
Activity.Duration:           00:00:00.0641660
Activity.Tags:
    server.address: localhost
    http.request.method: POST
    url.scheme: http
    url.path: /api/agent-tasks
    network.protocol.version: 1.1
    tenant: kevin-personal
    user: kevin@example.com
    http.route: /api/agent-tasks/
    http.response.status_code: 201
Resource associated with Activity:
    service.name: Appostolic.Api
    service.instance.id: cfc7ce07-e6a4-4518-a7e3-7e4ff99e6a9f
    telemetry.sdk.name: opentelemetry
    telemetry.sdk.language: dotnet
    telemetry.sdk.version: 1.9.0

Activity.TraceId:            be7213e630b4ec67ee42d96e52fae173
Activity.SpanId:             3902629aa7ca05fc
Activity.TraceFlags:         Recorded
Activity.ParentSpanId:       b130b04270b3e3ad
Activity.ActivitySourceName: Appostolic.AgentRuntime
Activity.DisplayName:        agent.model
Activity.Kind:               Internal
Activity.StartTime:          2025-09-20T11:49:17.6217660Z
Activity.Duration:           00:00:00.0000080
Activity.Tags:
    agent.id: 11111111-1111-1111-1111-111111111111
    task.id: af40fc50-2cc1-4eca-83df-30eccf59226a
    tenant: kevin-personal
    user: kevin@example.com
    step: 1
    model.name: gpt-4o-mini
    maxSteps: 8
    duration.ms: 0
Resource associated with Activity:
    service.name: Appostolic.Api
    service.instance.id: cfc7ce07-e6a4-4518-a7e3-7e4ff99e6a9f
    telemetry.sdk.name: opentelemetry
    telemetry.sdk.language: dotnet
    telemetry.sdk.version: 1.9.0

LogRecord.Timestamp:               2025-09-20T11:49:17.6218880Z
LogRecord.TraceId:                 be7213e630b4ec67ee42d96e52fae173
LogRecord.SpanId:                  6fa00846a3491fd4
LogRecord.TraceFlags:              Recorded
LogRecord.CategoryName:            Appostolic.Api.Application.Agents.Tools.WebSearchTool
info: Appostolic.Api.Application.Agents.Tools.WebSearchTool[0]
      web.search q="intro" hits=1
LogRecord.Severity:                Info
LogRecord.SeverityText:            Information
LogRecord.FormattedMessage:        web.search q="intro" hits=1
LogRecord.Body:                    web.search q="{Query}" hits={HitCount}
LogRecord.Attributes (Key:Value):
    Query: intro
    HitCount: 1
    OriginalFormat (a.k.a Body): web.search q="{Query}" hits={HitCount}

Resource associated with LogRecord:
service.name: Appostolic.Api
service.instance.id: cfc7ce07-e6a4-4518-a7e3-7e4ff99e6a9f
telemetry.sdk.name: opentelemetry
telemetry.sdk.language: dotnet
telemetry.sdk.version: 1.9.0

LogRecord.Timestamp:               2025-09-20T11:49:17.6219320Z
LogRecord.TraceId:                 be7213e630b4ec67ee42d96e52fae173
LogRecord.SpanId:                  6fa00846a3491fd4
LogRecord.TraceFlags:              Recorded
LogRecord.CategoryName:            Appostolic.Api.Application.Agents.Tools.WebSearchTool
LogRecord.Severity:                Info
LogRecord.SeverityText:            Information
LogRecord.FormattedMessage:        tool.call name=web.search tenant=kevin-personal user=kevin@example.com success=True durationMs=1
LogRecord.Body:                    tool.call name={Name} tenant={Tenant} user={User} success={Success} durationMs={DurationMs}
LogRecord.Attributes (Key:Value):
    Name: web.search
    Tenant: kevin-personal
    User: kevin@example.com
info: Appostolic.Api.Application.Agents.Tools.WebSearchTool[0]
      tool.call name=web.search tenant=kevin-personal user=kevin@example.com success=True durationMs=1
    Success: true
    DurationMs: 1
    OriginalFormat (a.k.a Body): tool.call name={Name} tenant={Tenant} user={User} success={Success} durationMs={DurationMs}

Resource associated with LogRecord:
service.name: Appostolic.Api
service.instance.id: cfc7ce07-e6a4-4518-a7e3-7e4ff99e6a9f
telemetry.sdk.name: opentelemetry
telemetry.sdk.language: dotnet
telemetry.sdk.version: 1.9.0

Activity.TraceId:            be7213e630b4ec67ee42d96e52fae173
Activity.SpanId:             6fa00846a3491fd4
Activity.TraceFlags:         Recorded
Activity.ParentSpanId:       83c47b7533340c09
Activity.ActivitySourceName: Appostolic.Tools
Activity.DisplayName:        tool.invoke
Activity.Kind:               Internal
Activity.StartTime:          2025-09-20T11:49:17.6218580Z
Activity.Duration:           00:00:00.0001120
Activity.Tags:
    tool.name: web.search
    tenant: kevin-personal
    user: kevin@example.com
    duration.ms: 1
    success: true
Resource associated with Activity:
    service.name: Appostolic.Api
    service.instance.id: cfc7ce07-e6a4-4518-a7e3-7e4ff99e6a9f
    telemetry.sdk.name: opentelemetry
    telemetry.sdk.language: dotnet
    telemetry.sdk.version: 1.9.0

Activity.TraceId:            be7213e630b4ec67ee42d96e52fae173
Activity.SpanId:             83c47b7533340c09
Activity.TraceFlags:         Recorded
Activity.ParentSpanId:       b130b04270b3e3ad
Activity.ActivitySourceName: Appostolic.Tools
Activity.DisplayName:        tool.web.search
Activity.Kind:               Internal
Activity.StartTime:          2025-09-20T11:49:17.6218560Z
Activity.Duration:           00:00:00.0001390
Activity.Tags:
    tool.name: web.search
    tenant: kevin-personal
    user: kevin@example.com
    success: true
    duration.ms: 0
Resource associated with Activity:
    service.name: Appostolic.Api
    service.instance.id: cfc7ce07-e6a4-4518-a7e3-7e4ff99e6a9f
    telemetry.sdk.name: opentelemetry
    telemetry.sdk.language: dotnet
    telemetry.sdk.version: 1.9.0

Activity.TraceId:            be7213e630b4ec67ee42d96e52fae173
Activity.SpanId:             189b91e9bb270646
Activity.TraceFlags:         Recorded
Activity.ParentSpanId:       b130b04270b3e3ad
Activity.ActivitySourceName: Appostolic.AgentRuntime
Activity.DisplayName:        agent.model
Activity.Kind:               Internal
Activity.StartTime:          2025-09-20T11:49:17.6220620Z
Activity.Duration:           00:00:00.0000060
Activity.Tags:
    agent.id: 11111111-1111-1111-1111-111111111111
    task.id: af40fc50-2cc1-4eca-83df-30eccf59226a
    tenant: kevin-personal
    user: kevin@example.com
    step: 3
    model.name: gpt-4o-mini
    maxSteps: 8
    duration.ms: 0
Resource associated with Activity:
    service.name: Appostolic.Api
    service.instance.id: cfc7ce07-e6a4-4518-a7e3-7e4ff99e6a9f
    telemetry.sdk.name: opentelemetry
    telemetry.sdk.language: dotnet
    telemetry.sdk.version: 1.9.0

info: Appostolic.Api.Application.Agents.Runtime.AgentOrchestrator[0]
      Task succeeded at step 3
LogRecord.Timestamp:               2025-09-20T11:49:17.6369540Z
LogRecord.TraceId:                 be7213e630b4ec67ee42d96e52fae173
LogRecord.SpanId:                  b130b04270b3e3ad
LogRecord.TraceFlags:              Recorded
LogRecord.CategoryName:            Appostolic.Api.Application.Agents.Runtime.AgentOrchestrator
LogRecord.Severity:                Info
LogRecord.SeverityText:            Information
LogRecord.FormattedMessage:        Task succeeded at step 3
LogRecord.Body:                    Task succeeded at step {Step}
LogRecord.Attributes (Key:Value):
    Step: 3
    OriginalFormat (a.k.a Body): Task succeeded at step {Step}

Resource associated with LogRecord:
service.name: Appostolic.Api
service.instance.id: cfc7ce07-e6a4-4518-a7e3-7e4ff99e6a9f
telemetry.sdk.name: opentelemetry
telemetry.sdk.language: dotnet
telemetry.sdk.version: 1.9.0

Activity.TraceId:            be7213e630b4ec67ee42d96e52fae173
Activity.SpanId:             b130b04270b3e3ad
Activity.TraceFlags:         Recorded
Activity.ActivitySourceName: Appostolic.AgentRuntime
Activity.DisplayName:        agent.run
Activity.Kind:               Internal
Activity.StartTime:          2025-09-20T11:49:17.6217330Z
Activity.Duration:           00:00:00.0152900
Activity.Tags:
    task.id: af40fc50-2cc1-4eca-83df-30eccf59226a
    agent.id: 11111111-1111-1111-1111-111111111111
    tenant: kevin-personal
    user: kevin@example.com
Resource associated with Activity:
    service.name: Appostolic.Api
    service.instance.id: cfc7ce07-e6a4-4518-a7e3-7e4ff99e6a9f
    telemetry.sdk.name: opentelemetry
    telemetry.sdk.language: dotnet
    telemetry.sdk.version: 1.9.0

LogRecord.Timestamp:               2025-09-20T11:49:17.6370780Z
LogRecord.TraceId:                 9fc8a9f5a748e54528461b873f854570
LogRecord.SpanId:                  c10ba1f4f0e51d58
LogRecord.TraceFlags:              Recorded
LogRecord.CategoryName:            Microsoft.AspNetCore.Http.Result.CreatedResult
LogRecord.Severity:                Info
LogRecord.SeverityText:            Information
LogRecord.FormattedMessage:        Setting HTTP status code 201.
LogRecord.Body:                    Setting HTTP status code {StatusCode}.
LogRecord.Attributes (Key:Value):
    StatusCode: 201
    OriginalFormat (a.k.a Body): Setting HTTP status code {StatusCode}.
LogRecord.EventId:                 1
LogRecord.EventName:               WritingResultAsStatusCode

Resource associated with LogRecord:
service.name: Appostolic.Api
service.instance.id: cfc7ce07-e6a4-4518-a7e3-7e4ff99e6a9f
telemetry.sdk.name: opentelemetry
telemetry.sdk.language: dotnet
telemetry.sdk.version: 1.9.0

info: Microsoft.AspNetCore.Http.Result.CreatedResult[1]
      Setting HTTP status code 201.
info: Microsoft.AspNetCore.Http.Result.CreatedResult[3]
      Writing value of type 'AgentTaskSummary' as Json.
LogRecord.Timestamp:               2025-09-20T11:49:17.6371020Z
LogRecord.TraceId:                 9fc8a9f5a748e54528461b873f854570
LogRecord.SpanId:                  c10ba1f4f0e51d58
LogRecord.TraceFlags:              Recorded
LogRecord.CategoryName:            Microsoft.AspNetCore.Http.Result.CreatedResult
LogRecord.Severity:                Info
LogRecord.SeverityText:            Information
LogRecord.FormattedMessage:        Writing value of type 'AgentTaskSummary' as Json.
LogRecord.Body:                    Writing value of type '{Type}' as Json.
LogRecord.Attributes (Key:Value):
    Type: AgentTaskSummary
    OriginalFormat (a.k.a Body): Writing value of type '{Type}' as Json.
LogRecord.EventId:                 3
LogRecord.EventName:               WritingResultAsJson

Resource associated with LogRecord:
service.name: Appostolic.Api
service.instance.id: cfc7ce07-e6a4-4518-a7e3-7e4ff99e6a9f
telemetry.sdk.name: opentelemetry
telemetry.sdk.language: dotnet
telemetry.sdk.version: 1.9.0

Activity.TraceId:            9fc8a9f5a748e54528461b873f854570
Activity.SpanId:             c10ba1f4f0e51d58
Activity.TraceFlags:         Recorded
Activity.ActivitySourceName: Microsoft.AspNetCore
Activity.DisplayName:        POST /api/agent-tasks/
Activity.Kind:               Server
Activity.StartTime:          2025-09-20T11:49:17.6201550Z
Activity.Duration:           00:00:00.0170710
Activity.Tags:
    server.address: localhost
    http.request.method: POST
    url.scheme: http
    url.path: /api/agent-tasks
    network.protocol.version: 1.1
    tenant: kevin-personal
    user: kevin@example.com
    http.route: /api/agent-tasks/
    http.response.status_code: 201
Resource associated with Activity:
    service.name: Appostolic.Api
    service.instance.id: cfc7ce07-e6a4-4518-a7e3-7e4ff99e6a9f
    telemetry.sdk.name: opentelemetry
    telemetry.sdk.language: dotnet
    telemetry.sdk.version: 1.9.0

Activity.TraceId:            1d6df597f9e7e3e8579fa5d4ef1c3182
Activity.SpanId:             a5fa063b36e44784
Activity.TraceFlags:         Recorded
Activity.ParentSpanId:       2ea09bc527782e98
Activity.ActivitySourceName: Appostolic.AgentRuntime
Activity.DisplayName:        agent.model
Activity.Kind:               Internal
Activity.StartTime:          2025-09-20T11:49:17.6402800Z
Activity.Duration:           00:00:00.0000050
Activity.Tags:
    agent.id: 11111111-1111-1111-1111-111111111111
    task.id: 0f131f80-c7f0-4012-965c-07794088d1f8
    tenant: kevin-personal
    user: kevin@example.com
    step: 1
    model.name: gpt-4o-mini
    maxSteps: 8
    duration.ms: 0
Resource associated with Activity:
    service.name: Appostolic.Api
    service.instance.id: cfc7ce07-e6a4-4518-a7e3-7e4ff99e6a9f
    telemetry.sdk.name: opentelemetry
    telemetry.sdk.language: dotnet
    telemetry.sdk.version: 1.9.0

LogRecord.Timestamp:               2025-09-20T11:49:17.6405010Z
LogRecord.TraceId:                 1d6df597f9e7e3e8579fa5d4ef1c3182
LogRecord.SpanId:                  a698267693793018
LogRecord.TraceFlags:              Recorded
LogRecord.CategoryName:            Appostolic.Api.Application.Agents.Tools.WebSearchTool
LogRecord.Severity:                Info
info: Appostolic.Api.Application.Agents.Tools.WebSearchTool[0]
      web.search q="intro" hits=1
LogRecord.SeverityText:            Information
LogRecord.FormattedMessage:        web.search q="intro" hits=1
LogRecord.Body:                    web.search q="{Query}" hits={HitCount}
LogRecord.Attributes (Key:Value):
    Query: intro
    HitCount: 1
    OriginalFormat (a.k.a Body): web.search q="{Query}" hits={HitCount}

Resource associated with LogRecord:
service.name: Appostolic.Api
service.instance.id: cfc7ce07-e6a4-4518-a7e3-7e4ff99e6a9f
telemetry.sdk.name: opentelemetry
telemetry.sdk.language: dotnet
telemetry.sdk.version: 1.9.0

LogRecord.Timestamp:               2025-09-20T11:49:17.6406100Z
LogRecord.TraceId:                 1d6df597f9e7e3e8579fa5d4ef1c3182
LogRecord.SpanId:                  a698267693793018
LogRecord.TraceFlags:              Recorded
LogRecord.CategoryName:            Appostolic.Api.Application.Agents.Tools.WebSearchTool
info: Appostolic.Api.Application.Agents.Tools.WebSearchTool[0]
      tool.call name=web.search tenant=kevin-personal user=kevin@example.com success=True durationMs=1
LogRecord.Severity:                Info
LogRecord.SeverityText:            Information
LogRecord.FormattedMessage:        tool.call name=web.search tenant=kevin-personal user=kevin@example.com success=True durationMs=1
LogRecord.Body:                    tool.call name={Name} tenant={Tenant} user={User} success={Success} durationMs={DurationMs}
LogRecord.Attributes (Key:Value):
    Name: web.search
    Tenant: kevin-personal
    User: kevin@example.com
    Success: true
    DurationMs: 1
    OriginalFormat (a.k.a Body): tool.call name={Name} tenant={Tenant} user={User} success={Success} durationMs={DurationMs}

Resource associated with LogRecord:
service.name: Appostolic.Api
service.instance.id: cfc7ce07-e6a4-4518-a7e3-7e4ff99e6a9f
telemetry.sdk.name: opentelemetry
telemetry.sdk.language: dotnet
telemetry.sdk.version: 1.9.0

Activity.TraceId:            1d6df597f9e7e3e8579fa5d4ef1c3182
Activity.SpanId:             a698267693793018
Activity.TraceFlags:         Recorded
Activity.ParentSpanId:       77a2c238aea43f11
Activity.ActivitySourceName: Appostolic.Tools
Activity.DisplayName:        tool.invoke
Activity.Kind:               Internal
Activity.StartTime:          2025-09-20T11:49:17.6403760Z
Activity.Duration:           00:00:00.0002780
Activity.Tags:
    tool.name: web.search
    tenant: kevin-personal
    user: kevin@example.com
    duration.ms: 1
    success: true
Resource associated with Activity:
    service.name: Appostolic.Api
    service.instance.id: cfc7ce07-e6a4-4518-a7e3-7e4ff99e6a9f
    telemetry.sdk.name: opentelemetry
    telemetry.sdk.language: dotnet
    telemetry.sdk.version: 1.9.0

Activity.TraceId:            1d6df597f9e7e3e8579fa5d4ef1c3182
Activity.SpanId:             77a2c238aea43f11
Activity.TraceFlags:         Recorded
Activity.ParentSpanId:       2ea09bc527782e98
Activity.ActivitySourceName: Appostolic.Tools
Activity.DisplayName:        tool.web.search
Activity.Kind:               Internal
Activity.StartTime:          2025-09-20T11:49:17.6403740Z
Activity.Duration:           00:00:00.0002990
Activity.Tags:
    tool.name: web.search
    tenant: kevin-personal
    user: kevin@example.com
    success: true
    duration.ms: 0
Resource associated with Activity:
    service.name: Appostolic.Api
    service.instance.id: cfc7ce07-e6a4-4518-a7e3-7e4ff99e6a9f
    telemetry.sdk.name: opentelemetry
    telemetry.sdk.language: dotnet
    telemetry.sdk.version: 1.9.0

Activity.TraceId:            1d6df597f9e7e3e8579fa5d4ef1c3182
Activity.SpanId:             4a01431e75a79d2a
Activity.TraceFlags:         Recorded
Activity.ParentSpanId:       2ea09bc527782e98
Activity.ActivitySourceName: Appostolic.AgentRuntime
Activity.DisplayName:        agent.model
Activity.Kind:               Internal
Activity.StartTime:          2025-09-20T11:49:17.6408110Z
Activity.Duration:           00:00:00.0000110
Activity.Tags:
    agent.id: 11111111-1111-1111-1111-111111111111
    task.id: 0f131f80-c7f0-4012-965c-07794088d1f8
    tenant: kevin-personal
    user: kevin@example.com
    step: 3
    model.name: gpt-4o-mini
    maxSteps: 8
    duration.ms: 0
Resource associated with Activity:
    service.name: Appostolic.Api
    service.instance.id: cfc7ce07-e6a4-4518-a7e3-7e4ff99e6a9f
    telemetry.sdk.name: opentelemetry
    telemetry.sdk.language: dotnet
    telemetry.sdk.version: 1.9.0

LogRecord.Timestamp:               2025-09-20T11:49:17.6408890Z
LogRecord.TraceId:                 1d6df597f9e7e3e8579fa5d4ef1c3182
LogRecord.SpanId:                  2ea09bc527782e98
LogRecord.TraceFlags:              Recorded
LogRecord.CategoryName:            Appostolic.Api.Application.Agents.Runtime.AgentOrchestrator
LogRecord.Severity:                Info
LogRecord.SeverityText:            Information
LogRecord.FormattedMessage:        Task succeeded at step 3
LogRecord.Body:                    Task succeeded at step {Step}
LogRecord.Attributes (Key:Value):
    Step: 3
    OriginalFormat (a.k.a Body): Task succeeded at step {Step}

Resource associated with LogRecord:
service.name: Appostolic.Api
service.instance.id: cfc7ce07-e6a4-4518-a7e3-7e4ff99e6a9f
telemetry.sdk.name: opentelemetry
telemetry.sdk.language: dotnet
telemetry.sdk.version: 1.9.0

info: Appostolic.Api.Application.Agents.Runtime.AgentOrchestrator[0]
      Task succeeded at step 3
Activity.TraceId:            1d6df597f9e7e3e8579fa5d4ef1c3182
Activity.SpanId:             2ea09bc527782e98
Activity.TraceFlags:         Recorded
Activity.ActivitySourceName: Appostolic.AgentRuntime
Activity.DisplayName:        agent.run
Activity.Kind:               Internal
Activity.StartTime:          2025-09-20T11:49:17.6402420Z
Activity.Duration:           00:00:00.0007010
Activity.Tags:
    task.id: 0f131f80-c7f0-4012-965c-07794088d1f8
    agent.id: 11111111-1111-1111-1111-111111111111
    tenant: kevin-personal
    user: kevin@example.com
Resource associated with Activity:
    service.name: Appostolic.Api
    service.instance.id: cfc7ce07-e6a4-4518-a7e3-7e4ff99e6a9f
    telemetry.sdk.name: opentelemetry
    telemetry.sdk.language: dotnet
    telemetry.sdk.version: 1.9.0

LogRecord.Timestamp:               2025-09-20T11:49:17.6410220Z
LogRecord.TraceId:                 bff8c206cdfb05b1fed63a304fe9b53e
LogRecord.SpanId:                  fa2ee1a98aeefb2d
LogRecord.TraceFlags:              Recorded
LogRecord.CategoryName:            Microsoft.AspNetCore.Http.Result.CreatedResult
LogRecord.Severity:                Info
LogRecord.SeverityText:            Information
LogRecord.FormattedMessage:        Setting HTTP status code 201.
LogRecord.Body:                    Setting HTTP status code {StatusCode}.
LogRecord.Attributes (Key:Value):
info: Microsoft.AspNetCore.Http.Result.CreatedResult[1]
      Setting HTTP status code 201.
    StatusCode: 201
    OriginalFormat (a.k.a Body): Setting HTTP status code {StatusCode}.
LogRecord.EventId:                 1
LogRecord.EventName:               WritingResultAsStatusCode

Resource associated with LogRecord:
service.name: Appostolic.Api
service.instance.id: cfc7ce07-e6a4-4518-a7e3-7e4ff99e6a9f
telemetry.sdk.name: opentelemetry
telemetry.sdk.language: dotnet
telemetry.sdk.version: 1.9.0

LogRecord.Timestamp:               2025-09-20T11:49:17.6410500Z
LogRecord.TraceId:                 bff8c206cdfb05b1fed63a304fe9b53e
LogRecord.SpanId:                  fa2ee1a98aeefb2d
LogRecord.TraceFlags:              Recorded
LogRecord.CategoryName:            Microsoft.AspNetCore.Http.Result.CreatedResult
LogRecord.Severity:                Info
LogRecord.SeverityText:            Information
LogRecord.FormattedMessage:        Writing value of type 'AgentTaskSummary' as Json.
LogRecord.Body:                    Writing value of type '{Type}' as Json.
LogRecord.Attributes (Key:Value):
    Type: AgentTaskSummary
    OriginalFormat (a.k.a Body): Writing value of type '{Type}' as Json.
LogRecord.EventId:                 3
LogRecord.EventName:               WritingResultAsJson

Resource associated with LogRecord:
service.name: Appostolic.Api
service.instance.id: cfc7ce07-e6a4-4518-a7e3-7e4ff99e6a9f
telemetry.sdk.name: opentelemetry
telemetry.sdk.language: dotnet
telemetry.sdk.version: 1.9.0

info: Microsoft.AspNetCore.Http.Result.CreatedResult[3]
      Writing value of type 'AgentTaskSummary' as Json.
Activity.TraceId:            bff8c206cdfb05b1fed63a304fe9b53e
Activity.SpanId:             fa2ee1a98aeefb2d
Activity.TraceFlags:         Recorded
Activity.ActivitySourceName: Microsoft.AspNetCore
Activity.DisplayName:        POST /api/agent-tasks/
Activity.Kind:               Server
Activity.StartTime:          2025-09-20T11:49:17.6373590Z
Activity.Duration:           00:00:00.0037320
Activity.Tags:
    server.address: localhost
    http.request.method: POST
    url.scheme: http
    url.path: /api/agent-tasks
    network.protocol.version: 1.1
    tenant: kevin-personal
    user: kevin@example.com
    http.route: /api/agent-tasks/
    http.response.status_code: 201
Resource associated with Activity:
    service.name: Appostolic.Api
    service.instance.id: cfc7ce07-e6a4-4518-a7e3-7e4ff99e6a9f
    telemetry.sdk.name: opentelemetry
    telemetry.sdk.language: dotnet
    telemetry.sdk.version: 1.9.0

LogRecord.Timestamp:               2025-09-20T11:49:17.6960960Z
info: Microsoft.AspNetCore.Http.Result.OkObjectResult[1]
      Setting HTTP status code 200.
info: Microsoft.AspNetCore.Http.Result.OkObjectResult[1]
      Setting HTTP status code 200.
info: Microsoft.AspNetCore.Http.Result.OkObjectResult[1]
      Setting HTTP status code 200.
LogRecord.TraceId:                 3e20b02d23d35a2cf4b9c825c33f838a
LogRecord.SpanId:                  6913750924682be4
LogRecord.TraceFlags:              Recorded
LogRecord.CategoryName:            Microsoft.AspNetCore.Http.Result.OkObjectResult
LogRecord.Severity:                Info
LogRecord.SeverityText:            Information
LogRecord.FormattedMessage:        Setting HTTP status code 200.
LogRecord.Body:                    Setting HTTP status code {StatusCode}.
LogRecord.Attributes (Key:Value):
    StatusCode: 200
    OriginalFormat (a.k.a Body): Setting HTTP status code {StatusCode}.
LogRecord.EventId:                 1
LogRecord.EventName:               WritingResultAsStatusCode

Resource associated with LogRecord:
service.name: Appostolic.Api
service.instance.id: cfc7ce07-e6a4-4518-a7e3-7e4ff99e6a9f
telemetry.sdk.name: opentelemetry
telemetry.sdk.language: dotnet
telemetry.sdk.version: 1.9.0

LogRecord.Timestamp:               2025-09-20T11:49:17.6961000Z
LogRecord.TraceId:                 76efb00868d0bfa8d7ecfb1bacdb5d68
LogRecord.SpanId:                  e43a3e6f37fe32c5
LogRecord.TraceFlags:              Recorded
LogRecord.CategoryName:            Microsoft.AspNetCore.Http.Result.OkObjectResult
LogRecord.Severity:                Info
LogRecord.SeverityText:            Information
LogRecord.FormattedMessage:        Setting HTTP status code 200.
LogRecord.Body:                    Setting HTTP status code {StatusCode}.
LogRecord.Attributes (Key:Value):
    StatusCode: 200
    OriginalFormat (a.k.a Body): Setting HTTP status code {StatusCode}.
LogRecord.EventId:                 1
LogRecord.EventName:               WritingResultAsStatusCode

Resource associated with LogRecord:
service.name: Appostolic.Api
service.instance.id: cfc7ce07-e6a4-4518-a7e3-7e4ff99e6a9f
telemetry.sdk.name: opentelemetry
telemetry.sdk.language: dotnet
telemetry.sdk.version: 1.9.0

LogRecord.Timestamp:               2025-09-20T11:49:17.6961070Z
LogRecord.TraceId:                 2d1852c2e0e6b4c9b67fc48f8e0db1b2
LogRecord.SpanId:                  890bcd5013843ed7
LogRecord.TraceFlags:              Recorded
LogRecord.CategoryName:            Microsoft.AspNetCore.Http.Result.OkObjectResult
LogRecord.Severity:                Info
LogRecord.SeverityText:            Information
LogRecord.FormattedMessage:        Setting HTTP status code 200.
LogRecord.Body:                    Setting HTTP status code {StatusCode}.
LogRecord.Attributes (Key:Value):
    StatusCode: 200
    OriginalFormat (a.k.a Body): Setting HTTP status code {StatusCode}.
LogRecord.EventId:                 1
LogRecord.EventName:               WritingResultAsStatusCode

Resource associated with LogRecord:
service.name: Appostolic.Api
service.instance.id: cfc7ce07-e6a4-4518-a7e3-7e4ff99e6a9f
telemetry.sdk.name: opentelemetry
telemetry.sdk.language: dotnet
telemetry.sdk.version: 1.9.0

LogRecord.Timestamp:               2025-09-20T11:49:17.6964040Z
LogRecord.TraceId:                 76efb00868d0bfa8d7ecfb1bacdb5d68
LogRecord.SpanId:                  e43a3e6f37fe32c5
LogRecord.TraceFlags:              Recorded
LogRecord.CategoryName:            Microsoft.AspNetCore.Http.Result.OkObjectResult
LogRecord.Severity:                Info
LogRecord.SeverityText:            Information
LogRecord.FormattedMessage:        Writing value of type 'AgentTaskDetails' as Json.
LogRecord.Body:                    Writing value of type '{Type}' as Json.
LogRecord.Attributes (Key:Value):
    Type: AgentTaskDetails
info: Microsoft.AspNetCore.Http.Result.OkObjectResult[3]
      Writing value of type 'AgentTaskDetails' as Json.
info: Microsoft.AspNetCore.Http.Result.OkObjectResult[3]
      Writing value of type 'AgentTaskDetails' as Json.
info: Microsoft.AspNetCore.Http.Result.OkObjectResult[3]
      Writing value of type 'AgentTaskDetails' as Json.
    OriginalFormat (a.k.a Body): Writing value of type '{Type}' as Json.
LogRecord.EventId:                 3
LogRecord.EventName:               WritingResultAsJson

Resource associated with LogRecord:
service.name: Appostolic.Api
service.instance.id: cfc7ce07-e6a4-4518-a7e3-7e4ff99e6a9f
telemetry.sdk.name: opentelemetry
telemetry.sdk.language: dotnet
telemetry.sdk.version: 1.9.0

LogRecord.Timestamp:               2025-09-20T11:49:17.6964180Z
LogRecord.TraceId:                 2d1852c2e0e6b4c9b67fc48f8e0db1b2
LogRecord.SpanId:                  890bcd5013843ed7
LogRecord.TraceFlags:              Recorded
LogRecord.CategoryName:            Microsoft.AspNetCore.Http.Result.OkObjectResult
LogRecord.Severity:                Info
LogRecord.SeverityText:            Information
LogRecord.FormattedMessage:        Writing value of type 'AgentTaskDetails' as Json.
LogRecord.Body:                    Writing value of type '{Type}' as Json.
LogRecord.Attributes (Key:Value):
    Type: AgentTaskDetails
    OriginalFormat (a.k.a Body): Writing value of type '{Type}' as Json.
LogRecord.EventId:                 3
LogRecord.EventName:               WritingResultAsJson

Resource associated with LogRecord:
service.name: Appostolic.Api
service.instance.id: cfc7ce07-e6a4-4518-a7e3-7e4ff99e6a9f
telemetry.sdk.name: opentelemetry
telemetry.sdk.language: dotnet
telemetry.sdk.version: 1.9.0

LogRecord.Timestamp:               2025-09-20T11:49:17.6964180Z
LogRecord.TraceId:                 3e20b02d23d35a2cf4b9c825c33f838a
LogRecord.SpanId:                  6913750924682be4
LogRecord.TraceFlags:              Recorded
LogRecord.CategoryName:            Microsoft.AspNetCore.Http.Result.OkObjectResult
LogRecord.Severity:                Info
LogRecord.SeverityText:            Information
LogRecord.FormattedMessage:        Writing value of type 'AgentTaskDetails' as Json.
LogRecord.Body:                    Writing value of type '{Type}' as Json.
LogRecord.Attributes (Key:Value):
    Type: AgentTaskDetails
    OriginalFormat (a.k.a Body): Writing value of type '{Type}' as Json.
LogRecord.EventId:                 3
LogRecord.EventName:               WritingResultAsJson

Resource associated with LogRecord:
service.name: Appostolic.Api
service.instance.id: cfc7ce07-e6a4-4518-a7e3-7e4ff99e6a9f
telemetry.sdk.name: opentelemetry
telemetry.sdk.language: dotnet
telemetry.sdk.version: 1.9.0

Activity.TraceId:            2d1852c2e0e6b4c9b67fc48f8e0db1b2
Activity.SpanId:             890bcd5013843ed7
Activity.TraceFlags:         Recorded
Activity.ActivitySourceName: Microsoft.AspNetCore
Activity.DisplayName:        GET /api/agent-tasks/{id:guid}
Activity.Kind:               Server
Activity.StartTime:          2025-09-20T11:49:17.6928600Z
Activity.Duration:           00:00:00.0041170
Activity.Tags:
    server.address: localhost
    http.request.method: GET
    url.scheme: http
    url.path: /api/agent-tasks/af40fc50-2cc1-4eca-83df-30eccf59226a
    network.protocol.version: 1.1
    tenant: kevin-personal
    user: kevin@example.com
    http.route: /api/agent-tasks/{id:guid}
    http.response.status_code: 200
Resource associated with Activity:
    service.name: Appostolic.Api
    service.instance.id: cfc7ce07-e6a4-4518-a7e3-7e4ff99e6a9f
    telemetry.sdk.name: opentelemetry
    telemetry.sdk.language: dotnet
    telemetry.sdk.version: 1.9.0

Activity.TraceId:            3e20b02d23d35a2cf4b9c825c33f838a
Activity.SpanId:             6913750924682be4
Activity.TraceFlags:         Recorded
Activity.ActivitySourceName: Microsoft.AspNetCore
Activity.DisplayName:        GET /api/agent-tasks/{id:guid}
Activity.Kind:               Server
Activity.StartTime:          2025-09-20T11:49:17.6928260Z
Activity.Duration:           00:00:00.0041500
Activity.Tags:
    server.address: localhost
    http.request.method: GET
    url.scheme: http
    url.path: /api/agent-tasks/3088accd-fa6c-4134-96f5-faade0693ef9
    network.protocol.version: 1.1
    tenant: kevin-personal
    user: kevin@example.com
    http.route: /api/agent-tasks/{id:guid}
    http.response.status_code: 200
Resource associated with Activity:
    service.name: Appostolic.Api
    service.instance.id: cfc7ce07-e6a4-4518-a7e3-7e4ff99e6a9f
    telemetry.sdk.name: opentelemetry
    telemetry.sdk.language: dotnet
    telemetry.sdk.version: 1.9.0

Activity.TraceId:            76efb00868d0bfa8d7ecfb1bacdb5d68
Activity.SpanId:             e43a3e6f37fe32c5
Activity.TraceFlags:         Recorded
Activity.ActivitySourceName: Microsoft.AspNetCore
Activity.DisplayName:        GET /api/agent-tasks/{id:guid}
Activity.Kind:               Server
Activity.StartTime:          2025-09-20T11:49:17.6928550Z
Activity.Duration:           00:00:00.0041230
Activity.Tags:
    server.address: localhost
    http.request.method: GET
    url.scheme: http
    url.path: /api/agent-tasks/0f131f80-c7f0-4012-965c-07794088d1f8
    network.protocol.version: 1.1
    tenant: kevin-personal
    user: kevin@example.com
    http.route: /api/agent-tasks/{id:guid}
    http.response.status_code: 200
Resource associated with Activity:
    service.name: Appostolic.Api
    service.instance.id: cfc7ce07-e6a4-4518-a7e3-7e4ff99e6a9f
    telemetry.sdk.name: opentelemetry
    telemetry.sdk.language: dotnet
    telemetry.sdk.version: 1.9.0

LogRecord.Timestamp:               2025-09-20T11:49:17.7013770Z
info: Microsoft.AspNetCore.Http.Result.OkObjectResult[1]
      Setting HTTP status code 200.
LogRecord.TraceId:                 ab2743b012639a8afee6cf8f812a6635
LogRecord.SpanId:                  79753245699e411d
LogRecord.TraceFlags:              Recorded
LogRecord.CategoryName:            Microsoft.AspNetCore.Http.Result.OkObjectResult
LogRecord.Severity:                Info
LogRecord.SeverityText:            Information
LogRecord.FormattedMessage:        Setting HTTP status code 200.
LogRecord.Body:                    Setting HTTP status code {StatusCode}.
LogRecord.Attributes (Key:Value):
    StatusCode: 200
    OriginalFormat (a.k.a Body): Setting HTTP status code {StatusCode}.
LogRecord.EventId:                 1
LogRecord.EventName:               WritingResultAsStatusCode

Resource associated with LogRecord:
service.name: Appostolic.Api
service.instance.id: cfc7ce07-e6a4-4518-a7e3-7e4ff99e6a9f
telemetry.sdk.name: opentelemetry
telemetry.sdk.language: dotnet
telemetry.sdk.version: 1.9.0

LogRecord.Timestamp:               2025-09-20T11:49:17.7014700Z
LogRecord.TraceId:                 ab2743b012639a8afee6cf8f812a6635
LogRecord.SpanId:                  79753245699e411d
LogRecord.TraceFlags:              Recorded
LogRecord.CategoryName:            Microsoft.AspNetCore.Http.Result.OkObjectResult
info: Microsoft.AspNetCore.Http.Result.OkObjectResult[3]
      Writing value of type 'List`1' as Json.
LogRecord.Severity:                Info
LogRecord.SeverityText:            Information
LogRecord.FormattedMessage:        Writing value of type 'List`1' as Json.
LogRecord.Body:                    Writing value of type '{Type}' as Json.
LogRecord.Attributes (Key:Value):
    Type: List`1
    OriginalFormat (a.k.a Body): Writing value of type '{Type}' as Json.
LogRecord.EventId:                 3
LogRecord.EventName:               WritingResultAsJson

Resource associated with LogRecord:
service.name: Appostolic.Api
service.instance.id: cfc7ce07-e6a4-4518-a7e3-7e4ff99e6a9f
telemetry.sdk.name: opentelemetry
telemetry.sdk.language: dotnet
telemetry.sdk.version: 1.9.0

Activity.TraceId:            ab2743b012639a8afee6cf8f812a6635
Activity.SpanId:             79753245699e411d
Activity.TraceFlags:         Recorded
Activity.ActivitySourceName: Microsoft.AspNetCore
Activity.DisplayName:        GET /api/agent-tasks/
Activity.Kind:               Server
Activity.StartTime:          2025-09-20T11:49:17.6970960Z
Activity.Duration:           00:00:00.0044320
Activity.Tags:
    server.address: localhost
    url.query: ?take=Redacted&skip=Redacted
    http.request.method: GET
    url.scheme: http
    url.path: /api/agent-tasks
    network.protocol.version: 1.1
    tenant: kevin-personal
    user: kevin@example.com
    http.route: /api/agent-tasks/
    http.response.status_code: 200
Resource associated with Activity:
    service.name: Appostolic.Api
    service.instance.id: cfc7ce07-e6a4-4518-a7e3-7e4ff99e6a9f
    telemetry.sdk.name: opentelemetry
    telemetry.sdk.language: dotnet
    telemetry.sdk.version: 1.9.0

LogRecord.Timestamp:               2025-09-20T11:49:17.7085540Z
LogRecord.TraceId:                 ade4a2e9218195c2bd7eb4fcf09230db
LogRecord.SpanId:                  09567e3349d9a5bb
LogRecord.TraceFlags:              Recorded
LogRecord.CategoryName:            Microsoft.AspNetCore.Http.Result.OkObjectResult
LogRecord.Severity:                Info
LogRecord.SeverityText:            Information
LogRecord.FormattedMessage:        Setting HTTP status code 200.
info: Microsoft.AspNetCore.Http.Result.OkObjectResult[1]
      Setting HTTP status code 200.
LogRecord.Body:                    Setting HTTP status code {StatusCode}.
LogRecord.Attributes (Key:Value):
    StatusCode: 200
    OriginalFormat (a.k.a Body): Setting HTTP status code {StatusCode}.
LogRecord.EventId:                 1
LogRecord.EventName:               WritingResultAsStatusCode

Resource associated with LogRecord:
service.name: Appostolic.Api
service.instance.id: cfc7ce07-e6a4-4518-a7e3-7e4ff99e6a9f
telemetry.sdk.name: opentelemetry
telemetry.sdk.language: dotnet
telemetry.sdk.version: 1.9.0

LogRecord.Timestamp:               2025-09-20T11:49:17.7085930Z
LogRecord.TraceId:                 ade4a2e9218195c2bd7eb4fcf09230db
LogRecord.SpanId:                  09567e3349d9a5bb
LogRecord.TraceFlags:              Recorded
LogRecord.CategoryName:            Microsoft.AspNetCore.Http.Result.OkObjectResult
LogRecord.Severity:                Info
LogRecord.SeverityText:            Information
LogRecord.FormattedMessage:        Writing value of type 'List`1' as Json.
LogRecord.Body:                    Writing value of type '{Type}' as Json.
LogRecord.Attributes (Key:Value):
    Type: List`1
info: Microsoft.AspNetCore.Http.Result.OkObjectResult[3]
      Writing value of type 'List`1' as Json.
    OriginalFormat (a.k.a Body): Writing value of type '{Type}' as Json.
LogRecord.EventId:                 3
LogRecord.EventName:               WritingResultAsJson

Resource associated with LogRecord:
service.name: Appostolic.Api
service.instance.id: cfc7ce07-e6a4-4518-a7e3-7e4ff99e6a9f
telemetry.sdk.name: opentelemetry
telemetry.sdk.language: dotnet
telemetry.sdk.version: 1.9.0

Activity.TraceId:            ade4a2e9218195c2bd7eb4fcf09230db
Activity.SpanId:             09567e3349d9a5bb
Activity.TraceFlags:         Recorded
Activity.ActivitySourceName: Microsoft.AspNetCore
Activity.DisplayName:        GET /api/agent-tasks/
Activity.Kind:               Server
Activity.StartTime:          2025-09-20T11:49:17.7050090Z
Activity.Duration:           00:00:00.0036360
Activity.Tags:
    server.address: localhost
    url.query: ?take=Redacted&skip=Redacted
    http.request.method: GET
    url.scheme: http
    url.path: /api/agent-tasks
    network.protocol.version: 1.1
    tenant: kevin-personal
    user: kevin@example.com
    http.route: /api/agent-tasks/
    http.response.status_code: 200
Resource associated with Activity:
    service.name: Appostolic.Api
    service.instance.id: cfc7ce07-e6a4-4518-a7e3-7e4ff99e6a9f
    telemetry.sdk.name: opentelemetry
    telemetry.sdk.language: dotnet
    telemetry.sdk.version: 1.9.0

info: Appostolic.Api.Application.Agents.Queue.AgentTaskWorker[0]
      AgentTaskWorker stopping. dequeued=3 inflight=False inflightTaskId=(null)
LogRecord.Timestamp:               2025-09-20T11:49:17.7088410Z
LogRecord.CategoryName:            Appostolic.Api.Application.Agents.Queue.AgentTaskWorker
LogRecord.Severity:                Info
LogRecord.SeverityText:            Information
LogRecord.FormattedMessage:        AgentTaskWorker stopping. dequeued=3 inflight=False inflightTaskId=(null)
LogRecord.Body:                    AgentTaskWorker stopping. dequeued={Count} inflight={HasInFlight} inflightTaskId={TaskId}
LogRecord.Attributes (Key:Value):
    Count: 3
    HasInFlight: false
    OriginalFormat (a.k.a Body): AgentTaskWorker stopping. dequeued={Count} inflight={HasInFlight} inflightTaskId={TaskId}

Resource associated with LogRecord:
service.name: Appostolic.Api
service.instance.id: cfc7ce07-e6a4-4518-a7e3-7e4ff99e6a9f
telemetry.sdk.name: opentelemetry
telemetry.sdk.language: dotnet
telemetry.sdk.version: 1.9.0

info: Appostolic.Api.App.Notifications.NotificationDispatcherHostedService[0]
      NotificationDispatcher stopping
LogRecord.Timestamp:               2025-09-20T11:49:17.7089050Z
LogRecord.CategoryName:            Appostolic.Api.App.Notifications.NotificationDispatcherHostedService
LogRecord.Severity:                Info
LogRecord.SeverityText:            Information
LogRecord.FormattedMessage:        NotificationDispatcher stopping
LogRecord.Body:                    NotificationDispatcher stopping
LogRecord.Attributes (Key:Value):
    OriginalFormat (a.k.a Body): NotificationDispatcher stopping

Resource associated with LogRecord:
service.name: Appostolic.Api
service.instance.id: cfc7ce07-e6a4-4518-a7e3-7e4ff99e6a9f
telemetry.sdk.name: opentelemetry
telemetry.sdk.language: dotnet
telemetry.sdk.version: 1.9.0

LogRecord.Timestamp:               2025-09-20T11:49:17.7089710Z
LogRecord.CategoryName:            Appostolic.Api.App.Notifications.EmailDispatcherHostedService
LogRecord.Severity:                Info
LogRecord.SeverityText:            Information
LogRecord.FormattedMessage:        EmailDispatcher stopping
LogRecord.Body:                    EmailDispatcher stopping
LogRecord.Attributes (Key:Value):
    OriginalFormat (a.k.a Body): EmailDispatcher stopping

Resource associated with LogRecord:
info: Appostolic.Api.App.Notifications.EmailDispatcherHostedService[0]
      EmailDispatcher stopping
service.name: Appostolic.Api
service.instance.id: cfc7ce07-e6a4-4518-a7e3-7e4ff99e6a9f
telemetry.sdk.name: opentelemetry
telemetry.sdk.language: dotnet
telemetry.sdk.version: 1.9.0

LogRecord.Timestamp:               2025-09-20T11:49:17.7090340Z
LogRecord.CategoryName:            Appostolic.Api.App.Notifications.NotificationsPurgeHostedService
LogRecord.Severity:                Info
LogRecord.SeverityText:            Information
LogRecord.FormattedMessage:        NotificationsPurge stopping
LogRecord.Body:                    NotificationsPurge stopping
LogRecord.Attributes (Key:Value):
info: Appostolic.Api.App.Notifications.NotificationsPurgeHostedService[0]
      NotificationsPurge stopping
    OriginalFormat (a.k.a Body): NotificationsPurge stopping

Resource associated with LogRecord:
service.name: Appostolic.Api
service.instance.id: cfc7ce07-e6a4-4518-a7e3-7e4ff99e6a9f
telemetry.sdk.name: opentelemetry
telemetry.sdk.language: dotnet
telemetry.sdk.version: 1.9.0

Resource associated with Metric:
    service.name: Appostolic.Api
    service.instance.id: cfc7ce07-e6a4-4518-a7e3-7e4ff99e6a9f
    telemetry.sdk.name: opentelemetry
    telemetry.sdk.language: dotnet
    telemetry.sdk.version: 1.9.0

Metric Name: process.runtime.dotnet.gc.collections.count, Number of garbage collections that have occurred since process start., Meter: OpenTelemetry.Instrumentation.Runtime/1.9.0
(2025-09-20T11:49:17.4473000Z, 2025-09-20T11:49:17.7093380Z] generation: gen2 LongSum
Value: 12
(2025-09-20T11:49:17.4473000Z, 2025-09-20T11:49:17.7093380Z] generation: gen1 LongSum
Value: 20
(2025-09-20T11:49:17.4473000Z, 2025-09-20T11:49:17.7093380Z] generation: gen0 LongSum
Value: 40

Metric Name: process.runtime.dotnet.gc.objects.size, Count of bytes currently in use by objects in the GC heap that haven't been collected yet. Fragmentation and other GC committed memory pools are excluded., Unit: bytes, Meter: OpenTelemetry.Instrumentation.Runtime/1.9.0
(2025-09-20T11:49:17.4473050Z, 2025-09-20T11:49:17.7093390Z] LongSumNonMonotonic
Value: 392635064

Metric Name: process.runtime.dotnet.gc.allocations.size, Count of bytes allocated on the managed GC heap since the process start. .NET objects are allocated from this heap. Object allocations from unmanaged languages such as C/C++ do not use this heap., Unit: bytes, Meter: OpenTelemetry.Instrumentation.Runtime/1.9.0
(2025-09-20T11:49:17.4473080Z, 2025-09-20T11:49:17.7093390Z] LongSum
Value: 1723090488

Metric Name: process.runtime.dotnet.gc.committed_memory.size, The amount of committed virtual memory for the managed GC heap, as observed during the latest garbage collection. Committed virtual memory may be larger than the heap size because it includes both memory for storing existing objects (the heap size) and some extra memory that is ready to handle newly allocated objects in the future. The value will be unavailable until at least one garbage collection has occurred., Unit: bytes, Meter: OpenTelemetry.Instrumentation.Runtime/1.9.0
(2025-09-20T11:49:17.4473120Z, 2025-09-20T11:49:17.7093390Z] LongSumNonMonotonic
Value: 322633728

Metric Name: process.runtime.dotnet.gc.heap.size, The heap size (including fragmentation), as observed during the latest garbage collection. The value will be unavailable until at least one garbage collection has occurred., Unit: bytes, Meter: OpenTelemetry.Instrumentation.Runtime/1.9.0
(2025-09-20T11:49:17.4473150Z, 2025-09-20T11:49:17.7093390Z] generation: gen0 LongSumNonMonotonic
Value: 12493160
(2025-09-20T11:49:17.4473150Z, 2025-09-20T11:49:17.7093390Z] generation: gen1 LongSumNonMonotonic
Value: 1723312
(2025-09-20T11:49:17.4473150Z, 2025-09-20T11:49:17.7093390Z] generation: gen2 LongSumNonMonotonic
Value: 106483664
(2025-09-20T11:49:17.4473150Z, 2025-09-20T11:49:17.7093390Z] generation: loh LongSumNonMonotonic
Value: 200880840
(2025-09-20T11:49:17.4473150Z, 2025-09-20T11:49:17.7093390Z] generation: poh LongSumNonMonotonic
Value: 262336

Metric Name: process.runtime.dotnet.gc.heap.fragmentation.size, The heap fragmentation, as observed during the latest garbage collection. The value will be unavailable until at least one garbage collection has occurred., Unit: bytes, Meter: OpenTelemetry.Instrumentation.Runtime/1.9.0
(2025-09-20T11:49:17.4473180Z, 2025-09-20T11:49:17.7093390Z] generation: gen0 LongSumNonMonotonic
Value: 12492280
(2025-09-20T11:49:17.4473180Z, 2025-09-20T11:49:17.7093390Z] generation: gen1 LongSumNonMonotonic
Value: 28800
(2025-09-20T11:49:17.4473180Z, 2025-09-20T11:49:17.7093390Z] generation: gen2 LongSumNonMonotonic
Value: 1084568
(2025-09-20T11:49:17.4473180Z, 2025-09-20T11:49:17.7093390Z] generation: loh LongSumNonMonotonic
Value: 25604896
(2025-09-20T11:49:17.4473180Z, 2025-09-20T11:49:17.7093390Z] generation: poh LongSumNonMonotonic
Value: 0

Metric Name: process.runtime.dotnet.gc.duration, The total amount of time paused in GC since the process start., Unit: ns, Meter: OpenTelemetry.Instrumentation.Runtime/1.9.0
(2025-09-20T11:49:17.4473210Z, 2025-09-20T11:49:17.7093390Z] LongSum
Value: 753824000

Metric Name: process.runtime.dotnet.jit.il_compiled.size, Count of bytes of intermediate language that have been compiled since the process start., Unit: bytes, Meter: OpenTelemetry.Instrumentation.Runtime/1.9.0
(2025-09-20T11:49:17.4473240Z, 2025-09-20T11:49:17.7093390Z] LongSum
Value: 4726018

Metric Name: process.runtime.dotnet.jit.methods_compiled.count, The number of times the JIT compiler compiled a method since the process start. The JIT compiler may be invoked multiple times for the same method to compile with different generic parameters, or because tiered compilation requested different optimization settings., Meter: OpenTelemetry.Instrumentation.Runtime/1.9.0
(2025-09-20T11:49:17.4473280Z, 2025-09-20T11:49:17.7093390Z] LongSum
Value: 56620

Metric Name: process.runtime.dotnet.jit.compilation_time, The amount of time the JIT compiler has spent compiling methods since the process start., Unit: ns, Meter: OpenTelemetry.Instrumentation.Runtime/1.9.0
(2025-09-20T11:49:17.4473310Z, 2025-09-20T11:49:17.7093390Z] LongSum
Value: 14832448600

Metric Name: process.runtime.dotnet.monitor.lock_contention.count, The number of times there was contention when trying to acquire a monitor lock since the process start. Monitor locks are commonly acquired by using the lock keyword in C#, or by calling Monitor.Enter() and Monitor.TryEnter()., Meter: OpenTelemetry.Instrumentation.Runtime/1.9.0
(2025-09-20T11:49:17.4473340Z, 2025-09-20T11:49:17.7093390Z] LongSum
Value: 235

Metric Name: process.runtime.dotnet.thread_pool.threads.count, The number of thread pool threads that currently exist., Meter: OpenTelemetry.Instrumentation.Runtime/1.9.0
(2025-09-20T11:49:17.4473360Z, 2025-09-20T11:49:17.7093390Z] LongSumNonMonotonic
Value: 14

Metric Name: process.runtime.dotnet.thread_pool.completed_items.count, The number of work items that have been processed by the thread pool since the process start., Meter: OpenTelemetry.Instrumentation.Runtime/1.9.0
(2025-09-20T11:49:17.4473390Z, 2025-09-20T11:49:17.7093400Z] LongSum
Value: 2449

Metric Name: process.runtime.dotnet.thread_pool.queue.length, The number of work items that are currently queued to be processed by the thread pool., Meter: OpenTelemetry.Instrumentation.Runtime/1.9.0
(2025-09-20T11:49:17.4473420Z, 2025-09-20T11:49:17.7093400Z] LongSumNonMonotonic
Value: 0

Metric Name: process.runtime.dotnet.timer.count, The number of timer instances that are currently active. Timers can be created by many sources such as System.Threading.Timer, Task.Delay, or the timeout in a CancellationSource. An active timer is registered to tick at some point in the future and has not yet been canceled., Meter: OpenTelemetry.Instrumentation.Runtime/1.9.0
(2025-09-20T11:49:17.4473440Z, 2025-09-20T11:49:17.7093400Z] LongSumNonMonotonic
Value: 9

Metric Name: process.runtime.dotnet.assemblies.count, The number of .NET assemblies that are currently loaded., Meter: OpenTelemetry.Instrumentation.Runtime/1.9.0
(2025-09-20T11:49:17.4473470Z, 2025-09-20T11:49:17.7093400Z] LongSumNonMonotonic
Value: 210

Metric Name: process.runtime.dotnet.exceptions.count, Count of exceptions that have been thrown in managed code, since the observation started. The value will be unavailable until an exception has been thrown after OpenTelemetry.Instrumentation.Runtime initialization., Meter: OpenTelemetry.Instrumentation.Runtime/1.9.0
(2025-09-20T11:49:17.4473500Z, 2025-09-20T11:49:17.7093400Z] LongSum
Value: 4

Metric Name: agent.tasks.created, Count of agent tasks created., Unit: {task}, Meter: Appostolic.Metrics
(2025-09-20T11:49:17.4473530Z, 2025-09-20T11:49:17.7093400Z] agent.id: 11111111-1111-1111-1111-111111111111 tenant: kevin-personal LongSum
Value: 3

Metric Name: agent.tasks.completed, Count of agent tasks completed by status., Unit: {task}, Meter: Appostolic.Metrics
(2025-09-20T11:49:17.4473570Z, 2025-09-20T11:49:17.7093400Z] status: Succeeded LongSum
Value: 3

Metric Name: agent.task.duration, End-to-end task duration from CreatedAt to FinishedAt., Unit: ms, Meter: Appostolic.Metrics
(2025-09-20T11:49:17.4473590Z, 2025-09-20T11:49:17.7093410Z] status: Succeeded Histogram
Value: Sum: 26 Count: 3 Min: 0 Max: 25 
(-Infinity,0]:1
(0,5]:1
(5,10]:0
(10,25]:1
(25,50]:0
(50,75]:0
(75,100]:0
(100,250]:0
(250,500]:0
(500,750]:0
(750,1000]:0
(1000,2500]:0
(2500,5000]:0
(5000,7500]:0
(7500,10000]:0
(10000,+Infinity]:0


Metric Name: agent.model.tokens, Total tokens used by model decisions (prompt + completion)., Unit: {token}, Meter: Appostolic.Metrics
(2025-09-20T11:49:17.4473620Z, 2025-09-20T11:49:17.7093410Z] agentId: 11111111-1111-1111-1111-111111111111 model: gpt-4o-mini LongSum
Value: 744

Metric Name: agent.tool.duration, Duration of tool invocations., Unit: ms, Meter: Appostolic.Metrics
(2025-09-20T11:49:17.4473650Z, 2025-09-20T11:49:17.7093420Z] tool: web.search Histogram
Value: Sum: 0 Count: 3 Min: 0 Max: 0 
(-Infinity,0]:3
(0,5]:0
(5,10]:0
(10,25]:0
(25,50]:0
(50,75]:0
(75,100]:0
(100,250]:0
(250,500]:0
(500,750]:0
(750,1000]:0
(1000,2500]:0
(2500,5000]:0
(5000,7500]:0
(7500,10000]:0
(10000,+Infinity]:0


Metric Name: http.server.active_requests, Number of active HTTP server requests., Unit: {request}, Meter: Microsoft.AspNetCore.Hosting
(2025-09-20T11:49:17.4473930Z, 2025-09-20T11:49:17.7093430Z] http.request.method: POST url.scheme: http LongSumNonMonotonic
Value: 0
(2025-09-20T11:49:17.4473930Z, 2025-09-20T11:49:17.7093430Z] http.request.method: GET url.scheme: http LongSumNonMonotonic
Value: 0

Metric Name: http.server.request.duration, Duration of HTTP server requests., Unit: s, Meter: Microsoft.AspNetCore.Hosting
(2025-09-20T11:49:17.4473970Z, 2025-09-20T11:49:17.7093440Z] http.request.method: POST http.response.status_code: 201 http.route: /api/agent-tasks/ network.protocol.version: 1.1 url.scheme: http Histogram
Value: Sum: 0.0849712 Count: 3 Min: 0.0037334 Max: 0.0641684 
(-Infinity,0.005]:1
(0.005,0.01]:0
(0.01,0.025]:1
(0.025,0.05]:0
(0.05,0.075]:1
(0.075,0.1]:0
(0.1,0.25]:0
(0.25,0.5]:0
(0.5,0.75]:0
(0.75,1]:0
(1,2.5]:0
(2.5,5]:0
(5,7.5]:0
(7.5,10]:0
(10,+Infinity]:0

(2025-09-20T11:49:17.4473970Z, 2025-09-20T11:49:17.7093440Z] http.request.method: GET http.response.status_code: 200 http.route: /api/agent-tasks/{id:guid} network.protocol.version: 1.1 url.scheme: http Histogram
Value: Sum: 0.0123932 Count: 3 Min: 0.0041175 Max: 0.004155 
(-Infinity,0.005]:3
(0.005,0.01]:0
(0.01,0.025]:0
(0.025,0.05]:0
(0.05,0.075]:0
(0.075,0.1]:0
(0.1,0.25]:0
(0.25,0.5]:0
(0.5,0.75]:0
(0.75,1]:0
(1,2.5]:0
(2.5,5]:0
(5,7.5]:0
(7.5,10]:0
(10,+Infinity]:0

(2025-09-20T11:49:17.4473970Z, 2025-09-20T11:49:17.7093440Z] http.request.method: GET http.response.status_code: 200 http.route: /api/agent-tasks/ network.protocol.version: 1.1 url.scheme: http Histogram
Value: Sum: 0.0080681 Count: 2 Min: 0.0036363 Max: 0.0044318 
(-Infinity,0.005]:2
(0.005,0.01]:0
(0.01,0.025]:0
(0.025,0.05]:0
(0.05,0.075]:0
(0.075,0.1]:0
(0.1,0.25]:0
(0.25,0.5]:0
(0.5,0.75]:0
(0.75,1]:0
(1,2.5]:0
(2.5,5]:0
(5,7.5]:0
(7.5,10]:0
(10,+Infinity]:0


Metric Name: aspnetcore.routing.match_attempts, Number of requests that were attempted to be matched to an endpoint., Unit: {match_attempt}, Meter: Microsoft.AspNetCore.Routing
(2025-09-20T11:49:17.5242850Z, 2025-09-20T11:49:17.7093440Z] aspnetcore.routing.is_fallback: false aspnetcore.routing.match_status: success http.route: /api/agent-tasks/ LongSum
Value: 5
(2025-09-20T11:49:17.5242850Z, 2025-09-20T11:49:17.7093440Z] aspnetcore.routing.is_fallback: false aspnetcore.routing.match_status: success http.route: /api/agent-tasks/{id:guid} LongSum
Value: 3
[Startup] Warning: failed to ensure app.notification_dedupes exists: Relational-specific methods can only be used when the context is using a relational database provider.
info: Endpoints.V1[0]
      [MapV1Endpoints] Environment='Development' IsDevelopment=True
LogRecord.Timestamp:               2025-09-20T11:49:17.7832980Z
LogRecord.CategoryName:            Endpoints.V1
LogRecord.Severity:                Info
LogRecord.SeverityText:            Information
LogRecord.FormattedMessage:        [MapV1Endpoints] Environment='Development' IsDevelopment=True
LogRecord.Body:                    [MapV1Endpoints] Environment='{Env}' IsDevelopment={IsDev}
LogRecord.Attributes (Key:Value):
    Env: Development
    IsDev: true
    OriginalFormat (a.k.a Body): [MapV1Endpoints] Environment='{Env}' IsDevelopment={IsDev}

Resource associated with LogRecord:
service.name: Appostolic.Api
service.instance.id: cfc7ce07-e6a4-4518-a7e3-7e4ff99e6a9f
telemetry.sdk.name: opentelemetry
telemetry.sdk.language: dotnet
telemetry.sdk.version: 1.9.0

LogRecord.Timestamp:               2025-09-20T11:49:17.7836110Z
info: Microsoft.AspNetCore.DataProtection.KeyManagement.XmlKeyManager[62]
      User profile is available. Using '/Users/kevinmccreary/.aspnet/DataProtection-Keys' as key repository; keys will not be encrypted at rest.
LogRecord.CategoryName:            Microsoft.AspNetCore.DataProtection.KeyManagement.XmlKeyManager
LogRecord.Severity:                Info
LogRecord.SeverityText:            Information
LogRecord.FormattedMessage:        User profile is available. Using '/Users/kevinmccreary/.aspnet/DataProtection-Keys' as key repository; keys will not be encrypted at rest.
LogRecord.Body:                    User profile is available. Using '{FullName}' as key repository; keys will not be encrypted at rest.
LogRecord.Attributes (Key:Value):
    FullName: /Users/kevinmccreary/.aspnet/DataProtection-Keys
    OriginalFormat (a.k.a Body): User profile is available. Using '{FullName}' as key repository; keys will not be encrypted at rest.
LogRecord.EventId:                 62
LogRecord.EventName:               UsingProfileAsKeyRepository

Resource associated with LogRecord:
service.name: Appostolic.Api
service.instance.id: cfc7ce07-e6a4-4518-a7e3-7e4ff99e6a9f
telemetry.sdk.name: opentelemetry
telemetry.sdk.language: dotnet
telemetry.sdk.version: 1.9.0

LogRecord.Timestamp:               2025-09-20T11:49:17.7846540Z
LogRecord.CategoryName:            Appostolic.Api.App.Notifications.AutoResendHostedService
LogRecord.Severity:                Info
LogRecord.SeverityText:            Information
LogRecord.FormattedMessage:        AutoResend is disabled by configuration
LogRecord.Body:                    AutoResend is disabled by configuration
LogRecord.Attributes (Key:Value):
info: Appostolic.Api.App.Notifications.AutoResendHostedService[0]
      AutoResend is disabled by configuration
    OriginalFormat (a.k.a Body): AutoResend is disabled by configuration

Resource associated with LogRecord:
service.name: Appostolic.Api
service.instance.id: cfc7ce07-e6a4-4518-a7e3-7e4ff99e6a9f
telemetry.sdk.name: opentelemetry
telemetry.sdk.language: dotnet
telemetry.sdk.version: 1.9.0

LogRecord.Timestamp:               2025-09-20T11:49:18.1018980Z
info: Microsoft.AspNetCore.Http.Result.BadRequestObjectResult[1]
      Setting HTTP status code 400.
LogRecord.TraceId:                 21b5fde04e4739103c68ce1c4c69b440
LogRecord.SpanId:                  57fd9df3becd6539
LogRecord.TraceFlags:              Recorded
LogRecord.CategoryName:            Microsoft.AspNetCore.Http.Result.BadRequestObjectResult
LogRecord.Severity:                Info
LogRecord.SeverityText:            Information
LogRecord.FormattedMessage:        Setting HTTP status code 400.
LogRecord.Body:                    Setting HTTP status code {StatusCode}.
LogRecord.Attributes (Key:Value):
    StatusCode: 400
    OriginalFormat (a.k.a Body): Setting HTTP status code {StatusCode}.
LogRecord.EventId:                 1
LogRecord.EventName:               WritingResultAsStatusCode

Resource associated with LogRecord:
service.name: Appostolic.Api
service.instance.id: cfc7ce07-e6a4-4518-a7e3-7e4ff99e6a9f
telemetry.sdk.name: opentelemetry
telemetry.sdk.language: dotnet
telemetry.sdk.version: 1.9.0

LogRecord.Timestamp:               2025-09-20T11:49:18.1022130Z
info: Microsoft.AspNetCore.Http.Result.BadRequestObjectResult[3]
      Writing value of type '<>f__AnonymousType0`1' as Json.
LogRecord.TraceId:                 21b5fde04e4739103c68ce1c4c69b440
LogRecord.SpanId:                  57fd9df3becd6539
LogRecord.TraceFlags:              Recorded
LogRecord.CategoryName:            Microsoft.AspNetCore.Http.Result.BadRequestObjectResult
LogRecord.Severity:                Info
LogRecord.SeverityText:            Information
LogRecord.FormattedMessage:        Writing value of type '<>f__AnonymousType0`1' as Json.
LogRecord.Body:                    Writing value of type '{Type}' as Json.
LogRecord.Attributes (Key:Value):
    Type: <>f__AnonymousType0`1
    OriginalFormat (a.k.a Body): Writing value of type '{Type}' as Json.
LogRecord.EventId:                 3
LogRecord.EventName:               WritingResultAsJson

Resource associated with LogRecord:
service.name: Appostolic.Api
service.instance.id: cfc7ce07-e6a4-4518-a7e3-7e4ff99e6a9f
telemetry.sdk.name: opentelemetry
telemetry.sdk.language: dotnet
telemetry.sdk.version: 1.9.0

Activity.TraceId:            21b5fde04e4739103c68ce1c4c69b440
Activity.SpanId:             57fd9df3becd6539
Activity.TraceFlags:         Recorded
Activity.ActivitySourceName: Microsoft.AspNetCore
Activity.DisplayName:        POST /api/users/me/password
Activity.Kind:               Server
Activity.StartTime:          2025-09-20T11:49:17.9403450Z
Activity.Duration:           00:00:00.1620890
Activity.Tags:
    server.address: localhost
    http.request.method: POST
    url.scheme: http
    url.path: /api/users/me/password
    network.protocol.version: 1.1
    tenant: kevin-personal
    user: kevin@example.com
    http.route: /api/users/me/password
    http.response.status_code: 400
Resource associated with Activity:
    service.name: Appostolic.Api
    service.instance.id: cfc7ce07-e6a4-4518-a7e3-7e4ff99e6a9f
    telemetry.sdk.name: opentelemetry
    telemetry.sdk.language: dotnet
    telemetry.sdk.version: 1.9.0

LogRecord.Timestamp:               2025-09-20T11:49:18.3600180Z
info: Microsoft.AspNetCore.Http.Result.UnprocessableEntityObjectResult[1]
      Setting HTTP status code 422.
LogRecord.TraceId:                 33ba82988cbccc107a7cf2bc475debcf
LogRecord.SpanId:                  a305b61613e2c537
LogRecord.TraceFlags:              Recorded
LogRecord.CategoryName:            Microsoft.AspNetCore.Http.Result.UnprocessableEntityObjectResult
LogRecord.Severity:                Info
LogRecord.SeverityText:            Information
LogRecord.FormattedMessage:        Setting HTTP status code 422.
LogRecord.Body:                    Setting HTTP status code {StatusCode}.
LogRecord.Attributes (Key:Value):
    StatusCode: 422
    OriginalFormat (a.k.a Body): Setting HTTP status code {StatusCode}.
LogRecord.EventId:                 1
LogRecord.EventName:               WritingResultAsStatusCode

Resource associated with LogRecord:
service.name: Appostolic.Api
service.instance.id: cfc7ce07-e6a4-4518-a7e3-7e4ff99e6a9f
telemetry.sdk.name: opentelemetry
telemetry.sdk.language: dotnet
telemetry.sdk.version: 1.9.0

LogRecord.Timestamp:               2025-09-20T11:49:18.3600750Z
LogRecord.TraceId:                 33ba82988cbccc107a7cf2bc475debcf
LogRecord.SpanId:                  a305b61613e2c537
LogRecord.TraceFlags:              Recorded
LogRecord.CategoryName:            Microsoft.AspNetCore.Http.Result.UnprocessableEntityObjectResult
LogRecord.Severity:                Info
info: Microsoft.AspNetCore.Http.Result.UnprocessableEntityObjectResult[3]
      Writing value of type '<>f__AnonymousType0`1' as Json.
LogRecord.SeverityText:            Information
LogRecord.FormattedMessage:        Writing value of type '<>f__AnonymousType0`1' as Json.
LogRecord.Body:                    Writing value of type '{Type}' as Json.
LogRecord.Attributes (Key:Value):
    Type: <>f__AnonymousType0`1
    OriginalFormat (a.k.a Body): Writing value of type '{Type}' as Json.
LogRecord.EventId:                 3
LogRecord.EventName:               WritingResultAsJson

Resource associated with LogRecord:
service.name: Appostolic.Api
service.instance.id: cfc7ce07-e6a4-4518-a7e3-7e4ff99e6a9f
telemetry.sdk.name: opentelemetry
telemetry.sdk.language: dotnet
telemetry.sdk.version: 1.9.0

Activity.TraceId:            33ba82988cbccc107a7cf2bc475debcf
Activity.SpanId:             a305b61613e2c537
Activity.TraceFlags:         Recorded
Activity.ActivitySourceName: Microsoft.AspNetCore
Activity.DisplayName:        POST /api/users/me/password
Activity.Kind:               Server
Activity.StartTime:          2025-09-20T11:49:18.3580400Z
Activity.Duration:           00:00:00.0022180
Activity.Tags:
    server.address: localhost
    http.request.method: POST
    url.scheme: http
    url.path: /api/users/me/password
    network.protocol.version: 1.1
    tenant: kevin-personal
    user: kevin@example.com
    http.route: /api/users/me/password
    http.response.status_code: 422
Resource associated with Activity:
    service.name: Appostolic.Api
    service.instance.id: cfc7ce07-e6a4-4518-a7e3-7e4ff99e6a9f
    telemetry.sdk.name: opentelemetry
    telemetry.sdk.language: dotnet
    telemetry.sdk.version: 1.9.0

info: UserProfile[0]
      Changed user password
LogRecord.Timestamp:               2025-09-20T11:49:18.7383410Z
LogRecord.TraceId:                 c530025c53dfa3ca36f39a5ca8a00e5b
LogRecord.SpanId:                  a338fe1b9e14c5bf
LogRecord.TraceFlags:              Recorded
LogRecord.CategoryName:            UserProfile
LogRecord.Severity:                Info
LogRecord.SeverityText:            Information
LogRecord.FormattedMessage:        Changed user password
LogRecord.Body:                    Changed user password
LogRecord.Attributes (Key:Value):
    OriginalFormat (a.k.a Body): Changed user password

Resource associated with LogRecord:
service.name: Appostolic.Api
service.instance.id: cfc7ce07-e6a4-4518-a7e3-7e4ff99e6a9f
telemetry.sdk.name: opentelemetry
telemetry.sdk.language: dotnet
telemetry.sdk.version: 1.9.0

LogRecord.Timestamp:               2025-09-20T11:49:18.7384190Z
LogRecord.TraceId:                 c530025c53dfa3ca36f39a5ca8a00e5b
LogRecord.SpanId:                  a338fe1b9e14c5bf
LogRecord.TraceFlags:              Recorded
LogRecord.CategoryName:            Microsoft.AspNetCore.Http.Result.NoContentResult
LogRecord.Severity:                Info
LogRecord.SeverityText:            Information
LogRecord.FormattedMessage:        Setting HTTP status code 204.
LogRecord.Body:                    Setting HTTP status code {StatusCode}.
LogRecord.Attributes (Key:Value):
    StatusCode: 204
    OriginalFormat (a.k.a Body): Setting HTTP status code {StatusCode}.
LogRecord.EventId:                 1
LogRecord.EventName:               WritingResultAsStatusCode

Resource associated with LogRecord:
service.name: Appostolic.Api
service.instance.id: cfc7ce07-e6a4-4518-a7e3-7e4ff99e6a9f
telemetry.sdk.name: opentelemetry
telemetry.sdk.language: dotnet
telemetry.sdk.version: 1.9.0

info: Microsoft.AspNetCore.Http.Result.NoContentResult[1]
      Setting HTTP status code 204.
Activity.TraceId:            c530025c53dfa3ca36f39a5ca8a00e5b
Activity.SpanId:             a338fe1b9e14c5bf
Activity.TraceFlags:         Recorded
Activity.ActivitySourceName: Microsoft.AspNetCore
Activity.DisplayName:        POST /api/users/me/password
Activity.Kind:               Server
Activity.StartTime:          2025-09-20T11:49:18.4772720Z
Activity.Duration:           00:00:00.2615470
Activity.Tags:
    server.address: localhost
    http.request.method: POST
    url.scheme: http
    url.path: /api/users/me/password
    network.protocol.version: 1.1
    tenant: kevin-personal
    user: kevin@example.com
    http.route: /api/users/me/password
    http.response.status_code: 204
Resource associated with Activity:
    service.name: Appostolic.Api
    service.instance.id: cfc7ce07-e6a4-4518-a7e3-7e4ff99e6a9f
    telemetry.sdk.name: opentelemetry
    telemetry.sdk.language: dotnet
    telemetry.sdk.version: 1.9.0

Resource associated with Metric:
    service.name: Appostolic.Api
    service.instance.id: cfc7ce07-e6a4-4518-a7e3-7e4ff99e6a9f
    telemetry.sdk.name: opentelemetry
    telemetry.sdk.language: dotnet
    telemetry.sdk.version: 1.9.0

Metric Name: process.runtime.dotnet.gc.collections.count, Number of garbage collections that have occurred since process start., Meter: OpenTelemetry.Instrumentation.Runtime/1.9.0
(2025-09-20T11:49:17.7840520Z, 2025-09-20T11:49:18.8959350Z] generation: gen2 LongSum
Value: 14
(2025-09-20T11:49:17.7840520Z, 2025-09-20T11:49:18.8959350Z] generation: gen1 LongSum
Value: 20
(2025-09-20T11:49:17.7840520Z, 2025-09-20T11:49:18.8959350Z] generation: gen0 LongSum
Value: 41

Metric Name: process.runtime.dotnet.gc.objects.size, Count of bytes currently in use by objects in the GC heap that haven't been collected yet. Fragmentation and other GC committed memory pools are excluded., Unit: bytes, Meter: OpenTelemetry.Instrumentation.Runtime/1.9.0
(2025-09-20T11:49:17.7840570Z, 2025-09-20T11:49:18.8959350Z] LongSumNonMonotonic
Value: 465799392

Metric Name: process.runtime.dotnet.gc.allocations.size, Count of bytes allocated on the managed GC heap since the process start. .NET objects are allocated from this heap. Object allocations from unmanaged languages such as C/C++ do not use this heap., Unit: bytes, Meter: OpenTelemetry.Instrumentation.Runtime/1.9.0
(2025-09-20T11:49:17.7840600Z, 2025-09-20T11:49:18.8959350Z] LongSum
Value: 2142312808

Metric Name: process.runtime.dotnet.gc.committed_memory.size, The amount of committed virtual memory for the managed GC heap, as observed during the latest garbage collection. Committed virtual memory may be larger than the heap size because it includes both memory for storing existing objects (the heap size) and some extra memory that is ready to handle newly allocated objects in the future. The value will be unavailable until at least one garbage collection has occurred., Unit: bytes, Meter: OpenTelemetry.Instrumentation.Runtime/1.9.0
(2025-09-20T11:49:17.7840640Z, 2025-09-20T11:49:18.8959350Z] LongSumNonMonotonic
Value: 389840896

Metric Name: process.runtime.dotnet.gc.heap.size, The heap size (including fragmentation), as observed during the latest garbage collection. The value will be unavailable until at least one garbage collection has occurred., Unit: bytes, Meter: OpenTelemetry.Instrumentation.Runtime/1.9.0
(2025-09-20T11:49:17.7840670Z, 2025-09-20T11:49:18.8959350Z] generation: gen0 LongSumNonMonotonic
Value: 6353864
(2025-09-20T11:49:17.7840670Z, 2025-09-20T11:49:18.8959350Z] generation: gen1 LongSumNonMonotonic
Value: 3782304
(2025-09-20T11:49:17.7840670Z, 2025-09-20T11:49:18.8959350Z] generation: gen2 LongSumNonMonotonic
Value: 106483664
(2025-09-20T11:49:17.7840670Z, 2025-09-20T11:49:18.8959350Z] generation: loh LongSumNonMonotonic
Value: 267989816
(2025-09-20T11:49:17.7840670Z, 2025-09-20T11:49:18.8959350Z] generation: poh LongSumNonMonotonic
Value: 262336

Metric Name: process.runtime.dotnet.gc.heap.fragmentation.size, The heap fragmentation, as observed during the latest garbage collection. The value will be unavailable until at least one garbage collection has occurred., Unit: bytes, Meter: OpenTelemetry.Instrumentation.Runtime/1.9.0
(2025-09-20T11:49:17.7840700Z, 2025-09-20T11:49:18.8959350Z] generation: gen0 LongSumNonMonotonic
Value: 5725432
(2025-09-20T11:49:17.7840700Z, 2025-09-20T11:49:18.8959350Z] generation: gen1 LongSumNonMonotonic
Value: 275352
(2025-09-20T11:49:17.7840700Z, 2025-09-20T11:49:18.8959350Z] generation: gen2 LongSumNonMonotonic
Value: 1373888
(2025-09-20T11:49:17.7840700Z, 2025-09-20T11:49:18.8959350Z] generation: loh LongSumNonMonotonic
Value: 22158376
(2025-09-20T11:49:17.7840700Z, 2025-09-20T11:49:18.8959350Z] generation: poh LongSumNonMonotonic
Value: 0

Metric Name: process.runtime.dotnet.gc.duration, The total amount of time paused in GC since the process start., Unit: ns, Meter: OpenTelemetry.Instrumentation.Runtime/1.9.0
(2025-09-20T11:49:17.7840730Z, 2025-09-20T11:49:18.8959350Z] LongSum
Value: 761889000

Metric Name: process.runtime.dotnet.jit.il_compiled.size, Count of bytes of intermediate language that have been compiled since the process start., Unit: bytes, Meter: OpenTelemetry.Instrumentation.Runtime/1.9.0
(2025-09-20T11:49:17.7840760Z, 2025-09-20T11:49:18.8959360Z] LongSum
Value: 4964076

Metric Name: process.runtime.dotnet.jit.methods_compiled.count, The number of times the JIT compiler compiled a method since the process start. The JIT compiler may be invoked multiple times for the same method to compile with different generic parameters, or because tiered compilation requested different optimization settings., Meter: OpenTelemetry.Instrumentation.Runtime/1.9.0
(2025-09-20T11:49:17.7840800Z, 2025-09-20T11:49:18.8959360Z] LongSum
Value: 59540

Metric Name: process.runtime.dotnet.jit.compilation_time, The amount of time the JIT compiler has spent compiling methods since the process start., Unit: ns, Meter: OpenTelemetry.Instrumentation.Runtime/1.9.0
(2025-09-20T11:49:17.7840830Z, 2025-09-20T11:49:18.8959360Z] LongSum
Value: 15467479000

Metric Name: process.runtime.dotnet.monitor.lock_contention.count, The number of times there was contention when trying to acquire a monitor lock since the process start. Monitor locks are commonly acquired by using the lock keyword in C#, or by calling Monitor.Enter() and Monitor.TryEnter()., Meter: OpenTelemetry.Instrumentation.Runtime/1.9.0
(2025-09-20T11:49:17.7840850Z, 2025-09-20T11:49:18.8959360Z] LongSum
Value: 235

Metric Name: process.runtime.dotnet.thread_pool.threads.count, The number of thread pool threads that currently exist., Meter: OpenTelemetry.Instrumentation.Runtime/1.9.0
(2025-09-20T11:49:17.7840880Z, 2025-09-20T11:49:18.8959360Z] LongSumNonMonotonic
Value: 14

Metric Name: process.runtime.dotnet.thread_pool.completed_items.count, The number of work items that have been processed by the thread pool since the process start., Meter: OpenTelemetry.Instrumentation.Runtime/1.9.0
(2025-09-20T11:49:17.7840910Z, 2025-09-20T11:49:18.8959360Z] LongSum
Value: 2662

Metric Name: process.runtime.dotnet.thread_pool.queue.length, The number of work items that are currently queued to be processed by the thread pool., Meter: OpenTelemetry.Instrumentation.Runtime/1.9.0
(2025-09-20T11:49:17.7840940Z, 2025-09-20T11:49:18.8959360Z] LongSumNonMonotonic
Value: 0

Metric Name: process.runtime.dotnet.timer.count, The number of timer instances that are currently active. Timers can be created by many sources such as System.Threading.Timer, Task.Delay, or the timeout in a CancellationSource. An active timer is registered to tick at some point in the future and has not yet been canceled., Meter: OpenTelemetry.Instrumentation.Runtime/1.9.0
(2025-09-20T11:49:17.7841000Z, 2025-09-20T11:49:18.8959360Z] LongSumNonMonotonic
Value: 8

Metric Name: process.runtime.dotnet.assemblies.count, The number of .NET assemblies that are currently loaded., Meter: OpenTelemetry.Instrumentation.Runtime/1.9.0
(2025-09-20T11:49:17.7841040Z, 2025-09-20T11:49:18.8959360Z] LongSumNonMonotonic
Value: 210

Metric Name: http.server.active_requests, Number of active HTTP server requests., Unit: {request}, Meter: Microsoft.AspNetCore.Hosting
(2025-09-20T11:49:17.7841620Z, 2025-09-20T11:49:18.8959380Z] http.request.method: POST url.scheme: http LongSumNonMonotonic
Value: 0

Metric Name: http.server.request.duration, Duration of HTTP server requests., Unit: s, Meter: Microsoft.AspNetCore.Hosting
(2025-09-20T11:49:17.7841660Z, 2025-09-20T11:49:18.8959380Z] http.request.method: POST http.response.status_code: 400 http.route: /api/users/me/password network.protocol.version: 1.1 url.scheme: http Histogram
Value: Sum: 0.162084 Count: 1 Min: 0.162084 Max: 0.162084 
(-Infinity,0.005]:0
(0.005,0.01]:0
(0.01,0.025]:0
(0.025,0.05]:0
(0.05,0.075]:0
(0.075,0.1]:0
(0.1,0.25]:1
(0.25,0.5]:0
(0.5,0.75]:0
(0.75,1]:0
(1,2.5]:0
(2.5,5]:0
(5,7.5]:0
(7.5,10]:0
(10,+Infinity]:0

(2025-09-20T11:49:17.7841660Z, 2025-09-20T11:49:18.8959380Z] http.request.method: POST http.response.status_code: 422 http.route: /api/users/me/password network.protocol.version: 1.1 url.scheme: http Histogram
Value: Sum: 0.0022223 Count: 1 Min: 0.0022223 Max: 0.0022223 
(-Infinity,0.005]:1
(0.005,0.01]:0
(0.01,0.025]:0
(0.025,0.05]:0
(0.05,0.075]:0
(0.075,0.1]:0
(0.1,0.25]:0
(0.25,0.5]:0
(0.5,0.75]:0
(0.75,1]:0
(1,2.5]:0
(2.5,5]:0
(5,7.5]:0
(7.5,10]:0
(10,+Infinity]:0

(2025-09-20T11:49:17.7841660Z, 2025-09-20T11:49:18.8959380Z] http.request.method: POST http.response.status_code: 204 http.route: /api/users/me/password network.protocol.version: 1.1 url.scheme: http Histogram
Value: Sum: 0.2615517 Count: 1 Min: 0.2615517 Max: 0.2615517 
(-Infinity,0.005]:0
(0.005,0.01]:0
(0.01,0.025]:0
(0.025,0.05]:0
(0.05,0.075]:0
(0.075,0.1]:0
(0.1,0.25]:0
(0.25,0.5]:1
(0.5,0.75]:0
(0.75,1]:0
(1,2.5]:0
(2.5,5]:0
(5,7.5]:0
(7.5,10]:0
(10,+Infinity]:0


Metric Name: aspnetcore.routing.match_attempts, Number of requests that were attempted to be matched to an endpoint., Unit: {match_attempt}, Meter: Microsoft.AspNetCore.Routing
(2025-09-20T11:49:17.8257240Z, 2025-09-20T11:49:18.8959390Z] aspnetcore.routing.is_fallback: false aspnetcore.routing.match_status: success http.route: /api/users/me/password LongSum
Value: 3
[Startup] Warning: failed to ensure app.notification_dedupes exists: Relational-specific methods can only be used when the context is using a relational database provider.
info: Endpoints.V1[0]
      [MapV1Endpoints] Environment='Development' IsDevelopment=True
LogRecord.Timestamp:               2025-09-20T11:49:19.2598090Z
LogRecord.CategoryName:            Endpoints.V1
LogRecord.Severity:                Info
LogRecord.SeverityText:            Information
LogRecord.FormattedMessage:        [MapV1Endpoints] Environment='Development' IsDevelopment=True
LogRecord.Body:                    [MapV1Endpoints] Environment='{Env}' IsDevelopment={IsDev}
LogRecord.Attributes (Key:Value):
    Env: Development
    IsDev: true
    OriginalFormat (a.k.a Body): [MapV1Endpoints] Environment='{Env}' IsDevelopment={IsDev}

Resource associated with LogRecord:
service.name: Appostolic.Api
service.instance.id: cfc7ce07-e6a4-4518-a7e3-7e4ff99e6a9f
telemetry.sdk.name: opentelemetry
telemetry.sdk.language: dotnet
telemetry.sdk.version: 1.9.0

LogRecord.Timestamp:               2025-09-20T11:49:19.2600960Z
info: Microsoft.AspNetCore.DataProtection.KeyManagement.XmlKeyManager[62]
      User profile is available. Using '/Users/kevinmccreary/.aspnet/DataProtection-Keys' as key repository; keys will not be encrypted at rest.
LogRecord.CategoryName:            Microsoft.AspNetCore.DataProtection.KeyManagement.XmlKeyManager
LogRecord.Severity:                Info
LogRecord.SeverityText:            Information
LogRecord.FormattedMessage:        User profile is available. Using '/Users/kevinmccreary/.aspnet/DataProtection-Keys' as key repository; keys will not be encrypted at rest.
LogRecord.Body:                    User profile is available. Using '{FullName}' as key repository; keys will not be encrypted at rest.
LogRecord.Attributes (Key:Value):
    FullName: /Users/kevinmccreary/.aspnet/DataProtection-Keys
    OriginalFormat (a.k.a Body): User profile is available. Using '{FullName}' as key repository; keys will not be encrypted at rest.
LogRecord.EventId:                 62
LogRecord.EventName:               UsingProfileAsKeyRepository

Resource associated with LogRecord:
service.name: Appostolic.Api
service.instance.id: cfc7ce07-e6a4-4518-a7e3-7e4ff99e6a9f
telemetry.sdk.name: opentelemetry
telemetry.sdk.language: dotnet
telemetry.sdk.version: 1.9.0

info: Appostolic.Api.App.Notifications.AutoResendHostedService[0]
      AutoResend is disabled by configuration
LogRecord.Timestamp:               2025-09-20T11:49:19.2611410Z
LogRecord.CategoryName:            Appostolic.Api.App.Notifications.AutoResendHostedService
LogRecord.Severity:                Info
LogRecord.SeverityText:            Information
LogRecord.FormattedMessage:        AutoResend is disabled by configuration
LogRecord.Body:                    AutoResend is disabled by configuration
LogRecord.Attributes (Key:Value):
    OriginalFormat (a.k.a Body): AutoResend is disabled by configuration

Resource associated with LogRecord:
service.name: Appostolic.Api
service.instance.id: cfc7ce07-e6a4-4518-a7e3-7e4ff99e6a9f
telemetry.sdk.name: opentelemetry
telemetry.sdk.language: dotnet
telemetry.sdk.version: 1.9.0

[Startup] Warning: failed to ensure app.notification_dedupes exists: Relational-specific methods can only be used when the context is using a relational database provider.
info: Endpoints.V1[0]
      [MapV1Endpoints] Environment='Development' IsDevelopment=True
LogRecord.Timestamp:               2025-09-20T11:49:19.3657590Z
LogRecord.CategoryName:            Endpoints.V1
LogRecord.Severity:                Info
LogRecord.SeverityText:            Information
LogRecord.FormattedMessage:        [MapV1Endpoints] Environment='Development' IsDevelopment=True
LogRecord.Body:                    [MapV1Endpoints] Environment='{Env}' IsDevelopment={IsDev}
LogRecord.Attributes (Key:Value):
    Env: Development
    IsDev: true
    OriginalFormat (a.k.a Body): [MapV1Endpoints] Environment='{Env}' IsDevelopment={IsDev}

Resource associated with LogRecord:
service.name: Appostolic.Api
service.instance.id: cfc7ce07-e6a4-4518-a7e3-7e4ff99e6a9f
telemetry.sdk.name: opentelemetry
telemetry.sdk.language: dotnet
telemetry.sdk.version: 1.9.0

info: Microsoft.AspNetCore.DataProtection.KeyManagement.XmlKeyManager[62]
      User profile is available. Using '/Users/kevinmccreary/.aspnet/DataProtection-Keys' as key repository; keys will not be encrypted at rest.
LogRecord.Timestamp:               2025-09-20T11:49:19.3662710Z
LogRecord.CategoryName:            Microsoft.AspNetCore.DataProtection.KeyManagement.XmlKeyManager
LogRecord.Severity:                Info
LogRecord.SeverityText:            Information
LogRecord.FormattedMessage:        User profile is available. Using '/Users/kevinmccreary/.aspnet/DataProtection-Keys' as key repository; keys will not be encrypted at rest.
LogRecord.Body:                    User profile is available. Using '{FullName}' as key repository; keys will not be encrypted at rest.
LogRecord.Attributes (Key:Value):
    FullName: /Users/kevinmccreary/.aspnet/DataProtection-Keys
    OriginalFormat (a.k.a Body): User profile is available. Using '{FullName}' as key repository; keys will not be encrypted at rest.
LogRecord.EventId:                 62
LogRecord.EventName:               UsingProfileAsKeyRepository

Resource associated with LogRecord:
service.name: Appostolic.Api
service.instance.id: cfc7ce07-e6a4-4518-a7e3-7e4ff99e6a9f
telemetry.sdk.name: opentelemetry
telemetry.sdk.language: dotnet
telemetry.sdk.version: 1.9.0

LogRecord.Timestamp:               2025-09-20T11:49:19.3674540Z
info: Appostolic.Api.App.Notifications.AutoResendHostedService[0]
      AutoResend is disabled by configuration
LogRecord.CategoryName:            Appostolic.Api.App.Notifications.AutoResendHostedService
LogRecord.Severity:                Info
LogRecord.SeverityText:            Information
LogRecord.FormattedMessage:        AutoResend is disabled by configuration
LogRecord.Body:                    AutoResend is disabled by configuration
LogRecord.Attributes (Key:Value):
    OriginalFormat (a.k.a Body): AutoResend is disabled by configuration

Resource associated with LogRecord:
service.name: Appostolic.Api
service.instance.id: cfc7ce07-e6a4-4518-a7e3-7e4ff99e6a9f
telemetry.sdk.name: opentelemetry
telemetry.sdk.language: dotnet
telemetry.sdk.version: 1.9.0

[Startup] Warning: failed to ensure app.notification_dedupes exists: Relational-specific methods can only be used when the context is using a relational database provider.
info: Endpoints.V1[0]
      [MapV1Endpoints] Environment='Development' IsDevelopment=True
LogRecord.Timestamp:               2025-09-20T11:49:19.4765000Z
LogRecord.CategoryName:            Endpoints.V1
LogRecord.Severity:                Info
LogRecord.SeverityText:            Information
LogRecord.FormattedMessage:        [MapV1Endpoints] Environment='Development' IsDevelopment=True
LogRecord.Body:                    [MapV1Endpoints] Environment='{Env}' IsDevelopment={IsDev}
LogRecord.Attributes (Key:Value):
    Env: Development
    IsDev: true
    OriginalFormat (a.k.a Body): [MapV1Endpoints] Environment='{Env}' IsDevelopment={IsDev}

Resource associated with LogRecord:
service.name: Appostolic.Api
service.instance.id: cfc7ce07-e6a4-4518-a7e3-7e4ff99e6a9f
telemetry.sdk.name: opentelemetry
telemetry.sdk.language: dotnet
telemetry.sdk.version: 1.9.0

LogRecord.Timestamp:               2025-09-20T11:49:19.4823290Z
info: Microsoft.AspNetCore.DataProtection.KeyManagement.XmlKeyManager[62]
      User profile is available. Using '/Users/kevinmccreary/.aspnet/DataProtection-Keys' as key repository; keys will not be encrypted at rest.
LogRecord.CategoryName:            Microsoft.AspNetCore.DataProtection.KeyManagement.XmlKeyManager
LogRecord.Severity:                Info
LogRecord.SeverityText:            Information
LogRecord.FormattedMessage:        User profile is available. Using '/Users/kevinmccreary/.aspnet/DataProtection-Keys' as key repository; keys will not be encrypted at rest.
LogRecord.Body:                    User profile is available. Using '{FullName}' as key repository; keys will not be encrypted at rest.
LogRecord.Attributes (Key:Value):
    FullName: /Users/kevinmccreary/.aspnet/DataProtection-Keys
    OriginalFormat (a.k.a Body): User profile is available. Using '{FullName}' as key repository; keys will not be encrypted at rest.
LogRecord.EventId:                 62
LogRecord.EventName:               UsingProfileAsKeyRepository

Resource associated with LogRecord:
service.name: Appostolic.Api
service.instance.id: cfc7ce07-e6a4-4518-a7e3-7e4ff99e6a9f
telemetry.sdk.name: opentelemetry
telemetry.sdk.language: dotnet
telemetry.sdk.version: 1.9.0

LogRecord.Timestamp:               2025-09-20T11:49:19.4833190Z
info: Appostolic.Api.App.Notifications.AutoResendHostedService[0]
      AutoResend is disabled by configuration
LogRecord.CategoryName:            Appostolic.Api.App.Notifications.AutoResendHostedService
LogRecord.Severity:                Info
LogRecord.SeverityText:            Information
LogRecord.FormattedMessage:        AutoResend is disabled by configuration
LogRecord.Body:                    AutoResend is disabled by configuration
LogRecord.Attributes (Key:Value):
    OriginalFormat (a.k.a Body): AutoResend is disabled by configuration

Resource associated with LogRecord:
service.name: Appostolic.Api
service.instance.id: cfc7ce07-e6a4-4518-a7e3-7e4ff99e6a9f
telemetry.sdk.name: opentelemetry
telemetry.sdk.language: dotnet
telemetry.sdk.version: 1.9.0

info: Appostolic.Api.Infrastructure.Auth.DevHeaderAuthHandler[7]
      Dev was not authenticated. Failure message: Missing x-dev-user or x-tenant headers
LogRecord.Timestamp:               2025-09-20T11:49:19.5609020Z
LogRecord.TraceId:                 b631cc50ab6447d95125f3a6ccad5031
LogRecord.SpanId:                  8f8c2837b7fe7a32
LogRecord.TraceFlags:              Recorded
LogRecord.CategoryName:            Appostolic.Api.Infrastructure.Auth.DevHeaderAuthHandler
LogRecord.Severity:                Info
LogRecord.SeverityText:            Information
LogRecord.FormattedMessage:        Dev was not authenticated. Failure message: Missing x-dev-user or x-tenant headers
LogRecord.Body:                    {AuthenticationScheme} was not authenticated. Failure message: {FailureMessage}
LogRecord.Attributes (Key:Value):
    AuthenticationScheme: Dev
    FailureMessage: Missing x-dev-user or x-tenant headers
    OriginalFormat (a.k.a Body): {AuthenticationScheme} was not authenticated. Failure message: {FailureMessage}
LogRecord.EventId:                 7
LogRecord.EventName:               AuthenticationSchemeNotAuthenticatedWithFailure

Resource associated with LogRecord:
service.name: Appostolic.Api
service.instance.id: cfc7ce07-e6a4-4518-a7e3-7e4ff99e6a9f
telemetry.sdk.name: opentelemetry
telemetry.sdk.language: dotnet
telemetry.sdk.version: 1.9.0

LogRecord.Timestamp:               2025-09-20T11:49:19.5643690Z
LogRecord.TraceId:                 b631cc50ab6447d95125f3a6ccad5031
LogRecord.SpanId:                  8f8c2837b7fe7a32
info: Microsoft.AspNetCore.Http.Result.AcceptedResult[1]
      Setting HTTP status code 202.
LogRecord.TraceFlags:              Recorded
LogRecord.CategoryName:            Microsoft.AspNetCore.Http.Result.AcceptedResult
LogRecord.Severity:                Info
LogRecord.SeverityText:            Information
LogRecord.FormattedMessage:        Setting HTTP status code 202.
LogRecord.Body:                    Setting HTTP status code {StatusCode}.
LogRecord.Attributes (Key:Value):
    StatusCode: 202
    OriginalFormat (a.k.a Body): Setting HTTP status code {StatusCode}.
LogRecord.EventId:                 1
LogRecord.EventName:               WritingResultAsStatusCode

Resource associated with LogRecord:
service.name: Appostolic.Api
service.instance.id: cfc7ce07-e6a4-4518-a7e3-7e4ff99e6a9f
telemetry.sdk.name: opentelemetry
telemetry.sdk.language: dotnet
telemetry.sdk.version: 1.9.0

Activity.TraceId:            b631cc50ab6447d95125f3a6ccad5031
Activity.SpanId:             8f8c2837b7fe7a32
Activity.TraceFlags:         Recorded
Activity.ActivitySourceName: Microsoft.AspNetCore
Activity.DisplayName:        POST /api/auth/magic/request
Activity.Kind:               Server
Activity.StartTime:          2025-09-20T11:49:19.5239500Z
Activity.Duration:           00:00:00.0406350
Activity.Tags:
    server.address: localhost
    http.request.method: POST
    url.scheme: http
    url.path: /api/auth/magic/request
    network.protocol.version: 1.1
    http.route: /api/auth/magic/request
    http.response.status_code: 202
Resource associated with Activity:
    service.name: Appostolic.Api
    service.instance.id: cfc7ce07-e6a4-4518-a7e3-7e4ff99e6a9f
    telemetry.sdk.name: opentelemetry
    telemetry.sdk.language: dotnet
    telemetry.sdk.version: 1.9.0

Activity.TraceId:            b631cc50ab6447d95125f3a6ccad5031
Activity.SpanId:             8f8c2837b7fe7a32
Activity.TraceFlags:         Recorded
Activity.ActivitySourceName: Microsoft.AspNetCore
Activity.DisplayName:        POST /api/auth/magic/request
Activity.Kind:               Server
Activity.StartTime:          2025-09-20T11:49:19.5239500Z
Activity.Duration:           00:00:00.0406350
Activity.Tags:
    server.address: localhost
    http.request.method: POST
    url.scheme: http
    url.path: /api/auth/magic/request
    network.protocol.version: 1.1
    http.route: /api/auth/magic/request
    http.response.status_code: 202
Resource associated with Activity:
    service.name: Appostolic.Api
    service.instance.id: cfc7ce07-e6a4-4518-a7e3-7e4ff99e6a9f
    telemetry.sdk.name: opentelemetry
    telemetry.sdk.language: dotnet
    telemetry.sdk.version: 1.9.0

Activity.TraceId:            b631cc50ab6447d95125f3a6ccad5031
Activity.SpanId:             8f8c2837b7fe7a32
Activity.TraceFlags:         Recorded
Activity.ActivitySourceName: Microsoft.AspNetCore
Activity.DisplayName:        POST /api/auth/magic/request
Activity.Kind:               Server
Activity.StartTime:          2025-09-20T11:49:19.5239500Z
Activity.Duration:           00:00:00.0406350
Activity.Tags:
    server.address: localhost
    http.request.method: POST
    url.scheme: http
    url.path: /api/auth/magic/request
    network.protocol.version: 1.1
    http.route: /api/auth/magic/request
    http.response.status_code: 202
Resource associated with Activity:
    service.name: Appostolic.Api
    service.instance.id: cfc7ce07-e6a4-4518-a7e3-7e4ff99e6a9f
    telemetry.sdk.name: opentelemetry
    telemetry.sdk.language: dotnet
    telemetry.sdk.version: 1.9.0

info: Appostolic.Api.Infrastructure.Auth.DevHeaderAuthHandler[7]
      Dev was not authenticated. Failure message: Missing x-dev-user or x-tenant headers
LogRecord.Timestamp:               2025-09-20T11:49:19.5666620Z
LogRecord.TraceId:                 789620c5cf7c403410d6a40b4349cfee
LogRecord.SpanId:                  ead821de5e6fe44d
LogRecord.TraceFlags:              Recorded
LogRecord.CategoryName:            Appostolic.Api.Infrastructure.Auth.DevHeaderAuthHandler
LogRecord.Severity:                Info
LogRecord.SeverityText:            Information
LogRecord.FormattedMessage:        Dev was not authenticated. Failure message: Missing x-dev-user or x-tenant headers
LogRecord.Body:                    {AuthenticationScheme} was not authenticated. Failure message: {FailureMessage}
LogRecord.Attributes (Key:Value):
    AuthenticationScheme: Dev
    FailureMessage: Missing x-dev-user or x-tenant headers
    OriginalFormat (a.k.a Body): {AuthenticationScheme} was not authenticated. Failure message: {FailureMessage}
LogRecord.EventId:                 7
LogRecord.EventName:               AuthenticationSchemeNotAuthenticatedWithFailure

Resource associated with LogRecord:
service.name: Appostolic.Api
service.instance.id: cfc7ce07-e6a4-4518-a7e3-7e4ff99e6a9f
telemetry.sdk.name: opentelemetry
telemetry.sdk.language: dotnet
telemetry.sdk.version: 1.9.0

info: Microsoft.AspNetCore.Http.Result.CreatedResult[1]
      Setting HTTP status code 201.
LogRecord.Timestamp:               2025-09-20T11:49:19.6781690Z
LogRecord.TraceId:                 789620c5cf7c403410d6a40b4349cfee
LogRecord.SpanId:                  ead821de5e6fe44d
LogRecord.TraceFlags:              Recorded
LogRecord.CategoryName:            Microsoft.AspNetCore.Http.Result.CreatedResult
LogRecord.Severity:                Info
LogRecord.SeverityText:            Information
LogRecord.FormattedMessage:        Setting HTTP status code 201.
LogRecord.Body:                    Setting HTTP status code {StatusCode}.
LogRecord.Attributes (Key:Value):
    StatusCode: 201
    OriginalFormat (a.k.a Body): Setting HTTP status code {StatusCode}.
LogRecord.EventId:                 1
LogRecord.EventName:               WritingResultAsStatusCode

Resource associated with LogRecord:
service.name: Appostolic.Api
service.instance.id: cfc7ce07-e6a4-4518-a7e3-7e4ff99e6a9f
telemetry.sdk.name: opentelemetry
telemetry.sdk.language: dotnet
telemetry.sdk.version: 1.9.0

LogRecord.Timestamp:               2025-09-20T11:49:19.6784730Z
info: Microsoft.AspNetCore.Http.Result.CreatedResult[3]
      Writing value of type '<>f__AnonymousType23`3' as Json.
LogRecord.TraceId:                 789620c5cf7c403410d6a40b4349cfee
LogRecord.SpanId:                  ead821de5e6fe44d
LogRecord.TraceFlags:              Recorded
LogRecord.CategoryName:            Microsoft.AspNetCore.Http.Result.CreatedResult
LogRecord.Severity:                Info
LogRecord.SeverityText:            Information
LogRecord.FormattedMessage:        Writing value of type '<>f__AnonymousType23`3' as Json.
LogRecord.Body:                    Writing value of type '{Type}' as Json.
LogRecord.Attributes (Key:Value):
    Type: <>f__AnonymousType23`3
    OriginalFormat (a.k.a Body): Writing value of type '{Type}' as Json.
LogRecord.EventId:                 3
LogRecord.EventName:               WritingResultAsJson

Resource associated with LogRecord:
service.name: Appostolic.Api
service.instance.id: cfc7ce07-e6a4-4518-a7e3-7e4ff99e6a9f
telemetry.sdk.name: opentelemetry
telemetry.sdk.language: dotnet
telemetry.sdk.version: 1.9.0

Activity.TraceId:            789620c5cf7c403410d6a40b4349cfee
Activity.SpanId:             ead821de5e6fe44d
Activity.TraceFlags:         Recorded
Activity.ActivitySourceName: Microsoft.AspNetCore
Activity.DisplayName:        POST /api/auth/signup
Activity.Kind:               Server
Activity.StartTime:          2025-09-20T11:49:19.5650730Z
Activity.Duration:           00:00:00.1137930
Activity.Tags:
    server.address: localhost
    http.request.method: POST
    url.scheme: http
    url.path: /api/auth/signup
    network.protocol.version: 1.1
    http.route: /api/auth/signup
    http.response.status_code: 201
Resource associated with Activity:
    service.name: Appostolic.Api
    service.instance.id: cfc7ce07-e6a4-4518-a7e3-7e4ff99e6a9f
    telemetry.sdk.name: opentelemetry
    telemetry.sdk.language: dotnet
    telemetry.sdk.version: 1.9.0

Activity.TraceId:            789620c5cf7c403410d6a40b4349cfee
Activity.SpanId:             ead821de5e6fe44d
Activity.TraceFlags:         Recorded
Activity.ActivitySourceName: Microsoft.AspNetCore
Activity.DisplayName:        POST /api/auth/signup
Activity.Kind:               Server
Activity.StartTime:          2025-09-20T11:49:19.5650730Z
Activity.Duration:           00:00:00.1137930
Activity.Tags:
    server.address: localhost
    http.request.method: POST
    url.scheme: http
    url.path: /api/auth/signup
    network.protocol.version: 1.1
    http.route: /api/auth/signup
    http.response.status_code: 201
Resource associated with Activity:
    service.name: Appostolic.Api
    service.instance.id: cfc7ce07-e6a4-4518-a7e3-7e4ff99e6a9f
    telemetry.sdk.name: opentelemetry
    telemetry.sdk.language: dotnet
    telemetry.sdk.version: 1.9.0

Activity.TraceId:            789620c5cf7c403410d6a40b4349cfee
Activity.SpanId:             ead821de5e6fe44d
Activity.TraceFlags:         Recorded
Activity.ActivitySourceName: Microsoft.AspNetCore
Activity.DisplayName:        POST /api/auth/signup
Activity.Kind:               Server
Activity.StartTime:          2025-09-20T11:49:19.5650730Z
Activity.Duration:           00:00:00.1137930
Activity.Tags:
    server.address: localhost
    http.request.method: POST
    url.scheme: http
    url.path: /api/auth/signup
    network.protocol.version: 1.1
    http.route: /api/auth/signup
    http.response.status_code: 201
Resource associated with Activity:
    service.name: Appostolic.Api
    service.instance.id: cfc7ce07-e6a4-4518-a7e3-7e4ff99e6a9f
    telemetry.sdk.name: opentelemetry
    telemetry.sdk.language: dotnet
    telemetry.sdk.version: 1.9.0

info: Appostolic.Api.Infrastructure.Auth.DevHeaderAuthHandler[7]
      Dev was not authenticated. Failure message: Missing x-dev-user or x-tenant headers
LogRecord.Timestamp:               2025-09-20T11:49:19.6802210Z
LogRecord.TraceId:                 164148ae811a8208a1add0d00f8c2942
LogRecord.SpanId:                  7b06583fec27fb23
LogRecord.TraceFlags:              Recorded
LogRecord.CategoryName:            Appostolic.Api.Infrastructure.Auth.DevHeaderAuthHandler
LogRecord.Severity:                Info
LogRecord.SeverityText:            Information
LogRecord.FormattedMessage:        Dev was not authenticated. Failure message: Missing x-dev-user or x-tenant headers
LogRecord.Body:                    {AuthenticationScheme} was not authenticated. Failure message: {FailureMessage}
LogRecord.Attributes (Key:Value):
    AuthenticationScheme: Dev
    FailureMessage: Missing x-dev-user or x-tenant headers
    OriginalFormat (a.k.a Body): {AuthenticationScheme} was not authenticated. Failure message: {FailureMessage}
LogRecord.EventId:                 7
LogRecord.EventName:               AuthenticationSchemeNotAuthenticatedWithFailure

Resource associated with LogRecord:
service.name: Appostolic.Api
service.instance.id: cfc7ce07-e6a4-4518-a7e3-7e4ff99e6a9f
telemetry.sdk.name: opentelemetry
telemetry.sdk.language: dotnet
telemetry.sdk.version: 1.9.0

LogRecord.Timestamp:               2025-09-20T11:49:19.7955810Z
LogRecord.TraceId:                 164148ae811a8208a1add0d00f8c2942
LogRecord.SpanId:                  7b06583fec27fb23
LogRecord.TraceFlags:              Recorded
LogRecord.CategoryName:            Microsoft.AspNetCore.Http.Result.OkObjectResult
LogRecord.Severity:                Info
LogRecord.SeverityText:            Information
LogRecord.FormattedMessage:        Setting HTTP status code 200.
LogRecord.Body:                    Setting HTTP status code {StatusCode}.
LogRecord.Attributes (Key:Value):
    StatusCode: 200
    OriginalFormat (a.k.a Body): Setting HTTP status code {StatusCode}.
LogRecord.EventId:                 1
LogRecord.EventName:               WritingResultAsStatusCode

Resource associated with LogRecord:
service.name: Appostolic.Api
service.instance.id: cfc7ce07-e6a4-4518-a7e3-7e4ff99e6a9f
telemetry.sdk.name: opentelemetry
telemetry.sdk.language: dotnet
telemetry.sdk.version: 1.9.0

LogRecord.Timestamp:               2025-09-20T11:49:19.7958490Z
LogRecord.TraceId:                 164148ae811a8208a1add0d00f8c2942
LogRecord.SpanId:                  7b06583fec27fb23
LogRecord.TraceFlags:              Recorded
LogRecord.CategoryName:            Microsoft.AspNetCore.Http.Result.OkObjectResult
LogRecord.Severity:                Info
LogRecord.SeverityText:            Information
LogRecord.FormattedMessage:        Writing value of type '<>f__AnonymousType25`3' as Json.
LogRecord.Body:                    Writing value of type '{Type}' as Json.
LogRecord.Attributes (Key:Value):
    Type: <>f__AnonymousType25`3
    OriginalFormat (a.k.a Body): Writing value of type '{Type}' as Json.
LogRecord.EventId:                 3
LogRecord.EventName:               WritingResultAsJson

Resource associated with LogRecord:
service.name: Appostolic.Api
service.instance.id: cfc7ce07-e6a4-4518-a7e3-7e4ff99e6a9f
telemetry.sdk.name: opentelemetry
telemetry.sdk.language: dotnet
telemetry.sdk.version: 1.9.0

info: Microsoft.AspNetCore.Http.Result.OkObjectResult[1]
      Setting HTTP status code 200.
info: Microsoft.AspNetCore.Http.Result.OkObjectResult[3]
      Writing value of type '<>f__AnonymousType25`3' as Json.
Activity.TraceId:            164148ae811a8208a1add0d00f8c2942
Activity.SpanId:             7b06583fec27fb23
Activity.TraceFlags:         Recorded
Activity.ActivitySourceName: Microsoft.AspNetCore
Activity.DisplayName:        POST /api/auth/login
Activity.Kind:               Server
Activity.StartTime:          2025-09-20T11:49:19.6790000Z
Activity.Duration:           00:00:00.1172050
Activity.Tags:
    server.address: localhost
    http.request.method: POST
    url.scheme: http
    url.path: /api/auth/login
    network.protocol.version: 1.1
    http.route: /api/auth/login
    http.response.status_code: 200
Resource associated with Activity:
    service.name: Appostolic.Api
    service.instance.id: cfc7ce07-e6a4-4518-a7e3-7e4ff99e6a9f
    telemetry.sdk.name: opentelemetry
    telemetry.sdk.language: dotnet
    telemetry.sdk.version: 1.9.0

Activity.TraceId:            164148ae811a8208a1add0d00f8c2942
Activity.SpanId:             7b06583fec27fb23
Activity.TraceFlags:         Recorded
Activity.ActivitySourceName: Microsoft.AspNetCore
Activity.DisplayName:        POST /api/auth/login
Activity.Kind:               Server
Activity.StartTime:          2025-09-20T11:49:19.6790000Z
Activity.Duration:           00:00:00.1172050
Activity.Tags:
    server.address: localhost
    http.request.method: POST
    url.scheme: http
    url.path: /api/auth/login
    network.protocol.version: 1.1
    http.route: /api/auth/login
    http.response.status_code: 200
Resource associated with Activity:
    service.name: Appostolic.Api
    service.instance.id: cfc7ce07-e6a4-4518-a7e3-7e4ff99e6a9f
    telemetry.sdk.name: opentelemetry
    telemetry.sdk.language: dotnet
    telemetry.sdk.version: 1.9.0

Activity.TraceId:            164148ae811a8208a1add0d00f8c2942
Activity.SpanId:             7b06583fec27fb23
Activity.TraceFlags:         Recorded
Activity.ActivitySourceName: Microsoft.AspNetCore
Activity.DisplayName:        POST /api/auth/login
Activity.Kind:               Server
Activity.StartTime:          2025-09-20T11:49:19.6790000Z
Activity.Duration:           00:00:00.1172050
Activity.Tags:
    server.address: localhost
    http.request.method: POST
    url.scheme: http
    url.path: /api/auth/login
    network.protocol.version: 1.1
    http.route: /api/auth/login
    http.response.status_code: 200
Resource associated with Activity:
    service.name: Appostolic.Api
    service.instance.id: cfc7ce07-e6a4-4518-a7e3-7e4ff99e6a9f
    telemetry.sdk.name: opentelemetry
    telemetry.sdk.language: dotnet
    telemetry.sdk.version: 1.9.0

Resource associated with Metric:
    service.name: Appostolic.Api
    service.instance.id: cfc7ce07-e6a4-4518-a7e3-7e4ff99e6a9f
    telemetry.sdk.name: opentelemetry
    telemetry.sdk.language: dotnet
    telemetry.sdk.version: 1.9.0

Metric Name: process.runtime.dotnet.gc.collections.count, Number of garbage collections that have occurred since process start., Meter: OpenTelemetry.Instrumentation.Runtime/1.9.0
(2025-09-20T11:49:19.4828110Z, 2025-09-20T11:49:19.7979150Z] generation: gen2 LongSum
Value: 14
(2025-09-20T11:49:19.4828110Z, 2025-09-20T11:49:19.7979150Z] generation: gen1 LongSum
Value: 20
(2025-09-20T11:49:19.4828110Z, 2025-09-20T11:49:19.7979150Z] generation: gen0 LongSum
Value: 43

Metric Name: process.runtime.dotnet.gc.objects.size, Count of bytes currently in use by objects in the GC heap that haven't been collected yet. Fragmentation and other GC committed memory pools are excluded., Unit: bytes, Meter: OpenTelemetry.Instrumentation.Runtime/1.9.0
(2025-09-20T11:49:19.4828160Z, 2025-09-20T11:49:19.7979160Z] LongSumNonMonotonic
Value: 630466720

Metric Name: process.runtime.dotnet.gc.allocations.size, Count of bytes allocated on the managed GC heap since the process start. .NET objects are allocated from this heap. Object allocations from unmanaged languages such as C/C++ do not use this heap., Unit: bytes, Meter: OpenTelemetry.Instrumentation.Runtime/1.9.0
(2025-09-20T11:49:19.4828190Z, 2025-09-20T11:49:19.7979160Z] LongSum
Value: 2311100600

Metric Name: process.runtime.dotnet.gc.committed_memory.size, The amount of committed virtual memory for the managed GC heap, as observed during the latest garbage collection. Committed virtual memory may be larger than the heap size because it includes both memory for storing existing objects (the heap size) and some extra memory that is ready to handle newly allocated objects in the future. The value will be unavailable until at least one garbage collection has occurred., Unit: bytes, Meter: OpenTelemetry.Instrumentation.Runtime/1.9.0
(2025-09-20T11:49:19.4828240Z, 2025-09-20T11:49:19.7979160Z] LongSumNonMonotonic
Value: 389775360

Metric Name: process.runtime.dotnet.gc.heap.size, The heap size (including fragmentation), as observed during the latest garbage collection. The value will be unavailable until at least one garbage collection has occurred., Unit: bytes, Meter: OpenTelemetry.Instrumentation.Runtime/1.9.0
(2025-09-20T11:49:19.4828270Z, 2025-09-20T11:49:19.7979160Z] generation: gen0 LongSumNonMonotonic
Value: 5941600
(2025-09-20T11:49:19.4828270Z, 2025-09-20T11:49:19.7979160Z] generation: gen1 LongSumNonMonotonic
Value: 7814528
(2025-09-20T11:49:19.4828270Z, 2025-09-20T11:49:19.7979160Z] generation: gen2 LongSumNonMonotonic
Value: 106483664
(2025-09-20T11:49:19.4828270Z, 2025-09-20T11:49:19.7979160Z] generation: loh LongSumNonMonotonic
Value: 267989816
(2025-09-20T11:49:19.4828270Z, 2025-09-20T11:49:19.7979160Z] generation: poh LongSumNonMonotonic
Value: 262336

Metric Name: process.runtime.dotnet.gc.heap.fragmentation.size, The heap fragmentation, as observed during the latest garbage collection. The value will be unavailable until at least one garbage collection has occurred., Unit: bytes, Meter: OpenTelemetry.Instrumentation.Runtime/1.9.0
(2025-09-20T11:49:19.4828300Z, 2025-09-20T11:49:19.7979160Z] generation: gen0 LongSumNonMonotonic
Value: 5940528
(2025-09-20T11:49:19.4828300Z, 2025-09-20T11:49:19.7979160Z] generation: gen1 LongSumNonMonotonic
Value: 166616
(2025-09-20T11:49:19.4828300Z, 2025-09-20T11:49:19.7979160Z] generation: gen2 LongSumNonMonotonic
Value: 1373888
(2025-09-20T11:49:19.4828300Z, 2025-09-20T11:49:19.7979160Z] generation: loh LongSumNonMonotonic
Value: 12512192
(2025-09-20T11:49:19.4828300Z, 2025-09-20T11:49:19.7979160Z] generation: poh LongSumNonMonotonic
Value: 0

Metric Name: process.runtime.dotnet.gc.duration, The total amount of time paused in GC since the process start., Unit: ns, Meter: OpenTelemetry.Instrumentation.Runtime/1.9.0
(2025-09-20T11:49:19.4828330Z, 2025-09-20T11:49:19.7979160Z] LongSum
Value: 771422000

Metric Name: process.runtime.dotnet.jit.il_compiled.size, Count of bytes of intermediate language that have been compiled since the process start., Unit: bytes, Meter: OpenTelemetry.Instrumentation.Runtime/1.9.0
(2025-09-20T11:49:19.4828360Z, 2025-09-20T11:49:19.7979160Z] LongSum
Value: 5184489

Metric Name: process.runtime.dotnet.jit.methods_compiled.count, The number of times the JIT compiler compiled a method since the process start. The JIT compiler may be invoked multiple times for the same method to compile with different generic parameters, or because tiered compilation requested different optimization settings., Meter: OpenTelemetry.Instrumentation.Runtime/1.9.0
(2025-09-20T11:49:19.4828440Z, 2025-09-20T11:49:19.7979160Z] LongSum
Value: 62265

Metric Name: process.runtime.dotnet.jit.compilation_time, The amount of time the JIT compiler has spent compiling methods since the process start., Unit: ns, Meter: OpenTelemetry.Instrumentation.Runtime/1.9.0
(2025-09-20T11:49:19.4828540Z, 2025-09-20T11:49:19.7979160Z] LongSum
Value: 15896213900

Metric Name: process.runtime.dotnet.monitor.lock_contention.count, The number of times there was contention when trying to acquire a monitor lock since the process start. Monitor locks are commonly acquired by using the lock keyword in C#, or by calling Monitor.Enter() and Monitor.TryEnter()., Meter: OpenTelemetry.Instrumentation.Runtime/1.9.0
(2025-09-20T11:49:19.4828640Z, 2025-09-20T11:49:19.7979160Z] LongSum
Value: 235

Metric Name: process.runtime.dotnet.thread_pool.threads.count, The number of thread pool threads that currently exist., Meter: OpenTelemetry.Instrumentation.Runtime/1.9.0
(2025-09-20T11:49:19.4828670Z, 2025-09-20T11:49:19.7979160Z] LongSumNonMonotonic
Value: 14

Metric Name: process.runtime.dotnet.thread_pool.completed_items.count, The number of work items that have been processed by the thread pool since the process start., Meter: OpenTelemetry.Instrumentation.Runtime/1.9.0
(2025-09-20T11:49:19.4828700Z, 2025-09-20T11:49:19.7979160Z] LongSum
Value: 2767

Metric Name: process.runtime.dotnet.thread_pool.queue.length, The number of work items that are currently queued to be processed by the thread pool., Meter: OpenTelemetry.Instrumentation.Runtime/1.9.0
(2025-09-20T11:49:19.4828720Z, 2025-09-20T11:49:19.7979160Z] LongSumNonMonotonic
Value: 0

Metric Name: process.runtime.dotnet.timer.count, The number of timer instances that are currently active. Timers can be created by many sources such as System.Threading.Timer, Task.Delay, or the timeout in a CancellationSource. An active timer is registered to tick at some point in the future and has not yet been canceled., Meter: OpenTelemetry.Instrumentation.Runtime/1.9.0
(2025-09-20T11:49:19.4828750Z, 2025-09-20T11:49:19.7979160Z] LongSumNonMonotonic
Value: 8

Metric Name: process.runtime.dotnet.assemblies.count, The number of .NET assemblies that are currently loaded., Meter: OpenTelemetry.Instrumentation.Runtime/1.9.0
(2025-09-20T11:49:19.4828780Z, 2025-09-20T11:49:19.7979160Z] LongSumNonMonotonic
Value: 212

Metric Name: http.server.active_requests, Number of active HTTP server requests., Unit: {request}, Meter: Microsoft.AspNetCore.Hosting
(2025-09-20T11:49:19.4829220Z, 2025-09-20T11:49:19.7979210Z] http.request.method: POST url.scheme: http LongSumNonMonotonic
Value: 0

Metric Name: http.server.request.duration, Duration of HTTP server requests., Unit: s, Meter: Microsoft.AspNetCore.Hosting
(2025-09-20T11:49:19.4829250Z, 2025-09-20T11:49:19.7979230Z] http.request.method: POST http.response.status_code: 202 http.route: /api/auth/magic/request network.protocol.version: 1.1 url.scheme: http Histogram
Value: Sum: 0.040635 Count: 1 Min: 0.040635 Max: 0.040635 
(-Infinity,0.005]:0
(0.005,0.01]:0
(0.01,0.025]:0
(0.025,0.05]:1
(0.05,0.075]:0
(0.075,0.1]:0
(0.1,0.25]:0
(0.25,0.5]:0
(0.5,0.75]:0
(0.75,1]:0
(1,2.5]:0
(2.5,5]:0
(5,7.5]:0
(7.5,10]:0
(10,+Infinity]:0

(2025-09-20T11:49:19.4829250Z, 2025-09-20T11:49:19.7979230Z] http.request.method: POST http.response.status_code: 201 http.route: /api/auth/signup network.protocol.version: 1.1 url.scheme: http Histogram
Value: Sum: 0.1137748 Count: 1 Min: 0.1137748 Max: 0.1137748 
(-Infinity,0.005]:0
(0.005,0.01]:0
(0.01,0.025]:0
(0.025,0.05]:0
(0.05,0.075]:0
(0.075,0.1]:0
(0.1,0.25]:1
(0.25,0.5]:0
(0.5,0.75]:0
(0.75,1]:0
(1,2.5]:0
(2.5,5]:0
(5,7.5]:0
(7.5,10]:0
(10,+Infinity]:0

(2025-09-20T11:49:19.4829250Z, 2025-09-20T11:49:19.7979230Z] http.request.method: POST http.response.status_code: 200 http.route: /api/auth/login network.protocol.version: 1.1 url.scheme: http Histogram
Value: Sum: 0.1171805 Count: 1 Min: 0.1171805 Max: 0.1171805 
(-Infinity,0.005]:0
(0.005,0.01]:0
(0.01,0.025]:0
(0.025,0.05]:0
(0.05,0.075]:0
(0.075,0.1]:0
(0.1,0.25]:1
(0.25,0.5]:0
(0.5,0.75]:0
(0.75,1]:0
(1,2.5]:0
(2.5,5]:0
(5,7.5]:0
(7.5,10]:0
(10,+Infinity]:0


Metric Name: aspnetcore.routing.match_attempts, Number of requests that were attempted to be matched to an endpoint., Unit: {match_attempt}, Meter: Microsoft.AspNetCore.Routing
(2025-09-20T11:49:19.4829270Z, 2025-09-20T11:49:19.7979230Z] aspnetcore.routing.is_fallback: false aspnetcore.routing.match_status: success http.route: /api/auth/magic/request LongSum
Value: 1
(2025-09-20T11:49:19.4829270Z, 2025-09-20T11:49:19.7979230Z] aspnetcore.routing.is_fallback: false aspnetcore.routing.match_status: success http.route: /api/auth/signup LongSum
Value: 1
(2025-09-20T11:49:19.4829270Z, 2025-09-20T11:49:19.7979230Z] aspnetcore.routing.is_fallback: false aspnetcore.routing.match_status: success http.route: /api/auth/login LongSum
Value: 1
[Startup] Warning: failed to ensure app.notification_dedupes exists: Relational-specific methods can only be used when the context is using a relational database provider.
info: Endpoints.V1[0]
      [MapV1Endpoints] Environment='Development' IsDevelopment=True
LogRecord.Timestamp:               2025-09-20T11:49:19.8662750Z
LogRecord.CategoryName:            Endpoints.V1
LogRecord.Severity:                Info
LogRecord.SeverityText:            Information
LogRecord.FormattedMessage:        [MapV1Endpoints] Environment='Development' IsDevelopment=True
LogRecord.Body:                    [MapV1Endpoints] Environment='{Env}' IsDevelopment={IsDev}
LogRecord.Attributes (Key:Value):
    Env: Development
    IsDev: true
    OriginalFormat (a.k.a Body): [MapV1Endpoints] Environment='{Env}' IsDevelopment={IsDev}

Resource associated with LogRecord:
service.name: Appostolic.Api
service.instance.id: cfc7ce07-e6a4-4518-a7e3-7e4ff99e6a9f
telemetry.sdk.name: opentelemetry
telemetry.sdk.language: dotnet
telemetry.sdk.version: 1.9.0

info: Microsoft.AspNetCore.DataProtection.KeyManagement.XmlKeyManager[62]
      User profile is available. Using '/Users/kevinmccreary/.aspnet/DataProtection-Keys' as key repository; keys will not be encrypted at rest.
LogRecord.Timestamp:               2025-09-20T11:49:19.8665640Z
LogRecord.CategoryName:            Microsoft.AspNetCore.DataProtection.KeyManagement.XmlKeyManager
LogRecord.Severity:                Info
LogRecord.SeverityText:            Information
LogRecord.FormattedMessage:        User profile is available. Using '/Users/kevinmccreary/.aspnet/DataProtection-Keys' as key repository; keys will not be encrypted at rest.
LogRecord.Body:                    User profile is available. Using '{FullName}' as key repository; keys will not be encrypted at rest.
LogRecord.Attributes (Key:Value):
    FullName: /Users/kevinmccreary/.aspnet/DataProtection-Keys
    OriginalFormat (a.k.a Body): User profile is available. Using '{FullName}' as key repository; keys will not be encrypted at rest.
LogRecord.EventId:                 62
LogRecord.EventName:               UsingProfileAsKeyRepository

Resource associated with LogRecord:
service.name: Appostolic.Api
service.instance.id: cfc7ce07-e6a4-4518-a7e3-7e4ff99e6a9f
telemetry.sdk.name: opentelemetry
telemetry.sdk.language: dotnet
telemetry.sdk.version: 1.9.0

info: Appostolic.Api.App.Notifications.AutoResendHostedService[0]
      AutoResend is disabled by configuration
LogRecord.Timestamp:               2025-09-20T11:49:20.1475150Z
LogRecord.CategoryName:            Appostolic.Api.App.Notifications.AutoResendHostedService
LogRecord.Severity:                Info
LogRecord.SeverityText:            Information
LogRecord.FormattedMessage:        AutoResend is disabled by configuration
LogRecord.Body:                    AutoResend is disabled by configuration
LogRecord.Attributes (Key:Value):
    OriginalFormat (a.k.a Body): AutoResend is disabled by configuration

Resource associated with LogRecord:
service.name: Appostolic.Api
service.instance.id: cfc7ce07-e6a4-4518-a7e3-7e4ff99e6a9f
telemetry.sdk.name: opentelemetry
telemetry.sdk.language: dotnet
telemetry.sdk.version: 1.9.0

LogRecord.Timestamp:               2025-09-20T11:49:20.2252090Z
info: Appostolic.Api.Infrastructure.Auth.DevHeaderAuthHandler[7]
      Dev was not authenticated. Failure message: Missing x-dev-user or x-tenant headers
LogRecord.TraceId:                 8c01bd37c1c86753216804272e54ff4c
LogRecord.SpanId:                  0f23c83877093620
LogRecord.TraceFlags:              Recorded
LogRecord.CategoryName:            Appostolic.Api.Infrastructure.Auth.DevHeaderAuthHandler
LogRecord.Severity:                Info
LogRecord.SeverityText:            Information
LogRecord.FormattedMessage:        Dev was not authenticated. Failure message: Missing x-dev-user or x-tenant headers
LogRecord.Body:                    {AuthenticationScheme} was not authenticated. Failure message: {FailureMessage}
LogRecord.Attributes (Key:Value):
    AuthenticationScheme: Dev
    FailureMessage: Missing x-dev-user or x-tenant headers
    OriginalFormat (a.k.a Body): {AuthenticationScheme} was not authenticated. Failure message: {FailureMessage}
LogRecord.EventId:                 7
LogRecord.EventName:               AuthenticationSchemeNotAuthenticatedWithFailure

Resource associated with LogRecord:
service.name: Appostolic.Api
service.instance.id: cfc7ce07-e6a4-4518-a7e3-7e4ff99e6a9f
telemetry.sdk.name: opentelemetry
telemetry.sdk.language: dotnet
telemetry.sdk.version: 1.9.0

LogRecord.Timestamp:               2025-09-20T11:49:20.2257660Z
LogRecord.TraceId:                 8c01bd37c1c86753216804272e54ff4c
LogRecord.SpanId:                  0f23c83877093620
LogRecord.TraceFlags:              Recorded
LogRecord.CategoryName:            Microsoft.AspNetCore.Http.Result.OkObjectResult
info: Microsoft.AspNetCore.Http.Result.OkObjectResult[1]
      Setting HTTP status code 200.
LogRecord.Severity:                Info
LogRecord.SeverityText:            Information
LogRecord.FormattedMessage:        Setting HTTP status code 200.
LogRecord.Body:                    Setting HTTP status code {StatusCode}.
LogRecord.Attributes (Key:Value):
    StatusCode: 200
    OriginalFormat (a.k.a Body): Setting HTTP status code {StatusCode}.
LogRecord.EventId:                 1
LogRecord.EventName:               WritingResultAsStatusCode

Resource associated with LogRecord:
service.name: Appostolic.Api
service.instance.id: cfc7ce07-e6a4-4518-a7e3-7e4ff99e6a9f
telemetry.sdk.name: opentelemetry
telemetry.sdk.language: dotnet
telemetry.sdk.version: 1.9.0

LogRecord.Timestamp:               2025-09-20T11:49:20.2259770Z
LogRecord.TraceId:                 8c01bd37c1c86753216804272e54ff4c
LogRecord.SpanId:                  0f23c83877093620
LogRecord.TraceFlags:              Recorded
LogRecord.CategoryName:            Microsoft.AspNetCore.Http.Result.OkObjectResult
LogRecord.Severity:                Info
LogRecord.SeverityText:            Information
LogRecord.FormattedMessage:        Writing value of type '<>f__AnonymousType69`1' as Json.
LogRecord.Body:                    Writing value of type '{Type}' as Json.
LogRecord.Attributes (Key:Value):
info: Microsoft.AspNetCore.Http.Result.OkObjectResult[3]
      Writing value of type '<>f__AnonymousType69`1' as Json.
    Type: <>f__AnonymousType69`1
    OriginalFormat (a.k.a Body): Writing value of type '{Type}' as Json.
LogRecord.EventId:                 3
LogRecord.EventName:               WritingResultAsJson

Resource associated with LogRecord:
service.name: Appostolic.Api
service.instance.id: cfc7ce07-e6a4-4518-a7e3-7e4ff99e6a9f
telemetry.sdk.name: opentelemetry
telemetry.sdk.language: dotnet
telemetry.sdk.version: 1.9.0

Activity.TraceId:            8c01bd37c1c86753216804272e54ff4c
Activity.SpanId:             0f23c83877093620
Activity.TraceFlags:         Recorded
Activity.ActivitySourceName: Microsoft.AspNetCore
Activity.DisplayName:        GET /health
Activity.Kind:               Server
Activity.StartTime:          2025-09-20T11:49:20.1875000Z
Activity.Duration:           00:00:00.0387320
Activity.Tags:
    server.address: localhost
    http.request.method: GET
    url.scheme: http
    url.path: /health
    network.protocol.version: 1.1
    http.route: /health
    http.response.status_code: 200
Resource associated with Activity:
    service.name: Appostolic.Api
    service.instance.id: cfc7ce07-e6a4-4518-a7e3-7e4ff99e6a9f
    telemetry.sdk.name: opentelemetry
    telemetry.sdk.language: dotnet
    telemetry.sdk.version: 1.9.0

Activity.TraceId:            8c01bd37c1c86753216804272e54ff4c
Activity.SpanId:             0f23c83877093620
Activity.TraceFlags:         Recorded
Activity.ActivitySourceName: Microsoft.AspNetCore
Activity.DisplayName:        GET /health
Activity.Kind:               Server
Activity.StartTime:          2025-09-20T11:49:20.1875000Z
Activity.Duration:           00:00:00.0387320
Activity.Tags:
    server.address: localhost
    http.request.method: GET
    url.scheme: http
    url.path: /health
    network.protocol.version: 1.1
    http.route: /health
    http.response.status_code: 200
Resource associated with Activity:
    service.name: Appostolic.Api
    service.instance.id: cfc7ce07-e6a4-4518-a7e3-7e4ff99e6a9f
    telemetry.sdk.name: opentelemetry
    telemetry.sdk.language: dotnet
    telemetry.sdk.version: 1.9.0

Activity.TraceId:            8c01bd37c1c86753216804272e54ff4c
Activity.SpanId:             0f23c83877093620
Activity.TraceFlags:         Recorded
Activity.ActivitySourceName: Microsoft.AspNetCore
Activity.DisplayName:        GET /health
Activity.Kind:               Server
Activity.StartTime:          2025-09-20T11:49:20.1875000Z
Activity.Duration:           00:00:00.0387320
Activity.Tags:
    server.address: localhost
    http.request.method: GET
    url.scheme: http
    url.path: /health
    network.protocol.version: 1.1
    http.route: /health
    http.response.status_code: 200
Resource associated with Activity:
    service.name: Appostolic.Api
    service.instance.id: cfc7ce07-e6a4-4518-a7e3-7e4ff99e6a9f
    telemetry.sdk.name: opentelemetry
    telemetry.sdk.language: dotnet
    telemetry.sdk.version: 1.9.0

Resource associated with Metric:
    service.name: Appostolic.Api
    service.instance.id: cfc7ce07-e6a4-4518-a7e3-7e4ff99e6a9f
    telemetry.sdk.name: opentelemetry
    telemetry.sdk.language: dotnet
    telemetry.sdk.version: 1.9.0

Metric Name: process.runtime.dotnet.gc.collections.count, Number of garbage collections that have occurred since process start., Meter: OpenTelemetry.Instrumentation.Runtime/1.9.0
(2025-09-20T11:49:19.8670900Z, 2025-09-20T11:49:20.2268670Z] generation: gen2 LongSum
Value: 15
(2025-09-20T11:49:19.8670900Z, 2025-09-20T11:49:20.2268670Z] generation: gen1 LongSum
Value: 21
(2025-09-20T11:49:19.8670900Z, 2025-09-20T11:49:20.2268670Z] generation: gen0 LongSum
Value: 43

Metric Name: process.runtime.dotnet.gc.objects.size, Count of bytes currently in use by objects in the GC heap that haven't been collected yet. Fragmentation and other GC committed memory pools are excluded., Unit: bytes, Meter: OpenTelemetry.Instrumentation.Runtime/1.9.0
(2025-09-20T11:49:19.8670940Z, 2025-09-20T11:49:20.2268670Z] LongSumNonMonotonic
Value: 436986232

Metric Name: process.runtime.dotnet.gc.allocations.size, Count of bytes allocated on the managed GC heap since the process start. .NET objects are allocated from this heap. Object allocations from unmanaged languages such as C/C++ do not use this heap., Unit: bytes, Meter: OpenTelemetry.Instrumentation.Runtime/1.9.0
(2025-09-20T11:49:19.8670980Z, 2025-09-20T11:49:20.2268670Z] LongSum
Value: 2325275432

Metric Name: process.runtime.dotnet.gc.committed_memory.size, The amount of committed virtual memory for the managed GC heap, as observed during the latest garbage collection. Committed virtual memory may be larger than the heap size because it includes both memory for storing existing objects (the heap size) and some extra memory that is ready to handle newly allocated objects in the future. The value will be unavailable until at least one garbage collection has occurred., Unit: bytes, Meter: OpenTelemetry.Instrumentation.Runtime/1.9.0
(2025-09-20T11:49:19.8671010Z, 2025-09-20T11:49:20.2268670Z] LongSumNonMonotonic
Value: 324534272

Metric Name: process.runtime.dotnet.gc.heap.size, The heap size (including fragmentation), as observed during the latest garbage collection. The value will be unavailable until at least one garbage collection has occurred., Unit: bytes, Meter: OpenTelemetry.Instrumentation.Runtime/1.9.0
(2025-09-20T11:49:19.8671050Z, 2025-09-20T11:49:20.2268680Z] generation: gen0 LongSumNonMonotonic
Value: 4143688
(2025-09-20T11:49:19.8671050Z, 2025-09-20T11:49:20.2268680Z] generation: gen1 LongSumNonMonotonic
Value: 2215768
(2025-09-20T11:49:19.8671050Z, 2025-09-20T11:49:20.2268680Z] generation: gen2 LongSumNonMonotonic
Value: 113674624
(2025-09-20T11:49:19.8671050Z, 2025-09-20T11:49:20.2268680Z] generation: loh LongSumNonMonotonic
Value: 200880840
(2025-09-20T11:49:19.8671050Z, 2025-09-20T11:49:20.2268680Z] generation: poh LongSumNonMonotonic
Value: 262336

Metric Name: process.runtime.dotnet.gc.heap.fragmentation.size, The heap fragmentation, as observed during the latest garbage collection. The value will be unavailable until at least one garbage collection has occurred., Unit: bytes, Meter: OpenTelemetry.Instrumentation.Runtime/1.9.0
(2025-09-20T11:49:19.8671080Z, 2025-09-20T11:49:20.2268680Z] generation: gen0 LongSumNonMonotonic
Value: 3357824
(2025-09-20T11:49:19.8671080Z, 2025-09-20T11:49:20.2268680Z] generation: gen1 LongSumNonMonotonic
Value: 83592
(2025-09-20T11:49:19.8671080Z, 2025-09-20T11:49:20.2268680Z] generation: gen2 LongSumNonMonotonic
Value: 1217088
(2025-09-20T11:49:19.8671080Z, 2025-09-20T11:49:20.2268680Z] generation: loh LongSumNonMonotonic
Value: 4163456
(2025-09-20T11:49:19.8671080Z, 2025-09-20T11:49:20.2268680Z] generation: poh LongSumNonMonotonic
Value: 0

Metric Name: process.runtime.dotnet.gc.duration, The total amount of time paused in GC since the process start., Unit: ns, Meter: OpenTelemetry.Instrumentation.Runtime/1.9.0
(2025-09-20T11:49:19.8671110Z, 2025-09-20T11:49:20.2268680Z] LongSum
Value: 784437000

Metric Name: process.runtime.dotnet.jit.il_compiled.size, Count of bytes of intermediate language that have been compiled since the process start., Unit: bytes, Meter: OpenTelemetry.Instrumentation.Runtime/1.9.0
(2025-09-20T11:49:19.8671140Z, 2025-09-20T11:49:20.2268680Z] LongSum
Value: 5272307

Metric Name: process.runtime.dotnet.jit.methods_compiled.count, The number of times the JIT compiler compiled a method since the process start. The JIT compiler may be invoked multiple times for the same method to compile with different generic parameters, or because tiered compilation requested different optimization settings., Meter: OpenTelemetry.Instrumentation.Runtime/1.9.0
(2025-09-20T11:49:19.8671180Z, 2025-09-20T11:49:20.2268680Z] LongSum
Value: 63152

Metric Name: process.runtime.dotnet.jit.compilation_time, The amount of time the JIT compiler has spent compiling methods since the process start., Unit: ns, Meter: OpenTelemetry.Instrumentation.Runtime/1.9.0
(2025-09-20T11:49:19.8671210Z, 2025-09-20T11:49:20.2268680Z] LongSum
Value: 16097317100

Metric Name: process.runtime.dotnet.monitor.lock_contention.count, The number of times there was contention when trying to acquire a monitor lock since the process start. Monitor locks are commonly acquired by using the lock keyword in C#, or by calling Monitor.Enter() and Monitor.TryEnter()., Meter: OpenTelemetry.Instrumentation.Runtime/1.9.0
(2025-09-20T11:49:19.8671240Z, 2025-09-20T11:49:20.2268680Z] LongSum
Value: 235

Metric Name: process.runtime.dotnet.thread_pool.threads.count, The number of thread pool threads that currently exist., Meter: OpenTelemetry.Instrumentation.Runtime/1.9.0
(2025-09-20T11:49:19.8671270Z, 2025-09-20T11:49:20.2268690Z] LongSumNonMonotonic
Value: 14

Metric Name: process.runtime.dotnet.thread_pool.completed_items.count, The number of work items that have been processed by the thread pool since the process start., Meter: OpenTelemetry.Instrumentation.Runtime/1.9.0
(2025-09-20T11:49:19.8671300Z, 2025-09-20T11:49:20.2268690Z] LongSum
Value: 2784

Metric Name: process.runtime.dotnet.thread_pool.queue.length, The number of work items that are currently queued to be processed by the thread pool., Meter: OpenTelemetry.Instrumentation.Runtime/1.9.0
(2025-09-20T11:49:19.8671330Z, 2025-09-20T11:49:20.2268690Z] LongSumNonMonotonic
Value: 0

Metric Name: process.runtime.dotnet.timer.count, The number of timer instances that are currently active. Timers can be created by many sources such as System.Threading.Timer, Task.Delay, or the timeout in a CancellationSource. An active timer is registered to tick at some point in the future and has not yet been canceled., Meter: OpenTelemetry.Instrumentation.Runtime/1.9.0
(2025-09-20T11:49:19.8671360Z, 2025-09-20T11:49:20.2268690Z] LongSumNonMonotonic
Value: 8

Metric Name: process.runtime.dotnet.assemblies.count, The number of .NET assemblies that are currently loaded., Meter: OpenTelemetry.Instrumentation.Runtime/1.9.0
(2025-09-20T11:49:19.8671390Z, 2025-09-20T11:49:20.2268690Z] LongSumNonMonotonic
Value: 212

Metric Name: http.server.active_requests, Number of active HTTP server requests., Unit: {request}, Meter: Microsoft.AspNetCore.Hosting
(2025-09-20T11:49:20.1468830Z, 2025-09-20T11:49:20.2268750Z] http.request.method: GET url.scheme: http LongSumNonMonotonic
Value: 0

Metric Name: http.server.request.duration, Duration of HTTP server requests., Unit: s, Meter: Microsoft.AspNetCore.Hosting
(2025-09-20T11:49:20.1468870Z, 2025-09-20T11:49:20.2268750Z] http.request.method: GET http.response.status_code: 200 http.route: /health network.protocol.version: 1.1 url.scheme: http Histogram
Value: Sum: 0.0387377 Count: 1 Min: 0.0387377 Max: 0.0387377 
(-Infinity,0.005]:0
(0.005,0.01]:0
(0.01,0.025]:0
(0.025,0.05]:1
(0.05,0.075]:0
(0.075,0.1]:0
(0.1,0.25]:0
(0.25,0.5]:0
(0.5,0.75]:0
(0.75,1]:0
(1,2.5]:0
(2.5,5]:0
(5,7.5]:0
(7.5,10]:0
(10,+Infinity]:0


Metric Name: aspnetcore.routing.match_attempts, Number of requests that were attempted to be matched to an endpoint., Unit: {match_attempt}, Meter: Microsoft.AspNetCore.Routing
(2025-09-20T11:49:20.1468900Z, 2025-09-20T11:49:20.2268760Z] aspnetcore.routing.is_fallback: false aspnetcore.routing.match_status: success http.route: /health LongSum
Value: 1
VALID_1x1_PNG_BASE64:iVBORw0KGgoAAAANSUhEUgAAAAEAAAABCAYAAAAfFcSJAAAACXBIWXMAAA7EAAAOxAGVKw4bAAAAC0lEQVR4nGNhAAIAABkABaSlNawAAAAASUVORK5CYII=
Activity.TraceId:            19e55a0d5f683de5b0e958b47b612646
Activity.SpanId:             f99dbf63e8dc8ceb
Activity.TraceFlags:         Recorded
Activity.ActivitySourceName: Appostolic.Tools
Activity.DisplayName:        tool.invoke
Activity.Kind:               Internal
Activity.StartTime:          2025-09-20T11:49:20.2582930Z
Activity.Duration:           00:00:00.0079020
Activity.Tags:
    tool.name: db.query
    tenant: t
    user: u
    duration.ms: 7
    success: false
Resource associated with Activity:
    service.name: Appostolic.Api
    service.instance.id: cfc7ce07-e6a4-4518-a7e3-7e4ff99e6a9f
    telemetry.sdk.name: opentelemetry
    telemetry.sdk.language: dotnet
    telemetry.sdk.version: 1.9.0

Activity.TraceId:            19e55a0d5f683de5b0e958b47b612646
Activity.SpanId:             f99dbf63e8dc8ceb
Activity.TraceFlags:         Recorded
Activity.ActivitySourceName: Appostolic.Tools
Activity.DisplayName:        tool.invoke
Activity.Kind:               Internal
Activity.StartTime:          2025-09-20T11:49:20.2582930Z
Activity.Duration:           00:00:00.0079020
Activity.Tags:
    tool.name: db.query
    tenant: t
    user: u
    duration.ms: 7
    success: false
Resource associated with Activity:
    service.name: Appostolic.Api
    service.instance.id: cfc7ce07-e6a4-4518-a7e3-7e4ff99e6a9f
    telemetry.sdk.name: opentelemetry
    telemetry.sdk.language: dotnet
    telemetry.sdk.version: 1.9.0

Activity.TraceId:            59a8f2c1006975056f338dc2db21e26d
Activity.SpanId:             c048bfcb226d29ac
Activity.TraceFlags:         Recorded
Activity.ActivitySourceName: Appostolic.Tools
Activity.DisplayName:        tool.invoke
Activity.Kind:               Internal
Activity.StartTime:          2025-09-20T11:49:20.2667300Z
Activity.Duration:           00:00:00.0018890
Activity.Tags:
    tool.name: db.query
    tenant: t
    user: u
    duration.ms: 1
    success: true
Resource associated with Activity:
    service.name: Appostolic.Api
    service.instance.id: cfc7ce07-e6a4-4518-a7e3-7e4ff99e6a9f
    telemetry.sdk.name: opentelemetry
    telemetry.sdk.language: dotnet
    telemetry.sdk.version: 1.9.0

Activity.TraceId:            59a8f2c1006975056f338dc2db21e26d
Activity.SpanId:             c048bfcb226d29ac
Activity.TraceFlags:         Recorded
Activity.ActivitySourceName: Appostolic.Tools
Activity.DisplayName:        tool.invoke
Activity.Kind:               Internal
Activity.StartTime:          2025-09-20T11:49:20.2667300Z
Activity.Duration:           00:00:00.0018890
Activity.Tags:
    tool.name: db.query
    tenant: t
    user: u
    duration.ms: 1
    success: true
Resource associated with Activity:
    service.name: Appostolic.Api
    service.instance.id: cfc7ce07-e6a4-4518-a7e3-7e4ff99e6a9f
    telemetry.sdk.name: opentelemetry
    telemetry.sdk.language: dotnet
    telemetry.sdk.version: 1.9.0

Activity.TraceId:            f07ed6271ec4d2ff027b2bfda0df8a7e
Activity.SpanId:             84a65130ee3b6654
Activity.TraceFlags:         Recorded
Activity.ActivitySourceName: Appostolic.Tools
Activity.DisplayName:        tool.invoke
Activity.Kind:               Internal
Activity.StartTime:          2025-09-20T11:49:20.2691070Z
Activity.Duration:           00:00:00.0025200
Activity.Tags:
    tool.name: db.query
    tenant: t
    user: u
    duration.ms: 2
    success: true
Resource associated with Activity:
    service.name: Appostolic.Api
    service.instance.id: cfc7ce07-e6a4-4518-a7e3-7e4ff99e6a9f
    telemetry.sdk.name: opentelemetry
    telemetry.sdk.language: dotnet
    telemetry.sdk.version: 1.9.0

Activity.TraceId:            f07ed6271ec4d2ff027b2bfda0df8a7e
Activity.SpanId:             84a65130ee3b6654
Activity.TraceFlags:         Recorded
Activity.ActivitySourceName: Appostolic.Tools
Activity.DisplayName:        tool.invoke
Activity.Kind:               Internal
Activity.StartTime:          2025-09-20T11:49:20.2691070Z
Activity.Duration:           00:00:00.0025200
Activity.Tags:
    tool.name: db.query
    tenant: t
    user: u
    duration.ms: 2
    success: true
Resource associated with Activity:
    service.name: Appostolic.Api
    service.instance.id: cfc7ce07-e6a4-4518-a7e3-7e4ff99e6a9f
    telemetry.sdk.name: opentelemetry
    telemetry.sdk.language: dotnet
    telemetry.sdk.version: 1.9.0

Activity.TraceId:            c2125b4f6fb3b6fc27368c501d0e8a53
Activity.SpanId:             5b24f452121a906b
Activity.TraceFlags:         Recorded
Activity.ActivitySourceName: Appostolic.Tools
Activity.DisplayName:        tool.invoke
Activity.Kind:               Internal
Activity.StartTime:          2025-09-20T11:49:20.2719870Z
Activity.Duration:           00:00:00.0000090
Activity.Tags:
    tool.name: db.query
    tenant: t
    user: u
    duration.ms: 1
    success: false
Resource associated with Activity:
    service.name: Appostolic.Api
    service.instance.id: cfc7ce07-e6a4-4518-a7e3-7e4ff99e6a9f
    telemetry.sdk.name: opentelemetry
    telemetry.sdk.language: dotnet
    telemetry.sdk.version: 1.9.0

Activity.TraceId:            c2125b4f6fb3b6fc27368c501d0e8a53
Activity.SpanId:             5b24f452121a906b
Activity.TraceFlags:         Recorded
Activity.ActivitySourceName: Appostolic.Tools
Activity.DisplayName:        tool.invoke
Activity.Kind:               Internal
Activity.StartTime:          2025-09-20T11:49:20.2719870Z
Activity.Duration:           00:00:00.0000090
Activity.Tags:
    tool.name: db.query
    tenant: t
    user: u
    duration.ms: 1
    success: false
Resource associated with Activity:
    service.name: Appostolic.Api
    service.instance.id: cfc7ce07-e6a4-4518-a7e3-7e4ff99e6a9f
    telemetry.sdk.name: opentelemetry
    telemetry.sdk.language: dotnet
    telemetry.sdk.version: 1.9.0

[Startup] Warning: failed to ensure app.notification_dedupes exists: Relational-specific methods can only be used when the context is using a relational database provider.
info: Endpoints.V1[0]
      [MapV1Endpoints] Environment='Development' IsDevelopment=True
LogRecord.Timestamp:               2025-09-20T11:49:20.3318030Z
LogRecord.CategoryName:            Endpoints.V1
LogRecord.Severity:                Info
LogRecord.SeverityText:            Information
LogRecord.FormattedMessage:        [MapV1Endpoints] Environment='Development' IsDevelopment=True
LogRecord.Body:                    [MapV1Endpoints] Environment='{Env}' IsDevelopment={IsDev}
LogRecord.Attributes (Key:Value):
    Env: Development
    IsDev: true
    OriginalFormat (a.k.a Body): [MapV1Endpoints] Environment='{Env}' IsDevelopment={IsDev}

Resource associated with LogRecord:
service.name: Appostolic.Api
service.instance.id: cfc7ce07-e6a4-4518-a7e3-7e4ff99e6a9f
telemetry.sdk.name: opentelemetry
telemetry.sdk.language: dotnet
telemetry.sdk.version: 1.9.0

LogRecord.Timestamp:               2025-09-20T11:49:20.3322570Z
LogRecord.CategoryName:            Microsoft.AspNetCore.DataProtection.KeyManagement.XmlKeyManager
info: Microsoft.AspNetCore.DataProtection.KeyManagement.XmlKeyManager[62]
      User profile is available. Using '/Users/kevinmccreary/.aspnet/DataProtection-Keys' as key repository; keys will not be encrypted at rest.
LogRecord.Severity:                Info
LogRecord.SeverityText:            Information
LogRecord.FormattedMessage:        User profile is available. Using '/Users/kevinmccreary/.aspnet/DataProtection-Keys' as key repository; keys will not be encrypted at rest.
LogRecord.Body:                    User profile is available. Using '{FullName}' as key repository; keys will not be encrypted at rest.
LogRecord.Attributes (Key:Value):
    FullName: /Users/kevinmccreary/.aspnet/DataProtection-Keys
    OriginalFormat (a.k.a Body): User profile is available. Using '{FullName}' as key repository; keys will not be encrypted at rest.
LogRecord.EventId:                 62
LogRecord.EventName:               UsingProfileAsKeyRepository

Resource associated with LogRecord:
service.name: Appostolic.Api
service.instance.id: cfc7ce07-e6a4-4518-a7e3-7e4ff99e6a9f
telemetry.sdk.name: opentelemetry
telemetry.sdk.language: dotnet
telemetry.sdk.version: 1.9.0

LogRecord.Timestamp:               2025-09-20T11:49:20.3333080Z
LogRecord.CategoryName:            Appostolic.Api.App.Notifications.AutoResendHostedService
info: Appostolic.Api.App.Notifications.AutoResendHostedService[0]
      AutoResend is disabled by configuration
LogRecord.Severity:                Info
LogRecord.SeverityText:            Information
LogRecord.FormattedMessage:        AutoResend is disabled by configuration
LogRecord.Body:                    AutoResend is disabled by configuration
LogRecord.Attributes (Key:Value):
    OriginalFormat (a.k.a Body): AutoResend is disabled by configuration

Resource associated with LogRecord:
service.name: Appostolic.Api
service.instance.id: cfc7ce07-e6a4-4518-a7e3-7e4ff99e6a9f
telemetry.sdk.name: opentelemetry
telemetry.sdk.language: dotnet
telemetry.sdk.version: 1.9.0

LogRecord.Timestamp:               2025-09-20T11:49:20.4197210Z
LogRecord.TraceId:                 6c83cc708696906e184ee66decf35d6e
LogRecord.SpanId:                  ba3c9db4d23939c9
info: Microsoft.AspNetCore.Http.Result.ContentResult[2]
      Write content with HTTP Response ContentType of application/json; charset=utf-8
LogRecord.TraceFlags:              Recorded
LogRecord.CategoryName:            Microsoft.AspNetCore.Http.Result.ContentResult
LogRecord.Severity:                Info
LogRecord.SeverityText:            Information
LogRecord.FormattedMessage:        Write content with HTTP Response ContentType of application/json; charset=utf-8
LogRecord.Body:                    Write content with HTTP Response ContentType of {ContentType}
LogRecord.Attributes (Key:Value):
    ContentType: application/json; charset=utf-8
    OriginalFormat (a.k.a Body): Write content with HTTP Response ContentType of {ContentType}
LogRecord.EventId:                 2
LogRecord.EventName:               WritingResultAsContent

Resource associated with LogRecord:
service.name: Appostolic.Api
service.instance.id: cfc7ce07-e6a4-4518-a7e3-7e4ff99e6a9f
telemetry.sdk.name: opentelemetry
telemetry.sdk.language: dotnet
telemetry.sdk.version: 1.9.0

Activity.TraceId:            6c83cc708696906e184ee66decf35d6e
Activity.SpanId:             ba3c9db4d23939c9
Activity.TraceFlags:         Recorded
Activity.ActivitySourceName: Microsoft.AspNetCore
Activity.DisplayName:        GET /api/metadata/denominations
Activity.Kind:               Server
Activity.StartTime:          2025-09-20T11:49:20.3741130Z
Activity.Duration:           00:00:00.0458240
Activity.Tags:
    server.address: localhost
    http.request.method: GET
    url.scheme: http
    url.path: /api/metadata/denominations
    network.protocol.version: 1.1
    tenant: kevin-personal
    user: kevin@example.com
    http.route: /api/metadata/denominations
    http.response.status_code: 200
Resource associated with Activity:
    service.name: Appostolic.Api
    service.instance.id: cfc7ce07-e6a4-4518-a7e3-7e4ff99e6a9f
    telemetry.sdk.name: opentelemetry
    telemetry.sdk.language: dotnet
    telemetry.sdk.version: 1.9.0

Activity.TraceId:            6c83cc708696906e184ee66decf35d6e
Activity.SpanId:             ba3c9db4d23939c9
Activity.TraceFlags:         Recorded
Activity.ActivitySourceName: Microsoft.AspNetCore
Activity.DisplayName:        GET /api/metadata/denominations
Activity.Kind:               Server
Activity.StartTime:          2025-09-20T11:49:20.3741130Z
Activity.Duration:           00:00:00.0458240
Activity.Tags:
    server.address: localhost
    http.request.method: GET
    url.scheme: http
    url.path: /api/metadata/denominations
    network.protocol.version: 1.1
    tenant: kevin-personal
    user: kevin@example.com
    http.route: /api/metadata/denominations
    http.response.status_code: 200
Resource associated with Activity:
    service.name: Appostolic.Api
    service.instance.id: cfc7ce07-e6a4-4518-a7e3-7e4ff99e6a9f
    telemetry.sdk.name: opentelemetry
    telemetry.sdk.language: dotnet
    telemetry.sdk.version: 1.9.0

Activity.TraceId:            6c83cc708696906e184ee66decf35d6e
Activity.SpanId:             ba3c9db4d23939c9
Activity.TraceFlags:         Recorded
Activity.ActivitySourceName: Microsoft.AspNetCore
Activity.DisplayName:        GET /api/metadata/denominations
Activity.Kind:               Server
Activity.StartTime:          2025-09-20T11:49:20.3741130Z
Activity.Duration:           00:00:00.0458240
Activity.Tags:
    server.address: localhost
    http.request.method: GET
    url.scheme: http
    url.path: /api/metadata/denominations
    network.protocol.version: 1.1
    tenant: kevin-personal
    user: kevin@example.com
    http.route: /api/metadata/denominations
    http.response.status_code: 200
Resource associated with Activity:
    service.name: Appostolic.Api
    service.instance.id: cfc7ce07-e6a4-4518-a7e3-7e4ff99e6a9f
    telemetry.sdk.name: opentelemetry
    telemetry.sdk.language: dotnet
    telemetry.sdk.version: 1.9.0

info: Appostolic.Api.Infrastructure.Auth.DevHeaderAuthHandler[7]
      Dev was not authenticated. Failure message: Missing x-dev-user or x-tenant headers
LogRecord.Timestamp:               2025-09-20T11:49:20.4219210Z
LogRecord.TraceId:                 e219905fca20396e65c39b3b9b731f7c
LogRecord.SpanId:                  8814e25745613db3
LogRecord.TraceFlags:              Recorded
LogRecord.CategoryName:            Appostolic.Api.Infrastructure.Auth.DevHeaderAuthHandler
LogRecord.Severity:                Info
LogRecord.SeverityText:            Information
LogRecord.FormattedMessage:        Dev was not authenticated. Failure message: Missing x-dev-user or x-tenant headers
LogRecord.Body:                    {AuthenticationScheme} was not authenticated. Failure message: {FailureMessage}
LogRecord.Attributes (Key:Value):
    AuthenticationScheme: Dev
    FailureMessage: Missing x-dev-user or x-tenant headers
    OriginalFormat (a.k.a Body): {AuthenticationScheme} was not authenticated. Failure message: {FailureMessage}
LogRecord.EventId:                 7
LogRecord.EventName:               AuthenticationSchemeNotAuthenticatedWithFailure

Resource associated with LogRecord:
service.name: Appostolic.Api
service.instance.id: cfc7ce07-e6a4-4518-a7e3-7e4ff99e6a9f
telemetry.sdk.name: opentelemetry
telemetry.sdk.language: dotnet
telemetry.sdk.version: 1.9.0

LogRecord.Timestamp:               2025-09-20T11:49:20.4219780Z
LogRecord.TraceId:                 e219905fca20396e65c39b3b9b731f7c
LogRecord.SpanId:                  8814e25745613db3
LogRecord.TraceFlags:              Recorded
LogRecord.CategoryName:            Microsoft.AspNetCore.Authorization.DefaultAuthorizationService
info: Microsoft.AspNetCore.Authorization.DefaultAuthorizationService[2]
      Authorization failed. These requirements were not met:
      DenyAnonymousAuthorizationRequirement: Requires an authenticated user.
LogRecord.Severity:                Info
LogRecord.SeverityText:            Information
LogRecord.FormattedMessage:        Authorization failed. These requirements were not met:
DenyAnonymousAuthorizationRequirement: Requires an authenticated user.
LogRecord.Body:                    Authorization failed. {Reason}
LogRecord.Attributes (Key:Value):
    Reason: These requirements were not met:
DenyAnonymousAuthorizationRequirement: Requires an authenticated user.
    OriginalFormat (a.k.a Body): Authorization failed. {Reason}
LogRecord.EventId:                 2
LogRecord.EventName:               UserAuthorizationFailed

Resource associated with LogRecord:
service.name: Appostolic.Api
service.instance.id: cfc7ce07-e6a4-4518-a7e3-7e4ff99e6a9f
telemetry.sdk.name: opentelemetry
telemetry.sdk.language: dotnet
telemetry.sdk.version: 1.9.0

LogRecord.Timestamp:               2025-09-20T11:49:20.4224270Z
LogRecord.TraceId:                 e219905fca20396e65c39b3b9b731f7c
LogRecord.SpanId:                  8814e25745613db3
LogRecord.TraceFlags:              Recorded
LogRecord.CategoryName:            Appostolic.Api.Infrastructure.Auth.DevHeaderAuthHandler
LogRecord.Severity:                Info
LogRecord.SeverityText:            Information
LogRecord.FormattedMessage:        AuthenticationScheme: Dev was challenged.
info: Appostolic.Api.Infrastructure.Auth.DevHeaderAuthHandler[12]
      AuthenticationScheme: Dev was challenged.
LogRecord.Body:                    AuthenticationScheme: {AuthenticationScheme} was challenged.
LogRecord.Attributes (Key:Value):
    AuthenticationScheme: Dev
    OriginalFormat (a.k.a Body): AuthenticationScheme: {AuthenticationScheme} was challenged.
LogRecord.EventId:                 12
LogRecord.EventName:               AuthenticationSchemeChallenged

Resource associated with LogRecord:
service.name: Appostolic.Api
service.instance.id: cfc7ce07-e6a4-4518-a7e3-7e4ff99e6a9f
telemetry.sdk.name: opentelemetry
telemetry.sdk.language: dotnet
telemetry.sdk.version: 1.9.0

Activity.TraceId:            e219905fca20396e65c39b3b9b731f7c
Activity.SpanId:             8814e25745613db3
Activity.TraceFlags:         Recorded
Activity.ActivitySourceName: Microsoft.AspNetCore
Activity.DisplayName:        GET /api/metadata/denominations
Activity.Kind:               Server
Activity.StartTime:          2025-09-20T11:49:20.4208820Z
Activity.Duration:           00:00:00.0016520
Activity.Tags:
    server.address: localhost
    http.request.method: GET
    url.scheme: http
    url.path: /api/metadata/denominations
    network.protocol.version: 1.1
    http.route: /api/metadata/denominations
    http.response.status_code: 401
Resource associated with Activity:
    service.name: Appostolic.Api
    service.instance.id: cfc7ce07-e6a4-4518-a7e3-7e4ff99e6a9f
    telemetry.sdk.name: opentelemetry
    telemetry.sdk.language: dotnet
    telemetry.sdk.version: 1.9.0

Activity.TraceId:            e219905fca20396e65c39b3b9b731f7c
Activity.SpanId:             8814e25745613db3
Activity.TraceFlags:         Recorded
Activity.ActivitySourceName: Microsoft.AspNetCore
Activity.DisplayName:        GET /api/metadata/denominations
Activity.Kind:               Server
Activity.StartTime:          2025-09-20T11:49:20.4208820Z
Activity.Duration:           00:00:00.0016520
Activity.Tags:
    server.address: localhost
    http.request.method: GET
    url.scheme: http
    url.path: /api/metadata/denominations
    network.protocol.version: 1.1
    http.route: /api/metadata/denominations
    http.response.status_code: 401
Resource associated with Activity:
    service.name: Appostolic.Api
    service.instance.id: cfc7ce07-e6a4-4518-a7e3-7e4ff99e6a9f
    telemetry.sdk.name: opentelemetry
    telemetry.sdk.language: dotnet
    telemetry.sdk.version: 1.9.0

Activity.TraceId:            e219905fca20396e65c39b3b9b731f7c
Activity.SpanId:             8814e25745613db3
Activity.TraceFlags:         Recorded
Activity.ActivitySourceName: Microsoft.AspNetCore
Activity.DisplayName:        GET /api/metadata/denominations
Activity.Kind:               Server
Activity.StartTime:          2025-09-20T11:49:20.4208820Z
Activity.Duration:           00:00:00.0016520
Activity.Tags:
    server.address: localhost
    http.request.method: GET
    url.scheme: http
    url.path: /api/metadata/denominations
    network.protocol.version: 1.1
    http.route: /api/metadata/denominations
    http.response.status_code: 401
Resource associated with Activity:
    service.name: Appostolic.Api
    service.instance.id: cfc7ce07-e6a4-4518-a7e3-7e4ff99e6a9f
    telemetry.sdk.name: opentelemetry
    telemetry.sdk.language: dotnet
    telemetry.sdk.version: 1.9.0

Resource associated with Metric:
    service.name: Appostolic.Api
    service.instance.id: cfc7ce07-e6a4-4518-a7e3-7e4ff99e6a9f
    telemetry.sdk.name: opentelemetry
    telemetry.sdk.language: dotnet
    telemetry.sdk.version: 1.9.0

Metric Name: process.runtime.dotnet.gc.collections.count, Number of garbage collections that have occurred since process start., Meter: OpenTelemetry.Instrumentation.Runtime/1.9.0
(2025-09-20T11:49:20.3327010Z, 2025-09-20T11:49:20.4230080Z] generation: gen2 LongSum
Value: 15
(2025-09-20T11:49:20.3327010Z, 2025-09-20T11:49:20.4230080Z] generation: gen1 LongSum
Value: 21
(2025-09-20T11:49:20.3327010Z, 2025-09-20T11:49:20.4230080Z] generation: gen0 LongSum
Value: 45

Metric Name: process.runtime.dotnet.gc.objects.size, Count of bytes currently in use by objects in the GC heap that haven't been collected yet. Fragmentation and other GC committed memory pools are excluded., Unit: bytes, Meter: OpenTelemetry.Instrumentation.Runtime/1.9.0
(2025-09-20T11:49:20.3327070Z, 2025-09-20T11:49:20.4230090Z] LongSumNonMonotonic
Value: 446835216

Metric Name: process.runtime.dotnet.gc.allocations.size, Count of bytes allocated on the managed GC heap since the process start. .NET objects are allocated from this heap. Object allocations from unmanaged languages such as C/C++ do not use this heap., Unit: bytes, Meter: OpenTelemetry.Instrumentation.Runtime/1.9.0
(2025-09-20T11:49:20.3327120Z, 2025-09-20T11:49:20.4230090Z] LongSum
Value: 2340709088

Metric Name: process.runtime.dotnet.gc.committed_memory.size, The amount of committed virtual memory for the managed GC heap, as observed during the latest garbage collection. Committed virtual memory may be larger than the heap size because it includes both memory for storing existing objects (the heap size) and some extra memory that is ready to handle newly allocated objects in the future. The value will be unavailable until at least one garbage collection has occurred., Unit: bytes, Meter: OpenTelemetry.Instrumentation.Runtime/1.9.0
(2025-09-20T11:49:20.3327150Z, 2025-09-20T11:49:20.4230090Z] LongSumNonMonotonic
Value: 335216640

Metric Name: process.runtime.dotnet.gc.heap.size, The heap size (including fragmentation), as observed during the latest garbage collection. The value will be unavailable until at least one garbage collection has occurred., Unit: bytes, Meter: OpenTelemetry.Instrumentation.Runtime/1.9.0
(2025-09-20T11:49:20.3327190Z, 2025-09-20T11:49:20.4230090Z] generation: gen0 LongSumNonMonotonic
Value: 6001536
(2025-09-20T11:49:20.3327190Z, 2025-09-20T11:49:20.4230090Z] generation: gen1 LongSumNonMonotonic
Value: 6985656
(2025-09-20T11:49:20.3327190Z, 2025-09-20T11:49:20.4230090Z] generation: gen2 LongSumNonMonotonic
Value: 113674624
(2025-09-20T11:49:20.3327190Z, 2025-09-20T11:49:20.4230090Z] generation: loh LongSumNonMonotonic
Value: 207946640
(2025-09-20T11:49:20.3327190Z, 2025-09-20T11:49:20.4230090Z] generation: poh LongSumNonMonotonic
Value: 262336

Metric Name: process.runtime.dotnet.gc.heap.fragmentation.size, The heap fragmentation, as observed during the latest garbage collection. The value will be unavailable until at least one garbage collection has occurred., Unit: bytes, Meter: OpenTelemetry.Instrumentation.Runtime/1.9.0
(2025-09-20T11:49:20.3327220Z, 2025-09-20T11:49:20.4230090Z] generation: gen0 LongSumNonMonotonic
Value: 6001032
(2025-09-20T11:49:20.3327220Z, 2025-09-20T11:49:20.4230090Z] generation: gen1 LongSumNonMonotonic
Value: 133896
(2025-09-20T11:49:20.3327220Z, 2025-09-20T11:49:20.4230090Z] generation: gen2 LongSumNonMonotonic
Value: 1217088
(2025-09-20T11:49:20.3327220Z, 2025-09-20T11:49:20.4230090Z] generation: loh LongSumNonMonotonic
Value: 2736416
(2025-09-20T11:49:20.3327220Z, 2025-09-20T11:49:20.4230090Z] generation: poh LongSumNonMonotonic
Value: 0

Metric Name: process.runtime.dotnet.gc.duration, The total amount of time paused in GC since the process start., Unit: ns, Meter: OpenTelemetry.Instrumentation.Runtime/1.9.0
(2025-09-20T11:49:20.3327260Z, 2025-09-20T11:49:20.4230090Z] LongSum
Value: 794465000

Metric Name: process.runtime.dotnet.jit.il_compiled.size, Count of bytes of intermediate language that have been compiled since the process start., Unit: bytes, Meter: OpenTelemetry.Instrumentation.Runtime/1.9.0
(2025-09-20T11:49:20.3327290Z, 2025-09-20T11:49:20.4230090Z] LongSum
Value: 5343267

Metric Name: process.runtime.dotnet.jit.methods_compiled.count, The number of times the JIT compiler compiled a method since the process start. The JIT compiler may be invoked multiple times for the same method to compile with different generic parameters, or because tiered compilation requested different optimization settings., Meter: OpenTelemetry.Instrumentation.Runtime/1.9.0
(2025-09-20T11:49:20.3327330Z, 2025-09-20T11:49:20.4230090Z] LongSum
Value: 63800

Metric Name: process.runtime.dotnet.jit.compilation_time, The amount of time the JIT compiler has spent compiling methods since the process start., Unit: ns, Meter: OpenTelemetry.Instrumentation.Runtime/1.9.0
(2025-09-20T11:49:20.3327380Z, 2025-09-20T11:49:20.4230090Z] LongSum
Value: 16202869100

Metric Name: process.runtime.dotnet.monitor.lock_contention.count, The number of times there was contention when trying to acquire a monitor lock since the process start. Monitor locks are commonly acquired by using the lock keyword in C#, or by calling Monitor.Enter() and Monitor.TryEnter()., Meter: OpenTelemetry.Instrumentation.Runtime/1.9.0
(2025-09-20T11:49:20.3327410Z, 2025-09-20T11:49:20.4230100Z] LongSum
Value: 236

Metric Name: process.runtime.dotnet.thread_pool.threads.count, The number of thread pool threads that currently exist., Meter: OpenTelemetry.Instrumentation.Runtime/1.9.0
(2025-09-20T11:49:20.3327440Z, 2025-09-20T11:49:20.4230100Z] LongSumNonMonotonic
Value: 14

Metric Name: process.runtime.dotnet.thread_pool.completed_items.count, The number of work items that have been processed by the thread pool since the process start., Meter: OpenTelemetry.Instrumentation.Runtime/1.9.0
(2025-09-20T11:49:20.3327530Z, 2025-09-20T11:49:20.4230100Z] LongSum
Value: 2812

Metric Name: process.runtime.dotnet.thread_pool.queue.length, The number of work items that are currently queued to be processed by the thread pool., Meter: OpenTelemetry.Instrumentation.Runtime/1.9.0
(2025-09-20T11:49:20.3327570Z, 2025-09-20T11:49:20.4230100Z] LongSumNonMonotonic
Value: 0

Metric Name: process.runtime.dotnet.timer.count, The number of timer instances that are currently active. Timers can be created by many sources such as System.Threading.Timer, Task.Delay, or the timeout in a CancellationSource. An active timer is registered to tick at some point in the future and has not yet been canceled., Meter: OpenTelemetry.Instrumentation.Runtime/1.9.0
(2025-09-20T11:49:20.3327600Z, 2025-09-20T11:49:20.4230100Z] LongSumNonMonotonic
Value: 8

Metric Name: process.runtime.dotnet.assemblies.count, The number of .NET assemblies that are currently loaded., Meter: OpenTelemetry.Instrumentation.Runtime/1.9.0
(2025-09-20T11:49:20.3327630Z, 2025-09-20T11:49:20.4230100Z] LongSumNonMonotonic
Value: 212

Metric Name: http.server.active_requests, Number of active HTTP server requests., Unit: {request}, Meter: Microsoft.AspNetCore.Hosting
(2025-09-20T11:49:20.3328180Z, 2025-09-20T11:49:20.4230120Z] http.request.method: GET url.scheme: http LongSumNonMonotonic
Value: 0

Metric Name: http.server.request.duration, Duration of HTTP server requests., Unit: s, Meter: Microsoft.AspNetCore.Hosting
(2025-09-20T11:49:20.3328210Z, 2025-09-20T11:49:20.4230120Z] http.request.method: GET http.response.status_code: 200 http.route: /api/metadata/denominations network.protocol.version: 1.1 url.scheme: http Histogram
Value: Sum: 0.045832 Count: 1 Min: 0.045832 Max: 0.045832 
(-Infinity,0.005]:0
(0.005,0.01]:0
(0.01,0.025]:0
(0.025,0.05]:1
(0.05,0.075]:0
(0.075,0.1]:0
(0.1,0.25]:0
(0.25,0.5]:0
(0.5,0.75]:0
(0.75,1]:0
(1,2.5]:0
(2.5,5]:0
(5,7.5]:0
(7.5,10]:0
(10,+Infinity]:0

(2025-09-20T11:49:20.3328210Z, 2025-09-20T11:49:20.4230120Z] http.request.method: GET http.response.status_code: 401 http.route: /api/metadata/denominations network.protocol.version: 1.1 url.scheme: http Histogram
Value: Sum: 0.0016479 Count: 1 Min: 0.0016479 Max: 0.0016479 
(-Infinity,0.005]:1
(0.005,0.01]:0
(0.01,0.025]:0
(0.025,0.05]:0
(0.05,0.075]:0
(0.075,0.1]:0
(0.1,0.25]:0
(0.25,0.5]:0
(0.5,0.75]:0
(0.75,1]:0
(1,2.5]:0
(2.5,5]:0
(5,7.5]:0
(7.5,10]:0
(10,+Infinity]:0


Metric Name: aspnetcore.routing.match_attempts, Number of requests that were attempted to be matched to an endpoint., Unit: {match_attempt}, Meter: Microsoft.AspNetCore.Routing
(2025-09-20T11:49:20.3328250Z, 2025-09-20T11:49:20.4230120Z] aspnetcore.routing.is_fallback: false aspnetcore.routing.match_status: success http.route: /api/metadata/denominations LongSum
Value: 2
[Startup] Warning: failed to ensure app.notification_dedupes exists: Relational-specific methods can only be used when the context is using a relational database provider.
info: Endpoints.V1[0]
      [MapV1Endpoints] Environment='Development' IsDevelopment=True
LogRecord.Timestamp:               2025-09-20T11:49:20.4812500Z
LogRecord.CategoryName:            Endpoints.V1
LogRecord.Severity:                Info
LogRecord.SeverityText:            Information
LogRecord.FormattedMessage:        [MapV1Endpoints] Environment='Development' IsDevelopment=True
LogRecord.Body:                    [MapV1Endpoints] Environment='{Env}' IsDevelopment={IsDev}
LogRecord.Attributes (Key:Value):
    Env: Development
    IsDev: true
    OriginalFormat (a.k.a Body): [MapV1Endpoints] Environment='{Env}' IsDevelopment={IsDev}

Resource associated with LogRecord:
service.name: Appostolic.Api
service.instance.id: cfc7ce07-e6a4-4518-a7e3-7e4ff99e6a9f
telemetry.sdk.name: opentelemetry
telemetry.sdk.language: dotnet
telemetry.sdk.version: 1.9.0

LogRecord.Timestamp:               2025-09-20T11:49:20.4816530Z
LogRecord.CategoryName:            Microsoft.AspNetCore.DataProtection.KeyManagement.XmlKeyManager
info: Microsoft.AspNetCore.DataProtection.KeyManagement.XmlKeyManager[62]
      User profile is available. Using '/Users/kevinmccreary/.aspnet/DataProtection-Keys' as key repository; keys will not be encrypted at rest.
LogRecord.Severity:                Info
LogRecord.SeverityText:            Information
LogRecord.FormattedMessage:        User profile is available. Using '/Users/kevinmccreary/.aspnet/DataProtection-Keys' as key repository; keys will not be encrypted at rest.
LogRecord.Body:                    User profile is available. Using '{FullName}' as key repository; keys will not be encrypted at rest.
LogRecord.Attributes (Key:Value):
    FullName: /Users/kevinmccreary/.aspnet/DataProtection-Keys
    OriginalFormat (a.k.a Body): User profile is available. Using '{FullName}' as key repository; keys will not be encrypted at rest.
LogRecord.EventId:                 62
LogRecord.EventName:               UsingProfileAsKeyRepository

Resource associated with LogRecord:
service.name: Appostolic.Api
service.instance.id: cfc7ce07-e6a4-4518-a7e3-7e4ff99e6a9f
telemetry.sdk.name: opentelemetry
telemetry.sdk.language: dotnet
telemetry.sdk.version: 1.9.0

LogRecord.Timestamp:               2025-09-20T11:49:20.4825670Z
LogRecord.CategoryName:            Appostolic.Api.App.Notifications.AutoResendHostedService
LogRecord.Severity:                Info
LogRecord.SeverityText:            Information
LogRecord.FormattedMessage:        AutoResend is disabled by configuration
LogRecord.Body:                    AutoResend is disabled by configuration
LogRecord.Attributes (Key:Value):
info: Appostolic.Api.App.Notifications.AutoResendHostedService[0]
      AutoResend is disabled by configuration
    OriginalFormat (a.k.a Body): AutoResend is disabled by configuration

Resource associated with LogRecord:
service.name: Appostolic.Api
service.instance.id: cfc7ce07-e6a4-4518-a7e3-7e4ff99e6a9f
telemetry.sdk.name: opentelemetry
telemetry.sdk.language: dotnet
telemetry.sdk.version: 1.9.0

Resource associated with Metric:
    service.name: Appostolic.Api
    service.instance.id: cfc7ce07-e6a4-4518-a7e3-7e4ff99e6a9f
    telemetry.sdk.name: opentelemetry
    telemetry.sdk.language: dotnet
    telemetry.sdk.version: 1.9.0

Metric Name: process.runtime.dotnet.gc.collections.count, Number of garbage collections that have occurred since process start., Meter: OpenTelemetry.Instrumentation.Runtime/1.9.0
(2025-09-20T11:49:20.4820650Z, 2025-09-20T11:49:20.5263660Z] generation: gen2 LongSum
Value: 15
(2025-09-20T11:49:20.4820650Z, 2025-09-20T11:49:20.5263660Z] generation: gen1 LongSum
Value: 21
(2025-09-20T11:49:20.4820650Z, 2025-09-20T11:49:20.5263660Z] generation: gen0 LongSum
Value: 45

Metric Name: process.runtime.dotnet.gc.objects.size, Count of bytes currently in use by objects in the GC heap that haven't been collected yet. Fragmentation and other GC committed memory pools are excluded., Unit: bytes, Meter: OpenTelemetry.Instrumentation.Runtime/1.9.0
(2025-09-20T11:49:20.4820720Z, 2025-09-20T11:49:20.5263660Z] LongSumNonMonotonic
Value: 458019072

Metric Name: process.runtime.dotnet.gc.allocations.size, Count of bytes allocated on the managed GC heap since the process start. .NET objects are allocated from this heap. Object allocations from unmanaged languages such as C/C++ do not use this heap., Unit: bytes, Meter: OpenTelemetry.Instrumentation.Runtime/1.9.0
(2025-09-20T11:49:20.4820760Z, 2025-09-20T11:49:20.5263660Z] LongSum
Value: 2351856192

Metric Name: process.runtime.dotnet.gc.committed_memory.size, The amount of committed virtual memory for the managed GC heap, as observed during the latest garbage collection. Committed virtual memory may be larger than the heap size because it includes both memory for storing existing objects (the heap size) and some extra memory that is ready to handle newly allocated objects in the future. The value will be unavailable until at least one garbage collection has occurred., Unit: bytes, Meter: OpenTelemetry.Instrumentation.Runtime/1.9.0
(2025-09-20T11:49:20.4820800Z, 2025-09-20T11:49:20.5263660Z] LongSumNonMonotonic
Value: 335216640

Metric Name: process.runtime.dotnet.gc.heap.size, The heap size (including fragmentation), as observed during the latest garbage collection. The value will be unavailable until at least one garbage collection has occurred., Unit: bytes, Meter: OpenTelemetry.Instrumentation.Runtime/1.9.0
(2025-09-20T11:49:20.4820830Z, 2025-09-20T11:49:20.5263660Z] generation: gen0 LongSumNonMonotonic
Value: 6001536
(2025-09-20T11:49:20.4820830Z, 2025-09-20T11:49:20.5263660Z] generation: gen1 LongSumNonMonotonic
Value: 6985656
(2025-09-20T11:49:20.4820830Z, 2025-09-20T11:49:20.5263660Z] generation: gen2 LongSumNonMonotonic
Value: 113674624
(2025-09-20T11:49:20.4820830Z, 2025-09-20T11:49:20.5263660Z] generation: loh LongSumNonMonotonic
Value: 207946640
(2025-09-20T11:49:20.4820830Z, 2025-09-20T11:49:20.5263660Z] generation: poh LongSumNonMonotonic
Value: 262336

Metric Name: process.runtime.dotnet.gc.heap.fragmentation.size, The heap fragmentation, as observed during the latest garbage collection. The value will be unavailable until at least one garbage collection has occurred., Unit: bytes, Meter: OpenTelemetry.Instrumentation.Runtime/1.9.0
(2025-09-20T11:49:20.4820870Z, 2025-09-20T11:49:20.5263660Z] generation: gen0 LongSumNonMonotonic
Value: 6001032
(2025-09-20T11:49:20.4820870Z, 2025-09-20T11:49:20.5263660Z] generation: gen1 LongSumNonMonotonic
Value: 133896
(2025-09-20T11:49:20.4820870Z, 2025-09-20T11:49:20.5263660Z] generation: gen2 LongSumNonMonotonic
Value: 1217088
(2025-09-20T11:49:20.4820870Z, 2025-09-20T11:49:20.5263660Z] generation: loh LongSumNonMonotonic
Value: 2736416
(2025-09-20T11:49:20.4820870Z, 2025-09-20T11:49:20.5263660Z] generation: poh LongSumNonMonotonic
Value: 0

Metric Name: process.runtime.dotnet.gc.duration, The total amount of time paused in GC since the process start., Unit: ns, Meter: OpenTelemetry.Instrumentation.Runtime/1.9.0
(2025-09-20T11:49:20.4820900Z, 2025-09-20T11:49:20.5263670Z] LongSum
Value: 794465000

Metric Name: process.runtime.dotnet.jit.il_compiled.size, Count of bytes of intermediate language that have been compiled since the process start., Unit: bytes, Meter: OpenTelemetry.Instrumentation.Runtime/1.9.0
(2025-09-20T11:49:20.4820930Z, 2025-09-20T11:49:20.5263670Z] LongSum
Value: 5355935

Metric Name: process.runtime.dotnet.jit.methods_compiled.count, The number of times the JIT compiler compiled a method since the process start. The JIT compiler may be invoked multiple times for the same method to compile with different generic parameters, or because tiered compilation requested different optimization settings., Meter: OpenTelemetry.Instrumentation.Runtime/1.9.0
(2025-09-20T11:49:20.4820990Z, 2025-09-20T11:49:20.5263670Z] LongSum
Value: 63890

Metric Name: process.runtime.dotnet.jit.compilation_time, The amount of time the JIT compiler has spent compiling methods since the process start., Unit: ns, Meter: OpenTelemetry.Instrumentation.Runtime/1.9.0
(2025-09-20T11:49:20.4821030Z, 2025-09-20T11:49:20.5263670Z] LongSum
Value: 16240842200

Metric Name: process.runtime.dotnet.monitor.lock_contention.count, The number of times there was contention when trying to acquire a monitor lock since the process start. Monitor locks are commonly acquired by using the lock keyword in C#, or by calling Monitor.Enter() and Monitor.TryEnter()., Meter: OpenTelemetry.Instrumentation.Runtime/1.9.0
(2025-09-20T11:49:20.4821060Z, 2025-09-20T11:49:20.5263670Z] LongSum
Value: 236

Metric Name: process.runtime.dotnet.thread_pool.threads.count, The number of thread pool threads that currently exist., Meter: OpenTelemetry.Instrumentation.Runtime/1.9.0
(2025-09-20T11:49:20.4821090Z, 2025-09-20T11:49:20.5263670Z] LongSumNonMonotonic
Value: 14

Metric Name: process.runtime.dotnet.thread_pool.completed_items.count, The number of work items that have been processed by the thread pool since the process start., Meter: OpenTelemetry.Instrumentation.Runtime/1.9.0
(2025-09-20T11:49:20.4821120Z, 2025-09-20T11:49:20.5263670Z] LongSum
Value: 2820

Metric Name: process.runtime.dotnet.thread_pool.queue.length, The number of work items that are currently queued to be processed by the thread pool., Meter: OpenTelemetry.Instrumentation.Runtime/1.9.0
(2025-09-20T11:49:20.4821150Z, 2025-09-20T11:49:20.5263670Z] LongSumNonMonotonic
Value: 0

Metric Name: process.runtime.dotnet.timer.count, The number of timer instances that are currently active. Timers can be created by many sources such as System.Threading.Timer, Task.Delay, or the timeout in a CancellationSource. An active timer is registered to tick at some point in the future and has not yet been canceled., Meter: OpenTelemetry.Instrumentation.Runtime/1.9.0
(2025-09-20T11:49:20.4821180Z, 2025-09-20T11:49:20.5263670Z] LongSumNonMonotonic
Value: 8

Metric Name: process.runtime.dotnet.assemblies.count, The number of .NET assemblies that are currently loaded., Meter: OpenTelemetry.Instrumentation.Runtime/1.9.0
(2025-09-20T11:49:20.4821210Z, 2025-09-20T11:49:20.5263670Z] LongSumNonMonotonic
Value: 212
[Startup] Warning: failed to ensure app.notification_dedupes exists: Relational-specific methods can only be used when the context is using a relational database provider.
info: Endpoints.V1[0]
      [MapV1Endpoints] Environment='Development' IsDevelopment=True
LogRecord.Timestamp:               2025-09-20T11:49:20.5857650Z
LogRecord.CategoryName:            Endpoints.V1
LogRecord.Severity:                Info
LogRecord.SeverityText:            Information
LogRecord.FormattedMessage:        [MapV1Endpoints] Environment='Development' IsDevelopment=True
LogRecord.Body:                    [MapV1Endpoints] Environment='{Env}' IsDevelopment={IsDev}
LogRecord.Attributes (Key:Value):
    Env: Development
    IsDev: true
    OriginalFormat (a.k.a Body): [MapV1Endpoints] Environment='{Env}' IsDevelopment={IsDev}

Resource associated with LogRecord:
service.name: Appostolic.Api
service.instance.id: cfc7ce07-e6a4-4518-a7e3-7e4ff99e6a9f
telemetry.sdk.name: opentelemetry
telemetry.sdk.language: dotnet
telemetry.sdk.version: 1.9.0

info: Microsoft.AspNetCore.DataProtection.KeyManagement.XmlKeyManager[62]
      User profile is available. Using '/Users/kevinmccreary/.aspnet/DataProtection-Keys' as key repository; keys will not be encrypted at rest.
LogRecord.Timestamp:               2025-09-20T11:49:20.5860590Z
LogRecord.CategoryName:            Microsoft.AspNetCore.DataProtection.KeyManagement.XmlKeyManager
LogRecord.Severity:                Info
LogRecord.SeverityText:            Information
LogRecord.FormattedMessage:        User profile is available. Using '/Users/kevinmccreary/.aspnet/DataProtection-Keys' as key repository; keys will not be encrypted at rest.
LogRecord.Body:                    User profile is available. Using '{FullName}' as key repository; keys will not be encrypted at rest.
LogRecord.Attributes (Key:Value):
    FullName: /Users/kevinmccreary/.aspnet/DataProtection-Keys
    OriginalFormat (a.k.a Body): User profile is available. Using '{FullName}' as key repository; keys will not be encrypted at rest.
LogRecord.EventId:                 62
LogRecord.EventName:               UsingProfileAsKeyRepository

Resource associated with LogRecord:
service.name: Appostolic.Api
service.instance.id: cfc7ce07-e6a4-4518-a7e3-7e4ff99e6a9f
telemetry.sdk.name: opentelemetry
telemetry.sdk.language: dotnet
telemetry.sdk.version: 1.9.0

LogRecord.Timestamp:               2025-09-20T11:49:20.5931380Z
info: Appostolic.Api.App.Notifications.AutoResendHostedService[0]
      AutoResend is disabled by configuration
LogRecord.CategoryName:            Appostolic.Api.App.Notifications.AutoResendHostedService
LogRecord.Severity:                Info
LogRecord.SeverityText:            Information
LogRecord.FormattedMessage:        AutoResend is disabled by configuration
LogRecord.Body:                    AutoResend is disabled by configuration
LogRecord.Attributes (Key:Value):
    OriginalFormat (a.k.a Body): AutoResend is disabled by configuration

Resource associated with LogRecord:
service.name: Appostolic.Api
service.instance.id: cfc7ce07-e6a4-4518-a7e3-7e4ff99e6a9f
telemetry.sdk.name: opentelemetry
telemetry.sdk.language: dotnet
telemetry.sdk.version: 1.9.0

info: Microsoft.AspNetCore.Http.Result.OkObjectResult[1]
      Setting HTTP status code 200.
LogRecord.Timestamp:               2025-09-20T11:49:20.7395060Z
LogRecord.TraceId:                 667d65ec5228da79f7b1735764917b61
LogRecord.SpanId:                  941979223287ab1b
LogRecord.TraceFlags:              Recorded
LogRecord.CategoryName:            Microsoft.AspNetCore.Http.Result.OkObjectResult
LogRecord.Severity:                Info
LogRecord.SeverityText:            Information
LogRecord.FormattedMessage:        Setting HTTP status code 200.
LogRecord.Body:                    Setting HTTP status code {StatusCode}.
LogRecord.Attributes (Key:Value):
    StatusCode: 200
    OriginalFormat (a.k.a Body): Setting HTTP status code {StatusCode}.
LogRecord.EventId:                 1
LogRecord.EventName:               WritingResultAsStatusCode

Resource associated with LogRecord:
service.name: Appostolic.Api
service.instance.id: cfc7ce07-e6a4-4518-a7e3-7e4ff99e6a9f
telemetry.sdk.name: opentelemetry
telemetry.sdk.language: dotnet
telemetry.sdk.version: 1.9.0

LogRecord.Timestamp:               2025-09-20T11:49:20.7398460Z
LogRecord.TraceId:                 667d65ec5228da79f7b1735764917b61
LogRecord.SpanId:                  941979223287ab1b
info: Microsoft.AspNetCore.Http.Result.OkObjectResult[3]
      Writing value of type '<>f__AnonymousType16`1' as Json.
LogRecord.TraceFlags:              Recorded
LogRecord.CategoryName:            Microsoft.AspNetCore.Http.Result.OkObjectResult
LogRecord.Severity:                Info
LogRecord.SeverityText:            Information
LogRecord.FormattedMessage:        Writing value of type '<>f__AnonymousType16`1' as Json.
LogRecord.Body:                    Writing value of type '{Type}' as Json.
LogRecord.Attributes (Key:Value):
    Type: <>f__AnonymousType16`1
    OriginalFormat (a.k.a Body): Writing value of type '{Type}' as Json.
LogRecord.EventId:                 3
LogRecord.EventName:               WritingResultAsJson

Resource associated with LogRecord:
service.name: Appostolic.Api
service.instance.id: cfc7ce07-e6a4-4518-a7e3-7e4ff99e6a9f
telemetry.sdk.name: opentelemetry
telemetry.sdk.language: dotnet
telemetry.sdk.version: 1.9.0

Activity.TraceId:            667d65ec5228da79f7b1735764917b61
Activity.SpanId:             941979223287ab1b
Activity.TraceFlags:         Recorded
Activity.ActivitySourceName: Microsoft.AspNetCore
Activity.DisplayName:        POST /api/tenants/logo
Activity.Kind:               Server
Activity.StartTime:          2025-09-20T11:49:20.6326770Z
Activity.Duration:           00:00:00.1077440
Activity.Tags:
    server.address: localhost
    http.request.method: POST
    url.scheme: http
    url.path: /api/tenants/logo
    network.protocol.version: 1.1
    tenant: kevin-personal
    user: kevin@example.com
    http.route: /api/tenants/logo
    http.response.status_code: 200
Resource associated with Activity:
    service.name: Appostolic.Api
    service.instance.id: cfc7ce07-e6a4-4518-a7e3-7e4ff99e6a9f
    telemetry.sdk.name: opentelemetry
    telemetry.sdk.language: dotnet
    telemetry.sdk.version: 1.9.0

Activity.TraceId:            667d65ec5228da79f7b1735764917b61
Activity.SpanId:             941979223287ab1b
Activity.TraceFlags:         Recorded
Activity.ActivitySourceName: Microsoft.AspNetCore
Activity.DisplayName:        POST /api/tenants/logo
Activity.Kind:               Server
Activity.StartTime:          2025-09-20T11:49:20.6326770Z
Activity.Duration:           00:00:00.1077440
Activity.Tags:
    server.address: localhost
    http.request.method: POST
    url.scheme: http
    url.path: /api/tenants/logo
    network.protocol.version: 1.1
    tenant: kevin-personal
    user: kevin@example.com
    http.route: /api/tenants/logo
    http.response.status_code: 200
Resource associated with Activity:
    service.name: Appostolic.Api
    service.instance.id: cfc7ce07-e6a4-4518-a7e3-7e4ff99e6a9f
    telemetry.sdk.name: opentelemetry
    telemetry.sdk.language: dotnet
    telemetry.sdk.version: 1.9.0

Activity.TraceId:            667d65ec5228da79f7b1735764917b61
Activity.SpanId:             941979223287ab1b
Activity.TraceFlags:         Recorded
Activity.ActivitySourceName: Microsoft.AspNetCore
Activity.DisplayName:        POST /api/tenants/logo
Activity.Kind:               Server
Activity.StartTime:          2025-09-20T11:49:20.6326770Z
Activity.Duration:           00:00:00.1077440
Activity.Tags:
    server.address: localhost
    http.request.method: POST
    url.scheme: http
    url.path: /api/tenants/logo
    network.protocol.version: 1.1
    tenant: kevin-personal
    user: kevin@example.com
    http.route: /api/tenants/logo
    http.response.status_code: 200
Resource associated with Activity:
    service.name: Appostolic.Api
    service.instance.id: cfc7ce07-e6a4-4518-a7e3-7e4ff99e6a9f
    telemetry.sdk.name: opentelemetry
    telemetry.sdk.language: dotnet
    telemetry.sdk.version: 1.9.0

LogRecord.Timestamp:               2025-09-20T11:49:20.7637400Z
LogRecord.TraceId:                 1df01996a35bb4fef1cd2a28e3196884
LogRecord.SpanId:                  10834232ba65ffd4
info: Microsoft.AspNetCore.Http.Result.StatusCodeResult[1]
      Setting HTTP status code 413.
LogRecord.TraceFlags:              Recorded
LogRecord.CategoryName:            Microsoft.AspNetCore.Http.Result.StatusCodeResult
LogRecord.Severity:                Info
LogRecord.SeverityText:            Information
LogRecord.FormattedMessage:        Setting HTTP status code 413.
LogRecord.Body:                    Setting HTTP status code {StatusCode}.
LogRecord.Attributes (Key:Value):
    StatusCode: 413
    OriginalFormat (a.k.a Body): Setting HTTP status code {StatusCode}.
LogRecord.EventId:                 1
LogRecord.EventName:               WritingResultAsStatusCode

Resource associated with LogRecord:
service.name: Appostolic.Api
service.instance.id: cfc7ce07-e6a4-4518-a7e3-7e4ff99e6a9f
telemetry.sdk.name: opentelemetry
telemetry.sdk.language: dotnet
telemetry.sdk.version: 1.9.0

Activity.TraceId:            1df01996a35bb4fef1cd2a28e3196884
Activity.SpanId:             10834232ba65ffd4
Activity.TraceFlags:         Recorded
Activity.ActivitySourceName: Microsoft.AspNetCore
Activity.DisplayName:        POST /api/tenants/logo
Activity.Kind:               Server
Activity.StartTime:          2025-09-20T11:49:20.7414750Z
Activity.Duration:           00:00:00.0237820
Activity.Tags:
    server.address: localhost
    http.request.method: POST
    url.scheme: http
    url.path: /api/tenants/logo
    network.protocol.version: 1.1
    tenant: kevin-personal
    user: kevin@example.com
    http.route: /api/tenants/logo
    http.response.status_code: 413
Resource associated with Activity:
    service.name: Appostolic.Api
    service.instance.id: cfc7ce07-e6a4-4518-a7e3-7e4ff99e6a9f
    telemetry.sdk.name: opentelemetry
    telemetry.sdk.language: dotnet
    telemetry.sdk.version: 1.9.0

Activity.TraceId:            1df01996a35bb4fef1cd2a28e3196884
Activity.SpanId:             10834232ba65ffd4
Activity.TraceFlags:         Recorded
Activity.ActivitySourceName: Microsoft.AspNetCore
Activity.DisplayName:        POST /api/tenants/logo
Activity.Kind:               Server
Activity.StartTime:          2025-09-20T11:49:20.7414750Z
Activity.Duration:           00:00:00.0237820
Activity.Tags:
    server.address: localhost
    http.request.method: POST
    url.scheme: http
    url.path: /api/tenants/logo
    network.protocol.version: 1.1
    tenant: kevin-personal
    user: kevin@example.com
    http.route: /api/tenants/logo
    http.response.status_code: 413
Resource associated with Activity:
    service.name: Appostolic.Api
    service.instance.id: cfc7ce07-e6a4-4518-a7e3-7e4ff99e6a9f
    telemetry.sdk.name: opentelemetry
    telemetry.sdk.language: dotnet
    telemetry.sdk.version: 1.9.0

Activity.TraceId:            1df01996a35bb4fef1cd2a28e3196884
Activity.SpanId:             10834232ba65ffd4
Activity.TraceFlags:         Recorded
Activity.ActivitySourceName: Microsoft.AspNetCore
Activity.DisplayName:        POST /api/tenants/logo
Activity.Kind:               Server
Activity.StartTime:          2025-09-20T11:49:20.7414750Z
Activity.Duration:           00:00:00.0237820
Activity.Tags:
    server.address: localhost
    http.request.method: POST
    url.scheme: http
    url.path: /api/tenants/logo
    network.protocol.version: 1.1
    tenant: kevin-personal
    user: kevin@example.com
    http.route: /api/tenants/logo
    http.response.status_code: 413
Resource associated with Activity:
    service.name: Appostolic.Api
    service.instance.id: cfc7ce07-e6a4-4518-a7e3-7e4ff99e6a9f
    telemetry.sdk.name: opentelemetry
    telemetry.sdk.language: dotnet
    telemetry.sdk.version: 1.9.0

info: Microsoft.AspNetCore.Http.Result.OkObjectResult[1]
      Setting HTTP status code 200.
LogRecord.Timestamp:               2025-09-20T11:49:20.7703430Z
LogRecord.TraceId:                 a7449906f025c36a2a81465d3dd1f4c0
LogRecord.SpanId:                  f6d5f79a2ef0085a
LogRecord.TraceFlags:              Recorded
LogRecord.CategoryName:            Microsoft.AspNetCore.Http.Result.OkObjectResult
LogRecord.Severity:                Info
LogRecord.SeverityText:            Information
LogRecord.FormattedMessage:        Setting HTTP status code 200.
LogRecord.Body:                    Setting HTTP status code {StatusCode}.
LogRecord.Attributes (Key:Value):
    StatusCode: 200
    OriginalFormat (a.k.a Body): Setting HTTP status code {StatusCode}.
LogRecord.EventId:                 1
LogRecord.EventName:               WritingResultAsStatusCode

Resource associated with LogRecord:
service.name: Appostolic.Api
service.instance.id: cfc7ce07-e6a4-4518-a7e3-7e4ff99e6a9f
telemetry.sdk.name: opentelemetry
telemetry.sdk.language: dotnet
telemetry.sdk.version: 1.9.0

LogRecord.Timestamp:               2025-09-20T11:49:20.7703850Z
LogRecord.TraceId:                 a7449906f025c36a2a81465d3dd1f4c0
LogRecord.SpanId:                  f6d5f79a2ef0085a
LogRecord.TraceFlags:              Recorded
LogRecord.CategoryName:            Microsoft.AspNetCore.Http.Result.OkObjectResult
LogRecord.Severity:                Info
LogRecord.SeverityText:            Information
LogRecord.FormattedMessage:        Writing value of type '<>f__AnonymousType16`1' as Json.
LogRecord.Body:                    Writing value of type '{Type}' as Json.
LogRecord.Attributes (Key:Value):
info: Microsoft.AspNetCore.Http.Result.OkObjectResult[3]
      Writing value of type '<>f__AnonymousType16`1' as Json.
    Type: <>f__AnonymousType16`1
    OriginalFormat (a.k.a Body): Writing value of type '{Type}' as Json.
LogRecord.EventId:                 3
LogRecord.EventName:               WritingResultAsJson

Resource associated with LogRecord:
service.name: Appostolic.Api
service.instance.id: cfc7ce07-e6a4-4518-a7e3-7e4ff99e6a9f
telemetry.sdk.name: opentelemetry
telemetry.sdk.language: dotnet
telemetry.sdk.version: 1.9.0

Activity.TraceId:            a7449906f025c36a2a81465d3dd1f4c0
Activity.SpanId:             f6d5f79a2ef0085a
Activity.TraceFlags:         Recorded
Activity.ActivitySourceName: Microsoft.AspNetCore
Activity.DisplayName:        POST /api/tenants/logo
Activity.Kind:               Server
Activity.StartTime:          2025-09-20T11:49:20.7652030Z
Activity.Duration:           00:00:00.0053770
Activity.Tags:
    server.address: localhost
    http.request.method: POST
    url.scheme: http
    url.path: /api/tenants/logo
    network.protocol.version: 1.1
    tenant: kevin-personal
    user: kevin@example.com
    http.route: /api/tenants/logo
    http.response.status_code: 200
Resource associated with Activity:
    service.name: Appostolic.Api
    service.instance.id: cfc7ce07-e6a4-4518-a7e3-7e4ff99e6a9f
    telemetry.sdk.name: opentelemetry
    telemetry.sdk.language: dotnet
    telemetry.sdk.version: 1.9.0

Activity.TraceId:            a7449906f025c36a2a81465d3dd1f4c0
Activity.SpanId:             f6d5f79a2ef0085a
Activity.TraceFlags:         Recorded
Activity.ActivitySourceName: Microsoft.AspNetCore
Activity.DisplayName:        POST /api/tenants/logo
Activity.Kind:               Server
Activity.StartTime:          2025-09-20T11:49:20.7652030Z
Activity.Duration:           00:00:00.0053770
Activity.Tags:
    server.address: localhost
    http.request.method: POST
    url.scheme: http
    url.path: /api/tenants/logo
    network.protocol.version: 1.1
    tenant: kevin-personal
    user: kevin@example.com
    http.route: /api/tenants/logo
    http.response.status_code: 200
Resource associated with Activity:
    service.name: Appostolic.Api
    service.instance.id: cfc7ce07-e6a4-4518-a7e3-7e4ff99e6a9f
    telemetry.sdk.name: opentelemetry
    telemetry.sdk.language: dotnet
    telemetry.sdk.version: 1.9.0

Activity.TraceId:            a7449906f025c36a2a81465d3dd1f4c0
Activity.SpanId:             f6d5f79a2ef0085a
Activity.TraceFlags:         Recorded
Activity.ActivitySourceName: Microsoft.AspNetCore
Activity.DisplayName:        POST /api/tenants/logo
Activity.Kind:               Server
Activity.StartTime:          2025-09-20T11:49:20.7652030Z
Activity.Duration:           00:00:00.0053770
Activity.Tags:
    server.address: localhost
    http.request.method: POST
    url.scheme: http
    url.path: /api/tenants/logo
    network.protocol.version: 1.1
    tenant: kevin-personal
    user: kevin@example.com
    http.route: /api/tenants/logo
    http.response.status_code: 200
Resource associated with Activity:
    service.name: Appostolic.Api
    service.instance.id: cfc7ce07-e6a4-4518-a7e3-7e4ff99e6a9f
    telemetry.sdk.name: opentelemetry
    telemetry.sdk.language: dotnet
    telemetry.sdk.version: 1.9.0

LogRecord.Timestamp:               2025-09-20T11:49:20.7723640Z
LogRecord.TraceId:                 3cde7c1ccd1b1fa42d69d1f92ebf6ee5
LogRecord.SpanId:                  b8bda306a214e3ef
info: Microsoft.AspNetCore.Http.Result.NoContentResult[1]
      Setting HTTP status code 204.
LogRecord.TraceFlags:              Recorded
LogRecord.CategoryName:            Microsoft.AspNetCore.Http.Result.NoContentResult
LogRecord.Severity:                Info
LogRecord.SeverityText:            Information
LogRecord.FormattedMessage:        Setting HTTP status code 204.
LogRecord.Body:                    Setting HTTP status code {StatusCode}.
LogRecord.Attributes (Key:Value):
    StatusCode: 204
    OriginalFormat (a.k.a Body): Setting HTTP status code {StatusCode}.
LogRecord.EventId:                 1
LogRecord.EventName:               WritingResultAsStatusCode

Resource associated with LogRecord:
service.name: Appostolic.Api
service.instance.id: cfc7ce07-e6a4-4518-a7e3-7e4ff99e6a9f
telemetry.sdk.name: opentelemetry
telemetry.sdk.language: dotnet
telemetry.sdk.version: 1.9.0

Activity.TraceId:            3cde7c1ccd1b1fa42d69d1f92ebf6ee5
Activity.SpanId:             b8bda306a214e3ef
Activity.TraceFlags:         Recorded
Activity.ActivitySourceName: Microsoft.AspNetCore
Activity.DisplayName:        DELETE /api/tenants/logo
Activity.Kind:               Server
Activity.StartTime:          2025-09-20T11:49:20.7708450Z
Activity.Duration:           00:00:00.0015670
Activity.Tags:
    server.address: localhost
    http.request.method: DELETE
    url.scheme: http
    url.path: /api/tenants/logo
    network.protocol.version: 1.1
    tenant: kevin-personal
    user: kevin@example.com
    http.route: /api/tenants/logo
    http.response.status_code: 204
Resource associated with Activity:
    service.name: Appostolic.Api
    service.instance.id: cfc7ce07-e6a4-4518-a7e3-7e4ff99e6a9f
    telemetry.sdk.name: opentelemetry
    telemetry.sdk.language: dotnet
    telemetry.sdk.version: 1.9.0

Activity.TraceId:            3cde7c1ccd1b1fa42d69d1f92ebf6ee5
Activity.SpanId:             b8bda306a214e3ef
Activity.TraceFlags:         Recorded
Activity.ActivitySourceName: Microsoft.AspNetCore
Activity.DisplayName:        DELETE /api/tenants/logo
Activity.Kind:               Server
Activity.StartTime:          2025-09-20T11:49:20.7708450Z
Activity.Duration:           00:00:00.0015670
Activity.Tags:
    server.address: localhost
    http.request.method: DELETE
    url.scheme: http
    url.path: /api/tenants/logo
    network.protocol.version: 1.1
    tenant: kevin-personal
    user: kevin@example.com
    http.route: /api/tenants/logo
    http.response.status_code: 204
Resource associated with Activity:
    service.name: Appostolic.Api
    service.instance.id: cfc7ce07-e6a4-4518-a7e3-7e4ff99e6a9f
    telemetry.sdk.name: opentelemetry
    telemetry.sdk.language: dotnet
    telemetry.sdk.version: 1.9.0

Activity.TraceId:            3cde7c1ccd1b1fa42d69d1f92ebf6ee5
Activity.SpanId:             b8bda306a214e3ef
Activity.TraceFlags:         Recorded
Activity.ActivitySourceName: Microsoft.AspNetCore
Activity.DisplayName:        DELETE /api/tenants/logo
Activity.Kind:               Server
Activity.StartTime:          2025-09-20T11:49:20.7708450Z
Activity.Duration:           00:00:00.0015670
Activity.Tags:
    server.address: localhost
    http.request.method: DELETE
    url.scheme: http
    url.path: /api/tenants/logo
    network.protocol.version: 1.1
    tenant: kevin-personal
    user: kevin@example.com
    http.route: /api/tenants/logo
    http.response.status_code: 204
Resource associated with Activity:
    service.name: Appostolic.Api
    service.instance.id: cfc7ce07-e6a4-4518-a7e3-7e4ff99e6a9f
    telemetry.sdk.name: opentelemetry
    telemetry.sdk.language: dotnet
    telemetry.sdk.version: 1.9.0

LogRecord.Timestamp:               2025-09-20T11:49:20.7763160Z
LogRecord.TraceId:                 fee0fd38c6c7c9a5129ee81c709b40fc
info: Microsoft.AspNetCore.Http.Result.OkObjectResult[1]
      Setting HTTP status code 200.
LogRecord.SpanId:                  1be78080d4b5fa7e
LogRecord.TraceFlags:              Recorded
LogRecord.CategoryName:            Microsoft.AspNetCore.Http.Result.OkObjectResult
LogRecord.Severity:                Info
LogRecord.SeverityText:            Information
LogRecord.FormattedMessage:        Setting HTTP status code 200.
LogRecord.Body:                    Setting HTTP status code {StatusCode}.
LogRecord.Attributes (Key:Value):
    StatusCode: 200
    OriginalFormat (a.k.a Body): Setting HTTP status code {StatusCode}.
LogRecord.EventId:                 1
LogRecord.EventName:               WritingResultAsStatusCode

Resource associated with LogRecord:
service.name: Appostolic.Api
service.instance.id: cfc7ce07-e6a4-4518-a7e3-7e4ff99e6a9f
telemetry.sdk.name: opentelemetry
telemetry.sdk.language: dotnet
telemetry.sdk.version: 1.9.0

LogRecord.Timestamp:               2025-09-20T11:49:20.7767410Z
LogRecord.TraceId:                 fee0fd38c6c7c9a5129ee81c709b40fc
LogRecord.SpanId:                  1be78080d4b5fa7e
info: Microsoft.AspNetCore.Http.Result.OkObjectResult[3]
      Writing value of type '<>f__AnonymousType14`3' as Json.
LogRecord.TraceFlags:              Recorded
LogRecord.CategoryName:            Microsoft.AspNetCore.Http.Result.OkObjectResult
LogRecord.Severity:                Info
LogRecord.SeverityText:            Information
LogRecord.FormattedMessage:        Writing value of type '<>f__AnonymousType14`3' as Json.
LogRecord.Body:                    Writing value of type '{Type}' as Json.
LogRecord.Attributes (Key:Value):
    Type: <>f__AnonymousType14`3
    OriginalFormat (a.k.a Body): Writing value of type '{Type}' as Json.
LogRecord.EventId:                 3
LogRecord.EventName:               WritingResultAsJson

Resource associated with LogRecord:
service.name: Appostolic.Api
service.instance.id: cfc7ce07-e6a4-4518-a7e3-7e4ff99e6a9f
telemetry.sdk.name: opentelemetry
telemetry.sdk.language: dotnet
telemetry.sdk.version: 1.9.0

Activity.TraceId:            fee0fd38c6c7c9a5129ee81c709b40fc
Activity.SpanId:             1be78080d4b5fa7e
Activity.TraceFlags:         Recorded
Activity.ActivitySourceName: Microsoft.AspNetCore
Activity.DisplayName:        GET /api/tenants/settings
Activity.Kind:               Server
Activity.StartTime:          2025-09-20T11:49:20.7724680Z
Activity.Duration:           00:00:00.0045410
Activity.Tags:
    server.address: localhost
    http.request.method: GET
    url.scheme: http
    url.path: /api/tenants/settings
    network.protocol.version: 1.1
    tenant: kevin-personal
    user: kevin@example.com
    http.route: /api/tenants/settings
    http.response.status_code: 200
Resource associated with Activity:
    service.name: Appostolic.Api
    service.instance.id: cfc7ce07-e6a4-4518-a7e3-7e4ff99e6a9f
    telemetry.sdk.name: opentelemetry
    telemetry.sdk.language: dotnet
    telemetry.sdk.version: 1.9.0

Activity.TraceId:            fee0fd38c6c7c9a5129ee81c709b40fc
Activity.SpanId:             1be78080d4b5fa7e
Activity.TraceFlags:         Recorded
Activity.ActivitySourceName: Microsoft.AspNetCore
Activity.DisplayName:        GET /api/tenants/settings
Activity.Kind:               Server
Activity.StartTime:          2025-09-20T11:49:20.7724680Z
Activity.Duration:           00:00:00.0045410
Activity.Tags:
    server.address: localhost
    http.request.method: GET
    url.scheme: http
    url.path: /api/tenants/settings
    network.protocol.version: 1.1
    tenant: kevin-personal
    user: kevin@example.com
    http.route: /api/tenants/settings
    http.response.status_code: 200
Resource associated with Activity:
    service.name: Appostolic.Api
    service.instance.id: cfc7ce07-e6a4-4518-a7e3-7e4ff99e6a9f
    telemetry.sdk.name: opentelemetry
    telemetry.sdk.language: dotnet
    telemetry.sdk.version: 1.9.0

Activity.TraceId:            fee0fd38c6c7c9a5129ee81c709b40fc
Activity.SpanId:             1be78080d4b5fa7e
Activity.TraceFlags:         Recorded
Activity.ActivitySourceName: Microsoft.AspNetCore
Activity.DisplayName:        GET /api/tenants/settings
Activity.Kind:               Server
Activity.StartTime:          2025-09-20T11:49:20.7724680Z
Activity.Duration:           00:00:00.0045410
Activity.Tags:
    server.address: localhost
    http.request.method: GET
    url.scheme: http
    url.path: /api/tenants/settings
    network.protocol.version: 1.1
    tenant: kevin-personal
    user: kevin@example.com
    http.route: /api/tenants/settings
    http.response.status_code: 200
Resource associated with Activity:
    service.name: Appostolic.Api
    service.instance.id: cfc7ce07-e6a4-4518-a7e3-7e4ff99e6a9f
    telemetry.sdk.name: opentelemetry
    telemetry.sdk.language: dotnet
    telemetry.sdk.version: 1.9.0

LogRecord.Timestamp:               2025-09-20T11:49:20.7782970Z
LogRecord.TraceId:                 1fce804e3b9bef66a8322a591e3b4846
LogRecord.SpanId:                  00589a324887db91
info: Microsoft.AspNetCore.Http.Result.StatusCodeResult[1]
      Setting HTTP status code 415.
LogRecord.TraceFlags:              Recorded
LogRecord.CategoryName:            Microsoft.AspNetCore.Http.Result.StatusCodeResult
LogRecord.Severity:                Info
LogRecord.SeverityText:            Information
LogRecord.FormattedMessage:        Setting HTTP status code 415.
LogRecord.Body:                    Setting HTTP status code {StatusCode}.
LogRecord.Attributes (Key:Value):
    StatusCode: 415
    OriginalFormat (a.k.a Body): Setting HTTP status code {StatusCode}.
LogRecord.EventId:                 1
LogRecord.EventName:               WritingResultAsStatusCode

Resource associated with LogRecord:
service.name: Appostolic.Api
service.instance.id: cfc7ce07-e6a4-4518-a7e3-7e4ff99e6a9f
telemetry.sdk.name: opentelemetry
telemetry.sdk.language: dotnet
telemetry.sdk.version: 1.9.0

Activity.TraceId:            1fce804e3b9bef66a8322a591e3b4846
Activity.SpanId:             00589a324887db91
Activity.TraceFlags:         Recorded
Activity.ActivitySourceName: Microsoft.AspNetCore
Activity.DisplayName:        POST /api/tenants/logo
Activity.Kind:               Server
Activity.StartTime:          2025-09-20T11:49:20.7779330Z
Activity.Duration:           00:00:00.0004690
Activity.Tags:
    server.address: localhost
    http.request.method: POST
    url.scheme: http
    url.path: /api/tenants/logo
    network.protocol.version: 1.1
    tenant: kevin-personal
    user: kevin@example.com
    http.route: /api/tenants/logo
    http.response.status_code: 415
Resource associated with Activity:
    service.name: Appostolic.Api
    service.instance.id: cfc7ce07-e6a4-4518-a7e3-7e4ff99e6a9f
    telemetry.sdk.name: opentelemetry
    telemetry.sdk.language: dotnet
    telemetry.sdk.version: 1.9.0

Activity.TraceId:            1fce804e3b9bef66a8322a591e3b4846
Activity.SpanId:             00589a324887db91
Activity.TraceFlags:         Recorded
Activity.ActivitySourceName: Microsoft.AspNetCore
Activity.DisplayName:        POST /api/tenants/logo
Activity.Kind:               Server
Activity.StartTime:          2025-09-20T11:49:20.7779330Z
Activity.Duration:           00:00:00.0004690
Activity.Tags:
    server.address: localhost
    http.request.method: POST
    url.scheme: http
    url.path: /api/tenants/logo
    network.protocol.version: 1.1
    tenant: kevin-personal
    user: kevin@example.com
    http.route: /api/tenants/logo
    http.response.status_code: 415
Resource associated with Activity:
    service.name: Appostolic.Api
    service.instance.id: cfc7ce07-e6a4-4518-a7e3-7e4ff99e6a9f
    telemetry.sdk.name: opentelemetry
    telemetry.sdk.language: dotnet
    telemetry.sdk.version: 1.9.0

Activity.TraceId:            1fce804e3b9bef66a8322a591e3b4846
Activity.SpanId:             00589a324887db91
Activity.TraceFlags:         Recorded
Activity.ActivitySourceName: Microsoft.AspNetCore
Activity.DisplayName:        POST /api/tenants/logo
Activity.Kind:               Server
Activity.StartTime:          2025-09-20T11:49:20.7779330Z
Activity.Duration:           00:00:00.0004690
Activity.Tags:
    server.address: localhost
    http.request.method: POST
    url.scheme: http
    url.path: /api/tenants/logo
    network.protocol.version: 1.1
    tenant: kevin-personal
    user: kevin@example.com
    http.route: /api/tenants/logo
    http.response.status_code: 415
Resource associated with Activity:
    service.name: Appostolic.Api
    service.instance.id: cfc7ce07-e6a4-4518-a7e3-7e4ff99e6a9f
    telemetry.sdk.name: opentelemetry
    telemetry.sdk.language: dotnet
    telemetry.sdk.version: 1.9.0

info: Microsoft.AspNetCore.Http.Result.OkObjectResult[1]
      Setting HTTP status code 200.
LogRecord.Timestamp:               2025-09-20T11:49:20.7796830Z
LogRecord.TraceId:                 6586e6ae98ed75b6ef5bc0842d683037
LogRecord.SpanId:                  04765477eebb0b14
LogRecord.TraceFlags:              Recorded
LogRecord.CategoryName:            Microsoft.AspNetCore.Http.Result.OkObjectResult
LogRecord.Severity:                Info
LogRecord.SeverityText:            Information
LogRecord.FormattedMessage:        Setting HTTP status code 200.
LogRecord.Body:                    Setting HTTP status code {StatusCode}.
LogRecord.Attributes (Key:Value):
    StatusCode: 200
    OriginalFormat (a.k.a Body): Setting HTTP status code {StatusCode}.
LogRecord.EventId:                 1
LogRecord.EventName:               WritingResultAsStatusCode

Resource associated with LogRecord:
service.name: Appostolic.Api
service.instance.id: cfc7ce07-e6a4-4518-a7e3-7e4ff99e6a9f
telemetry.sdk.name: opentelemetry
telemetry.sdk.language: dotnet
telemetry.sdk.version: 1.9.0

LogRecord.Timestamp:               2025-09-20T11:49:20.7797130Z
LogRecord.TraceId:                 6586e6ae98ed75b6ef5bc0842d683037
LogRecord.SpanId:                  04765477eebb0b14
LogRecord.TraceFlags:              Recorded
LogRecord.CategoryName:            Microsoft.AspNetCore.Http.Result.OkObjectResult
LogRecord.Severity:                Info
LogRecord.SeverityText:            Information
LogRecord.FormattedMessage:        Writing value of type '<>f__AnonymousType14`3' as Json.
LogRecord.Body:                    Writing value of type '{Type}' as Json.
LogRecord.Attributes (Key:Value):
info: Microsoft.AspNetCore.Http.Result.OkObjectResult[3]
      Writing value of type '<>f__AnonymousType14`3' as Json.
    Type: <>f__AnonymousType14`3
    OriginalFormat (a.k.a Body): Writing value of type '{Type}' as Json.
LogRecord.EventId:                 3
LogRecord.EventName:               WritingResultAsJson

Resource associated with LogRecord:
service.name: Appostolic.Api
service.instance.id: cfc7ce07-e6a4-4518-a7e3-7e4ff99e6a9f
telemetry.sdk.name: opentelemetry
telemetry.sdk.language: dotnet
telemetry.sdk.version: 1.9.0

Activity.TraceId:            6586e6ae98ed75b6ef5bc0842d683037
Activity.SpanId:             04765477eebb0b14
Activity.TraceFlags:         Recorded
Activity.ActivitySourceName: Microsoft.AspNetCore
Activity.DisplayName:        GET /api/tenants/settings
Activity.Kind:               Server
Activity.StartTime:          2025-09-20T11:49:20.7793810Z
Activity.Duration:           00:00:00.0004330
Activity.Tags:
    server.address: localhost
    http.request.method: GET
    url.scheme: http
    url.path: /api/tenants/settings
    network.protocol.version: 1.1
    tenant: kevin-personal
    user: kevin@example.com
    http.route: /api/tenants/settings
    http.response.status_code: 200
Resource associated with Activity:
    service.name: Appostolic.Api
    service.instance.id: cfc7ce07-e6a4-4518-a7e3-7e4ff99e6a9f
    telemetry.sdk.name: opentelemetry
    telemetry.sdk.language: dotnet
    telemetry.sdk.version: 1.9.0

Activity.TraceId:            6586e6ae98ed75b6ef5bc0842d683037
Activity.SpanId:             04765477eebb0b14
Activity.TraceFlags:         Recorded
Activity.ActivitySourceName: Microsoft.AspNetCore
Activity.DisplayName:        GET /api/tenants/settings
Activity.Kind:               Server
Activity.StartTime:          2025-09-20T11:49:20.7793810Z
Activity.Duration:           00:00:00.0004330
Activity.Tags:
    server.address: localhost
    http.request.method: GET
    url.scheme: http
    url.path: /api/tenants/settings
    network.protocol.version: 1.1
    tenant: kevin-personal
    user: kevin@example.com
    http.route: /api/tenants/settings
    http.response.status_code: 200
Resource associated with Activity:
    service.name: Appostolic.Api
    service.instance.id: cfc7ce07-e6a4-4518-a7e3-7e4ff99e6a9f
    telemetry.sdk.name: opentelemetry
    telemetry.sdk.language: dotnet
    telemetry.sdk.version: 1.9.0

Activity.TraceId:            6586e6ae98ed75b6ef5bc0842d683037
Activity.SpanId:             04765477eebb0b14
Activity.TraceFlags:         Recorded
Activity.ActivitySourceName: Microsoft.AspNetCore
Activity.DisplayName:        GET /api/tenants/settings
Activity.Kind:               Server
Activity.StartTime:          2025-09-20T11:49:20.7793810Z
Activity.Duration:           00:00:00.0004330
Activity.Tags:
    server.address: localhost
    http.request.method: GET
    url.scheme: http
    url.path: /api/tenants/settings
    network.protocol.version: 1.1
    tenant: kevin-personal
    user: kevin@example.com
    http.route: /api/tenants/settings
    http.response.status_code: 200
Resource associated with Activity:
    service.name: Appostolic.Api
    service.instance.id: cfc7ce07-e6a4-4518-a7e3-7e4ff99e6a9f
    telemetry.sdk.name: opentelemetry
    telemetry.sdk.language: dotnet
    telemetry.sdk.version: 1.9.0

LogRecord.Timestamp:               2025-09-20T11:49:20.7837120Z
info: TenantSettings[0]
      Updated tenant settings
LogRecord.TraceId:                 bee3ac0c35808ae78748986c6265f4c0
LogRecord.SpanId:                  313fa7a56821237c
LogRecord.TraceFlags:              Recorded
LogRecord.CategoryName:            TenantSettings
LogRecord.Severity:                Info
LogRecord.SeverityText:            Information
LogRecord.FormattedMessage:        Updated tenant settings
LogRecord.Body:                    Updated tenant settings
LogRecord.Attributes (Key:Value):
    OriginalFormat (a.k.a Body): Updated tenant settings

Resource associated with LogRecord:
service.name: Appostolic.Api
service.instance.id: cfc7ce07-e6a4-4518-a7e3-7e4ff99e6a9f
telemetry.sdk.name: opentelemetry
telemetry.sdk.language: dotnet
telemetry.sdk.version: 1.9.0

LogRecord.Timestamp:               2025-09-20T11:49:20.7837950Z
LogRecord.TraceId:                 bee3ac0c35808ae78748986c6265f4c0
LogRecord.SpanId:                  313fa7a56821237c
LogRecord.TraceFlags:              Recorded
info: Microsoft.AspNetCore.Http.Result.OkObjectResult[1]
      Setting HTTP status code 200.
LogRecord.CategoryName:            Microsoft.AspNetCore.Http.Result.OkObjectResult
LogRecord.Severity:                Info
LogRecord.SeverityText:            Information
LogRecord.FormattedMessage:        Setting HTTP status code 200.
LogRecord.Body:                    Setting HTTP status code {StatusCode}.
LogRecord.Attributes (Key:Value):
    StatusCode: 200
    OriginalFormat (a.k.a Body): Setting HTTP status code {StatusCode}.
LogRecord.EventId:                 1
LogRecord.EventName:               WritingResultAsStatusCode

Resource associated with LogRecord:
service.name: Appostolic.Api
service.instance.id: cfc7ce07-e6a4-4518-a7e3-7e4ff99e6a9f
telemetry.sdk.name: opentelemetry
telemetry.sdk.language: dotnet
telemetry.sdk.version: 1.9.0

LogRecord.Timestamp:               2025-09-20T11:49:20.7842050Z
LogRecord.TraceId:                 bee3ac0c35808ae78748986c6265f4c0
info: Microsoft.AspNetCore.Http.Result.OkObjectResult[3]
      Writing value of type '<>f__AnonymousType15`2' as Json.
LogRecord.SpanId:                  313fa7a56821237c
LogRecord.TraceFlags:              Recorded
LogRecord.CategoryName:            Microsoft.AspNetCore.Http.Result.OkObjectResult
LogRecord.Severity:                Info
LogRecord.SeverityText:            Information
LogRecord.FormattedMessage:        Writing value of type '<>f__AnonymousType15`2' as Json.
LogRecord.Body:                    Writing value of type '{Type}' as Json.
LogRecord.Attributes (Key:Value):
    Type: <>f__AnonymousType15`2
    OriginalFormat (a.k.a Body): Writing value of type '{Type}' as Json.
LogRecord.EventId:                 3
LogRecord.EventName:               WritingResultAsJson

Resource associated with LogRecord:
service.name: Appostolic.Api
service.instance.id: cfc7ce07-e6a4-4518-a7e3-7e4ff99e6a9f
telemetry.sdk.name: opentelemetry
telemetry.sdk.language: dotnet
telemetry.sdk.version: 1.9.0

Activity.TraceId:            bee3ac0c35808ae78748986c6265f4c0
Activity.SpanId:             313fa7a56821237c
Activity.TraceFlags:         Recorded
Activity.ActivitySourceName: Microsoft.AspNetCore
Activity.DisplayName:        PUT /api/tenants/settings
Activity.Kind:               Server
Activity.StartTime:          2025-09-20T11:49:20.7817720Z
Activity.Duration:           00:00:00.0028800
Activity.Tags:
    server.address: localhost
    http.request.method: PUT
    url.scheme: http
    url.path: /api/tenants/settings
    network.protocol.version: 1.1
    tenant: kevin-personal
    user: kevin@example.com
    http.route: /api/tenants/settings
    http.response.status_code: 200
Resource associated with Activity:
    service.name: Appostolic.Api
    service.instance.id: cfc7ce07-e6a4-4518-a7e3-7e4ff99e6a9f
    telemetry.sdk.name: opentelemetry
    telemetry.sdk.language: dotnet
    telemetry.sdk.version: 1.9.0

Activity.TraceId:            bee3ac0c35808ae78748986c6265f4c0
Activity.SpanId:             313fa7a56821237c
Activity.TraceFlags:         Recorded
Activity.ActivitySourceName: Microsoft.AspNetCore
Activity.DisplayName:        PUT /api/tenants/settings
Activity.Kind:               Server
Activity.StartTime:          2025-09-20T11:49:20.7817720Z
Activity.Duration:           00:00:00.0028800
Activity.Tags:
    server.address: localhost
    http.request.method: PUT
    url.scheme: http
    url.path: /api/tenants/settings
    network.protocol.version: 1.1
    tenant: kevin-personal
    user: kevin@example.com
    http.route: /api/tenants/settings
    http.response.status_code: 200
Resource associated with Activity:
    service.name: Appostolic.Api
    service.instance.id: cfc7ce07-e6a4-4518-a7e3-7e4ff99e6a9f
    telemetry.sdk.name: opentelemetry
    telemetry.sdk.language: dotnet
    telemetry.sdk.version: 1.9.0

Activity.TraceId:            bee3ac0c35808ae78748986c6265f4c0
Activity.SpanId:             313fa7a56821237c
Activity.TraceFlags:         Recorded
Activity.ActivitySourceName: Microsoft.AspNetCore
Activity.DisplayName:        PUT /api/tenants/settings
Activity.Kind:               Server
Activity.StartTime:          2025-09-20T11:49:20.7817720Z
Activity.Duration:           00:00:00.0028800
Activity.Tags:
    server.address: localhost
    http.request.method: PUT
    url.scheme: http
    url.path: /api/tenants/settings
    network.protocol.version: 1.1
    tenant: kevin-personal
    user: kevin@example.com
    http.route: /api/tenants/settings
    http.response.status_code: 200
Resource associated with Activity:
    service.name: Appostolic.Api
    service.instance.id: cfc7ce07-e6a4-4518-a7e3-7e4ff99e6a9f
    telemetry.sdk.name: opentelemetry
    telemetry.sdk.language: dotnet
    telemetry.sdk.version: 1.9.0

LogRecord.Timestamp:               2025-09-20T11:49:20.7859460Z
LogRecord.TraceId:                 97d5c471264f6de3fc5e2394da3a19d6
LogRecord.SpanId:                  81352b76db6544cc
info: TenantSettings[0]
      Updated tenant settings
LogRecord.TraceFlags:              Recorded
LogRecord.CategoryName:            TenantSettings
LogRecord.Severity:                Info
LogRecord.SeverityText:            Information
LogRecord.FormattedMessage:        Updated tenant settings
LogRecord.Body:                    Updated tenant settings
LogRecord.Attributes (Key:Value):
    OriginalFormat (a.k.a Body): Updated tenant settings

Resource associated with LogRecord:
service.name: Appostolic.Api
service.instance.id: cfc7ce07-e6a4-4518-a7e3-7e4ff99e6a9f
telemetry.sdk.name: opentelemetry
telemetry.sdk.language: dotnet
telemetry.sdk.version: 1.9.0

LogRecord.Timestamp:               2025-09-20T11:49:20.7859770Z
LogRecord.TraceId:                 97d5c471264f6de3fc5e2394da3a19d6
LogRecord.SpanId:                  81352b76db6544cc
LogRecord.TraceFlags:              Recorded
LogRecord.CategoryName:            Microsoft.AspNetCore.Http.Result.OkObjectResult
LogRecord.Severity:                Info
LogRecord.SeverityText:            Information
LogRecord.FormattedMessage:        Setting HTTP status code 200.
LogRecord.Body:                    Setting HTTP status code {StatusCode}.
LogRecord.Attributes (Key:Value):
    StatusCode: 200
    OriginalFormat (a.k.a Body): Setting HTTP status code {StatusCode}.
LogRecord.EventId:                 1
LogRecord.EventName:               WritingResultAsStatusCode

Resource associated with LogRecord:
service.name: Appostolic.Api
service.instance.id: cfc7ce07-e6a4-4518-a7e3-7e4ff99e6a9f
telemetry.sdk.name: opentelemetry
telemetry.sdk.language: dotnet
telemetry.sdk.version: 1.9.0

info: Microsoft.AspNetCore.Http.Result.OkObjectResult[1]
      Setting HTTP status code 200.
LogRecord.Timestamp:               2025-09-20T11:49:20.7859940Z
LogRecord.TraceId:                 97d5c471264f6de3fc5e2394da3a19d6
LogRecord.SpanId:                  81352b76db6544cc
LogRecord.TraceFlags:              Recorded
info: Microsoft.AspNetCore.Http.Result.OkObjectResult[3]
      Writing value of type '<>f__AnonymousType15`2' as Json.
LogRecord.CategoryName:            Microsoft.AspNetCore.Http.Result.OkObjectResult
LogRecord.Severity:                Info
LogRecord.SeverityText:            Information
LogRecord.FormattedMessage:        Writing value of type '<>f__AnonymousType15`2' as Json.
LogRecord.Body:                    Writing value of type '{Type}' as Json.
LogRecord.Attributes (Key:Value):
    Type: <>f__AnonymousType15`2
    OriginalFormat (a.k.a Body): Writing value of type '{Type}' as Json.
LogRecord.EventId:                 3
LogRecord.EventName:               WritingResultAsJson

Resource associated with LogRecord:
service.name: Appostolic.Api
service.instance.id: cfc7ce07-e6a4-4518-a7e3-7e4ff99e6a9f
telemetry.sdk.name: opentelemetry
telemetry.sdk.language: dotnet
telemetry.sdk.version: 1.9.0

Activity.TraceId:            97d5c471264f6de3fc5e2394da3a19d6
Activity.SpanId:             81352b76db6544cc
Activity.TraceFlags:         Recorded
Activity.ActivitySourceName: Microsoft.AspNetCore
Activity.DisplayName:        PUT /api/tenants/settings
Activity.Kind:               Server
Activity.StartTime:          2025-09-20T11:49:20.7852570Z
Activity.Duration:           00:00:00.0007720
Activity.Tags:
    server.address: localhost
    http.request.method: PUT
    url.scheme: http
    url.path: /api/tenants/settings
    network.protocol.version: 1.1
    tenant: kevin-personal
    user: kevin@example.com
    http.route: /api/tenants/settings
    http.response.status_code: 200
Resource associated with Activity:
    service.name: Appostolic.Api
    service.instance.id: cfc7ce07-e6a4-4518-a7e3-7e4ff99e6a9f
    telemetry.sdk.name: opentelemetry
    telemetry.sdk.language: dotnet
    telemetry.sdk.version: 1.9.0

Activity.TraceId:            97d5c471264f6de3fc5e2394da3a19d6
Activity.SpanId:             81352b76db6544cc
Activity.TraceFlags:         Recorded
Activity.ActivitySourceName: Microsoft.AspNetCore
Activity.DisplayName:        PUT /api/tenants/settings
Activity.Kind:               Server
Activity.StartTime:          2025-09-20T11:49:20.7852570Z
Activity.Duration:           00:00:00.0007720
Activity.Tags:
    server.address: localhost
    http.request.method: PUT
    url.scheme: http
    url.path: /api/tenants/settings
    network.protocol.version: 1.1
    tenant: kevin-personal
    user: kevin@example.com
    http.route: /api/tenants/settings
    http.response.status_code: 200
Resource associated with Activity:
    service.name: Appostolic.Api
    service.instance.id: cfc7ce07-e6a4-4518-a7e3-7e4ff99e6a9f
    telemetry.sdk.name: opentelemetry
    telemetry.sdk.language: dotnet
    telemetry.sdk.version: 1.9.0

Activity.TraceId:            97d5c471264f6de3fc5e2394da3a19d6
Activity.SpanId:             81352b76db6544cc
Activity.TraceFlags:         Recorded
Activity.ActivitySourceName: Microsoft.AspNetCore
Activity.DisplayName:        PUT /api/tenants/settings
Activity.Kind:               Server
Activity.StartTime:          2025-09-20T11:49:20.7852570Z
Activity.Duration:           00:00:00.0007720
Activity.Tags:
    server.address: localhost
    http.request.method: PUT
    url.scheme: http
    url.path: /api/tenants/settings
    network.protocol.version: 1.1
    tenant: kevin-personal
    user: kevin@example.com
    http.route: /api/tenants/settings
    http.response.status_code: 200
Resource associated with Activity:
    service.name: Appostolic.Api
    service.instance.id: cfc7ce07-e6a4-4518-a7e3-7e4ff99e6a9f
    telemetry.sdk.name: opentelemetry
    telemetry.sdk.language: dotnet
    telemetry.sdk.version: 1.9.0

Resource associated with Metric:
    service.name: Appostolic.Api
    service.instance.id: cfc7ce07-e6a4-4518-a7e3-7e4ff99e6a9f
    telemetry.sdk.name: opentelemetry
    telemetry.sdk.language: dotnet
    telemetry.sdk.version: 1.9.0

Metric Name: process.runtime.dotnet.gc.collections.count, Number of garbage collections that have occurred since process start., Meter: OpenTelemetry.Instrumentation.Runtime/1.9.0
(2025-09-20T11:49:20.5864960Z, 2025-09-20T11:49:20.7864760Z] generation: gen2 LongSum
Value: 15
(2025-09-20T11:49:20.5864960Z, 2025-09-20T11:49:20.7864760Z] generation: gen1 LongSum
Value: 22
(2025-09-20T11:49:20.5864960Z, 2025-09-20T11:49:20.7864760Z] generation: gen0 LongSum
Value: 46

Metric Name: process.runtime.dotnet.gc.objects.size, Count of bytes currently in use by objects in the GC heap that haven't been collected yet. Fragmentation and other GC committed memory pools are excluded., Unit: bytes, Meter: OpenTelemetry.Instrumentation.Runtime/1.9.0
(2025-09-20T11:49:20.5865010Z, 2025-09-20T11:49:20.7864760Z] LongSumNonMonotonic
Value: 474899968

Metric Name: process.runtime.dotnet.gc.allocations.size, Count of bytes allocated on the managed GC heap since the process start. .NET objects are allocated from this heap. Object allocations from unmanaged languages such as C/C++ do not use this heap., Unit: bytes, Meter: OpenTelemetry.Instrumentation.Runtime/1.9.0
(2025-09-20T11:49:20.5865060Z, 2025-09-20T11:49:20.7864760Z] LongSum
Value: 2373756352

Metric Name: process.runtime.dotnet.gc.committed_memory.size, The amount of committed virtual memory for the managed GC heap, as observed during the latest garbage collection. Committed virtual memory may be larger than the heap size because it includes both memory for storing existing objects (the heap size) and some extra memory that is ready to handle newly allocated objects in the future. The value will be unavailable until at least one garbage collection has occurred., Unit: bytes, Meter: OpenTelemetry.Instrumentation.Runtime/1.9.0
(2025-09-20T11:49:20.5865100Z, 2025-09-20T11:49:20.7864770Z] LongSumNonMonotonic
Value: 354107392

Metric Name: process.runtime.dotnet.gc.heap.size, The heap size (including fragmentation), as observed during the latest garbage collection. The value will be unavailable until at least one garbage collection has occurred., Unit: bytes, Meter: OpenTelemetry.Instrumentation.Runtime/1.9.0
(2025-09-20T11:49:20.5865150Z, 2025-09-20T11:49:20.7864770Z] generation: gen0 LongSumNonMonotonic
Value: 2462904
(2025-09-20T11:49:20.5865150Z, 2025-09-20T11:49:20.7864770Z] generation: gen1 LongSumNonMonotonic
Value: 3418840
(2025-09-20T11:49:20.5865150Z, 2025-09-20T11:49:20.7864770Z] generation: gen2 LongSumNonMonotonic
Value: 122807456
(2025-09-20T11:49:20.5865150Z, 2025-09-20T11:49:20.7864770Z] generation: loh LongSumNonMonotonic
Value: 221868264
(2025-09-20T11:49:20.5865150Z, 2025-09-20T11:49:20.7864770Z] generation: poh LongSumNonMonotonic
Value: 262336

Metric Name: process.runtime.dotnet.gc.heap.fragmentation.size, The heap fragmentation, as observed during the latest garbage collection. The value will be unavailable until at least one garbage collection has occurred., Unit: bytes, Meter: OpenTelemetry.Instrumentation.Runtime/1.9.0
(2025-09-20T11:49:20.5865190Z, 2025-09-20T11:49:20.7864770Z] generation: gen0 LongSumNonMonotonic
Value: 2462512
(2025-09-20T11:49:20.5865190Z, 2025-09-20T11:49:20.7864770Z] generation: gen1 LongSumNonMonotonic
Value: 32640
(2025-09-20T11:49:20.5865190Z, 2025-09-20T11:49:20.7864770Z] generation: gen2 LongSumNonMonotonic
Value: 1131424
(2025-09-20T11:49:20.5865190Z, 2025-09-20T11:49:20.7864770Z] generation: loh LongSumNonMonotonic
Value: 2112264
(2025-09-20T11:49:20.5865190Z, 2025-09-20T11:49:20.7864770Z] generation: poh LongSumNonMonotonic
Value: 0

Metric Name: process.runtime.dotnet.gc.duration, The total amount of time paused in GC since the process start., Unit: ns, Meter: OpenTelemetry.Instrumentation.Runtime/1.9.0
(2025-09-20T11:49:20.5865220Z, 2025-09-20T11:49:20.7864770Z] LongSum
Value: 811756000

Metric Name: process.runtime.dotnet.jit.il_compiled.size, Count of bytes of intermediate language that have been compiled since the process start., Unit: bytes, Meter: OpenTelemetry.Instrumentation.Runtime/1.9.0
(2025-09-20T11:49:20.5865280Z, 2025-09-20T11:49:20.7864770Z] LongSum
Value: 5501839

Metric Name: process.runtime.dotnet.jit.methods_compiled.count, The number of times the JIT compiler compiled a method since the process start. The JIT compiler may be invoked multiple times for the same method to compile with different generic parameters, or because tiered compilation requested different optimization settings., Meter: OpenTelemetry.Instrumentation.Runtime/1.9.0
(2025-09-20T11:49:20.5865360Z, 2025-09-20T11:49:20.7864770Z] LongSum
Value: 65301

Metric Name: process.runtime.dotnet.jit.compilation_time, The amount of time the JIT compiler has spent compiling methods since the process start., Unit: ns, Meter: OpenTelemetry.Instrumentation.Runtime/1.9.0
(2025-09-20T11:49:20.5865400Z, 2025-09-20T11:49:20.7864770Z] LongSum
Value: 16391188500

Metric Name: process.runtime.dotnet.monitor.lock_contention.count, The number of times there was contention when trying to acquire a monitor lock since the process start. Monitor locks are commonly acquired by using the lock keyword in C#, or by calling Monitor.Enter() and Monitor.TryEnter()., Meter: OpenTelemetry.Instrumentation.Runtime/1.9.0
(2025-09-20T11:49:20.5865440Z, 2025-09-20T11:49:20.7864770Z] LongSum
Value: 237

Metric Name: process.runtime.dotnet.thread_pool.threads.count, The number of thread pool threads that currently exist., Meter: OpenTelemetry.Instrumentation.Runtime/1.9.0
(2025-09-20T11:49:20.5865480Z, 2025-09-20T11:49:20.7864770Z] LongSumNonMonotonic
Value: 14

Metric Name: process.runtime.dotnet.thread_pool.completed_items.count, The number of work items that have been processed by the thread pool since the process start., Meter: OpenTelemetry.Instrumentation.Runtime/1.9.0
(2025-09-20T11:49:20.5865510Z, 2025-09-20T11:49:20.7864770Z] LongSum
Value: 2989

Metric Name: process.runtime.dotnet.thread_pool.queue.length, The number of work items that are currently queued to be processed by the thread pool., Meter: OpenTelemetry.Instrumentation.Runtime/1.9.0
(2025-09-20T11:49:20.5865560Z, 2025-09-20T11:49:20.7864780Z] LongSumNonMonotonic
Value: 0

Metric Name: process.runtime.dotnet.timer.count, The number of timer instances that are currently active. Timers can be created by many sources such as System.Threading.Timer, Task.Delay, or the timeout in a CancellationSource. An active timer is registered to tick at some point in the future and has not yet been canceled., Meter: OpenTelemetry.Instrumentation.Runtime/1.9.0
(2025-09-20T11:49:20.5865590Z, 2025-09-20T11:49:20.7864780Z] LongSumNonMonotonic
Value: 8

Metric Name: process.runtime.dotnet.assemblies.count, The number of .NET assemblies that are currently loaded., Meter: OpenTelemetry.Instrumentation.Runtime/1.9.0
(2025-09-20T11:49:20.5865630Z, 2025-09-20T11:49:20.7864780Z] LongSumNonMonotonic
Value: 212

Metric Name: http.server.active_requests, Number of active HTTP server requests., Unit: {request}, Meter: Microsoft.AspNetCore.Hosting
(2025-09-20T11:49:20.5925550Z, 2025-09-20T11:49:20.7864820Z] http.request.method: POST url.scheme: http LongSumNonMonotonic
Value: 0
(2025-09-20T11:49:20.5925550Z, 2025-09-20T11:49:20.7864820Z] http.request.method: DELETE url.scheme: http LongSumNonMonotonic
Value: 0
(2025-09-20T11:49:20.5925550Z, 2025-09-20T11:49:20.7864820Z] http.request.method: GET url.scheme: http LongSumNonMonotonic
Value: 0
(2025-09-20T11:49:20.5925550Z, 2025-09-20T11:49:20.7864820Z] http.request.method: PUT url.scheme: http LongSumNonMonotonic
Value: 0

Metric Name: http.server.request.duration, Duration of HTTP server requests., Unit: s, Meter: Microsoft.AspNetCore.Hosting
(2025-09-20T11:49:20.5925700Z, 2025-09-20T11:49:20.7864820Z] http.request.method: POST http.response.status_code: 200 http.route: /api/tenants/logo network.protocol.version: 1.1 url.scheme: http Histogram
Value: Sum: 0.1131204 Count: 2 Min: 0.0053797 Max: 0.1077407 
(-Infinity,0.005]:0
(0.005,0.01]:1
(0.01,0.025]:0
(0.025,0.05]:0
(0.05,0.075]:0
(0.075,0.1]:0
(0.1,0.25]:1
(0.25,0.5]:0
(0.5,0.75]:0
(0.75,1]:0
(1,2.5]:0
(2.5,5]:0
(5,7.5]:0
(7.5,10]:0
(10,+Infinity]:0

(2025-09-20T11:49:20.5925700Z, 2025-09-20T11:49:20.7864820Z] http.request.method: POST http.response.status_code: 413 http.route: /api/tenants/logo network.protocol.version: 1.1 url.scheme: http Histogram
Value: Sum: 0.0237694 Count: 1 Min: 0.0237694 Max: 0.0237694 
(-Infinity,0.005]:0
(0.005,0.01]:0
(0.01,0.025]:1
(0.025,0.05]:0
(0.05,0.075]:0
(0.075,0.1]:0
(0.1,0.25]:0
(0.25,0.5]:0
(0.5,0.75]:0
(0.75,1]:0
(1,2.5]:0
(2.5,5]:0
(5,7.5]:0
(7.5,10]:0
(10,+Infinity]:0

(2025-09-20T11:49:20.5925700Z, 2025-09-20T11:49:20.7864820Z] http.request.method: DELETE http.response.status_code: 204 http.route: /api/tenants/logo network.protocol.version: 1.1 url.scheme: http Histogram
Value: Sum: 0.0015671 Count: 1 Min: 0.0015671 Max: 0.0015671 
(-Infinity,0.005]:1
(0.005,0.01]:0
(0.01,0.025]:0
(0.025,0.05]:0
(0.05,0.075]:0
(0.075,0.1]:0
(0.1,0.25]:0
(0.25,0.5]:0
(0.5,0.75]:0
(0.75,1]:0
(1,2.5]:0
(2.5,5]:0
(5,7.5]:0
(7.5,10]:0
(10,+Infinity]:0

(2025-09-20T11:49:20.5925700Z, 2025-09-20T11:49:20.7864820Z] http.request.method: GET http.response.status_code: 200 http.route: /api/tenants/settings network.protocol.version: 1.1 url.scheme: http Histogram
Value: Sum: 0.0049700000000000005 Count: 2 Min: 0.000433 Max: 0.004537 
(-Infinity,0.005]:2
(0.005,0.01]:0
(0.01,0.025]:0
(0.025,0.05]:0
(0.05,0.075]:0
(0.075,0.1]:0
(0.1,0.25]:0
(0.25,0.5]:0
(0.5,0.75]:0
(0.75,1]:0
(1,2.5]:0
(2.5,5]:0
(5,7.5]:0
(7.5,10]:0
(10,+Infinity]:0

(2025-09-20T11:49:20.5925700Z, 2025-09-20T11:49:20.7864820Z] http.request.method: POST http.response.status_code: 415 http.route: /api/tenants/logo network.protocol.version: 1.1 url.scheme: http Histogram
Value: Sum: 0.0004665 Count: 1 Min: 0.0004665 Max: 0.0004665 
(-Infinity,0.005]:1
(0.005,0.01]:0
(0.01,0.025]:0
(0.025,0.05]:0
(0.05,0.075]:0
(0.075,0.1]:0
(0.1,0.25]:0
(0.25,0.5]:0
(0.5,0.75]:0
(0.75,1]:0
(1,2.5]:0
(2.5,5]:0
(5,7.5]:0
(7.5,10]:0
(10,+Infinity]:0

(2025-09-20T11:49:20.5925700Z, 2025-09-20T11:49:20.7864820Z] http.request.method: PUT http.response.status_code: 200 http.route: /api/tenants/settings network.protocol.version: 1.1 url.scheme: http Histogram
Value: Sum: 0.0036435 Count: 2 Min: 0.0007745 Max: 0.002869 
(-Infinity,0.005]:2
(0.005,0.01]:0
(0.01,0.025]:0
(0.025,0.05]:0
(0.05,0.075]:0
(0.075,0.1]:0
(0.1,0.25]:0
(0.25,0.5]:0
(0.5,0.75]:0
(0.75,1]:0
(1,2.5]:0
(2.5,5]:0
(5,7.5]:0
(7.5,10]:0
(10,+Infinity]:0


Metric Name: aspnetcore.routing.match_attempts, Number of requests that were attempted to be matched to an endpoint., Unit: {match_attempt}, Meter: Microsoft.AspNetCore.Routing
(2025-09-20T11:49:20.5925750Z, 2025-09-20T11:49:20.7864830Z] aspnetcore.routing.is_fallback: false aspnetcore.routing.match_status: success http.route: /api/tenants/logo LongSum
Value: 5
(2025-09-20T11:49:20.5925750Z, 2025-09-20T11:49:20.7864830Z] aspnetcore.routing.is_fallback: false aspnetcore.routing.match_status: success http.route: /api/tenants/settings LongSum
Value: 4
[Startup] Warning: failed to ensure app.notification_dedupes exists: Relational-specific methods can only be used when the context is using a relational database provider.
info: Endpoints.V1[0]
      [MapV1Endpoints] Environment='Development' IsDevelopment=True
LogRecord.Timestamp:               2025-09-20T11:49:20.8454080Z
LogRecord.CategoryName:            Endpoints.V1
LogRecord.Severity:                Info
LogRecord.SeverityText:            Information
LogRecord.FormattedMessage:        [MapV1Endpoints] Environment='Development' IsDevelopment=True
LogRecord.Body:                    [MapV1Endpoints] Environment='{Env}' IsDevelopment={IsDev}
LogRecord.Attributes (Key:Value):
    Env: Development
    IsDev: true
    OriginalFormat (a.k.a Body): [MapV1Endpoints] Environment='{Env}' IsDevelopment={IsDev}

Resource associated with LogRecord:
service.name: Appostolic.Api
service.instance.id: cfc7ce07-e6a4-4518-a7e3-7e4ff99e6a9f
telemetry.sdk.name: opentelemetry
telemetry.sdk.language: dotnet
telemetry.sdk.version: 1.9.0

LogRecord.Timestamp:               2025-09-20T11:49:20.8458710Z
LogRecord.CategoryName:            Microsoft.AspNetCore.DataProtection.KeyManagement.XmlKeyManager
info: Microsoft.AspNetCore.DataProtection.KeyManagement.XmlKeyManager[62]
      User profile is available. Using '/Users/kevinmccreary/.aspnet/DataProtection-Keys' as key repository; keys will not be encrypted at rest.
LogRecord.Severity:                Info
LogRecord.SeverityText:            Information
LogRecord.FormattedMessage:        User profile is available. Using '/Users/kevinmccreary/.aspnet/DataProtection-Keys' as key repository; keys will not be encrypted at rest.
LogRecord.Body:                    User profile is available. Using '{FullName}' as key repository; keys will not be encrypted at rest.
LogRecord.Attributes (Key:Value):
    FullName: /Users/kevinmccreary/.aspnet/DataProtection-Keys
    OriginalFormat (a.k.a Body): User profile is available. Using '{FullName}' as key repository; keys will not be encrypted at rest.
LogRecord.EventId:                 62
LogRecord.EventName:               UsingProfileAsKeyRepository

Resource associated with LogRecord:
service.name: Appostolic.Api
service.instance.id: cfc7ce07-e6a4-4518-a7e3-7e4ff99e6a9f
telemetry.sdk.name: opentelemetry
telemetry.sdk.language: dotnet
telemetry.sdk.version: 1.9.0

LogRecord.Timestamp:               2025-09-20T11:49:20.8468840Z
LogRecord.CategoryName:            Appostolic.Api.App.Notifications.AutoResendHostedService
info: Appostolic.Api.App.Notifications.AutoResendHostedService[0]
      AutoResend is disabled by configuration
LogRecord.Severity:                Info
LogRecord.SeverityText:            Information
LogRecord.FormattedMessage:        AutoResend is disabled by configuration
LogRecord.Body:                    AutoResend is disabled by configuration
LogRecord.Attributes (Key:Value):
    OriginalFormat (a.k.a Body): AutoResend is disabled by configuration

Resource associated with LogRecord:
service.name: Appostolic.Api
service.instance.id: cfc7ce07-e6a4-4518-a7e3-7e4ff99e6a9f
telemetry.sdk.name: opentelemetry
telemetry.sdk.language: dotnet
telemetry.sdk.version: 1.9.0

LogRecord.Timestamp:               2025-09-20T11:49:20.9317930Z
info: Microsoft.AspNetCore.Http.Result.BadRequestObjectResult[1]
      Setting HTTP status code 400.
LogRecord.TraceId:                 b1461cc0e1293ce0d1f7b927e32c0c65
LogRecord.SpanId:                  414e39d88e04ef65
LogRecord.TraceFlags:              Recorded
LogRecord.CategoryName:            Microsoft.AspNetCore.Http.Result.BadRequestObjectResult
LogRecord.Severity:                Info
LogRecord.SeverityText:            Information
LogRecord.FormattedMessage:        Setting HTTP status code 400.
LogRecord.Body:                    Setting HTTP status code {StatusCode}.
LogRecord.Attributes (Key:Value):
    StatusCode: 400
    OriginalFormat (a.k.a Body): Setting HTTP status code {StatusCode}.
LogRecord.EventId:                 1
LogRecord.EventName:               WritingResultAsStatusCode

Resource associated with LogRecord:
service.name: Appostolic.Api
service.instance.id: cfc7ce07-e6a4-4518-a7e3-7e4ff99e6a9f
telemetry.sdk.name: opentelemetry
telemetry.sdk.language: dotnet
telemetry.sdk.version: 1.9.0

info: Microsoft.AspNetCore.Http.Result.BadRequestObjectResult[3]
      Writing value of type '<>f__AnonymousType28`2' as Json.
LogRecord.Timestamp:               2025-09-20T11:49:20.9319710Z
LogRecord.TraceId:                 b1461cc0e1293ce0d1f7b927e32c0c65
LogRecord.SpanId:                  414e39d88e04ef65
LogRecord.TraceFlags:              Recorded
LogRecord.CategoryName:            Microsoft.AspNetCore.Http.Result.BadRequestObjectResult
LogRecord.Severity:                Info
LogRecord.SeverityText:            Information
LogRecord.FormattedMessage:        Writing value of type '<>f__AnonymousType28`2' as Json.
LogRecord.Body:                    Writing value of type '{Type}' as Json.
LogRecord.Attributes (Key:Value):
    Type: <>f__AnonymousType28`2
    OriginalFormat (a.k.a Body): Writing value of type '{Type}' as Json.
LogRecord.EventId:                 3
LogRecord.EventName:               WritingResultAsJson

Resource associated with LogRecord:
service.name: Appostolic.Api
service.instance.id: cfc7ce07-e6a4-4518-a7e3-7e4ff99e6a9f
telemetry.sdk.name: opentelemetry
telemetry.sdk.language: dotnet
telemetry.sdk.version: 1.9.0

Activity.TraceId:            b1461cc0e1293ce0d1f7b927e32c0c65
Activity.SpanId:             414e39d88e04ef65
Activity.TraceFlags:         Recorded
Activity.ActivitySourceName: Microsoft.AspNetCore
Activity.DisplayName:        POST /api/tenants/{tenantId:guid}/invites
Activity.Kind:               Server
Activity.StartTime:          2025-09-20T11:49:20.8886420Z
Activity.Duration:           00:00:00.0437060
Activity.Tags:
    server.address: localhost
    http.request.method: POST
    url.scheme: http
    url.path: /api/tenants/c06ea2ab-09f3-4b46-b608-93c6ac541794/invites
    network.protocol.version: 1.1
    tenant: kevin-personal
    user: kevin@example.com
    http.route: /api/tenants/{tenantId:guid}/invites
    http.response.status_code: 400
Resource associated with Activity:
    service.name: Appostolic.Api
    service.instance.id: cfc7ce07-e6a4-4518-a7e3-7e4ff99e6a9f
    telemetry.sdk.name: opentelemetry
    telemetry.sdk.language: dotnet
    telemetry.sdk.version: 1.9.0

Activity.TraceId:            b1461cc0e1293ce0d1f7b927e32c0c65
Activity.SpanId:             414e39d88e04ef65
Activity.TraceFlags:         Recorded
Activity.ActivitySourceName: Microsoft.AspNetCore
Activity.DisplayName:        POST /api/tenants/{tenantId:guid}/invites
Activity.Kind:               Server
Activity.StartTime:          2025-09-20T11:49:20.8886420Z
Activity.Duration:           00:00:00.0437060
Activity.Tags:
    server.address: localhost
    http.request.method: POST
    url.scheme: http
    url.path: /api/tenants/c06ea2ab-09f3-4b46-b608-93c6ac541794/invites
    network.protocol.version: 1.1
    tenant: kevin-personal
    user: kevin@example.com
    http.route: /api/tenants/{tenantId:guid}/invites
    http.response.status_code: 400
Resource associated with Activity:
    service.name: Appostolic.Api
    service.instance.id: cfc7ce07-e6a4-4518-a7e3-7e4ff99e6a9f
    telemetry.sdk.name: opentelemetry
    telemetry.sdk.language: dotnet
    telemetry.sdk.version: 1.9.0

Activity.TraceId:            b1461cc0e1293ce0d1f7b927e32c0c65
Activity.SpanId:             414e39d88e04ef65
Activity.TraceFlags:         Recorded
Activity.ActivitySourceName: Microsoft.AspNetCore
Activity.DisplayName:        POST /api/tenants/{tenantId:guid}/invites
Activity.Kind:               Server
Activity.StartTime:          2025-09-20T11:49:20.8886420Z
Activity.Duration:           00:00:00.0437060
Activity.Tags:
    server.address: localhost
    http.request.method: POST
    url.scheme: http
    url.path: /api/tenants/c06ea2ab-09f3-4b46-b608-93c6ac541794/invites
    network.protocol.version: 1.1
    tenant: kevin-personal
    user: kevin@example.com
    http.route: /api/tenants/{tenantId:guid}/invites
    http.response.status_code: 400
Resource associated with Activity:
    service.name: Appostolic.Api
    service.instance.id: cfc7ce07-e6a4-4518-a7e3-7e4ff99e6a9f
    telemetry.sdk.name: opentelemetry
    telemetry.sdk.language: dotnet
    telemetry.sdk.version: 1.9.0

LogRecord.Timestamp:               2025-09-20T11:49:20.9358120Z
LogRecord.TraceId:                 7800985ec1eb768f8d05fe22319dbfbc
info: Microsoft.AspNetCore.Http.Result.NoContentResult[1]
      Setting HTTP status code 204.
LogRecord.SpanId:                  9736fa28e7d50fed
LogRecord.TraceFlags:              Recorded
LogRecord.CategoryName:            Microsoft.AspNetCore.Http.Result.NoContentResult
LogRecord.Severity:                Info
LogRecord.SeverityText:            Information
LogRecord.FormattedMessage:        Setting HTTP status code 204.
LogRecord.Body:                    Setting HTTP status code {StatusCode}.
LogRecord.Attributes (Key:Value):
    StatusCode: 204
    OriginalFormat (a.k.a Body): Setting HTTP status code {StatusCode}.
LogRecord.EventId:                 1
LogRecord.EventName:               WritingResultAsStatusCode

Resource associated with LogRecord:
service.name: Appostolic.Api
service.instance.id: cfc7ce07-e6a4-4518-a7e3-7e4ff99e6a9f
telemetry.sdk.name: opentelemetry
telemetry.sdk.language: dotnet
telemetry.sdk.version: 1.9.0

Activity.TraceId:            7800985ec1eb768f8d05fe22319dbfbc
Activity.SpanId:             9736fa28e7d50fed
Activity.TraceFlags:         Recorded
Activity.ActivitySourceName: Microsoft.AspNetCore
Activity.DisplayName:        PUT /api/tenants/{tenantId:guid}/members/{userId:guid}
Activity.Kind:               Server
Activity.StartTime:          2025-09-20T11:49:20.9339670Z
Activity.Duration:           00:00:00.0019540
Activity.Tags:
    server.address: localhost
    http.request.method: PUT
    url.scheme: http
    url.path: /api/tenants/c06ea2ab-09f3-4b46-b608-93c6ac541794/members/b111479e-2f1a-4953-b17b-b309a5c940ce
    network.protocol.version: 1.1
    tenant: kevin-personal
    user: kevin@example.com
    http.route: /api/tenants/{tenantId:guid}/members/{userId:guid}
    http.response.status_code: 204
Resource associated with Activity:
    service.name: Appostolic.Api
    service.instance.id: cfc7ce07-e6a4-4518-a7e3-7e4ff99e6a9f
    telemetry.sdk.name: opentelemetry
    telemetry.sdk.language: dotnet
    telemetry.sdk.version: 1.9.0

Activity.TraceId:            7800985ec1eb768f8d05fe22319dbfbc
Activity.SpanId:             9736fa28e7d50fed
Activity.TraceFlags:         Recorded
Activity.ActivitySourceName: Microsoft.AspNetCore
Activity.DisplayName:        PUT /api/tenants/{tenantId:guid}/members/{userId:guid}
Activity.Kind:               Server
Activity.StartTime:          2025-09-20T11:49:20.9339670Z
Activity.Duration:           00:00:00.0019540
Activity.Tags:
    server.address: localhost
    http.request.method: PUT
    url.scheme: http
    url.path: /api/tenants/c06ea2ab-09f3-4b46-b608-93c6ac541794/members/b111479e-2f1a-4953-b17b-b309a5c940ce
    network.protocol.version: 1.1
    tenant: kevin-personal
    user: kevin@example.com
    http.route: /api/tenants/{tenantId:guid}/members/{userId:guid}
    http.response.status_code: 204
Resource associated with Activity:
    service.name: Appostolic.Api
    service.instance.id: cfc7ce07-e6a4-4518-a7e3-7e4ff99e6a9f
    telemetry.sdk.name: opentelemetry
    telemetry.sdk.language: dotnet
    telemetry.sdk.version: 1.9.0

Activity.TraceId:            7800985ec1eb768f8d05fe22319dbfbc
Activity.SpanId:             9736fa28e7d50fed
Activity.TraceFlags:         Recorded
Activity.ActivitySourceName: Microsoft.AspNetCore
Activity.DisplayName:        PUT /api/tenants/{tenantId:guid}/members/{userId:guid}
Activity.Kind:               Server
Activity.StartTime:          2025-09-20T11:49:20.9339670Z
Activity.Duration:           00:00:00.0019540
Activity.Tags:
    server.address: localhost
    http.request.method: PUT
    url.scheme: http
    url.path: /api/tenants/c06ea2ab-09f3-4b46-b608-93c6ac541794/members/b111479e-2f1a-4953-b17b-b309a5c940ce
    network.protocol.version: 1.1
    tenant: kevin-personal
    user: kevin@example.com
    http.route: /api/tenants/{tenantId:guid}/members/{userId:guid}
    http.response.status_code: 204
Resource associated with Activity:
    service.name: Appostolic.Api
    service.instance.id: cfc7ce07-e6a4-4518-a7e3-7e4ff99e6a9f
    telemetry.sdk.name: opentelemetry
    telemetry.sdk.language: dotnet
    telemetry.sdk.version: 1.9.0

Resource associated with Metric:
    service.name: Appostolic.Api
    service.instance.id: cfc7ce07-e6a4-4518-a7e3-7e4ff99e6a9f
    telemetry.sdk.name: opentelemetry
    telemetry.sdk.language: dotnet
    telemetry.sdk.version: 1.9.0

Metric Name: process.runtime.dotnet.gc.collections.count, Number of garbage collections that have occurred since process start., Meter: OpenTelemetry.Instrumentation.Runtime/1.9.0
(2025-09-20T11:49:20.8463130Z, 2025-09-20T11:49:20.9364750Z] generation: gen2 LongSum
Value: 15
(2025-09-20T11:49:20.8463130Z, 2025-09-20T11:49:20.9364750Z] generation: gen1 LongSum
Value: 22
(2025-09-20T11:49:20.8463130Z, 2025-09-20T11:49:20.9364750Z] generation: gen0 LongSum
Value: 47

Metric Name: process.runtime.dotnet.gc.objects.size, Count of bytes currently in use by objects in the GC heap that haven't been collected yet. Fragmentation and other GC committed memory pools are excluded., Unit: bytes, Meter: OpenTelemetry.Instrumentation.Runtime/1.9.0
(2025-09-20T11:49:20.8463180Z, 2025-09-20T11:49:20.9364750Z] LongSumNonMonotonic
Value: 485451832

Metric Name: process.runtime.dotnet.gc.allocations.size, Count of bytes allocated on the managed GC heap since the process start. .NET objects are allocated from this heap. Object allocations from unmanaged languages such as C/C++ do not use this heap., Unit: bytes, Meter: OpenTelemetry.Instrumentation.Runtime/1.9.0
(2025-09-20T11:49:20.8463220Z, 2025-09-20T11:49:20.9364750Z] LongSum
Value: 2388622344

Metric Name: process.runtime.dotnet.gc.committed_memory.size, The amount of committed virtual memory for the managed GC heap, as observed during the latest garbage collection. Committed virtual memory may be larger than the heap size because it includes both memory for storing existing objects (the heap size) and some extra memory that is ready to handle newly allocated objects in the future. The value will be unavailable until at least one garbage collection has occurred., Unit: bytes, Meter: OpenTelemetry.Instrumentation.Runtime/1.9.0
(2025-09-20T11:49:20.8463250Z, 2025-09-20T11:49:20.9364750Z] LongSumNonMonotonic
Value: 363544576

Metric Name: process.runtime.dotnet.gc.heap.size, The heap size (including fragmentation), as observed during the latest garbage collection. The value will be unavailable until at least one garbage collection has occurred., Unit: bytes, Meter: OpenTelemetry.Instrumentation.Runtime/1.9.0
(2025-09-20T11:49:20.8463290Z, 2025-09-20T11:49:20.9364750Z] generation: gen0 LongSumNonMonotonic
Value: 6443496
(2025-09-20T11:49:20.8463290Z, 2025-09-20T11:49:20.9364750Z] generation: gen1 LongSumNonMonotonic
Value: 5365480
(2025-09-20T11:49:20.8463290Z, 2025-09-20T11:49:20.9364750Z] generation: gen2 LongSumNonMonotonic
Value: 122807456
(2025-09-20T11:49:20.8463290Z, 2025-09-20T11:49:20.9364750Z] generation: loh LongSumNonMonotonic
Value: 228173848
(2025-09-20T11:49:20.8463290Z, 2025-09-20T11:49:20.9364750Z] generation: poh LongSumNonMonotonic
Value: 262336

Metric Name: process.runtime.dotnet.gc.heap.fragmentation.size, The heap fragmentation, as observed during the latest garbage collection. The value will be unavailable until at least one garbage collection has occurred., Unit: bytes, Meter: OpenTelemetry.Instrumentation.Runtime/1.9.0
(2025-09-20T11:49:20.8463330Z, 2025-09-20T11:49:20.9364750Z] generation: gen0 LongSumNonMonotonic
Value: 6442280
(2025-09-20T11:49:20.8463330Z, 2025-09-20T11:49:20.9364750Z] generation: gen1 LongSumNonMonotonic
Value: 57984
(2025-09-20T11:49:20.8463330Z, 2025-09-20T11:49:20.9364750Z] generation: gen2 LongSumNonMonotonic
Value: 1131424
(2025-09-20T11:49:20.8463330Z, 2025-09-20T11:49:20.9364750Z] generation: loh LongSumNonMonotonic
Value: 1486864
(2025-09-20T11:49:20.8463330Z, 2025-09-20T11:49:20.9364750Z] generation: poh LongSumNonMonotonic
Value: 0

Metric Name: process.runtime.dotnet.gc.duration, The total amount of time paused in GC since the process start., Unit: ns, Meter: OpenTelemetry.Instrumentation.Runtime/1.9.0
(2025-09-20T11:49:20.8463360Z, 2025-09-20T11:49:20.9364760Z] LongSum
Value: 816600000

Metric Name: process.runtime.dotnet.jit.il_compiled.size, Count of bytes of intermediate language that have been compiled since the process start., Unit: bytes, Meter: OpenTelemetry.Instrumentation.Runtime/1.9.0
(2025-09-20T11:49:20.8463410Z, 2025-09-20T11:49:20.9364760Z] LongSum
Value: 5529667

Metric Name: process.runtime.dotnet.jit.methods_compiled.count, The number of times the JIT compiler compiled a method since the process start. The JIT compiler may be invoked multiple times for the same method to compile with different generic parameters, or because tiered compilation requested different optimization settings., Meter: OpenTelemetry.Instrumentation.Runtime/1.9.0
(2025-09-20T11:49:20.8463450Z, 2025-09-20T11:49:20.9364760Z] LongSum
Value: 65479

Metric Name: process.runtime.dotnet.jit.compilation_time, The amount of time the JIT compiler has spent compiling methods since the process start., Unit: ns, Meter: OpenTelemetry.Instrumentation.Runtime/1.9.0
(2025-09-20T11:49:20.8463490Z, 2025-09-20T11:49:20.9364760Z] LongSum
Value: 16462927200

Metric Name: process.runtime.dotnet.monitor.lock_contention.count, The number of times there was contention when trying to acquire a monitor lock since the process start. Monitor locks are commonly acquired by using the lock keyword in C#, or by calling Monitor.Enter() and Monitor.TryEnter()., Meter: OpenTelemetry.Instrumentation.Runtime/1.9.0
(2025-09-20T11:49:20.8463520Z, 2025-09-20T11:49:20.9364760Z] LongSum
Value: 237

Metric Name: process.runtime.dotnet.thread_pool.threads.count, The number of thread pool threads that currently exist., Meter: OpenTelemetry.Instrumentation.Runtime/1.9.0
(2025-09-20T11:49:20.8463560Z, 2025-09-20T11:49:20.9364760Z] LongSumNonMonotonic
Value: 14

Metric Name: process.runtime.dotnet.thread_pool.completed_items.count, The number of work items that have been processed by the thread pool since the process start., Meter: OpenTelemetry.Instrumentation.Runtime/1.9.0
(2025-09-20T11:49:20.8463590Z, 2025-09-20T11:49:20.9364760Z] LongSum
Value: 3011

Metric Name: process.runtime.dotnet.thread_pool.queue.length, The number of work items that are currently queued to be processed by the thread pool., Meter: OpenTelemetry.Instrumentation.Runtime/1.9.0
(2025-09-20T11:49:20.8463630Z, 2025-09-20T11:49:20.9364760Z] LongSumNonMonotonic
Value: 0

Metric Name: process.runtime.dotnet.timer.count, The number of timer instances that are currently active. Timers can be created by many sources such as System.Threading.Timer, Task.Delay, or the timeout in a CancellationSource. An active timer is registered to tick at some point in the future and has not yet been canceled., Meter: OpenTelemetry.Instrumentation.Runtime/1.9.0
(2025-09-20T11:49:20.8463660Z, 2025-09-20T11:49:20.9364760Z] LongSumNonMonotonic
Value: 8

Metric Name: process.runtime.dotnet.assemblies.count, The number of .NET assemblies that are currently loaded., Meter: OpenTelemetry.Instrumentation.Runtime/1.9.0
(2025-09-20T11:49:20.8463700Z, 2025-09-20T11:49:20.9364760Z] LongSumNonMonotonic
Value: 212

Metric Name: http.server.active_requests, Number of active HTTP server requests., Unit: {request}, Meter: Microsoft.AspNetCore.Hosting
(2025-09-20T11:49:20.8464820Z, 2025-09-20T11:49:20.9364800Z] http.request.method: POST url.scheme: http LongSumNonMonotonic
Value: 0
(2025-09-20T11:49:20.8464820Z, 2025-09-20T11:49:20.9364800Z] http.request.method: PUT url.scheme: http LongSumNonMonotonic
Value: 0

Metric Name: http.server.request.duration, Duration of HTTP server requests., Unit: s, Meter: Microsoft.AspNetCore.Hosting
(2025-09-20T11:49:20.8464850Z, 2025-09-20T11:49:20.9364800Z] http.request.method: POST http.response.status_code: 400 http.route: /api/tenants/{tenantId:guid}/invites network.protocol.version: 1.1 url.scheme: http Histogram
Value: Sum: 0.0437065 Count: 1 Min: 0.0437065 Max: 0.0437065 
(-Infinity,0.005]:0
(0.005,0.01]:0
(0.01,0.025]:0
(0.025,0.05]:1
(0.05,0.075]:0
(0.075,0.1]:0
(0.1,0.25]:0
(0.25,0.5]:0
(0.5,0.75]:0
(0.75,1]:0
(1,2.5]:0
(2.5,5]:0
(5,7.5]:0
(7.5,10]:0
(10,+Infinity]:0

(2025-09-20T11:49:20.8464850Z, 2025-09-20T11:49:20.9364800Z] http.request.method: PUT http.response.status_code: 204 http.route: /api/tenants/{tenantId:guid}/members/{userId:guid} network.protocol.version: 1.1 url.scheme: http Histogram
Value: Sum: 0.0019518 Count: 1 Min: 0.0019518 Max: 0.0019518 
(-Infinity,0.005]:1
(0.005,0.01]:0
(0.01,0.025]:0
(0.025,0.05]:0
(0.05,0.075]:0
(0.075,0.1]:0
(0.1,0.25]:0
(0.25,0.5]:0
(0.5,0.75]:0
(0.75,1]:0
(1,2.5]:0
(2.5,5]:0
(5,7.5]:0
(7.5,10]:0
(10,+Infinity]:0


Metric Name: aspnetcore.routing.match_attempts, Number of requests that were attempted to be matched to an endpoint., Unit: {match_attempt}, Meter: Microsoft.AspNetCore.Routing
(2025-09-20T11:49:20.8464900Z, 2025-09-20T11:49:20.9364800Z] aspnetcore.routing.is_fallback: false aspnetcore.routing.match_status: success http.route: /api/tenants/{tenantId:guid}/invites LongSum
Value: 1
(2025-09-20T11:49:20.8464900Z, 2025-09-20T11:49:20.9364800Z] aspnetcore.routing.is_fallback: false aspnetcore.routing.match_status: success http.route: /api/tenants/{tenantId:guid}/members/{userId:guid} LongSum
Value: 1
info: Appostolic.Api.Application.Agents.Queue.AgentTaskWorker[0]
      AgentTaskWorker started.
info: Microsoft.Hosting.Lifetime[0]
      Application started. Press Ctrl+C to shut down.
info: Microsoft.Hosting.Lifetime[0]
      Hosting environment: Production
info: Microsoft.Hosting.Lifetime[0]
      Content root path: /Users/kevinmccreary/appostolic/apps/api.tests/bin/Debug/net8.0
info: Microsoft.EntityFrameworkCore.Update[30100]
      Saved 1 entities to in-memory store.
info: Microsoft.EntityFrameworkCore.Update[30100]
      Saved 1 entities to in-memory store.
Activity.TraceId:            8295f1c72feb636fe654d18eded62f7b
Activity.SpanId:             8975edcdfedc5d52
Activity.TraceFlags:         Recorded
Activity.ParentSpanId:       0913bae1076f1b6e
Activity.ActivitySourceName: Appostolic.AgentRuntime
Activity.DisplayName:        agent.model
Activity.Kind:               Internal
Activity.StartTime:          2025-09-20T11:49:21.0349770Z
Activity.Duration:           00:00:00.0001680
Activity.Tags:
    agent.id: 11111111-1111-1111-1111-111111111111
    task.id: 17249b8e-f526-4578-b9d0-7f9d09f7f408
    tenant: kevin-personal
    user: kevin@example.com
    step: 1
    model.name: gpt-4o-mini
    maxSteps: 8
    duration.ms: 0
Resource associated with Activity:
    service.name: Appostolic.Api
    service.instance.id: cfc7ce07-e6a4-4518-a7e3-7e4ff99e6a9f
    telemetry.sdk.name: opentelemetry
    telemetry.sdk.language: dotnet
    telemetry.sdk.version: 1.9.0

Activity.TraceId:            8295f1c72feb636fe654d18eded62f7b
Activity.SpanId:             8975edcdfedc5d52
Activity.TraceFlags:         Recorded
Activity.ParentSpanId:       0913bae1076f1b6e
Activity.ActivitySourceName: Appostolic.AgentRuntime
Activity.DisplayName:        agent.model
Activity.Kind:               Internal
Activity.StartTime:          2025-09-20T11:49:21.0349770Z
Activity.Duration:           00:00:00.0001680
Activity.Tags:
    agent.id: 11111111-1111-1111-1111-111111111111
    task.id: 17249b8e-f526-4578-b9d0-7f9d09f7f408
    tenant: kevin-personal
    user: kevin@example.com
    step: 1
    model.name: gpt-4o-mini
    maxSteps: 8
    duration.ms: 0
Resource associated with Activity:
    service.name: Appostolic.Api
    service.instance.id: cfc7ce07-e6a4-4518-a7e3-7e4ff99e6a9f
    telemetry.sdk.name: opentelemetry
    telemetry.sdk.language: dotnet
    telemetry.sdk.version: 1.9.0

info: Microsoft.EntityFrameworkCore.Update[30100]
      Saved 2 entities to in-memory store.
info: Appostolic.Api.Application.Agents.Tools.WebSearchTool[0]
      web.search q="intro" hits=1
Activity.TraceId:            8295f1c72feb636fe654d18eded62f7b
Activity.SpanId:             abdc0f471901c75f
Activity.TraceFlags:         Recorded
Activity.ParentSpanId:       b953d022186c9ffd
Activity.ActivitySourceName: Appostolic.Tools
Activity.DisplayName:        tool.invoke
info: Appostolic.Api.Application.Agents.Tools.WebSearchTool[0]
      tool.call name=web.search tenant=kevin-personal user=kevin@example.com success=True durationMs=1
Activity.Kind:               Internal
Activity.StartTime:          2025-09-20T11:49:21.0419180Z
Activity.Duration:           00:00:00.0007170
Activity.Tags:
    tool.name: web.search
    tenant: kevin-personal
    user: kevin@example.com
    duration.ms: 1
    success: true
Resource associated with Activity:
    service.name: Appostolic.Api
    service.instance.id: cfc7ce07-e6a4-4518-a7e3-7e4ff99e6a9f
    telemetry.sdk.name: opentelemetry
    telemetry.sdk.language: dotnet
    telemetry.sdk.version: 1.9.0

Activity.TraceId:            8295f1c72feb636fe654d18eded62f7b
Activity.SpanId:             abdc0f471901c75f
Activity.TraceFlags:         Recorded
Activity.ParentSpanId:       b953d022186c9ffd
Activity.ActivitySourceName: Appostolic.Tools
Activity.DisplayName:        tool.invoke
Activity.Kind:               Internal
Activity.StartTime:          2025-09-20T11:49:21.0419180Z
Activity.Duration:           00:00:00.0007170
Activity.Tags:
    tool.name: web.search
    tenant: kevin-personal
    user: kevin@example.com
    duration.ms: 1
    success: true
Resource associated with Activity:
    service.name: Appostolic.Api
    service.instance.id: cfc7ce07-e6a4-4518-a7e3-7e4ff99e6a9f
    telemetry.sdk.name: opentelemetry
    telemetry.sdk.language: dotnet
    telemetry.sdk.version: 1.9.0

Activity.TraceId:            8295f1c72feb636fe654d18eded62f7b
Activity.SpanId:             b953d022186c9ffd
Activity.TraceFlags:         Recorded
Activity.ParentSpanId:       0913bae1076f1b6e
Activity.ActivitySourceName: Appostolic.Tools
Activity.DisplayName:        tool.web.search
Activity.Kind:               Internal
Activity.StartTime:          2025-09-20T11:49:21.0419150Z
Activity.Duration:           00:00:00.0007650
Activity.Tags:
    tool.name: web.search
    tenant: kevin-personal
    user: kevin@example.com
    success: true
    duration.ms: 0
Resource associated with Activity:
    service.name: Appostolic.Api
    service.instance.id: cfc7ce07-e6a4-4518-a7e3-7e4ff99e6a9f
    telemetry.sdk.name: opentelemetry
    telemetry.sdk.language: dotnet
    telemetry.sdk.version: 1.9.0

Activity.TraceId:            8295f1c72feb636fe654d18eded62f7b
Activity.SpanId:             b953d022186c9ffd
Activity.TraceFlags:         Recorded
Activity.ParentSpanId:       0913bae1076f1b6e
Activity.ActivitySourceName: Appostolic.Tools
Activity.DisplayName:        tool.web.search
Activity.Kind:               Internal
Activity.StartTime:          2025-09-20T11:49:21.0419150Z
Activity.Duration:           00:00:00.0007650
Activity.Tags:
    tool.name: web.search
    tenant: kevin-personal
    user: kevin@example.com
    success: true
    duration.ms: 0
Resource associated with Activity:
    service.name: Appostolic.Api
    service.instance.id: cfc7ce07-e6a4-4518-a7e3-7e4ff99e6a9f
    telemetry.sdk.name: opentelemetry
    telemetry.sdk.language: dotnet
    telemetry.sdk.version: 1.9.0

info: Microsoft.EntityFrameworkCore.Update[30100]
      Saved 1 entities to in-memory store.
Activity.TraceId:            8295f1c72feb636fe654d18eded62f7b
Activity.SpanId:             d781f860ee3811e6
Activity.TraceFlags:         Recorded
Activity.ParentSpanId:       0913bae1076f1b6e
Activity.ActivitySourceName: Appostolic.AgentRuntime
Activity.DisplayName:        agent.model
Activity.Kind:               Internal
Activity.StartTime:          2025-09-20T11:49:21.0429320Z
Activity.Duration:           00:00:00.0000310
Activity.Tags:
    agent.id: 11111111-1111-1111-1111-111111111111
    task.id: 17249b8e-f526-4578-b9d0-7f9d09f7f408
    tenant: kevin-personal
    user: kevin@example.com
    step: 3
    model.name: gpt-4o-mini
    maxSteps: 8
    duration.ms: 0
Resource associated with Activity:
    service.name: Appostolic.Api
    service.instance.id: cfc7ce07-e6a4-4518-a7e3-7e4ff99e6a9f
    telemetry.sdk.name: opentelemetry
    telemetry.sdk.language: dotnet
    telemetry.sdk.version: 1.9.0

Activity.TraceId:            8295f1c72feb636fe654d18eded62f7b
Activity.SpanId:             d781f860ee3811e6
Activity.TraceFlags:         Recorded
Activity.ParentSpanId:       0913bae1076f1b6e
Activity.ActivitySourceName: Appostolic.AgentRuntime
Activity.DisplayName:        agent.model
Activity.Kind:               Internal
Activity.StartTime:          2025-09-20T11:49:21.0429320Z
Activity.Duration:           00:00:00.0000310
Activity.Tags:
    agent.id: 11111111-1111-1111-1111-111111111111
    task.id: 17249b8e-f526-4578-b9d0-7f9d09f7f408
    tenant: kevin-personal
    user: kevin@example.com
    step: 3
    model.name: gpt-4o-mini
    maxSteps: 8
    duration.ms: 0
Resource associated with Activity:
    service.name: Appostolic.Api
    service.instance.id: cfc7ce07-e6a4-4518-a7e3-7e4ff99e6a9f
    telemetry.sdk.name: opentelemetry
    telemetry.sdk.language: dotnet
    telemetry.sdk.version: 1.9.0

info: Microsoft.EntityFrameworkCore.Update[30100]
      Saved 1 entities to in-memory store.
info: Appostolic.Api.Application.Agents.Runtime.AgentOrchestrator[0]
      Task succeeded at step 3
Activity.TraceId:            8295f1c72feb636fe654d18eded62f7b
Activity.SpanId:             0913bae1076f1b6e
Activity.TraceFlags:         Recorded
Activity.ActivitySourceName: Appostolic.AgentRuntime
Activity.DisplayName:        agent.run
Activity.Kind:               Internal
Activity.StartTime:          2025-09-20T11:49:21.0346350Z
Activity.Duration:           00:00:00.0087090
Activity.Tags:
    task.id: 17249b8e-f526-4578-b9d0-7f9d09f7f408
    agent.id: 11111111-1111-1111-1111-111111111111
    tenant: kevin-personal
    user: kevin@example.com
Resource associated with Activity:
    service.name: Appostolic.Api
    service.instance.id: cfc7ce07-e6a4-4518-a7e3-7e4ff99e6a9f
    telemetry.sdk.name: opentelemetry
    telemetry.sdk.language: dotnet
    telemetry.sdk.version: 1.9.0

Activity.TraceId:            8295f1c72feb636fe654d18eded62f7b
Activity.SpanId:             0913bae1076f1b6e
Activity.TraceFlags:         Recorded
Activity.ActivitySourceName: Appostolic.AgentRuntime
Activity.DisplayName:        agent.run
Activity.Kind:               Internal
Activity.StartTime:          2025-09-20T11:49:21.0346350Z
Activity.Duration:           00:00:00.0087090
Activity.Tags:
    task.id: 17249b8e-f526-4578-b9d0-7f9d09f7f408
    agent.id: 11111111-1111-1111-1111-111111111111
    tenant: kevin-personal
    user: kevin@example.com
Resource associated with Activity:
    service.name: Appostolic.Api
    service.instance.id: cfc7ce07-e6a4-4518-a7e3-7e4ff99e6a9f
    telemetry.sdk.name: opentelemetry
    telemetry.sdk.language: dotnet
    telemetry.sdk.version: 1.9.0

info: Microsoft.Hosting.Lifetime[0]
      Application is shutting down...
info: Appostolic.Api.Application.Agents.Queue.AgentTaskWorker[0]
      AgentTaskWorker stopping. dequeued=1 inflight=False inflightTaskId=(null)
Activity.TraceId:            712a9f2675c6d658474b5ef73b81889b
Activity.SpanId:             385a2aaa0349f9d0
Activity.TraceFlags:         Recorded
Activity.ActivitySourceName: Appostolic.AgentRuntime
Activity.DisplayName:        agent.model
Activity.Kind:               Internal
Activity.StartTime:          2025-09-20T11:49:21.0513640Z
Activity.Duration:           00:00:00.0000600
Activity.Tags:
    agent.id: 1532ed52-86b9-427e-8708-38c6dbdae4c9
    task.id: 0b59f3b6-5405-4d0a-9ec9-23b25366ce7f
    tenant: t1
    user: u1
    step: 1
    model.name: mock
    maxSteps: 8
    duration.ms: 0
Resource associated with Activity:
    service.name: Appostolic.Api
    service.instance.id: cfc7ce07-e6a4-4518-a7e3-7e4ff99e6a9f
    telemetry.sdk.name: opentelemetry
    telemetry.sdk.language: dotnet
    telemetry.sdk.version: 1.9.0

Activity.TraceId:            712a9f2675c6d658474b5ef73b81889b
Activity.SpanId:             385a2aaa0349f9d0
Activity.TraceFlags:         Recorded
Activity.ActivitySourceName: Appostolic.AgentRuntime
Activity.DisplayName:        agent.model
Activity.Kind:               Internal
Activity.StartTime:          2025-09-20T11:49:21.0513640Z
Activity.Duration:           00:00:00.0000600
Activity.Tags:
    agent.id: 1532ed52-86b9-427e-8708-38c6dbdae4c9
    task.id: 0b59f3b6-5405-4d0a-9ec9-23b25366ce7f
    tenant: t1
    user: u1
    step: 1
    model.name: mock
    maxSteps: 8
    duration.ms: 0
Resource associated with Activity:
    service.name: Appostolic.Api
    service.instance.id: cfc7ce07-e6a4-4518-a7e3-7e4ff99e6a9f
    telemetry.sdk.name: opentelemetry
    telemetry.sdk.language: dotnet
    telemetry.sdk.version: 1.9.0

Activity.TraceId:            569e0ed94a9931fbeb9318a3ad4a5a5e
Activity.SpanId:             04bdac8f587bff97
Activity.TraceFlags:         Recorded
Activity.ParentSpanId:       ef8a7ea84f201b83
Activity.ActivitySourceName: Appostolic.Tools
Activity.DisplayName:        tool.invoke
Activity.Kind:               Internal
Activity.StartTime:          2025-09-20T11:49:21.0516020Z
Activity.Duration:           00:00:00.0000570
Activity.Tags:
    tool.name: web.search
    tenant: t1
    user: u1
    duration.ms: 1
    success: true
Resource associated with Activity:
    service.name: Appostolic.Api
    service.instance.id: cfc7ce07-e6a4-4518-a7e3-7e4ff99e6a9f
    telemetry.sdk.name: opentelemetry
    telemetry.sdk.language: dotnet
    telemetry.sdk.version: 1.9.0

Activity.TraceId:            569e0ed94a9931fbeb9318a3ad4a5a5e
Activity.SpanId:             04bdac8f587bff97
Activity.TraceFlags:         Recorded
Activity.ParentSpanId:       ef8a7ea84f201b83
Activity.ActivitySourceName: Appostolic.Tools
Activity.DisplayName:        tool.invoke
Activity.Kind:               Internal
Activity.StartTime:          2025-09-20T11:49:21.0516020Z
Activity.Duration:           00:00:00.0000570
Activity.Tags:
    tool.name: web.search
    tenant: t1
    user: u1
    duration.ms: 1
    success: true
Resource associated with Activity:
    service.name: Appostolic.Api
    service.instance.id: cfc7ce07-e6a4-4518-a7e3-7e4ff99e6a9f
    telemetry.sdk.name: opentelemetry
    telemetry.sdk.language: dotnet
    telemetry.sdk.version: 1.9.0

Activity.TraceId:            569e0ed94a9931fbeb9318a3ad4a5a5e
Activity.SpanId:             ef8a7ea84f201b83
Activity.TraceFlags:         Recorded
Activity.ActivitySourceName: Appostolic.Tools
Activity.DisplayName:        tool.web.search
Activity.Kind:               Internal
Activity.StartTime:          2025-09-20T11:49:21.0515990Z
Activity.Duration:           00:00:00.0001100
Activity.Tags:
    tool.name: web.search
    tenant: t1
    user: u1
    success: true
    duration.ms: 0
Resource associated with Activity:
    service.name: Appostolic.Api
    service.instance.id: cfc7ce07-e6a4-4518-a7e3-7e4ff99e6a9f
    telemetry.sdk.name: opentelemetry
    telemetry.sdk.language: dotnet
    telemetry.sdk.version: 1.9.0

Activity.TraceId:            569e0ed94a9931fbeb9318a3ad4a5a5e
Activity.SpanId:             ef8a7ea84f201b83
Activity.TraceFlags:         Recorded
Activity.ActivitySourceName: Appostolic.Tools
Activity.DisplayName:        tool.web.search
Activity.Kind:               Internal
Activity.StartTime:          2025-09-20T11:49:21.0515990Z
Activity.Duration:           00:00:00.0001100
Activity.Tags:
    tool.name: web.search
    tenant: t1
    user: u1
    success: true
    duration.ms: 0
Resource associated with Activity:
    service.name: Appostolic.Api
    service.instance.id: cfc7ce07-e6a4-4518-a7e3-7e4ff99e6a9f
    telemetry.sdk.name: opentelemetry
    telemetry.sdk.language: dotnet
    telemetry.sdk.version: 1.9.0

Activity.TraceId:            b5c7cd3eb66ddcaad066900a8fd7f323
Activity.SpanId:             577f217043168f8f
Activity.TraceFlags:         Recorded
Activity.ActivitySourceName: Appostolic.AgentRuntime
Activity.DisplayName:        agent.model
Activity.Kind:               Internal
Activity.StartTime:          2025-09-20T11:49:21.0518180Z
Activity.Duration:           00:00:00.0000140
Activity.Tags:
    agent.id: 1532ed52-86b9-427e-8708-38c6dbdae4c9
    task.id: 0b59f3b6-5405-4d0a-9ec9-23b25366ce7f
    tenant: t1
    user: u1
    step: 3
    model.name: mock
    maxSteps: 8
    duration.ms: 0
Resource associated with Activity:
    service.name: Appostolic.Api
    service.instance.id: cfc7ce07-e6a4-4518-a7e3-7e4ff99e6a9f
    telemetry.sdk.name: opentelemetry
    telemetry.sdk.language: dotnet
    telemetry.sdk.version: 1.9.0

Activity.TraceId:            b5c7cd3eb66ddcaad066900a8fd7f323
Activity.SpanId:             577f217043168f8f
Activity.TraceFlags:         Recorded
Activity.ActivitySourceName: Appostolic.AgentRuntime
Activity.DisplayName:        agent.model
Activity.Kind:               Internal
Activity.StartTime:          2025-09-20T11:49:21.0518180Z
Activity.Duration:           00:00:00.0000140
Activity.Tags:
    agent.id: 1532ed52-86b9-427e-8708-38c6dbdae4c9
    task.id: 0b59f3b6-5405-4d0a-9ec9-23b25366ce7f
    tenant: t1
    user: u1
    step: 3
    model.name: mock
    maxSteps: 8
    duration.ms: 0
Resource associated with Activity:
    service.name: Appostolic.Api
    service.instance.id: cfc7ce07-e6a4-4518-a7e3-7e4ff99e6a9f
    telemetry.sdk.name: opentelemetry
    telemetry.sdk.language: dotnet
    telemetry.sdk.version: 1.9.0

Activity.TraceId:            fc64fc4c5f3aa6f24961893809ff286d
Activity.SpanId:             aeb72b74889e6b5e
Activity.TraceFlags:         Recorded
Activity.ParentSpanId:       5ef71a0402f27bd5
Activity.ActivitySourceName: Appostolic.Tools
Activity.DisplayName:        tool.invoke
Activity.Kind:               Internal
Activity.StartTime:          2025-09-20T11:49:21.0518980Z
Activity.Duration:           00:00:00.0000110
Activity.Tags:
    tool.name: web.search
    tenant: t1
    user: u1
    duration.ms: 1
    success: true
Resource associated with Activity:
    service.name: Appostolic.Api
    service.instance.id: cfc7ce07-e6a4-4518-a7e3-7e4ff99e6a9f
    telemetry.sdk.name: opentelemetry
    telemetry.sdk.language: dotnet
    telemetry.sdk.version: 1.9.0

Activity.TraceId:            fc64fc4c5f3aa6f24961893809ff286d
Activity.SpanId:             aeb72b74889e6b5e
Activity.TraceFlags:         Recorded
Activity.ParentSpanId:       5ef71a0402f27bd5
Activity.ActivitySourceName: Appostolic.Tools
Activity.DisplayName:        tool.invoke
Activity.Kind:               Internal
Activity.StartTime:          2025-09-20T11:49:21.0518980Z
Activity.Duration:           00:00:00.0000110
Activity.Tags:
    tool.name: web.search
    tenant: t1
    user: u1
    duration.ms: 1
    success: true
Resource associated with Activity:
    service.name: Appostolic.Api
    service.instance.id: cfc7ce07-e6a4-4518-a7e3-7e4ff99e6a9f
    telemetry.sdk.name: opentelemetry
    telemetry.sdk.language: dotnet
    telemetry.sdk.version: 1.9.0

Activity.TraceId:            fc64fc4c5f3aa6f24961893809ff286d
Activity.SpanId:             5ef71a0402f27bd5
Activity.TraceFlags:         Recorded
Activity.ActivitySourceName: Appostolic.Tools
Activity.DisplayName:        tool.web.search
Activity.Kind:               Internal
Activity.StartTime:          2025-09-20T11:49:21.0518960Z
Activity.Duration:           00:00:00.0000370
Activity.Tags:
    tool.name: web.search
    tenant: t1
    user: u1
    success: true
    duration.ms: 0
Resource associated with Activity:
    service.name: Appostolic.Api
    service.instance.id: cfc7ce07-e6a4-4518-a7e3-7e4ff99e6a9f
    telemetry.sdk.name: opentelemetry
    telemetry.sdk.language: dotnet
    telemetry.sdk.version: 1.9.0

Activity.TraceId:            fc64fc4c5f3aa6f24961893809ff286d
Activity.SpanId:             5ef71a0402f27bd5
Activity.TraceFlags:         Recorded
Activity.ActivitySourceName: Appostolic.Tools
Activity.DisplayName:        tool.web.search
Activity.Kind:               Internal
Activity.StartTime:          2025-09-20T11:49:21.0518960Z
Activity.Duration:           00:00:00.0000370
Activity.Tags:
    tool.name: web.search
    tenant: t1
    user: u1
    success: true
    duration.ms: 0
Resource associated with Activity:
    service.name: Appostolic.Api
    service.instance.id: cfc7ce07-e6a4-4518-a7e3-7e4ff99e6a9f
    telemetry.sdk.name: opentelemetry
    telemetry.sdk.language: dotnet
    telemetry.sdk.version: 1.9.0

Activity.TraceId:            ed6e594d2e90eeea0918cf2b8928b08d
Activity.SpanId:             dd3211a1d20de8ef
Activity.TraceFlags:         Recorded
Activity.ActivitySourceName: Appostolic.AgentRuntime
Activity.DisplayName:        agent.model
Activity.Kind:               Internal
Activity.StartTime:          2025-09-20T11:49:21.0520040Z
Activity.Duration:           00:00:00.0000030
Activity.Tags:
    agent.id: 1532ed52-86b9-427e-8708-38c6dbdae4c9
    task.id: 0b59f3b6-5405-4d0a-9ec9-23b25366ce7f
    tenant: t1
    user: u1
    step: 5
    model.name: mock
    maxSteps: 8
    duration.ms: 0
Resource associated with Activity:
    service.name: Appostolic.Api
    service.instance.id: cfc7ce07-e6a4-4518-a7e3-7e4ff99e6a9f
    telemetry.sdk.name: opentelemetry
    telemetry.sdk.language: dotnet
    telemetry.sdk.version: 1.9.0

Activity.TraceId:            ed6e594d2e90eeea0918cf2b8928b08d
Activity.SpanId:             dd3211a1d20de8ef
Activity.TraceFlags:         Recorded
Activity.ActivitySourceName: Appostolic.AgentRuntime
Activity.DisplayName:        agent.model
Activity.Kind:               Internal
Activity.StartTime:          2025-09-20T11:49:21.0520040Z
Activity.Duration:           00:00:00.0000030
Activity.Tags:
    agent.id: 1532ed52-86b9-427e-8708-38c6dbdae4c9
    task.id: 0b59f3b6-5405-4d0a-9ec9-23b25366ce7f
    tenant: t1
    user: u1
    step: 5
    model.name: mock
    maxSteps: 8
    duration.ms: 0
Resource associated with Activity:
    service.name: Appostolic.Api
    service.instance.id: cfc7ce07-e6a4-4518-a7e3-7e4ff99e6a9f
    telemetry.sdk.name: opentelemetry
    telemetry.sdk.language: dotnet
    telemetry.sdk.version: 1.9.0

Activity.TraceId:            15a176595ff2ecef1bb021ee6b057187
Activity.SpanId:             a7da4974de52703f
Activity.TraceFlags:         Recorded
Activity.ParentSpanId:       e7f2e1a7a4f4e87b
Activity.ActivitySourceName: Appostolic.Tools
Activity.DisplayName:        tool.invoke
Activity.Kind:               Internal
Activity.StartTime:          2025-09-20T11:49:21.0520680Z
Activity.Duration:           00:00:00.0000080
Activity.Tags:
    tool.name: web.search
    tenant: t1
    user: u1
    duration.ms: 1
    success: true
Resource associated with Activity:
    service.name: Appostolic.Api
    service.instance.id: cfc7ce07-e6a4-4518-a7e3-7e4ff99e6a9f
    telemetry.sdk.name: opentelemetry
    telemetry.sdk.language: dotnet
    telemetry.sdk.version: 1.9.0

Activity.TraceId:            15a176595ff2ecef1bb021ee6b057187
Activity.SpanId:             a7da4974de52703f
Activity.TraceFlags:         Recorded
Activity.ParentSpanId:       e7f2e1a7a4f4e87b
Activity.ActivitySourceName: Appostolic.Tools
Activity.DisplayName:        tool.invoke
Activity.Kind:               Internal
Activity.StartTime:          2025-09-20T11:49:21.0520680Z
Activity.Duration:           00:00:00.0000080
Activity.Tags:
    tool.name: web.search
    tenant: t1
    user: u1
    duration.ms: 1
    success: true
Resource associated with Activity:
    service.name: Appostolic.Api
    service.instance.id: cfc7ce07-e6a4-4518-a7e3-7e4ff99e6a9f
    telemetry.sdk.name: opentelemetry
    telemetry.sdk.language: dotnet
    telemetry.sdk.version: 1.9.0

Activity.TraceId:            15a176595ff2ecef1bb021ee6b057187
Activity.SpanId:             e7f2e1a7a4f4e87b
Activity.TraceFlags:         Recorded
Activity.ActivitySourceName: Appostolic.Tools
Activity.DisplayName:        tool.web.search
Activity.Kind:               Internal
Activity.StartTime:          2025-09-20T11:49:21.0520670Z
Activity.Duration:           00:00:00.0000380
Activity.Tags:
    tool.name: web.search
    tenant: t1
    user: u1
    success: true
    duration.ms: 0
Resource associated with Activity:
    service.name: Appostolic.Api
    service.instance.id: cfc7ce07-e6a4-4518-a7e3-7e4ff99e6a9f
    telemetry.sdk.name: opentelemetry
    telemetry.sdk.language: dotnet
    telemetry.sdk.version: 1.9.0

Activity.TraceId:            15a176595ff2ecef1bb021ee6b057187
Activity.SpanId:             e7f2e1a7a4f4e87b
Activity.TraceFlags:         Recorded
Activity.ActivitySourceName: Appostolic.Tools
Activity.DisplayName:        tool.web.search
Activity.Kind:               Internal
Activity.StartTime:          2025-09-20T11:49:21.0520670Z
Activity.Duration:           00:00:00.0000380
Activity.Tags:
    tool.name: web.search
    tenant: t1
    user: u1
    success: true
    duration.ms: 0
Resource associated with Activity:
    service.name: Appostolic.Api
    service.instance.id: cfc7ce07-e6a4-4518-a7e3-7e4ff99e6a9f
    telemetry.sdk.name: opentelemetry
    telemetry.sdk.language: dotnet
    telemetry.sdk.version: 1.9.0

Activity.TraceId:            5236dd7bc1cd6df53fcf9202ab14ea29
Activity.SpanId:             e993ae2525b80141
Activity.TraceFlags:         Recorded
Activity.ActivitySourceName: Appostolic.AgentRuntime
Activity.DisplayName:        agent.model
Activity.Kind:               Internal
Activity.StartTime:          2025-09-20T11:49:21.0521600Z
Activity.Duration:           00:00:00.0000020
Activity.Tags:
    agent.id: 1532ed52-86b9-427e-8708-38c6dbdae4c9
    task.id: 0b59f3b6-5405-4d0a-9ec9-23b25366ce7f
    tenant: t1
    user: u1
    step: 7
    model.name: mock
    maxSteps: 8
    duration.ms: 0
Resource associated with Activity:
    service.name: Appostolic.Api
    service.instance.id: cfc7ce07-e6a4-4518-a7e3-7e4ff99e6a9f
    telemetry.sdk.name: opentelemetry
    telemetry.sdk.language: dotnet
    telemetry.sdk.version: 1.9.0

Activity.TraceId:            5236dd7bc1cd6df53fcf9202ab14ea29
Activity.SpanId:             e993ae2525b80141
Activity.TraceFlags:         Recorded
Activity.ActivitySourceName: Appostolic.AgentRuntime
Activity.DisplayName:        agent.model
Activity.Kind:               Internal
Activity.StartTime:          2025-09-20T11:49:21.0521600Z
Activity.Duration:           00:00:00.0000020
Activity.Tags:
    agent.id: 1532ed52-86b9-427e-8708-38c6dbdae4c9
    task.id: 0b59f3b6-5405-4d0a-9ec9-23b25366ce7f
    tenant: t1
    user: u1
    step: 7
    model.name: mock
    maxSteps: 8
    duration.ms: 0
Resource associated with Activity:
    service.name: Appostolic.Api
    service.instance.id: cfc7ce07-e6a4-4518-a7e3-7e4ff99e6a9f
    telemetry.sdk.name: opentelemetry
    telemetry.sdk.language: dotnet
    telemetry.sdk.version: 1.9.0

Activity.TraceId:            b0b8a218686a2481b5cb55831de81179
Activity.SpanId:             0b0763bb222dd414
Activity.TraceFlags:         Recorded
Activity.ParentSpanId:       33dd8b5c0541b448
Activity.ActivitySourceName: Appostolic.Tools
Activity.DisplayName:        tool.invoke
Activity.Kind:               Internal
Activity.StartTime:          2025-09-20T11:49:21.0522130Z
Activity.Duration:           00:00:00.0000070
Activity.Tags:
    tool.name: web.search
    tenant: t1
    user: u1
    duration.ms: 1
    success: true
Resource associated with Activity:
    service.name: Appostolic.Api
    service.instance.id: cfc7ce07-e6a4-4518-a7e3-7e4ff99e6a9f
    telemetry.sdk.name: opentelemetry
    telemetry.sdk.language: dotnet
    telemetry.sdk.version: 1.9.0

Activity.TraceId:            b0b8a218686a2481b5cb55831de81179
Activity.SpanId:             0b0763bb222dd414
Activity.TraceFlags:         Recorded
Activity.ParentSpanId:       33dd8b5c0541b448
Activity.ActivitySourceName: Appostolic.Tools
Activity.DisplayName:        tool.invoke
Activity.Kind:               Internal
Activity.StartTime:          2025-09-20T11:49:21.0522130Z
Activity.Duration:           00:00:00.0000070
Activity.Tags:
    tool.name: web.search
    tenant: t1
    user: u1
    duration.ms: 1
    success: true
Resource associated with Activity:
    service.name: Appostolic.Api
    service.instance.id: cfc7ce07-e6a4-4518-a7e3-7e4ff99e6a9f
    telemetry.sdk.name: opentelemetry
    telemetry.sdk.language: dotnet
    telemetry.sdk.version: 1.9.0

Activity.TraceId:            b0b8a218686a2481b5cb55831de81179
Activity.SpanId:             33dd8b5c0541b448
Activity.TraceFlags:         Recorded
Activity.ActivitySourceName: Appostolic.Tools
Activity.DisplayName:        tool.web.search
Activity.Kind:               Internal
Activity.StartTime:          2025-09-20T11:49:21.0522120Z
Activity.Duration:           00:00:00.0000310
Activity.Tags:
    tool.name: web.search
    tenant: t1
    user: u1
    success: true
    duration.ms: 0
Resource associated with Activity:
    service.name: Appostolic.Api
    service.instance.id: cfc7ce07-e6a4-4518-a7e3-7e4ff99e6a9f
    telemetry.sdk.name: opentelemetry
    telemetry.sdk.language: dotnet
    telemetry.sdk.version: 1.9.0

Activity.TraceId:            b0b8a218686a2481b5cb55831de81179
Activity.SpanId:             33dd8b5c0541b448
Activity.TraceFlags:         Recorded
Activity.ActivitySourceName: Appostolic.Tools
Activity.DisplayName:        tool.web.search
Activity.Kind:               Internal
Activity.StartTime:          2025-09-20T11:49:21.0522120Z
Activity.Duration:           00:00:00.0000310
Activity.Tags:
    tool.name: web.search
    tenant: t1
    user: u1
    success: true
    duration.ms: 0
Resource associated with Activity:
    service.name: Appostolic.Api
    service.instance.id: cfc7ce07-e6a4-4518-a7e3-7e4ff99e6a9f
    telemetry.sdk.name: opentelemetry
    telemetry.sdk.language: dotnet
    telemetry.sdk.version: 1.9.0

Activity.TraceId:            066e9a7561f51fd4df16e92fee40013a
Activity.SpanId:             b580a911f2bef88c
Activity.TraceFlags:         Recorded
Activity.ActivitySourceName: Appostolic.AgentRuntime
Activity.DisplayName:        agent.model
Activity.Kind:               Internal
Activity.StartTime:          2025-09-20T11:49:21.0530850Z
Activity.Duration:           00:00:00.0000020
Activity.Tags:
    agent.id: 580488cc-821b-4d07-a1b9-f247b686d156
    task.id: ccfb8fc2-dc50-4f68-90f2-3518c963adfd
    tenant: t1
    user: u1
    step: 1
    model.name: mock
    maxSteps: 1
    duration.ms: 0
Resource associated with Activity:
    service.name: Appostolic.Api
    service.instance.id: cfc7ce07-e6a4-4518-a7e3-7e4ff99e6a9f
    telemetry.sdk.name: opentelemetry
    telemetry.sdk.language: dotnet
    telemetry.sdk.version: 1.9.0

Activity.TraceId:            066e9a7561f51fd4df16e92fee40013a
Activity.SpanId:             b580a911f2bef88c
Activity.TraceFlags:         Recorded
Activity.ActivitySourceName: Appostolic.AgentRuntime
Activity.DisplayName:        agent.model
Activity.Kind:               Internal
Activity.StartTime:          2025-09-20T11:49:21.0530850Z
Activity.Duration:           00:00:00.0000020
Activity.Tags:
    agent.id: 580488cc-821b-4d07-a1b9-f247b686d156
    task.id: ccfb8fc2-dc50-4f68-90f2-3518c963adfd
    tenant: t1
    user: u1
    step: 1
    model.name: mock
    maxSteps: 1
    duration.ms: 0
Resource associated with Activity:
    service.name: Appostolic.Api
    service.instance.id: cfc7ce07-e6a4-4518-a7e3-7e4ff99e6a9f
    telemetry.sdk.name: opentelemetry
    telemetry.sdk.language: dotnet
    telemetry.sdk.version: 1.9.0

Activity.TraceId:            90939b395668fc13facc4f8a8cae3c73
Activity.SpanId:             9e35ec80953e859a
Activity.TraceFlags:         Recorded
Activity.ParentSpanId:       1ab5aad145568fa2
Activity.ActivitySourceName: Appostolic.Tools
Activity.DisplayName:        tool.invoke
Activity.Kind:               Internal
Activity.StartTime:          2025-09-20T11:49:21.0531520Z
Activity.Duration:           00:00:00.0000080
Activity.Tags:
    tool.name: web.search
    tenant: t1
    user: u1
    duration.ms: 1
    success: true
Resource associated with Activity:
    service.name: Appostolic.Api
    service.instance.id: cfc7ce07-e6a4-4518-a7e3-7e4ff99e6a9f
    telemetry.sdk.name: opentelemetry
    telemetry.sdk.language: dotnet
    telemetry.sdk.version: 1.9.0

Activity.TraceId:            90939b395668fc13facc4f8a8cae3c73
Activity.SpanId:             9e35ec80953e859a
Activity.TraceFlags:         Recorded
Activity.ParentSpanId:       1ab5aad145568fa2
Activity.ActivitySourceName: Appostolic.Tools
Activity.DisplayName:        tool.invoke
Activity.Kind:               Internal
Activity.StartTime:          2025-09-20T11:49:21.0531520Z
Activity.Duration:           00:00:00.0000080
Activity.Tags:
    tool.name: web.search
    tenant: t1
    user: u1
    duration.ms: 1
    success: true
Resource associated with Activity:
    service.name: Appostolic.Api
    service.instance.id: cfc7ce07-e6a4-4518-a7e3-7e4ff99e6a9f
    telemetry.sdk.name: opentelemetry
    telemetry.sdk.language: dotnet
    telemetry.sdk.version: 1.9.0

Activity.TraceId:            90939b395668fc13facc4f8a8cae3c73
Activity.SpanId:             1ab5aad145568fa2
Activity.TraceFlags:         Recorded
Activity.ActivitySourceName: Appostolic.Tools
Activity.DisplayName:        tool.web.search
Activity.Kind:               Internal
Activity.StartTime:          2025-09-20T11:49:21.0531510Z
Activity.Duration:           00:00:00.0000320
Activity.Tags:
    tool.name: web.search
    tenant: t1
    user: u1
    success: true
    duration.ms: 0
Resource associated with Activity:
    service.name: Appostolic.Api
    service.instance.id: cfc7ce07-e6a4-4518-a7e3-7e4ff99e6a9f
    telemetry.sdk.name: opentelemetry
    telemetry.sdk.language: dotnet
    telemetry.sdk.version: 1.9.0

Activity.TraceId:            90939b395668fc13facc4f8a8cae3c73
Activity.SpanId:             1ab5aad145568fa2
Activity.TraceFlags:         Recorded
Activity.ActivitySourceName: Appostolic.Tools
Activity.DisplayName:        tool.web.search
Activity.Kind:               Internal
Activity.StartTime:          2025-09-20T11:49:21.0531510Z
Activity.Duration:           00:00:00.0000320
Activity.Tags:
    tool.name: web.search
    tenant: t1
    user: u1
    success: true
    duration.ms: 0
Resource associated with Activity:
    service.name: Appostolic.Api
    service.instance.id: cfc7ce07-e6a4-4518-a7e3-7e4ff99e6a9f
    telemetry.sdk.name: opentelemetry
    telemetry.sdk.language: dotnet
    telemetry.sdk.version: 1.9.0

Activity.TraceId:            2b2151ced5eb14ac98e040d7c40e5f22
Activity.SpanId:             ab276c141d090a11
Activity.TraceFlags:         Recorded
Activity.ActivitySourceName: Appostolic.AgentRuntime
Activity.DisplayName:        agent.model
Activity.Kind:               Internal
Activity.StartTime:          2025-09-20T11:49:21.0540740Z
Activity.Duration:           00:00:00.0000010
Activity.Tags:
    agent.id: 7fd04428-ec53-4d3f-a06c-d2ef33d0716e
    task.id: 3de1e9ea-4688-48cd-bf3d-b1159a57e670
    tenant: t1
    user: u1
    step: 1
    model.name: mock
    maxSteps: 8
    duration.ms: 0
Resource associated with Activity:
    service.name: Appostolic.Api
    service.instance.id: cfc7ce07-e6a4-4518-a7e3-7e4ff99e6a9f
    telemetry.sdk.name: opentelemetry
    telemetry.sdk.language: dotnet
    telemetry.sdk.version: 1.9.0

Activity.TraceId:            2b2151ced5eb14ac98e040d7c40e5f22
Activity.SpanId:             ab276c141d090a11
Activity.TraceFlags:         Recorded
Activity.ActivitySourceName: Appostolic.AgentRuntime
Activity.DisplayName:        agent.model
Activity.Kind:               Internal
Activity.StartTime:          2025-09-20T11:49:21.0540740Z
Activity.Duration:           00:00:00.0000010
Activity.Tags:
    agent.id: 7fd04428-ec53-4d3f-a06c-d2ef33d0716e
    task.id: 3de1e9ea-4688-48cd-bf3d-b1159a57e670
    tenant: t1
    user: u1
    step: 1
    model.name: mock
    maxSteps: 8
    duration.ms: 0
Resource associated with Activity:
    service.name: Appostolic.Api
    service.instance.id: cfc7ce07-e6a4-4518-a7e3-7e4ff99e6a9f
    telemetry.sdk.name: opentelemetry
    telemetry.sdk.language: dotnet
    telemetry.sdk.version: 1.9.0

Activity.TraceId:            d97b9f4796f518d5f8c320f5f2bb4779
Activity.SpanId:             c680bd7e9aa63f11
Activity.TraceFlags:         Recorded
Activity.ActivitySourceName: Appostolic.Tools
Activity.DisplayName:        tool.db.query
Activity.Kind:               Internal
Activity.StartTime:          2025-09-20T11:49:21.0541290Z
Activity.Duration:           00:00:00.0000010
Activity.Tags:
    tool.name: db.query
    tenant: t1
    user: u1
    success: false
    duration.ms: 0
    error: Tool not allowed
Resource associated with Activity:
    service.name: Appostolic.Api
    service.instance.id: cfc7ce07-e6a4-4518-a7e3-7e4ff99e6a9f
    telemetry.sdk.name: opentelemetry
    telemetry.sdk.language: dotnet
    telemetry.sdk.version: 1.9.0

Activity.TraceId:            d97b9f4796f518d5f8c320f5f2bb4779
Activity.SpanId:             c680bd7e9aa63f11
Activity.TraceFlags:         Recorded
Activity.ActivitySourceName: Appostolic.Tools
Activity.DisplayName:        tool.db.query
Activity.Kind:               Internal
Activity.StartTime:          2025-09-20T11:49:21.0541290Z
Activity.Duration:           00:00:00.0000010
Activity.Tags:
    tool.name: db.query
    tenant: t1
    user: u1
    success: false
    duration.ms: 0
    error: Tool not allowed
Resource associated with Activity:
    service.name: Appostolic.Api
    service.instance.id: cfc7ce07-e6a4-4518-a7e3-7e4ff99e6a9f
    telemetry.sdk.name: opentelemetry
    telemetry.sdk.language: dotnet
    telemetry.sdk.version: 1.9.0

Activity.TraceId:            b2c3136d368af5b04d15f62c4ea048c9
Activity.SpanId:             c5b7516718c52071
Activity.TraceFlags:         Recorded
Activity.ActivitySourceName: Appostolic.AgentRuntime
Activity.DisplayName:        agent.model
Activity.Kind:               Internal
Activity.StartTime:          2025-09-20T11:49:21.0576630Z
Activity.Duration:           00:00:00.0000020
Activity.Tags:
    agent.id: b169acff-504a-4c7f-a247-93e79a13143e
    task.id: 5933e217-1240-447b-8df6-5be620772ef7
    tenant: t1
    user: u1
    step: 1
    model.name: mock
    maxSteps: 8
    duration.ms: 0
Resource associated with Activity:
    service.name: Appostolic.Api
    service.instance.id: cfc7ce07-e6a4-4518-a7e3-7e4ff99e6a9f
    telemetry.sdk.name: opentelemetry
    telemetry.sdk.language: dotnet
    telemetry.sdk.version: 1.9.0

Activity.TraceId:            b2c3136d368af5b04d15f62c4ea048c9
Activity.SpanId:             c5b7516718c52071
Activity.TraceFlags:         Recorded
Activity.ActivitySourceName: Appostolic.AgentRuntime
Activity.DisplayName:        agent.model
Activity.Kind:               Internal
Activity.StartTime:          2025-09-20T11:49:21.0576630Z
Activity.Duration:           00:00:00.0000020
Activity.Tags:
    agent.id: b169acff-504a-4c7f-a247-93e79a13143e
    task.id: 5933e217-1240-447b-8df6-5be620772ef7
    tenant: t1
    user: u1
    step: 1
    model.name: mock
    maxSteps: 8
    duration.ms: 0
Resource associated with Activity:
    service.name: Appostolic.Api
    service.instance.id: cfc7ce07-e6a4-4518-a7e3-7e4ff99e6a9f
    telemetry.sdk.name: opentelemetry
    telemetry.sdk.language: dotnet
    telemetry.sdk.version: 1.9.0

Activity.TraceId:            9440a52966ac7a825786a62691bb39ae
Activity.SpanId:             268b8ae39fe90b33
Activity.TraceFlags:         Recorded
Activity.ActivitySourceName: Appostolic.Tools
Activity.DisplayName:        tool.not.there
Activity.Kind:               Internal
Activity.StartTime:          2025-09-20T11:49:21.0577460Z
Activity.Duration:           00:00:00.0000020
Activity.Tags:
    tool.name: not.there
    tenant: t1
    user: u1
    success: false
    duration.ms: 0
    error: Tool not found
Resource associated with Activity:
    service.name: Appostolic.Api
    service.instance.id: cfc7ce07-e6a4-4518-a7e3-7e4ff99e6a9f
    telemetry.sdk.name: opentelemetry
    telemetry.sdk.language: dotnet
    telemetry.sdk.version: 1.9.0

Activity.TraceId:            9440a52966ac7a825786a62691bb39ae
Activity.SpanId:             268b8ae39fe90b33
Activity.TraceFlags:         Recorded
Activity.ActivitySourceName: Appostolic.Tools
Activity.DisplayName:        tool.not.there
Activity.Kind:               Internal
Activity.StartTime:          2025-09-20T11:49:21.0577460Z
Activity.Duration:           00:00:00.0000020
Activity.Tags:
    tool.name: not.there
    tenant: t1
    user: u1
    success: false
    duration.ms: 0
    error: Tool not found
Resource associated with Activity:
    service.name: Appostolic.Api
    service.instance.id: cfc7ce07-e6a4-4518-a7e3-7e4ff99e6a9f
    telemetry.sdk.name: opentelemetry
    telemetry.sdk.language: dotnet
    telemetry.sdk.version: 1.9.0

Activity.TraceId:            8c29e92845c534d7a48021fa9e79ba87
Activity.SpanId:             489bfd52ec41917e
Activity.TraceFlags:         Recorded
Activity.ActivitySourceName: Appostolic.AgentRuntime
Activity.DisplayName:        agent.model
Activity.Kind:               Internal
Activity.StartTime:          2025-09-20T11:49:21.0586680Z
Activity.Duration:           00:00:00.0000980
Activity.Tags:
    agent.id: cce5188d-4795-4508-84be-efc6b9d863d9
    task.id: fa647dfb-2e9c-4b57-b48f-504b920dd0c0
    tenant: t1
    user: u1
    step: 1
    model.name: mock
    maxSteps: 8
    duration.ms: 0
Resource associated with Activity:
    service.name: Appostolic.Api
    service.instance.id: cfc7ce07-e6a4-4518-a7e3-7e4ff99e6a9f
    telemetry.sdk.name: opentelemetry
    telemetry.sdk.language: dotnet
    telemetry.sdk.version: 1.9.0

Activity.TraceId:            8c29e92845c534d7a48021fa9e79ba87
Activity.SpanId:             489bfd52ec41917e
Activity.TraceFlags:         Recorded
Activity.ActivitySourceName: Appostolic.AgentRuntime
Activity.DisplayName:        agent.model
Activity.Kind:               Internal
Activity.StartTime:          2025-09-20T11:49:21.0586680Z
Activity.Duration:           00:00:00.0000980
Activity.Tags:
    agent.id: cce5188d-4795-4508-84be-efc6b9d863d9
    task.id: fa647dfb-2e9c-4b57-b48f-504b920dd0c0
    tenant: t1
    user: u1
    step: 1
    model.name: mock
    maxSteps: 8
    duration.ms: 0
Resource associated with Activity:
    service.name: Appostolic.Api
    service.instance.id: cfc7ce07-e6a4-4518-a7e3-7e4ff99e6a9f
    telemetry.sdk.name: opentelemetry
    telemetry.sdk.language: dotnet
    telemetry.sdk.version: 1.9.0

Activity.TraceId:            f5fac5ea10e4b4ffbd8336fa89f4f766
Activity.SpanId:             55e0d8235b8a8049
Activity.TraceFlags:         Recorded
Activity.ParentSpanId:       202ff6ea492efb4d
Activity.ActivitySourceName: Appostolic.Tools
Activity.DisplayName:        tool.invoke
Activity.Kind:               Internal
Activity.StartTime:          2025-09-20T11:49:21.0588440Z
Activity.Duration:           00:00:00.0000150
Activity.Tags:
    tool.name: web.search
    tenant: t1
    user: u1
    duration.ms: 1
    success: true
Resource associated with Activity:
    service.name: Appostolic.Api
    service.instance.id: cfc7ce07-e6a4-4518-a7e3-7e4ff99e6a9f
    telemetry.sdk.name: opentelemetry
    telemetry.sdk.language: dotnet
    telemetry.sdk.version: 1.9.0

Activity.TraceId:            f5fac5ea10e4b4ffbd8336fa89f4f766
Activity.SpanId:             55e0d8235b8a8049
Activity.TraceFlags:         Recorded
Activity.ParentSpanId:       202ff6ea492efb4d
Activity.ActivitySourceName: Appostolic.Tools
Activity.DisplayName:        tool.invoke
Activity.Kind:               Internal
Activity.StartTime:          2025-09-20T11:49:21.0588440Z
Activity.Duration:           00:00:00.0000150
Activity.Tags:
    tool.name: web.search
    tenant: t1
    user: u1
    duration.ms: 1
    success: true
Resource associated with Activity:
    service.name: Appostolic.Api
    service.instance.id: cfc7ce07-e6a4-4518-a7e3-7e4ff99e6a9f
    telemetry.sdk.name: opentelemetry
    telemetry.sdk.language: dotnet
    telemetry.sdk.version: 1.9.0

Activity.TraceId:            f5fac5ea10e4b4ffbd8336fa89f4f766
Activity.SpanId:             202ff6ea492efb4d
Activity.TraceFlags:         Recorded
Activity.ActivitySourceName: Appostolic.Tools
Activity.DisplayName:        tool.web.search
Activity.Kind:               Internal
Activity.StartTime:          2025-09-20T11:49:21.0588420Z
Activity.Duration:           00:00:00.0001030
Activity.Tags:
    tool.name: web.search
    tenant: t1
    user: u1
    success: true
    duration.ms: 0
Resource associated with Activity:
    service.name: Appostolic.Api
    service.instance.id: cfc7ce07-e6a4-4518-a7e3-7e4ff99e6a9f
    telemetry.sdk.name: opentelemetry
    telemetry.sdk.language: dotnet
    telemetry.sdk.version: 1.9.0

Activity.TraceId:            f5fac5ea10e4b4ffbd8336fa89f4f766
Activity.SpanId:             202ff6ea492efb4d
Activity.TraceFlags:         Recorded
Activity.ActivitySourceName: Appostolic.Tools
Activity.DisplayName:        tool.web.search
Activity.Kind:               Internal
Activity.StartTime:          2025-09-20T11:49:21.0588420Z
Activity.Duration:           00:00:00.0001030
Activity.Tags:
    tool.name: web.search
    tenant: t1
    user: u1
    success: true
    duration.ms: 0
Resource associated with Activity:
    service.name: Appostolic.Api
    service.instance.id: cfc7ce07-e6a4-4518-a7e3-7e4ff99e6a9f
    telemetry.sdk.name: opentelemetry
    telemetry.sdk.language: dotnet
    telemetry.sdk.version: 1.9.0

Activity.TraceId:            b90c8e1263ceed421c9958f5e22a2c92
Activity.SpanId:             460d5473332f6502
Activity.TraceFlags:         Recorded
Activity.ActivitySourceName: Appostolic.AgentRuntime
Activity.DisplayName:        agent.model
Activity.Kind:               Internal
Activity.StartTime:          2025-09-20T11:49:21.0590570Z
Activity.Duration:           00:00:00.0000220
Activity.Tags:
    agent.id: cce5188d-4795-4508-84be-efc6b9d863d9
    task.id: fa647dfb-2e9c-4b57-b48f-504b920dd0c0
    tenant: t1
    user: u1
    step: 3
    model.name: mock
    maxSteps: 8
    duration.ms: 0
Resource associated with Activity:
    service.name: Appostolic.Api
    service.instance.id: cfc7ce07-e6a4-4518-a7e3-7e4ff99e6a9f
    telemetry.sdk.name: opentelemetry
    telemetry.sdk.language: dotnet
    telemetry.sdk.version: 1.9.0

Activity.TraceId:            b90c8e1263ceed421c9958f5e22a2c92
Activity.SpanId:             460d5473332f6502
Activity.TraceFlags:         Recorded
Activity.ActivitySourceName: Appostolic.AgentRuntime
Activity.DisplayName:        agent.model
Activity.Kind:               Internal
Activity.StartTime:          2025-09-20T11:49:21.0590570Z
Activity.Duration:           00:00:00.0000220
Activity.Tags:
    agent.id: cce5188d-4795-4508-84be-efc6b9d863d9
    task.id: fa647dfb-2e9c-4b57-b48f-504b920dd0c0
    tenant: t1
    user: u1
    step: 3
    model.name: mock
    maxSteps: 8
    duration.ms: 0
Resource associated with Activity:
    service.name: Appostolic.Api
    service.instance.id: cfc7ce07-e6a4-4518-a7e3-7e4ff99e6a9f
    telemetry.sdk.name: opentelemetry
    telemetry.sdk.language: dotnet
    telemetry.sdk.version: 1.9.0

[Startup] Warning: failed to ensure app.notification_dedupes exists: Relational-specific methods can only be used when the context is using a relational database provider.
info: Endpoints.V1[0]
      [MapV1Endpoints] Environment='Development' IsDevelopment=True
LogRecord.Timestamp:               2025-09-20T11:49:21.1260410Z
LogRecord.CategoryName:            Endpoints.V1
LogRecord.Severity:                Info
LogRecord.SeverityText:            Information
LogRecord.FormattedMessage:        [MapV1Endpoints] Environment='Development' IsDevelopment=True
LogRecord.Body:                    [MapV1Endpoints] Environment='{Env}' IsDevelopment={IsDev}
LogRecord.Attributes (Key:Value):
    Env: Development
    IsDev: true
    OriginalFormat (a.k.a Body): [MapV1Endpoints] Environment='{Env}' IsDevelopment={IsDev}

Resource associated with LogRecord:
service.name: Appostolic.Api
service.instance.id: cfc7ce07-e6a4-4518-a7e3-7e4ff99e6a9f
telemetry.sdk.name: opentelemetry
telemetry.sdk.language: dotnet
telemetry.sdk.version: 1.9.0

info: Microsoft.AspNetCore.DataProtection.KeyManagement.XmlKeyManager[62]
      User profile is available. Using '/Users/kevinmccreary/.aspnet/DataProtection-Keys' as key repository; keys will not be encrypted at rest.
LogRecord.Timestamp:               2025-09-20T11:49:21.1264280Z
LogRecord.CategoryName:            Microsoft.AspNetCore.DataProtection.KeyManagement.XmlKeyManager
LogRecord.Severity:                Info
LogRecord.SeverityText:            Information
LogRecord.FormattedMessage:        User profile is available. Using '/Users/kevinmccreary/.aspnet/DataProtection-Keys' as key repository; keys will not be encrypted at rest.
LogRecord.Body:                    User profile is available. Using '{FullName}' as key repository; keys will not be encrypted at rest.
LogRecord.Attributes (Key:Value):
    FullName: /Users/kevinmccreary/.aspnet/DataProtection-Keys
    OriginalFormat (a.k.a Body): User profile is available. Using '{FullName}' as key repository; keys will not be encrypted at rest.
LogRecord.EventId:                 62
LogRecord.EventName:               UsingProfileAsKeyRepository

Resource associated with LogRecord:
service.name: Appostolic.Api
service.instance.id: cfc7ce07-e6a4-4518-a7e3-7e4ff99e6a9f
telemetry.sdk.name: opentelemetry
telemetry.sdk.language: dotnet
telemetry.sdk.version: 1.9.0

info: Appostolic.Api.App.Notifications.AutoResendHostedService[0]
      AutoResend is disabled by configuration
LogRecord.Timestamp:               2025-09-20T11:49:21.1273160Z
LogRecord.CategoryName:            Appostolic.Api.App.Notifications.AutoResendHostedService
LogRecord.Severity:                Info
LogRecord.SeverityText:            Information
LogRecord.FormattedMessage:        AutoResend is disabled by configuration
LogRecord.Body:                    AutoResend is disabled by configuration
LogRecord.Attributes (Key:Value):
    OriginalFormat (a.k.a Body): AutoResend is disabled by configuration

Resource associated with LogRecord:
service.name: Appostolic.Api
service.instance.id: cfc7ce07-e6a4-4518-a7e3-7e4ff99e6a9f
telemetry.sdk.name: opentelemetry
telemetry.sdk.language: dotnet
telemetry.sdk.version: 1.9.0

LogRecord.Timestamp:               2025-09-20T11:49:21.2115060Z
LogRecord.TraceId:                 a0050465a0fc50fb1e2ba6d7512e0ae1
LogRecord.SpanId:                  0a713e38888b5e79
info: Microsoft.AspNetCore.Http.Result.OkObjectResult[1]
      Setting HTTP status code 200.
LogRecord.TraceFlags:              Recorded
LogRecord.CategoryName:            Microsoft.AspNetCore.Http.Result.OkObjectResult
LogRecord.Severity:                Info
LogRecord.SeverityText:            Information
LogRecord.FormattedMessage:        Setting HTTP status code 200.
LogRecord.Body:                    Setting HTTP status code {StatusCode}.
LogRecord.Attributes (Key:Value):
    StatusCode: 200
    OriginalFormat (a.k.a Body): Setting HTTP status code {StatusCode}.
LogRecord.EventId:                 1
LogRecord.EventName:               WritingResultAsStatusCode

Resource associated with LogRecord:
service.name: Appostolic.Api
service.instance.id: cfc7ce07-e6a4-4518-a7e3-7e4ff99e6a9f
telemetry.sdk.name: opentelemetry
telemetry.sdk.language: dotnet
telemetry.sdk.version: 1.9.0

LogRecord.Timestamp:               2025-09-20T11:49:21.2117000Z
info: Microsoft.AspNetCore.Http.Result.OkObjectResult[3]
      Writing value of type 'List`1' as Json.
LogRecord.TraceId:                 a0050465a0fc50fb1e2ba6d7512e0ae1
LogRecord.SpanId:                  0a713e38888b5e79
LogRecord.TraceFlags:              Recorded
LogRecord.CategoryName:            Microsoft.AspNetCore.Http.Result.OkObjectResult
LogRecord.Severity:                Info
LogRecord.SeverityText:            Information
LogRecord.FormattedMessage:        Writing value of type 'List`1' as Json.
LogRecord.Body:                    Writing value of type '{Type}' as Json.
LogRecord.Attributes (Key:Value):
    Type: List`1
    OriginalFormat (a.k.a Body): Writing value of type '{Type}' as Json.
LogRecord.EventId:                 3
LogRecord.EventName:               WritingResultAsJson

Resource associated with LogRecord:
service.name: Appostolic.Api
service.instance.id: cfc7ce07-e6a4-4518-a7e3-7e4ff99e6a9f
telemetry.sdk.name: opentelemetry
telemetry.sdk.language: dotnet
telemetry.sdk.version: 1.9.0

Activity.TraceId:            a0050465a0fc50fb1e2ba6d7512e0ae1
Activity.SpanId:             0a713e38888b5e79
Activity.TraceFlags:         Recorded
Activity.ActivitySourceName: Microsoft.AspNetCore
Activity.DisplayName:        GET /api/tenants/{tenantId:guid}/invites
Activity.Kind:               Server
Activity.StartTime:          2025-09-20T11:49:21.1686730Z
Activity.Duration:           00:00:00.0431960
Activity.Tags:
    server.address: localhost
    http.request.method: GET
    url.scheme: http
    url.path: /api/tenants/721e143b-6dc6-4097-8a0b-5ef95b328823/invites
    network.protocol.version: 1.1
    tenant: kevin-personal
    user: kevin@example.com
    http.route: /api/tenants/{tenantId:guid}/invites
    http.response.status_code: 200
Resource associated with Activity:
    service.name: Appostolic.Api
    service.instance.id: cfc7ce07-e6a4-4518-a7e3-7e4ff99e6a9f
    telemetry.sdk.name: opentelemetry
    telemetry.sdk.language: dotnet
    telemetry.sdk.version: 1.9.0

Activity.TraceId:            a0050465a0fc50fb1e2ba6d7512e0ae1
Activity.SpanId:             0a713e38888b5e79
Activity.TraceFlags:         Recorded
Activity.ActivitySourceName: Microsoft.AspNetCore
Activity.DisplayName:        GET /api/tenants/{tenantId:guid}/invites
Activity.Kind:               Server
Activity.StartTime:          2025-09-20T11:49:21.1686730Z
Activity.Duration:           00:00:00.0431960
Activity.Tags:
    server.address: localhost
    http.request.method: GET
    url.scheme: http
    url.path: /api/tenants/721e143b-6dc6-4097-8a0b-5ef95b328823/invites
    network.protocol.version: 1.1
    tenant: kevin-personal
    user: kevin@example.com
    http.route: /api/tenants/{tenantId:guid}/invites
    http.response.status_code: 200
Resource associated with Activity:
    service.name: Appostolic.Api
    service.instance.id: cfc7ce07-e6a4-4518-a7e3-7e4ff99e6a9f
    telemetry.sdk.name: opentelemetry
    telemetry.sdk.language: dotnet
    telemetry.sdk.version: 1.9.0

Activity.TraceId:            a0050465a0fc50fb1e2ba6d7512e0ae1
Activity.SpanId:             0a713e38888b5e79
Activity.TraceFlags:         Recorded
Activity.ActivitySourceName: Microsoft.AspNetCore
Activity.DisplayName:        GET /api/tenants/{tenantId:guid}/invites
Activity.Kind:               Server
Activity.StartTime:          2025-09-20T11:49:21.1686730Z
Activity.Duration:           00:00:00.0431960
Activity.Tags:
    server.address: localhost
    http.request.method: GET
    url.scheme: http
    url.path: /api/tenants/721e143b-6dc6-4097-8a0b-5ef95b328823/invites
    network.protocol.version: 1.1
    tenant: kevin-personal
    user: kevin@example.com
    http.route: /api/tenants/{tenantId:guid}/invites
    http.response.status_code: 200
Resource associated with Activity:
    service.name: Appostolic.Api
    service.instance.id: cfc7ce07-e6a4-4518-a7e3-7e4ff99e6a9f
    telemetry.sdk.name: opentelemetry
    telemetry.sdk.language: dotnet
    telemetry.sdk.version: 1.9.0

LogRecord.Timestamp:               2025-09-20T11:49:21.2218190Z
info: Microsoft.AspNetCore.Http.Result.CreatedResult[1]
      Setting HTTP status code 201.
LogRecord.TraceId:                 eff089de2859618ef2f23824f3c19682
LogRecord.SpanId:                  c55b061e6499cdf1
LogRecord.TraceFlags:              Recorded
LogRecord.CategoryName:            Microsoft.AspNetCore.Http.Result.CreatedResult
LogRecord.Severity:                Info
LogRecord.SeverityText:            Information
LogRecord.FormattedMessage:        Setting HTTP status code 201.
LogRecord.Body:                    Setting HTTP status code {StatusCode}.
LogRecord.Attributes (Key:Value):
    StatusCode: 201
    OriginalFormat (a.k.a Body): Setting HTTP status code {StatusCode}.
LogRecord.EventId:                 1
LogRecord.EventName:               WritingResultAsStatusCode

Resource associated with LogRecord:
service.name: Appostolic.Api
service.instance.id: cfc7ce07-e6a4-4518-a7e3-7e4ff99e6a9f
telemetry.sdk.name: opentelemetry
telemetry.sdk.language: dotnet
telemetry.sdk.version: 1.9.0

LogRecord.Timestamp:               2025-09-20T11:49:21.2219120Z
LogRecord.TraceId:                 eff089de2859618ef2f23824f3c19682
info: Microsoft.AspNetCore.Http.Result.CreatedResult[3]
      Writing value of type '<>f__AnonymousType29`4' as Json.
LogRecord.SpanId:                  c55b061e6499cdf1
LogRecord.TraceFlags:              Recorded
LogRecord.CategoryName:            Microsoft.AspNetCore.Http.Result.CreatedResult
LogRecord.Severity:                Info
LogRecord.SeverityText:            Information
LogRecord.FormattedMessage:        Writing value of type '<>f__AnonymousType29`4' as Json.
LogRecord.Body:                    Writing value of type '{Type}' as Json.
LogRecord.Attributes (Key:Value):
    Type: <>f__AnonymousType29`4
    OriginalFormat (a.k.a Body): Writing value of type '{Type}' as Json.
LogRecord.EventId:                 3
LogRecord.EventName:               WritingResultAsJson

Resource associated with LogRecord:
service.name: Appostolic.Api
service.instance.id: cfc7ce07-e6a4-4518-a7e3-7e4ff99e6a9f
telemetry.sdk.name: opentelemetry
telemetry.sdk.language: dotnet
telemetry.sdk.version: 1.9.0

Activity.TraceId:            eff089de2859618ef2f23824f3c19682
Activity.SpanId:             c55b061e6499cdf1
Activity.TraceFlags:         Recorded
Activity.ActivitySourceName: Microsoft.AspNetCore
Activity.DisplayName:        POST /api/tenants/{tenantId:guid}/invites
Activity.Kind:               Server
Activity.StartTime:          2025-09-20T11:49:21.2122700Z
Activity.Duration:           00:00:00.0098790
Activity.Tags:
    server.address: localhost
    http.request.method: POST
    url.scheme: http
    url.path: /api/tenants/721e143b-6dc6-4097-8a0b-5ef95b328823/invites
    network.protocol.version: 1.1
    tenant: kevin-personal
    user: kevin@example.com
    http.route: /api/tenants/{tenantId:guid}/invites
    http.response.status_code: 201
Resource associated with Activity:
    service.name: Appostolic.Api
    service.instance.id: cfc7ce07-e6a4-4518-a7e3-7e4ff99e6a9f
    telemetry.sdk.name: opentelemetry
    telemetry.sdk.language: dotnet
    telemetry.sdk.version: 1.9.0

Activity.TraceId:            eff089de2859618ef2f23824f3c19682
Activity.SpanId:             c55b061e6499cdf1
Activity.TraceFlags:         Recorded
Activity.ActivitySourceName: Microsoft.AspNetCore
Activity.DisplayName:        POST /api/tenants/{tenantId:guid}/invites
Activity.Kind:               Server
Activity.StartTime:          2025-09-20T11:49:21.2122700Z
Activity.Duration:           00:00:00.0098790
Activity.Tags:
    server.address: localhost
    http.request.method: POST
    url.scheme: http
    url.path: /api/tenants/721e143b-6dc6-4097-8a0b-5ef95b328823/invites
    network.protocol.version: 1.1
    tenant: kevin-personal
    user: kevin@example.com
    http.route: /api/tenants/{tenantId:guid}/invites
    http.response.status_code: 201
Resource associated with Activity:
    service.name: Appostolic.Api
    service.instance.id: cfc7ce07-e6a4-4518-a7e3-7e4ff99e6a9f
    telemetry.sdk.name: opentelemetry
    telemetry.sdk.language: dotnet
    telemetry.sdk.version: 1.9.0

Activity.TraceId:            eff089de2859618ef2f23824f3c19682
Activity.SpanId:             c55b061e6499cdf1
Activity.TraceFlags:         Recorded
Activity.ActivitySourceName: Microsoft.AspNetCore
Activity.DisplayName:        POST /api/tenants/{tenantId:guid}/invites
Activity.Kind:               Server
Activity.StartTime:          2025-09-20T11:49:21.2122700Z
Activity.Duration:           00:00:00.0098790
Activity.Tags:
    server.address: localhost
    http.request.method: POST
    url.scheme: http
    url.path: /api/tenants/721e143b-6dc6-4097-8a0b-5ef95b328823/invites
    network.protocol.version: 1.1
    tenant: kevin-personal
    user: kevin@example.com
    http.route: /api/tenants/{tenantId:guid}/invites
    http.response.status_code: 201
Resource associated with Activity:
    service.name: Appostolic.Api
    service.instance.id: cfc7ce07-e6a4-4518-a7e3-7e4ff99e6a9f
    telemetry.sdk.name: opentelemetry
    telemetry.sdk.language: dotnet
    telemetry.sdk.version: 1.9.0

LogRecord.Timestamp:               2025-09-20T11:49:21.2243100Z
LogRecord.TraceId:                 890c86cfa0391cca18809121a1e4fb3f
LogRecord.SpanId:                  a39ee310409386dc
LogRecord.TraceFlags:              Recorded
LogRecord.CategoryName:            Microsoft.AspNetCore.Http.Result.OkObjectResult
info: Microsoft.AspNetCore.Http.Result.OkObjectResult[1]
      Setting HTTP status code 200.
LogRecord.Severity:                Info
LogRecord.SeverityText:            Information
LogRecord.FormattedMessage:        Setting HTTP status code 200.
LogRecord.Body:                    Setting HTTP status code {StatusCode}.
LogRecord.Attributes (Key:Value):
    StatusCode: 200
    OriginalFormat (a.k.a Body): Setting HTTP status code {StatusCode}.
LogRecord.EventId:                 1
LogRecord.EventName:               WritingResultAsStatusCode

Resource associated with LogRecord:
service.name: Appostolic.Api
service.instance.id: cfc7ce07-e6a4-4518-a7e3-7e4ff99e6a9f
telemetry.sdk.name: opentelemetry
telemetry.sdk.language: dotnet
telemetry.sdk.version: 1.9.0

LogRecord.Timestamp:               2025-09-20T11:49:21.2243390Z
LogRecord.TraceId:                 890c86cfa0391cca18809121a1e4fb3f
LogRecord.SpanId:                  a39ee310409386dc
LogRecord.TraceFlags:              Recorded
LogRecord.CategoryName:            Microsoft.AspNetCore.Http.Result.OkObjectResult
LogRecord.Severity:                Info
LogRecord.SeverityText:            Information
LogRecord.FormattedMessage:        Writing value of type 'List`1' as Json.
LogRecord.Body:                    Writing value of type '{Type}' as Json.
LogRecord.Attributes (Key:Value):
info: Microsoft.AspNetCore.Http.Result.OkObjectResult[3]
      Writing value of type 'List`1' as Json.
    Type: List`1
    OriginalFormat (a.k.a Body): Writing value of type '{Type}' as Json.
LogRecord.EventId:                 3
LogRecord.EventName:               WritingResultAsJson

Resource associated with LogRecord:
service.name: Appostolic.Api
service.instance.id: cfc7ce07-e6a4-4518-a7e3-7e4ff99e6a9f
telemetry.sdk.name: opentelemetry
telemetry.sdk.language: dotnet
telemetry.sdk.version: 1.9.0

Activity.TraceId:            890c86cfa0391cca18809121a1e4fb3f
Activity.SpanId:             a39ee310409386dc
Activity.TraceFlags:         Recorded
Activity.ActivitySourceName: Microsoft.AspNetCore
Activity.DisplayName:        GET /api/tenants/{tenantId:guid}/invites
Activity.Kind:               Server
Activity.StartTime:          2025-09-20T11:49:21.2225320Z
Activity.Duration:           00:00:00.0021210
Activity.Tags:
    server.address: localhost
    http.request.method: GET
    url.scheme: http
    url.path: /api/tenants/721e143b-6dc6-4097-8a0b-5ef95b328823/invites
    network.protocol.version: 1.1
    tenant: kevin-personal
    user: kevin@example.com
    http.route: /api/tenants/{tenantId:guid}/invites
    http.response.status_code: 200
Resource associated with Activity:
    service.name: Appostolic.Api
    service.instance.id: cfc7ce07-e6a4-4518-a7e3-7e4ff99e6a9f
    telemetry.sdk.name: opentelemetry
    telemetry.sdk.language: dotnet
    telemetry.sdk.version: 1.9.0

Activity.TraceId:            890c86cfa0391cca18809121a1e4fb3f
Activity.SpanId:             a39ee310409386dc
Activity.TraceFlags:         Recorded
Activity.ActivitySourceName: Microsoft.AspNetCore
Activity.DisplayName:        GET /api/tenants/{tenantId:guid}/invites
Activity.Kind:               Server
Activity.StartTime:          2025-09-20T11:49:21.2225320Z
Activity.Duration:           00:00:00.0021210
Activity.Tags:
    server.address: localhost
    http.request.method: GET
    url.scheme: http
    url.path: /api/tenants/721e143b-6dc6-4097-8a0b-5ef95b328823/invites
    network.protocol.version: 1.1
    tenant: kevin-personal
    user: kevin@example.com
    http.route: /api/tenants/{tenantId:guid}/invites
    http.response.status_code: 200
Resource associated with Activity:
    service.name: Appostolic.Api
    service.instance.id: cfc7ce07-e6a4-4518-a7e3-7e4ff99e6a9f
    telemetry.sdk.name: opentelemetry
    telemetry.sdk.language: dotnet
    telemetry.sdk.version: 1.9.0

Activity.TraceId:            890c86cfa0391cca18809121a1e4fb3f
Activity.SpanId:             a39ee310409386dc
Activity.TraceFlags:         Recorded
Activity.ActivitySourceName: Microsoft.AspNetCore
Activity.DisplayName:        GET /api/tenants/{tenantId:guid}/invites
Activity.Kind:               Server
Activity.StartTime:          2025-09-20T11:49:21.2225320Z
Activity.Duration:           00:00:00.0021210
Activity.Tags:
    server.address: localhost
    http.request.method: GET
    url.scheme: http
    url.path: /api/tenants/721e143b-6dc6-4097-8a0b-5ef95b328823/invites
    network.protocol.version: 1.1
    tenant: kevin-personal
    user: kevin@example.com
    http.route: /api/tenants/{tenantId:guid}/invites
    http.response.status_code: 200
Resource associated with Activity:
    service.name: Appostolic.Api
    service.instance.id: cfc7ce07-e6a4-4518-a7e3-7e4ff99e6a9f
    telemetry.sdk.name: opentelemetry
    telemetry.sdk.language: dotnet
    telemetry.sdk.version: 1.9.0

info: Microsoft.AspNetCore.Http.Result.OkObjectResult[1]
      Setting HTTP status code 200.
LogRecord.Timestamp:               2025-09-20T11:49:21.2433940Z
LogRecord.TraceId:                 9ef79d43c153e356640e1a8beb62af7b
LogRecord.SpanId:                  a573084535131209
LogRecord.TraceFlags:              Recorded
LogRecord.CategoryName:            Microsoft.AspNetCore.Http.Result.OkObjectResult
LogRecord.Severity:                Info
LogRecord.SeverityText:            Information
LogRecord.FormattedMessage:        Setting HTTP status code 200.
LogRecord.Body:                    Setting HTTP status code {StatusCode}.
LogRecord.Attributes (Key:Value):
    StatusCode: 200
    OriginalFormat (a.k.a Body): Setting HTTP status code {StatusCode}.
LogRecord.EventId:                 1
LogRecord.EventName:               WritingResultAsStatusCode

Resource associated with LogRecord:
service.name: Appostolic.Api
service.instance.id: cfc7ce07-e6a4-4518-a7e3-7e4ff99e6a9f
telemetry.sdk.name: opentelemetry
telemetry.sdk.language: dotnet
telemetry.sdk.version: 1.9.0

LogRecord.Timestamp:               2025-09-20T11:49:21.2436510Z
LogRecord.TraceId:                 9ef79d43c153e356640e1a8beb62af7b
LogRecord.SpanId:                  a573084535131209
info: Microsoft.AspNetCore.Http.Result.OkObjectResult[3]
      Writing value of type '<>f__AnonymousType31`5' as Json.
LogRecord.TraceFlags:              Recorded
LogRecord.CategoryName:            Microsoft.AspNetCore.Http.Result.OkObjectResult
LogRecord.Severity:                Info
LogRecord.SeverityText:            Information
LogRecord.FormattedMessage:        Writing value of type '<>f__AnonymousType31`5' as Json.
LogRecord.Body:                    Writing value of type '{Type}' as Json.
LogRecord.Attributes (Key:Value):
    Type: <>f__AnonymousType31`5
    OriginalFormat (a.k.a Body): Writing value of type '{Type}' as Json.
LogRecord.EventId:                 3
LogRecord.EventName:               WritingResultAsJson

Resource associated with LogRecord:
service.name: Appostolic.Api
service.instance.id: cfc7ce07-e6a4-4518-a7e3-7e4ff99e6a9f
telemetry.sdk.name: opentelemetry
telemetry.sdk.language: dotnet
telemetry.sdk.version: 1.9.0

Activity.TraceId:            9ef79d43c153e356640e1a8beb62af7b
Activity.SpanId:             a573084535131209
Activity.TraceFlags:         Recorded
Activity.ActivitySourceName: Microsoft.AspNetCore
Activity.DisplayName:        POST /api/tenants/{tenantId:guid}/invites/{email}/resend
Activity.Kind:               Server
Activity.StartTime:          2025-09-20T11:49:21.2304960Z
Activity.Duration:           00:00:00.0135150
Activity.Tags:
    server.address: localhost
    http.request.method: POST
    url.scheme: http
    url.path: /api/tenants/721e143b-6dc6-4097-8a0b-5ef95b328823/invites/invitee-dffce9bb0ec743899f8781c933f6d456@example.com/resend
    network.protocol.version: 1.1
    tenant: kevin-personal
    user: kevin@example.com
    http.route: /api/tenants/{tenantId:guid}/invites/{email}/resend
    http.response.status_code: 200
Resource associated with Activity:
    service.name: Appostolic.Api
    service.instance.id: cfc7ce07-e6a4-4518-a7e3-7e4ff99e6a9f
    telemetry.sdk.name: opentelemetry
    telemetry.sdk.language: dotnet
    telemetry.sdk.version: 1.9.0

Activity.TraceId:            9ef79d43c153e356640e1a8beb62af7b
Activity.SpanId:             a573084535131209
Activity.TraceFlags:         Recorded
Activity.ActivitySourceName: Microsoft.AspNetCore
Activity.DisplayName:        POST /api/tenants/{tenantId:guid}/invites/{email}/resend
Activity.Kind:               Server
Activity.StartTime:          2025-09-20T11:49:21.2304960Z
Activity.Duration:           00:00:00.0135150
Activity.Tags:
    server.address: localhost
    http.request.method: POST
    url.scheme: http
    url.path: /api/tenants/721e143b-6dc6-4097-8a0b-5ef95b328823/invites/invitee-dffce9bb0ec743899f8781c933f6d456@example.com/resend
    network.protocol.version: 1.1
    tenant: kevin-personal
    user: kevin@example.com
    http.route: /api/tenants/{tenantId:guid}/invites/{email}/resend
    http.response.status_code: 200
Resource associated with Activity:
    service.name: Appostolic.Api
    service.instance.id: cfc7ce07-e6a4-4518-a7e3-7e4ff99e6a9f
    telemetry.sdk.name: opentelemetry
    telemetry.sdk.language: dotnet
    telemetry.sdk.version: 1.9.0

Activity.TraceId:            9ef79d43c153e356640e1a8beb62af7b
Activity.SpanId:             a573084535131209
Activity.TraceFlags:         Recorded
Activity.ActivitySourceName: Microsoft.AspNetCore
Activity.DisplayName:        POST /api/tenants/{tenantId:guid}/invites/{email}/resend
Activity.Kind:               Server
Activity.StartTime:          2025-09-20T11:49:21.2304960Z
Activity.Duration:           00:00:00.0135150
Activity.Tags:
    server.address: localhost
    http.request.method: POST
    url.scheme: http
    url.path: /api/tenants/721e143b-6dc6-4097-8a0b-5ef95b328823/invites/invitee-dffce9bb0ec743899f8781c933f6d456@example.com/resend
    network.protocol.version: 1.1
    tenant: kevin-personal
    user: kevin@example.com
    http.route: /api/tenants/{tenantId:guid}/invites/{email}/resend
    http.response.status_code: 200
Resource associated with Activity:
    service.name: Appostolic.Api
    service.instance.id: cfc7ce07-e6a4-4518-a7e3-7e4ff99e6a9f
    telemetry.sdk.name: opentelemetry
    telemetry.sdk.language: dotnet
    telemetry.sdk.version: 1.9.0

info: Microsoft.AspNetCore.Http.Result.CreatedResult[1]
      Setting HTTP status code 201.
LogRecord.Timestamp:               2025-09-20T11:49:21.3555360Z
LogRecord.TraceId:                 7dd2c65f5cc44fb0858f10b56a0bee94
LogRecord.SpanId:                  8930e51580ea0d8b
LogRecord.TraceFlags:              Recorded
LogRecord.CategoryName:            Microsoft.AspNetCore.Http.Result.CreatedResult
LogRecord.Severity:                Info
LogRecord.SeverityText:            Information
LogRecord.FormattedMessage:        Setting HTTP status code 201.
LogRecord.Body:                    Setting HTTP status code {StatusCode}.
LogRecord.Attributes (Key:Value):
    StatusCode: 201
    OriginalFormat (a.k.a Body): Setting HTTP status code {StatusCode}.
LogRecord.EventId:                 1
LogRecord.EventName:               WritingResultAsStatusCode

Resource associated with LogRecord:
service.name: Appostolic.Api
service.instance.id: cfc7ce07-e6a4-4518-a7e3-7e4ff99e6a9f
telemetry.sdk.name: opentelemetry
telemetry.sdk.language: dotnet
telemetry.sdk.version: 1.9.0

LogRecord.Timestamp:               2025-09-20T11:49:21.3557620Z
LogRecord.TraceId:                 7dd2c65f5cc44fb0858f10b56a0bee94
LogRecord.SpanId:                  8930e51580ea0d8b
LogRecord.TraceFlags:              Recorded
LogRecord.CategoryName:            Microsoft.AspNetCore.Http.Result.CreatedResult
info: Microsoft.AspNetCore.Http.Result.CreatedResult[3]
      Writing value of type '<>f__AnonymousType23`3' as Json.
LogRecord.Severity:                Info
LogRecord.SeverityText:            Information
LogRecord.FormattedMessage:        Writing value of type '<>f__AnonymousType23`3' as Json.
LogRecord.Body:                    Writing value of type '{Type}' as Json.
LogRecord.Attributes (Key:Value):
    Type: <>f__AnonymousType23`3
    OriginalFormat (a.k.a Body): Writing value of type '{Type}' as Json.
LogRecord.EventId:                 3
LogRecord.EventName:               WritingResultAsJson

Resource associated with LogRecord:
service.name: Appostolic.Api
service.instance.id: cfc7ce07-e6a4-4518-a7e3-7e4ff99e6a9f
telemetry.sdk.name: opentelemetry
telemetry.sdk.language: dotnet
telemetry.sdk.version: 1.9.0

Activity.TraceId:            7dd2c65f5cc44fb0858f10b56a0bee94
Activity.SpanId:             8930e51580ea0d8b
Activity.TraceFlags:         Recorded
Activity.ActivitySourceName: Microsoft.AspNetCore
Activity.DisplayName:        POST /api/auth/signup
Activity.Kind:               Server
Activity.StartTime:          2025-09-20T11:49:21.2442660Z
Activity.Duration:           00:00:00.1117810
Activity.Tags:
    server.address: localhost
    http.request.method: POST
    url.scheme: http
    url.path: /api/auth/signup
    network.protocol.version: 1.1
    tenant: kevin-personal
    user: kevin@example.com
    http.route: /api/auth/signup
    http.response.status_code: 201
Resource associated with Activity:
    service.name: Appostolic.Api
    service.instance.id: cfc7ce07-e6a4-4518-a7e3-7e4ff99e6a9f
    telemetry.sdk.name: opentelemetry
    telemetry.sdk.language: dotnet
    telemetry.sdk.version: 1.9.0

Activity.TraceId:            7dd2c65f5cc44fb0858f10b56a0bee94
Activity.SpanId:             8930e51580ea0d8b
Activity.TraceFlags:         Recorded
Activity.ActivitySourceName: Microsoft.AspNetCore
Activity.DisplayName:        POST /api/auth/signup
Activity.Kind:               Server
Activity.StartTime:          2025-09-20T11:49:21.2442660Z
Activity.Duration:           00:00:00.1117810
Activity.Tags:
    server.address: localhost
    http.request.method: POST
    url.scheme: http
    url.path: /api/auth/signup
    network.protocol.version: 1.1
    tenant: kevin-personal
    user: kevin@example.com
    http.route: /api/auth/signup
    http.response.status_code: 201
Resource associated with Activity:
    service.name: Appostolic.Api
    service.instance.id: cfc7ce07-e6a4-4518-a7e3-7e4ff99e6a9f
    telemetry.sdk.name: opentelemetry
    telemetry.sdk.language: dotnet
    telemetry.sdk.version: 1.9.0

Activity.TraceId:            7dd2c65f5cc44fb0858f10b56a0bee94
Activity.SpanId:             8930e51580ea0d8b
Activity.TraceFlags:         Recorded
Activity.ActivitySourceName: Microsoft.AspNetCore
Activity.DisplayName:        POST /api/auth/signup
Activity.Kind:               Server
Activity.StartTime:          2025-09-20T11:49:21.2442660Z
Activity.Duration:           00:00:00.1117810
Activity.Tags:
    server.address: localhost
    http.request.method: POST
    url.scheme: http
    url.path: /api/auth/signup
    network.protocol.version: 1.1
    tenant: kevin-personal
    user: kevin@example.com
    http.route: /api/auth/signup
    http.response.status_code: 201
Resource associated with Activity:
    service.name: Appostolic.Api
    service.instance.id: cfc7ce07-e6a4-4518-a7e3-7e4ff99e6a9f
    telemetry.sdk.name: opentelemetry
    telemetry.sdk.language: dotnet
    telemetry.sdk.version: 1.9.0

LogRecord.Timestamp:               2025-09-20T11:49:21.3567040Z
info: Microsoft.AspNetCore.Http.Result.OkObjectResult[1]
      Setting HTTP status code 200.
LogRecord.TraceId:                 2a6957e8fcca346cb9a75a767f540b0e
LogRecord.SpanId:                  88b80f2ade37d4bf
LogRecord.TraceFlags:              Recorded
LogRecord.CategoryName:            Microsoft.AspNetCore.Http.Result.OkObjectResult
LogRecord.Severity:                Info
LogRecord.SeverityText:            Information
LogRecord.FormattedMessage:        Setting HTTP status code 200.
LogRecord.Body:                    Setting HTTP status code {StatusCode}.
LogRecord.Attributes (Key:Value):
    StatusCode: 200
    OriginalFormat (a.k.a Body): Setting HTTP status code {StatusCode}.
LogRecord.EventId:                 1
LogRecord.EventName:               WritingResultAsStatusCode

Resource associated with LogRecord:
service.name: Appostolic.Api
service.instance.id: cfc7ce07-e6a4-4518-a7e3-7e4ff99e6a9f
telemetry.sdk.name: opentelemetry
telemetry.sdk.language: dotnet
telemetry.sdk.version: 1.9.0

LogRecord.Timestamp:               2025-09-20T11:49:21.3567450Z
LogRecord.TraceId:                 2a6957e8fcca346cb9a75a767f540b0e
LogRecord.SpanId:                  88b80f2ade37d4bf
LogRecord.TraceFlags:              Recorded
LogRecord.CategoryName:            Microsoft.AspNetCore.Http.Result.OkObjectResult
LogRecord.Severity:                Info
LogRecord.SeverityText:            Information
LogRecord.FormattedMessage:        Writing value of type 'List`1' as Json.
LogRecord.Body:                    Writing value of type '{Type}' as Json.
LogRecord.Attributes (Key:Value):
info: Microsoft.AspNetCore.Http.Result.OkObjectResult[3]
      Writing value of type 'List`1' as Json.
    Type: List`1
    OriginalFormat (a.k.a Body): Writing value of type '{Type}' as Json.
LogRecord.EventId:                 3
LogRecord.EventName:               WritingResultAsJson

Resource associated with LogRecord:
service.name: Appostolic.Api
service.instance.id: cfc7ce07-e6a4-4518-a7e3-7e4ff99e6a9f
telemetry.sdk.name: opentelemetry
telemetry.sdk.language: dotnet
telemetry.sdk.version: 1.9.0

Activity.TraceId:            2a6957e8fcca346cb9a75a767f540b0e
Activity.SpanId:             88b80f2ade37d4bf
Activity.TraceFlags:         Recorded
Activity.ActivitySourceName: Microsoft.AspNetCore
Activity.DisplayName:        GET /api/tenants/{tenantId:guid}/invites
Activity.Kind:               Server
Activity.StartTime:          2025-09-20T11:49:21.3561140Z
Activity.Duration:           00:00:00.0006930
Activity.Tags:
    server.address: localhost
    http.request.method: GET
    url.scheme: http
    url.path: /api/tenants/721e143b-6dc6-4097-8a0b-5ef95b328823/invites
    network.protocol.version: 1.1
    tenant: kevin-personal
    user: kevin@example.com
    http.route: /api/tenants/{tenantId:guid}/invites
    http.response.status_code: 200
Resource associated with Activity:
    service.name: Appostolic.Api
    service.instance.id: cfc7ce07-e6a4-4518-a7e3-7e4ff99e6a9f
    telemetry.sdk.name: opentelemetry
    telemetry.sdk.language: dotnet
    telemetry.sdk.version: 1.9.0

Activity.TraceId:            2a6957e8fcca346cb9a75a767f540b0e
Activity.SpanId:             88b80f2ade37d4bf
Activity.TraceFlags:         Recorded
Activity.ActivitySourceName: Microsoft.AspNetCore
Activity.DisplayName:        GET /api/tenants/{tenantId:guid}/invites
Activity.Kind:               Server
Activity.StartTime:          2025-09-20T11:49:21.3561140Z
Activity.Duration:           00:00:00.0006930
Activity.Tags:
    server.address: localhost
    http.request.method: GET
    url.scheme: http
    url.path: /api/tenants/721e143b-6dc6-4097-8a0b-5ef95b328823/invites
    network.protocol.version: 1.1
    tenant: kevin-personal
    user: kevin@example.com
    http.route: /api/tenants/{tenantId:guid}/invites
    http.response.status_code: 200
Resource associated with Activity:
    service.name: Appostolic.Api
    service.instance.id: cfc7ce07-e6a4-4518-a7e3-7e4ff99e6a9f
    telemetry.sdk.name: opentelemetry
    telemetry.sdk.language: dotnet
    telemetry.sdk.version: 1.9.0

Activity.TraceId:            2a6957e8fcca346cb9a75a767f540b0e
Activity.SpanId:             88b80f2ade37d4bf
Activity.TraceFlags:         Recorded
Activity.ActivitySourceName: Microsoft.AspNetCore
Activity.DisplayName:        GET /api/tenants/{tenantId:guid}/invites
Activity.Kind:               Server
Activity.StartTime:          2025-09-20T11:49:21.3561140Z
Activity.Duration:           00:00:00.0006930
Activity.Tags:
    server.address: localhost
    http.request.method: GET
    url.scheme: http
    url.path: /api/tenants/721e143b-6dc6-4097-8a0b-5ef95b328823/invites
    network.protocol.version: 1.1
    tenant: kevin-personal
    user: kevin@example.com
    http.route: /api/tenants/{tenantId:guid}/invites
    http.response.status_code: 200
Resource associated with Activity:
    service.name: Appostolic.Api
    service.instance.id: cfc7ce07-e6a4-4518-a7e3-7e4ff99e6a9f
    telemetry.sdk.name: opentelemetry
    telemetry.sdk.language: dotnet
    telemetry.sdk.version: 1.9.0

LogRecord.Timestamp:               2025-09-20T11:49:21.3583060Z
LogRecord.TraceId:                 34f097bd957fc3dcdbf779947215f795
LogRecord.SpanId:                  93ddcc2567811798
LogRecord.TraceFlags:              Recorded
LogRecord.CategoryName:            Microsoft.AspNetCore.Http.Result.NoContentResult
info: Microsoft.AspNetCore.Http.Result.NoContentResult[1]
      Setting HTTP status code 204.
LogRecord.Severity:                Info
LogRecord.SeverityText:            Information
LogRecord.FormattedMessage:        Setting HTTP status code 204.
LogRecord.Body:                    Setting HTTP status code {StatusCode}.
LogRecord.Attributes (Key:Value):
    StatusCode: 204
    OriginalFormat (a.k.a Body): Setting HTTP status code {StatusCode}.
LogRecord.EventId:                 1
LogRecord.EventName:               WritingResultAsStatusCode

Resource associated with LogRecord:
service.name: Appostolic.Api
service.instance.id: cfc7ce07-e6a4-4518-a7e3-7e4ff99e6a9f
telemetry.sdk.name: opentelemetry
telemetry.sdk.language: dotnet
telemetry.sdk.version: 1.9.0

Activity.TraceId:            34f097bd957fc3dcdbf779947215f795
Activity.SpanId:             93ddcc2567811798
Activity.TraceFlags:         Recorded
Activity.ActivitySourceName: Microsoft.AspNetCore
Activity.DisplayName:        DELETE /api/tenants/{tenantId:guid}/invites/{email}
Activity.Kind:               Server
Activity.StartTime:          2025-09-20T11:49:21.3569790Z
Activity.Duration:           00:00:00.0013780
Activity.Tags:
    server.address: localhost
    http.request.method: DELETE
    url.scheme: http
    url.path: /api/tenants/721e143b-6dc6-4097-8a0b-5ef95b328823/invites/invitee-dffce9bb0ec743899f8781c933f6d456@example.com
    network.protocol.version: 1.1
    tenant: kevin-personal
    user: kevin@example.com
    http.route: /api/tenants/{tenantId:guid}/invites/{email}
    http.response.status_code: 204
Resource associated with Activity:
    service.name: Appostolic.Api
    service.instance.id: cfc7ce07-e6a4-4518-a7e3-7e4ff99e6a9f
    telemetry.sdk.name: opentelemetry
    telemetry.sdk.language: dotnet
    telemetry.sdk.version: 1.9.0

Activity.TraceId:            34f097bd957fc3dcdbf779947215f795
Activity.SpanId:             93ddcc2567811798
Activity.TraceFlags:         Recorded
Activity.ActivitySourceName: Microsoft.AspNetCore
Activity.DisplayName:        DELETE /api/tenants/{tenantId:guid}/invites/{email}
Activity.Kind:               Server
Activity.StartTime:          2025-09-20T11:49:21.3569790Z
Activity.Duration:           00:00:00.0013780
Activity.Tags:
    server.address: localhost
    http.request.method: DELETE
    url.scheme: http
    url.path: /api/tenants/721e143b-6dc6-4097-8a0b-5ef95b328823/invites/invitee-dffce9bb0ec743899f8781c933f6d456@example.com
    network.protocol.version: 1.1
    tenant: kevin-personal
    user: kevin@example.com
    http.route: /api/tenants/{tenantId:guid}/invites/{email}
    http.response.status_code: 204
Resource associated with Activity:
    service.name: Appostolic.Api
    service.instance.id: cfc7ce07-e6a4-4518-a7e3-7e4ff99e6a9f
    telemetry.sdk.name: opentelemetry
    telemetry.sdk.language: dotnet
    telemetry.sdk.version: 1.9.0

Activity.TraceId:            34f097bd957fc3dcdbf779947215f795
Activity.SpanId:             93ddcc2567811798
Activity.TraceFlags:         Recorded
Activity.ActivitySourceName: Microsoft.AspNetCore
Activity.DisplayName:        DELETE /api/tenants/{tenantId:guid}/invites/{email}
Activity.Kind:               Server
Activity.StartTime:          2025-09-20T11:49:21.3569790Z
Activity.Duration:           00:00:00.0013780
Activity.Tags:
    server.address: localhost
    http.request.method: DELETE
    url.scheme: http
    url.path: /api/tenants/721e143b-6dc6-4097-8a0b-5ef95b328823/invites/invitee-dffce9bb0ec743899f8781c933f6d456@example.com
    network.protocol.version: 1.1
    tenant: kevin-personal
    user: kevin@example.com
    http.route: /api/tenants/{tenantId:guid}/invites/{email}
    http.response.status_code: 204
Resource associated with Activity:
    service.name: Appostolic.Api
    service.instance.id: cfc7ce07-e6a4-4518-a7e3-7e4ff99e6a9f
    telemetry.sdk.name: opentelemetry
    telemetry.sdk.language: dotnet
    telemetry.sdk.version: 1.9.0

LogRecord.Timestamp:               2025-09-20T11:49:21.3587110Z
LogRecord.TraceId:                 2d6a1a9e696e66b34ba59d978f4527fb
LogRecord.SpanId:                  c2f58c4d764d58a8
LogRecord.TraceFlags:              Recorded
LogRecord.CategoryName:            Microsoft.AspNetCore.Http.Result.OkObjectResult
LogRecord.Severity:                Info
LogRecord.SeverityText:            Information
LogRecord.FormattedMessage:        Setting HTTP status code 200.
info: Microsoft.AspNetCore.Http.Result.OkObjectResult[1]
      Setting HTTP status code 200.
LogRecord.Body:                    Setting HTTP status code {StatusCode}.
LogRecord.Attributes (Key:Value):
    StatusCode: 200
    OriginalFormat (a.k.a Body): Setting HTTP status code {StatusCode}.
LogRecord.EventId:                 1
LogRecord.EventName:               WritingResultAsStatusCode

Resource associated with LogRecord:
service.name: Appostolic.Api
service.instance.id: cfc7ce07-e6a4-4518-a7e3-7e4ff99e6a9f
telemetry.sdk.name: opentelemetry
telemetry.sdk.language: dotnet
telemetry.sdk.version: 1.9.0

LogRecord.Timestamp:               2025-09-20T11:49:21.3587380Z
LogRecord.TraceId:                 2d6a1a9e696e66b34ba59d978f4527fb
LogRecord.SpanId:                  c2f58c4d764d58a8
LogRecord.TraceFlags:              Recorded
LogRecord.CategoryName:            Microsoft.AspNetCore.Http.Result.OkObjectResult
LogRecord.Severity:                Info
LogRecord.SeverityText:            Information
LogRecord.FormattedMessage:        Writing value of type 'List`1' as Json.
LogRecord.Body:                    Writing value of type '{Type}' as Json.
LogRecord.Attributes (Key:Value):
info: Microsoft.AspNetCore.Http.Result.OkObjectResult[3]
      Writing value of type 'List`1' as Json.
    Type: List`1
    OriginalFormat (a.k.a Body): Writing value of type '{Type}' as Json.
LogRecord.EventId:                 3
LogRecord.EventName:               WritingResultAsJson

Resource associated with LogRecord:
service.name: Appostolic.Api
service.instance.id: cfc7ce07-e6a4-4518-a7e3-7e4ff99e6a9f
telemetry.sdk.name: opentelemetry
telemetry.sdk.language: dotnet
telemetry.sdk.version: 1.9.0

Activity.TraceId:            2d6a1a9e696e66b34ba59d978f4527fb
Activity.SpanId:             c2f58c4d764d58a8
Activity.TraceFlags:         Recorded
Activity.ActivitySourceName: Microsoft.AspNetCore
Activity.DisplayName:        GET /api/tenants/{tenantId:guid}/invites
Activity.Kind:               Server
Activity.StartTime:          2025-09-20T11:49:21.3584120Z
Activity.Duration:           00:00:00.0003580
Activity.Tags:
    server.address: localhost
    http.request.method: GET
    url.scheme: http
    url.path: /api/tenants/721e143b-6dc6-4097-8a0b-5ef95b328823/invites
    network.protocol.version: 1.1
    tenant: kevin-personal
    user: kevin@example.com
    http.route: /api/tenants/{tenantId:guid}/invites
    http.response.status_code: 200
Resource associated with Activity:
    service.name: Appostolic.Api
    service.instance.id: cfc7ce07-e6a4-4518-a7e3-7e4ff99e6a9f
    telemetry.sdk.name: opentelemetry
    telemetry.sdk.language: dotnet
    telemetry.sdk.version: 1.9.0

Activity.TraceId:            2d6a1a9e696e66b34ba59d978f4527fb
Activity.SpanId:             c2f58c4d764d58a8
Activity.TraceFlags:         Recorded
Activity.ActivitySourceName: Microsoft.AspNetCore
Activity.DisplayName:        GET /api/tenants/{tenantId:guid}/invites
Activity.Kind:               Server
Activity.StartTime:          2025-09-20T11:49:21.3584120Z
Activity.Duration:           00:00:00.0003580
Activity.Tags:
    server.address: localhost
    http.request.method: GET
    url.scheme: http
    url.path: /api/tenants/721e143b-6dc6-4097-8a0b-5ef95b328823/invites
    network.protocol.version: 1.1
    tenant: kevin-personal
    user: kevin@example.com
    http.route: /api/tenants/{tenantId:guid}/invites
    http.response.status_code: 200
Resource associated with Activity:
    service.name: Appostolic.Api
    service.instance.id: cfc7ce07-e6a4-4518-a7e3-7e4ff99e6a9f
    telemetry.sdk.name: opentelemetry
    telemetry.sdk.language: dotnet
    telemetry.sdk.version: 1.9.0

Activity.TraceId:            2d6a1a9e696e66b34ba59d978f4527fb
Activity.SpanId:             c2f58c4d764d58a8
Activity.TraceFlags:         Recorded
Activity.ActivitySourceName: Microsoft.AspNetCore
Activity.DisplayName:        GET /api/tenants/{tenantId:guid}/invites
Activity.Kind:               Server
Activity.StartTime:          2025-09-20T11:49:21.3584120Z
Activity.Duration:           00:00:00.0003580
Activity.Tags:
    server.address: localhost
    http.request.method: GET
    url.scheme: http
    url.path: /api/tenants/721e143b-6dc6-4097-8a0b-5ef95b328823/invites
    network.protocol.version: 1.1
    tenant: kevin-personal
    user: kevin@example.com
    http.route: /api/tenants/{tenantId:guid}/invites
    http.response.status_code: 200
Resource associated with Activity:
    service.name: Appostolic.Api
    service.instance.id: cfc7ce07-e6a4-4518-a7e3-7e4ff99e6a9f
    telemetry.sdk.name: opentelemetry
    telemetry.sdk.language: dotnet
    telemetry.sdk.version: 1.9.0

Resource associated with Metric:
    service.name: Appostolic.Api
    service.instance.id: cfc7ce07-e6a4-4518-a7e3-7e4ff99e6a9f
    telemetry.sdk.name: opentelemetry
    telemetry.sdk.language: dotnet
    telemetry.sdk.version: 1.9.0

Metric Name: process.runtime.dotnet.gc.collections.count, Number of garbage collections that have occurred since process start., Meter: OpenTelemetry.Instrumentation.Runtime/1.9.0
(2025-09-20T11:49:21.1268260Z, 2025-09-20T11:49:21.3592320Z] generation: gen2 LongSum
Value: 15
(2025-09-20T11:49:21.1268260Z, 2025-09-20T11:49:21.3592320Z] generation: gen1 LongSum
Value: 22
(2025-09-20T11:49:21.1268260Z, 2025-09-20T11:49:21.3592320Z] generation: gen0 LongSum
Value: 49

Metric Name: process.runtime.dotnet.gc.objects.size, Count of bytes currently in use by objects in the GC heap that haven't been collected yet. Fragmentation and other GC committed memory pools are excluded., Unit: bytes, Meter: OpenTelemetry.Instrumentation.Runtime/1.9.0
(2025-09-20T11:49:21.1268310Z, 2025-09-20T11:49:21.3592320Z] LongSumNonMonotonic
Value: 568377544

Metric Name: process.runtime.dotnet.gc.allocations.size, Count of bytes allocated on the managed GC heap since the process start. .NET objects are allocated from this heap. Object allocations from unmanaged languages such as C/C++ do not use this heap., Unit: bytes, Meter: OpenTelemetry.Instrumentation.Runtime/1.9.0
(2025-09-20T11:49:21.1268340Z, 2025-09-20T11:49:21.3592320Z] LongSum
Value: 2480299184

Metric Name: process.runtime.dotnet.gc.committed_memory.size, The amount of committed virtual memory for the managed GC heap, as observed during the latest garbage collection. Committed virtual memory may be larger than the heap size because it includes both memory for storing existing objects (the heap size) and some extra memory that is ready to handle newly allocated objects in the future. The value will be unavailable until at least one garbage collection has occurred., Unit: bytes, Meter: OpenTelemetry.Instrumentation.Runtime/1.9.0
(2025-09-20T11:49:21.1268380Z, 2025-09-20T11:49:21.3592330Z] LongSumNonMonotonic
Value: 373243904

Metric Name: process.runtime.dotnet.gc.heap.size, The heap size (including fragmentation), as observed during the latest garbage collection. The value will be unavailable until at least one garbage collection has occurred., Unit: bytes, Meter: OpenTelemetry.Instrumentation.Runtime/1.9.0
(2025-09-20T11:49:21.1268410Z, 2025-09-20T11:49:21.3592330Z] generation: gen0 LongSumNonMonotonic
Value: 6251736
(2025-09-20T11:49:21.1268410Z, 2025-09-20T11:49:21.3592330Z] generation: gen1 LongSumNonMonotonic
Value: 9308984
(2025-09-20T11:49:21.1268410Z, 2025-09-20T11:49:21.3592330Z] generation: gen2 LongSumNonMonotonic
Value: 122807456
(2025-09-20T11:49:21.1268410Z, 2025-09-20T11:49:21.3592330Z] generation: loh LongSumNonMonotonic
Value: 234348304
(2025-09-20T11:49:21.1268410Z, 2025-09-20T11:49:21.3592330Z] generation: poh LongSumNonMonotonic
Value: 262336

Metric Name: process.runtime.dotnet.gc.heap.fragmentation.size, The heap fragmentation, as observed during the latest garbage collection. The value will be unavailable until at least one garbage collection has occurred., Unit: bytes, Meter: OpenTelemetry.Instrumentation.Runtime/1.9.0
(2025-09-20T11:49:21.1268450Z, 2025-09-20T11:49:21.3592330Z] generation: gen0 LongSumNonMonotonic
Value: 6250776
(2025-09-20T11:49:21.1268450Z, 2025-09-20T11:49:21.3592330Z] generation: gen1 LongSumNonMonotonic
Value: 116784
(2025-09-20T11:49:21.1268450Z, 2025-09-20T11:49:21.3592330Z] generation: gen2 LongSumNonMonotonic
Value: 1131424
(2025-09-20T11:49:21.1268450Z, 2025-09-20T11:49:21.3592330Z] generation: loh LongSumNonMonotonic
Value: 1488240
(2025-09-20T11:49:21.1268450Z, 2025-09-20T11:49:21.3592330Z] generation: poh LongSumNonMonotonic
Value: 0

Metric Name: process.runtime.dotnet.gc.duration, The total amount of time paused in GC since the process start., Unit: ns, Meter: OpenTelemetry.Instrumentation.Runtime/1.9.0
(2025-09-20T11:49:21.1268500Z, 2025-09-20T11:49:21.3592330Z] LongSum
Value: 826665000

Metric Name: process.runtime.dotnet.jit.il_compiled.size, Count of bytes of intermediate language that have been compiled since the process start., Unit: bytes, Meter: OpenTelemetry.Instrumentation.Runtime/1.9.0
(2025-09-20T11:49:21.1268530Z, 2025-09-20T11:49:21.3592330Z] LongSum
Value: 5605017

Metric Name: process.runtime.dotnet.jit.methods_compiled.count, The number of times the JIT compiler compiled a method since the process start. The JIT compiler may be invoked multiple times for the same method to compile with different generic parameters, or because tiered compilation requested different optimization settings., Meter: OpenTelemetry.Instrumentation.Runtime/1.9.0
(2025-09-20T11:49:21.1268580Z, 2025-09-20T11:49:21.3592330Z] LongSum
Value: 66193

Metric Name: process.runtime.dotnet.jit.compilation_time, The amount of time the JIT compiler has spent compiling methods since the process start., Unit: ns, Meter: OpenTelemetry.Instrumentation.Runtime/1.9.0
(2025-09-20T11:49:21.1268610Z, 2025-09-20T11:49:21.3592330Z] LongSum
Value: 16594114900

Metric Name: process.runtime.dotnet.monitor.lock_contention.count, The number of times there was contention when trying to acquire a monitor lock since the process start. Monitor locks are commonly acquired by using the lock keyword in C#, or by calling Monitor.Enter() and Monitor.TryEnter()., Meter: OpenTelemetry.Instrumentation.Runtime/1.9.0
(2025-09-20T11:49:21.1268650Z, 2025-09-20T11:49:21.3592330Z] LongSum
Value: 237

Metric Name: process.runtime.dotnet.thread_pool.threads.count, The number of thread pool threads that currently exist., Meter: OpenTelemetry.Instrumentation.Runtime/1.9.0
(2025-09-20T11:49:21.1268680Z, 2025-09-20T11:49:21.3592330Z] LongSumNonMonotonic
Value: 14

Metric Name: process.runtime.dotnet.thread_pool.completed_items.count, The number of work items that have been processed by the thread pool since the process start., Meter: OpenTelemetry.Instrumentation.Runtime/1.9.0
(2025-09-20T11:49:21.1268720Z, 2025-09-20T11:49:21.3592330Z] LongSum
Value: 3159

Metric Name: process.runtime.dotnet.thread_pool.queue.length, The number of work items that are currently queued to be processed by the thread pool., Meter: OpenTelemetry.Instrumentation.Runtime/1.9.0
(2025-09-20T11:49:21.1268750Z, 2025-09-20T11:49:21.3592330Z] LongSumNonMonotonic
Value: 0

Metric Name: process.runtime.dotnet.timer.count, The number of timer instances that are currently active. Timers can be created by many sources such as System.Threading.Timer, Task.Delay, or the timeout in a CancellationSource. An active timer is registered to tick at some point in the future and has not yet been canceled., Meter: OpenTelemetry.Instrumentation.Runtime/1.9.0
(2025-09-20T11:49:21.1268790Z, 2025-09-20T11:49:21.3592330Z] LongSumNonMonotonic
Value: 8

Metric Name: process.runtime.dotnet.assemblies.count, The number of .NET assemblies that are currently loaded., Meter: OpenTelemetry.Instrumentation.Runtime/1.9.0
(2025-09-20T11:49:21.1268840Z, 2025-09-20T11:49:21.3592340Z] LongSumNonMonotonic
Value: 212

Metric Name: dns.lookup.duration, Measures the time taken to perform a DNS lookup., Unit: s, Meter: System.Net.NameResolution
(2025-09-20T11:49:21.1269370Z, 2025-09-20T11:49:21.3592370Z] dns.question.name: localhost Histogram
Value: Sum: 0.0007985 Count: 2 Min: 0.0003705 Max: 0.000428 
(-Infinity,0.005]:2
(0.005,0.01]:0
(0.01,0.025]:0
(0.025,0.05]:0
(0.05,0.075]:0
(0.075,0.1]:0
(0.1,0.25]:0
(0.25,0.5]:0
(0.5,0.75]:0
(0.75,1]:0
(1,2.5]:0
(2.5,5]:0
(5,7.5]:0
(7.5,10]:0
(10,+Infinity]:0


Metric Name: http.server.active_requests, Number of active HTTP server requests., Unit: {request}, Meter: Microsoft.AspNetCore.Hosting
(2025-09-20T11:49:21.1269400Z, 2025-09-20T11:49:21.3592380Z] http.request.method: GET url.scheme: http LongSumNonMonotonic
Value: 0
(2025-09-20T11:49:21.1269400Z, 2025-09-20T11:49:21.3592380Z] http.request.method: POST url.scheme: http LongSumNonMonotonic
Value: 0
(2025-09-20T11:49:21.1269400Z, 2025-09-20T11:49:21.3592380Z] http.request.method: DELETE url.scheme: http LongSumNonMonotonic
Value: 0

Metric Name: http.server.request.duration, Duration of HTTP server requests., Unit: s, Meter: Microsoft.AspNetCore.Hosting
(2025-09-20T11:49:21.1269440Z, 2025-09-20T11:49:21.3592380Z] http.request.method: GET http.response.status_code: 200 http.route: /api/tenants/{tenantId:guid}/invites network.protocol.version: 1.1 url.scheme: http Histogram
Value: Sum: 0.0463836 Count: 4 Min: 0.0003611 Max: 0.0431991 
(-Infinity,0.005]:3
(0.005,0.01]:0
(0.01,0.025]:0
(0.025,0.05]:1
(0.05,0.075]:0
(0.075,0.1]:0
(0.1,0.25]:0
(0.25,0.5]:0
(0.5,0.75]:0
(0.75,1]:0
(1,2.5]:0
(2.5,5]:0
(5,7.5]:0
(7.5,10]:0
(10,+Infinity]:0

(2025-09-20T11:49:21.1269440Z, 2025-09-20T11:49:21.3592380Z] http.request.method: POST http.response.status_code: 201 http.route: /api/tenants/{tenantId:guid}/invites network.protocol.version: 1.1 url.scheme: http Histogram
Value: Sum: 0.0098792 Count: 1 Min: 0.0098792 Max: 0.0098792 
(-Infinity,0.005]:0
(0.005,0.01]:1
(0.01,0.025]:0
(0.025,0.05]:0
(0.05,0.075]:0
(0.075,0.1]:0
(0.1,0.25]:0
(0.25,0.5]:0
(0.5,0.75]:0
(0.75,1]:0
(1,2.5]:0
(2.5,5]:0
(5,7.5]:0
(7.5,10]:0
(10,+Infinity]:0

(2025-09-20T11:49:21.1269440Z, 2025-09-20T11:49:21.3592380Z] http.request.method: POST http.response.status_code: 200 http.route: /api/tenants/{tenantId:guid}/invites/{email}/resend network.protocol.version: 1.1 url.scheme: http Histogram
Value: Sum: 0.013506 Count: 1 Min: 0.013506 Max: 0.013506 
(-Infinity,0.005]:0
(0.005,0.01]:0
(0.01,0.025]:1
(0.025,0.05]:0
(0.05,0.075]:0
(0.075,0.1]:0
(0.1,0.25]:0
(0.25,0.5]:0
(0.5,0.75]:0
(0.75,1]:0
(1,2.5]:0
(2.5,5]:0
(5,7.5]:0
(7.5,10]:0
(10,+Infinity]:0

(2025-09-20T11:49:21.1269440Z, 2025-09-20T11:49:21.3592380Z] http.request.method: POST http.response.status_code: 201 http.route: /api/auth/signup network.protocol.version: 1.1 url.scheme: http Histogram
Value: Sum: 0.1117578 Count: 1 Min: 0.1117578 Max: 0.1117578 
(-Infinity,0.005]:0
(0.005,0.01]:0
(0.01,0.025]:0
(0.025,0.05]:0
(0.05,0.075]:0
(0.075,0.1]:0
(0.1,0.25]:1
(0.25,0.5]:0
(0.5,0.75]:0
(0.75,1]:0
(1,2.5]:0
(2.5,5]:0
(5,7.5]:0
(7.5,10]:0
(10,+Infinity]:0

(2025-09-20T11:49:21.1269440Z, 2025-09-20T11:49:21.3592380Z] http.request.method: DELETE http.response.status_code: 204 http.route: /api/tenants/{tenantId:guid}/invites/{email} network.protocol.version: 1.1 url.scheme: http Histogram
Value: Sum: 0.0013748 Count: 1 Min: 0.0013748 Max: 0.0013748 
(-Infinity,0.005]:1
(0.005,0.01]:0
(0.01,0.025]:0
(0.025,0.05]:0
(0.05,0.075]:0
(0.075,0.1]:0
(0.1,0.25]:0
(0.25,0.5]:0
(0.5,0.75]:0
(0.75,1]:0
(1,2.5]:0
(2.5,5]:0
(5,7.5]:0
(7.5,10]:0
(10,+Infinity]:0


Metric Name: aspnetcore.routing.match_attempts, Number of requests that were attempted to be matched to an endpoint., Unit: {match_attempt}, Meter: Microsoft.AspNetCore.Routing
(2025-09-20T11:49:21.1269470Z, 2025-09-20T11:49:21.3592390Z] aspnetcore.routing.is_fallback: false aspnetcore.routing.match_status: success http.route: /api/tenants/{tenantId:guid}/invites LongSum
Value: 5
(2025-09-20T11:49:21.1269470Z, 2025-09-20T11:49:21.3592390Z] aspnetcore.routing.is_fallback: false aspnetcore.routing.match_status: success http.route: /api/tenants/{tenantId:guid}/invites/{email}/resend LongSum
Value: 1
(2025-09-20T11:49:21.1269470Z, 2025-09-20T11:49:21.3592390Z] aspnetcore.routing.is_fallback: false aspnetcore.routing.match_status: success http.route: /api/auth/signup LongSum
Value: 1
(2025-09-20T11:49:21.1269470Z, 2025-09-20T11:49:21.3592390Z] aspnetcore.routing.is_fallback: false aspnetcore.routing.match_status: success http.route: /api/tenants/{tenantId:guid}/invites/{email} LongSum
Value: 1
[Startup] Warning: failed to ensure app.notification_dedupes exists: Relational-specific methods can only be used when the context is using a relational database provider.
LogRecord.Timestamp:               2025-09-20T11:49:21.4189770Z
info: Endpoints.V1[0]
      [MapV1Endpoints] Environment='Development' IsDevelopment=True
LogRecord.CategoryName:            Endpoints.V1
LogRecord.Severity:                Info
LogRecord.SeverityText:            Information
LogRecord.FormattedMessage:        [MapV1Endpoints] Environment='Development' IsDevelopment=True
LogRecord.Body:                    [MapV1Endpoints] Environment='{Env}' IsDevelopment={IsDev}
LogRecord.Attributes (Key:Value):
    Env: Development
    IsDev: true
    OriginalFormat (a.k.a Body): [MapV1Endpoints] Environment='{Env}' IsDevelopment={IsDev}

Resource associated with LogRecord:
service.name: Appostolic.Api
service.instance.id: cfc7ce07-e6a4-4518-a7e3-7e4ff99e6a9f
telemetry.sdk.name: opentelemetry
telemetry.sdk.language: dotnet
telemetry.sdk.version: 1.9.0

LogRecord.Timestamp:               2025-09-20T11:49:21.4194900Z
info: Microsoft.AspNetCore.DataProtection.KeyManagement.XmlKeyManager[62]
      User profile is available. Using '/Users/kevinmccreary/.aspnet/DataProtection-Keys' as key repository; keys will not be encrypted at rest.
LogRecord.CategoryName:            Microsoft.AspNetCore.DataProtection.KeyManagement.XmlKeyManager
LogRecord.Severity:                Info
LogRecord.SeverityText:            Information
LogRecord.FormattedMessage:        User profile is available. Using '/Users/kevinmccreary/.aspnet/DataProtection-Keys' as key repository; keys will not be encrypted at rest.
LogRecord.Body:                    User profile is available. Using '{FullName}' as key repository; keys will not be encrypted at rest.
LogRecord.Attributes (Key:Value):
    FullName: /Users/kevinmccreary/.aspnet/DataProtection-Keys
    OriginalFormat (a.k.a Body): User profile is available. Using '{FullName}' as key repository; keys will not be encrypted at rest.
LogRecord.EventId:                 62
LogRecord.EventName:               UsingProfileAsKeyRepository

Resource associated with LogRecord:
service.name: Appostolic.Api
service.instance.id: cfc7ce07-e6a4-4518-a7e3-7e4ff99e6a9f
telemetry.sdk.name: opentelemetry
telemetry.sdk.language: dotnet
telemetry.sdk.version: 1.9.0

info: Appostolic.Api.App.Notifications.AutoResendHostedService[0]
      AutoResend is disabled by configuration
LogRecord.Timestamp:               2025-09-20T11:49:21.7843570Z
LogRecord.CategoryName:            Appostolic.Api.App.Notifications.AutoResendHostedService
LogRecord.Severity:                Info
LogRecord.SeverityText:            Information
LogRecord.FormattedMessage:        AutoResend is disabled by configuration
LogRecord.Body:                    AutoResend is disabled by configuration
LogRecord.Attributes (Key:Value):
    OriginalFormat (a.k.a Body): AutoResend is disabled by configuration

Resource associated with LogRecord:
service.name: Appostolic.Api
service.instance.id: cfc7ce07-e6a4-4518-a7e3-7e4ff99e6a9f
telemetry.sdk.name: opentelemetry
telemetry.sdk.language: dotnet
telemetry.sdk.version: 1.9.0

info: Microsoft.AspNetCore.Http.Result.StatusCodeResult[1]
      Setting HTTP status code 413.
LogRecord.Timestamp:               2025-09-20T11:49:21.9030430Z
LogRecord.TraceId:                 0bfbbb4fea3e89350d344fbff2b7f7fe
LogRecord.SpanId:                  a6cd4d54d6325026
LogRecord.TraceFlags:              Recorded
LogRecord.CategoryName:            Microsoft.AspNetCore.Http.Result.StatusCodeResult
LogRecord.Severity:                Info
LogRecord.SeverityText:            Information
LogRecord.FormattedMessage:        Setting HTTP status code 413.
LogRecord.Body:                    Setting HTTP status code {StatusCode}.
LogRecord.Attributes (Key:Value):
    StatusCode: 413
    OriginalFormat (a.k.a Body): Setting HTTP status code {StatusCode}.
LogRecord.EventId:                 1
LogRecord.EventName:               WritingResultAsStatusCode

Resource associated with LogRecord:
service.name: Appostolic.Api
service.instance.id: cfc7ce07-e6a4-4518-a7e3-7e4ff99e6a9f
telemetry.sdk.name: opentelemetry
telemetry.sdk.language: dotnet
telemetry.sdk.version: 1.9.0

Activity.TraceId:            0bfbbb4fea3e89350d344fbff2b7f7fe
Activity.SpanId:             a6cd4d54d6325026
Activity.TraceFlags:         Recorded
Activity.ActivitySourceName: Microsoft.AspNetCore
Activity.DisplayName:        POST /api/users/me/avatar
Activity.Kind:               Server
Activity.StartTime:          2025-09-20T11:49:21.8331920Z
Activity.Duration:           00:00:00.0713110
Activity.Tags:
    server.address: localhost
    http.request.method: POST
    url.scheme: http
    url.path: /api/users/me/avatar
    network.protocol.version: 1.1
    tenant: kevin-personal
    user: kevin@example.com
    http.route: /api/users/me/avatar
    http.response.status_code: 413
Resource associated with Activity:
    service.name: Appostolic.Api
    service.instance.id: cfc7ce07-e6a4-4518-a7e3-7e4ff99e6a9f
    telemetry.sdk.name: opentelemetry
    telemetry.sdk.language: dotnet
    telemetry.sdk.version: 1.9.0

Activity.TraceId:            0bfbbb4fea3e89350d344fbff2b7f7fe
Activity.SpanId:             a6cd4d54d6325026
Activity.TraceFlags:         Recorded
Activity.ActivitySourceName: Microsoft.AspNetCore
Activity.DisplayName:        POST /api/users/me/avatar
Activity.Kind:               Server
Activity.StartTime:          2025-09-20T11:49:21.8331920Z
Activity.Duration:           00:00:00.0713110
Activity.Tags:
    server.address: localhost
    http.request.method: POST
    url.scheme: http
    url.path: /api/users/me/avatar
    network.protocol.version: 1.1
    tenant: kevin-personal
    user: kevin@example.com
    http.route: /api/users/me/avatar
    http.response.status_code: 413
Resource associated with Activity:
    service.name: Appostolic.Api
    service.instance.id: cfc7ce07-e6a4-4518-a7e3-7e4ff99e6a9f
    telemetry.sdk.name: opentelemetry
    telemetry.sdk.language: dotnet
    telemetry.sdk.version: 1.9.0

Activity.TraceId:            0bfbbb4fea3e89350d344fbff2b7f7fe
Activity.SpanId:             a6cd4d54d6325026
Activity.TraceFlags:         Recorded
Activity.ActivitySourceName: Microsoft.AspNetCore
Activity.DisplayName:        POST /api/users/me/avatar
Activity.Kind:               Server
Activity.StartTime:          2025-09-20T11:49:21.8331920Z
Activity.Duration:           00:00:00.0713110
Activity.Tags:
    server.address: localhost
    http.request.method: POST
    url.scheme: http
    url.path: /api/users/me/avatar
    network.protocol.version: 1.1
    tenant: kevin-personal
    user: kevin@example.com
    http.route: /api/users/me/avatar
    http.response.status_code: 413
Resource associated with Activity:
    service.name: Appostolic.Api
    service.instance.id: cfc7ce07-e6a4-4518-a7e3-7e4ff99e6a9f
    telemetry.sdk.name: opentelemetry
    telemetry.sdk.language: dotnet
    telemetry.sdk.version: 1.9.0

LogRecord.Timestamp:               2025-09-20T11:49:22.0380630Z
LogRecord.TraceId:                 f91894c4517c4b76468f6f87eee7543e
LogRecord.SpanId:                  9f8308fa880b884d
LogRecord.TraceFlags:              Recorded
LogRecord.CategoryName:            Microsoft.AspNetCore.Http.Result.UnprocessableEntityObjectResult
LogRecord.Severity:                Info
LogRecord.SeverityText:            Information
LogRecord.FormattedMessage:        Setting HTTP status code 422.
LogRecord.Body:                    Setting HTTP status code {StatusCode}.
LogRecord.Attributes (Key:Value):
    StatusCode: 422
    OriginalFormat (a.k.a Body): Setting HTTP status code {StatusCode}.
LogRecord.EventId:                 1
LogRecord.EventName:               WritingResultAsStatusCode

Resource associated with LogRecord:
service.name: Appostolic.Api
service.instance.id: cfc7ce07-e6a4-4518-a7e3-7e4ff99e6a9f
telemetry.sdk.name: opentelemetry
telemetry.sdk.language: dotnet
telemetry.sdk.version: 1.9.0

info: Microsoft.AspNetCore.Http.Result.UnprocessableEntityObjectResult[1]
      Setting HTTP status code 422.
LogRecord.Timestamp:               2025-09-20T11:49:22.0384710Z
LogRecord.TraceId:                 f91894c4517c4b76468f6f87eee7543e
LogRecord.SpanId:                  9f8308fa880b884d
LogRecord.TraceFlags:              Recorded
LogRecord.CategoryName:            Microsoft.AspNetCore.Http.Result.UnprocessableEntityObjectResult
LogRecord.Severity:                Info
LogRecord.SeverityText:            Information
LogRecord.FormattedMessage:        Writing value of type '<>f__AnonymousType0`1' as Json.
LogRecord.Body:                    Writing value of type '{Type}' as Json.
LogRecord.Attributes (Key:Value):
    Type: <>f__AnonymousType0`1
    OriginalFormat (a.k.a Body): Writing value of type '{Type}' as Json.
LogRecord.EventId:                 3
LogRecord.EventName:               WritingResultAsJson

Resource associated with LogRecord:
service.name: Appostolic.Api
service.instance.id: cfc7ce07-e6a4-4518-a7e3-7e4ff99e6a9f
telemetry.sdk.name: opentelemetry
telemetry.sdk.language: dotnet
telemetry.sdk.version: 1.9.0

info: Microsoft.AspNetCore.Http.Result.UnprocessableEntityObjectResult[3]
      Writing value of type '<>f__AnonymousType0`1' as Json.
Activity.TraceId:            f91894c4517c4b76468f6f87eee7543e
Activity.SpanId:             9f8308fa880b884d
Activity.TraceFlags:         Recorded
Activity.ActivitySourceName: Microsoft.AspNetCore
Activity.DisplayName:        POST /api/users/me/avatar
Activity.Kind:               Server
Activity.StartTime:          2025-09-20T11:49:21.9842180Z
Activity.Duration:           00:00:00.0553830
Activity.Tags:
    server.address: localhost
    http.request.method: POST
    url.scheme: http
    url.path: /api/users/me/avatar
    network.protocol.version: 1.1
    tenant: kevin-personal
    user: kevin@example.com
    http.route: /api/users/me/avatar
    http.response.status_code: 422
Resource associated with Activity:
    service.name: Appostolic.Api
    service.instance.id: cfc7ce07-e6a4-4518-a7e3-7e4ff99e6a9f
    telemetry.sdk.name: opentelemetry
    telemetry.sdk.language: dotnet
    telemetry.sdk.version: 1.9.0

Activity.TraceId:            f91894c4517c4b76468f6f87eee7543e
Activity.SpanId:             9f8308fa880b884d
Activity.TraceFlags:         Recorded
Activity.ActivitySourceName: Microsoft.AspNetCore
Activity.DisplayName:        POST /api/users/me/avatar
Activity.Kind:               Server
Activity.StartTime:          2025-09-20T11:49:21.9842180Z
Activity.Duration:           00:00:00.0553830
Activity.Tags:
    server.address: localhost
    http.request.method: POST
    url.scheme: http
    url.path: /api/users/me/avatar
    network.protocol.version: 1.1
    tenant: kevin-personal
    user: kevin@example.com
    http.route: /api/users/me/avatar
    http.response.status_code: 422
Resource associated with Activity:
    service.name: Appostolic.Api
    service.instance.id: cfc7ce07-e6a4-4518-a7e3-7e4ff99e6a9f
    telemetry.sdk.name: opentelemetry
    telemetry.sdk.language: dotnet
    telemetry.sdk.version: 1.9.0

Activity.TraceId:            f91894c4517c4b76468f6f87eee7543e
Activity.SpanId:             9f8308fa880b884d
Activity.TraceFlags:         Recorded
Activity.ActivitySourceName: Microsoft.AspNetCore
Activity.DisplayName:        POST /api/users/me/avatar
Activity.Kind:               Server
Activity.StartTime:          2025-09-20T11:49:21.9842180Z
Activity.Duration:           00:00:00.0553830
Activity.Tags:
    server.address: localhost
    http.request.method: POST
    url.scheme: http
    url.path: /api/users/me/avatar
    network.protocol.version: 1.1
    tenant: kevin-personal
    user: kevin@example.com
    http.route: /api/users/me/avatar
    http.response.status_code: 422
Resource associated with Activity:
    service.name: Appostolic.Api
    service.instance.id: cfc7ce07-e6a4-4518-a7e3-7e4ff99e6a9f
    telemetry.sdk.name: opentelemetry
    telemetry.sdk.language: dotnet
    telemetry.sdk.version: 1.9.0

LogRecord.Timestamp:               2025-09-20T11:49:22.0556080Z
LogRecord.TraceId:                 69fe9bd5015748501d9a8d4b68670287
LogRecord.SpanId:                  f62a5286130cd5dd
LogRecord.TraceFlags:              Recorded
LogRecord.CategoryName:            UserProfile
LogRecord.Severity:                Info
LogRecord.SeverityText:            Information
LogRecord.FormattedMessage:        Updated avatar
LogRecord.Body:                    Updated avatar
LogRecord.Attributes (Key:Value):
    OriginalFormat (a.k.a Body): Updated avatar

Resource associated with LogRecord:
service.name: Appostolic.Api
service.instance.id: cfc7ce07-e6a4-4518-a7e3-7e4ff99e6a9f
telemetry.sdk.name: opentelemetry
telemetry.sdk.language: dotnet
telemetry.sdk.version: 1.9.0

LogRecord.Timestamp:               2025-09-20T11:49:22.0557380Z
LogRecord.TraceId:                 69fe9bd5015748501d9a8d4b68670287
LogRecord.SpanId:                  f62a5286130cd5dd
LogRecord.TraceFlags:              Recorded
LogRecord.CategoryName:            Microsoft.AspNetCore.Http.Result.OkObjectResult
LogRecord.Severity:                Info
LogRecord.SeverityText:            Information
LogRecord.FormattedMessage:        Setting HTTP status code 200.
LogRecord.Body:                    Setting HTTP status code {StatusCode}.
LogRecord.Attributes (Key:Value):
    StatusCode: 200
    OriginalFormat (a.k.a Body): Setting HTTP status code {StatusCode}.
LogRecord.EventId:                 1
LogRecord.EventName:               WritingResultAsStatusCode

Resource associated with LogRecord:
service.name: Appostolic.Api
service.instance.id: cfc7ce07-e6a4-4518-a7e3-7e4ff99e6a9f
telemetry.sdk.name: opentelemetry
telemetry.sdk.language: dotnet
telemetry.sdk.version: 1.9.0

info: UserProfile[0]
      Updated avatar
info: Microsoft.AspNetCore.Http.Result.OkObjectResult[1]
      Setting HTTP status code 200.
LogRecord.Timestamp:               2025-09-20T11:49:22.0562610Z
LogRecord.TraceId:                 69fe9bd5015748501d9a8d4b68670287
LogRecord.SpanId:                  f62a5286130cd5dd
LogRecord.TraceFlags:              Recorded
LogRecord.CategoryName:            Microsoft.AspNetCore.Http.Result.OkObjectResult
LogRecord.Severity:                Info
LogRecord.SeverityText:            Information
LogRecord.FormattedMessage:        Writing value of type '<>f__AnonymousType19`1' as Json.
LogRecord.Body:                    Writing value of type '{Type}' as Json.
LogRecord.Attributes (Key:Value):
    Type: <>f__AnonymousType19`1
    OriginalFormat (a.k.a Body): Writing value of type '{Type}' as Json.
LogRecord.EventId:                 3
LogRecord.EventName:               WritingResultAsJson

Resource associated with LogRecord:
service.name: Appostolic.Api
service.instance.id: cfc7ce07-e6a4-4518-a7e3-7e4ff99e6a9f
telemetry.sdk.name: opentelemetry
telemetry.sdk.language: dotnet
telemetry.sdk.version: 1.9.0

info: Microsoft.AspNetCore.Http.Result.OkObjectResult[3]
      Writing value of type '<>f__AnonymousType19`1' as Json.
Activity.TraceId:            69fe9bd5015748501d9a8d4b68670287
Activity.SpanId:             f62a5286130cd5dd
Activity.TraceFlags:         Recorded
Activity.ActivitySourceName: Microsoft.AspNetCore
Activity.DisplayName:        POST /api/users/me/avatar
Activity.Kind:               Server
Activity.StartTime:          2025-09-20T11:49:22.0442100Z
Activity.Duration:           00:00:00.0133630
Activity.Tags:
    server.address: localhost
    http.request.method: POST
    url.scheme: http
    url.path: /api/users/me/avatar
    network.protocol.version: 1.1
    tenant: kevin-personal
    user: kevin@example.com
    http.route: /api/users/me/avatar
    http.response.status_code: 200
Resource associated with Activity:
    service.name: Appostolic.Api
    service.instance.id: cfc7ce07-e6a4-4518-a7e3-7e4ff99e6a9f
    telemetry.sdk.name: opentelemetry
    telemetry.sdk.language: dotnet
    telemetry.sdk.version: 1.9.0

Activity.TraceId:            69fe9bd5015748501d9a8d4b68670287
Activity.SpanId:             f62a5286130cd5dd
Activity.TraceFlags:         Recorded
Activity.ActivitySourceName: Microsoft.AspNetCore
Activity.DisplayName:        POST /api/users/me/avatar
Activity.Kind:               Server
Activity.StartTime:          2025-09-20T11:49:22.0442100Z
Activity.Duration:           00:00:00.0133630
Activity.Tags:
    server.address: localhost
    http.request.method: POST
    url.scheme: http
    url.path: /api/users/me/avatar
    network.protocol.version: 1.1
    tenant: kevin-personal
    user: kevin@example.com
    http.route: /api/users/me/avatar
    http.response.status_code: 200
Resource associated with Activity:
    service.name: Appostolic.Api
    service.instance.id: cfc7ce07-e6a4-4518-a7e3-7e4ff99e6a9f
    telemetry.sdk.name: opentelemetry
    telemetry.sdk.language: dotnet
    telemetry.sdk.version: 1.9.0

Activity.TraceId:            69fe9bd5015748501d9a8d4b68670287
Activity.SpanId:             f62a5286130cd5dd
Activity.TraceFlags:         Recorded
Activity.ActivitySourceName: Microsoft.AspNetCore
Activity.DisplayName:        POST /api/users/me/avatar
Activity.Kind:               Server
Activity.StartTime:          2025-09-20T11:49:22.0442100Z
Activity.Duration:           00:00:00.0133630
Activity.Tags:
    server.address: localhost
    http.request.method: POST
    url.scheme: http
    url.path: /api/users/me/avatar
    network.protocol.version: 1.1
    tenant: kevin-personal
    user: kevin@example.com
    http.route: /api/users/me/avatar
    http.response.status_code: 200
Resource associated with Activity:
    service.name: Appostolic.Api
    service.instance.id: cfc7ce07-e6a4-4518-a7e3-7e4ff99e6a9f
    telemetry.sdk.name: opentelemetry
    telemetry.sdk.language: dotnet
    telemetry.sdk.version: 1.9.0

info: Microsoft.AspNetCore.Http.Result.StatusCodeResult[1]
      Setting HTTP status code 415.
LogRecord.Timestamp:               2025-09-20T11:49:22.0637110Z
LogRecord.TraceId:                 47d27be2e7853465622bba3c9b56d790
LogRecord.SpanId:                  c073454261e8a58e
LogRecord.TraceFlags:              Recorded
LogRecord.CategoryName:            Microsoft.AspNetCore.Http.Result.StatusCodeResult
LogRecord.Severity:                Info
LogRecord.SeverityText:            Information
LogRecord.FormattedMessage:        Setting HTTP status code 415.
LogRecord.Body:                    Setting HTTP status code {StatusCode}.
LogRecord.Attributes (Key:Value):
    StatusCode: 415
    OriginalFormat (a.k.a Body): Setting HTTP status code {StatusCode}.
LogRecord.EventId:                 1
LogRecord.EventName:               WritingResultAsStatusCode

Resource associated with LogRecord:
service.name: Appostolic.Api
service.instance.id: cfc7ce07-e6a4-4518-a7e3-7e4ff99e6a9f
telemetry.sdk.name: opentelemetry
telemetry.sdk.language: dotnet
telemetry.sdk.version: 1.9.0

Activity.TraceId:            47d27be2e7853465622bba3c9b56d790
Activity.SpanId:             c073454261e8a58e
Activity.TraceFlags:         Recorded
Activity.ActivitySourceName: Microsoft.AspNetCore
Activity.DisplayName:        POST /api/users/me/avatar
Activity.Kind:               Server
Activity.StartTime:          2025-09-20T11:49:22.0626740Z
Activity.Duration:           00:00:00.0014680
Activity.Tags:
    server.address: localhost
    http.request.method: POST
    url.scheme: http
    url.path: /api/users/me/avatar
    network.protocol.version: 1.1
    tenant: kevin-personal
    user: kevin@example.com
    http.route: /api/users/me/avatar
    http.response.status_code: 415
Resource associated with Activity:
    service.name: Appostolic.Api
    service.instance.id: cfc7ce07-e6a4-4518-a7e3-7e4ff99e6a9f
    telemetry.sdk.name: opentelemetry
    telemetry.sdk.language: dotnet
    telemetry.sdk.version: 1.9.0

Activity.TraceId:            47d27be2e7853465622bba3c9b56d790
Activity.SpanId:             c073454261e8a58e
Activity.TraceFlags:         Recorded
Activity.ActivitySourceName: Microsoft.AspNetCore
Activity.DisplayName:        POST /api/users/me/avatar
Activity.Kind:               Server
Activity.StartTime:          2025-09-20T11:49:22.0626740Z
Activity.Duration:           00:00:00.0014680
Activity.Tags:
    server.address: localhost
    http.request.method: POST
    url.scheme: http
    url.path: /api/users/me/avatar
    network.protocol.version: 1.1
    tenant: kevin-personal
    user: kevin@example.com
    http.route: /api/users/me/avatar
    http.response.status_code: 415
Resource associated with Activity:
    service.name: Appostolic.Api
    service.instance.id: cfc7ce07-e6a4-4518-a7e3-7e4ff99e6a9f
    telemetry.sdk.name: opentelemetry
    telemetry.sdk.language: dotnet
    telemetry.sdk.version: 1.9.0

Activity.TraceId:            47d27be2e7853465622bba3c9b56d790
Activity.SpanId:             c073454261e8a58e
Activity.TraceFlags:         Recorded
Activity.ActivitySourceName: Microsoft.AspNetCore
Activity.DisplayName:        POST /api/users/me/avatar
Activity.Kind:               Server
Activity.StartTime:          2025-09-20T11:49:22.0626740Z
Activity.Duration:           00:00:00.0014680
Activity.Tags:
    server.address: localhost
    http.request.method: POST
    url.scheme: http
    url.path: /api/users/me/avatar
    network.protocol.version: 1.1
    tenant: kevin-personal
    user: kevin@example.com
    http.route: /api/users/me/avatar
    http.response.status_code: 415
Resource associated with Activity:
    service.name: Appostolic.Api
    service.instance.id: cfc7ce07-e6a4-4518-a7e3-7e4ff99e6a9f
    telemetry.sdk.name: opentelemetry
    telemetry.sdk.language: dotnet
    telemetry.sdk.version: 1.9.0

info: UserProfile[0]
      Updated avatar
LogRecord.Timestamp:               2025-09-20T11:49:22.2314670Z
LogRecord.TraceId:                 301661dd8dce8f1f4644e989577c7724
LogRecord.SpanId:                  aa7831aaa6b80fe7
LogRecord.TraceFlags:              Recorded
LogRecord.CategoryName:            UserProfile
LogRecord.Severity:                Info
LogRecord.SeverityText:            Information
LogRecord.FormattedMessage:        Updated avatar
LogRecord.Body:                    Updated avatar
LogRecord.Attributes (Key:Value):
    OriginalFormat (a.k.a Body): Updated avatar

Resource associated with LogRecord:
service.name: Appostolic.Api
service.instance.id: cfc7ce07-e6a4-4518-a7e3-7e4ff99e6a9f
telemetry.sdk.name: opentelemetry
telemetry.sdk.language: dotnet
telemetry.sdk.version: 1.9.0

LogRecord.Timestamp:               2025-09-20T11:49:22.2315280Z
LogRecord.TraceId:                 301661dd8dce8f1f4644e989577c7724
LogRecord.SpanId:                  aa7831aaa6b80fe7
LogRecord.TraceFlags:              Recorded
LogRecord.CategoryName:            Microsoft.AspNetCore.Http.Result.OkObjectResult
LogRecord.Severity:                Info
LogRecord.SeverityText:            Information
LogRecord.FormattedMessage:        Setting HTTP status code 200.
LogRecord.Body:                    Setting HTTP status code {StatusCode}.
LogRecord.Attributes (Key:Value):
    StatusCode: 200
    OriginalFormat (a.k.a Body): Setting HTTP status code {StatusCode}.
LogRecord.EventId:                 1
LogRecord.EventName:               WritingResultAsStatusCode

Resource associated with LogRecord:
service.name: Appostolic.Api
service.instance.id: cfc7ce07-e6a4-4518-a7e3-7e4ff99e6a9f
telemetry.sdk.name: opentelemetry
telemetry.sdk.language: dotnet
telemetry.sdk.version: 1.9.0

info: Microsoft.AspNetCore.Http.Result.OkObjectResult[1]
      Setting HTTP status code 200.
LogRecord.Timestamp:               2025-09-20T11:49:22.2315550Z
info: Microsoft.AspNetCore.Http.Result.OkObjectResult[3]
      Writing value of type '<>f__AnonymousType19`1' as Json.
LogRecord.TraceId:                 301661dd8dce8f1f4644e989577c7724
LogRecord.SpanId:                  aa7831aaa6b80fe7
LogRecord.TraceFlags:              Recorded
LogRecord.CategoryName:            Microsoft.AspNetCore.Http.Result.OkObjectResult
LogRecord.Severity:                Info
LogRecord.SeverityText:            Information
LogRecord.FormattedMessage:        Writing value of type '<>f__AnonymousType19`1' as Json.
LogRecord.Body:                    Writing value of type '{Type}' as Json.
LogRecord.Attributes (Key:Value):
    Type: <>f__AnonymousType19`1
    OriginalFormat (a.k.a Body): Writing value of type '{Type}' as Json.
LogRecord.EventId:                 3
LogRecord.EventName:               WritingResultAsJson

Resource associated with LogRecord:
service.name: Appostolic.Api
service.instance.id: cfc7ce07-e6a4-4518-a7e3-7e4ff99e6a9f
telemetry.sdk.name: opentelemetry
telemetry.sdk.language: dotnet
telemetry.sdk.version: 1.9.0

Activity.TraceId:            301661dd8dce8f1f4644e989577c7724
Activity.SpanId:             aa7831aaa6b80fe7
Activity.TraceFlags:         Recorded
Activity.ActivitySourceName: Microsoft.AspNetCore
Activity.DisplayName:        POST /api/users/me/avatar
Activity.Kind:               Server
Activity.StartTime:          2025-09-20T11:49:22.1267310Z
Activity.Duration:           00:00:00.1051290
Activity.Tags:
    server.address: localhost
    http.request.method: POST
    url.scheme: http
    url.path: /api/users/me/avatar
    network.protocol.version: 1.1
    tenant: kevin-personal
    user: kevin@example.com
    http.route: /api/users/me/avatar
    http.response.status_code: 200
Resource associated with Activity:
    service.name: Appostolic.Api
    service.instance.id: cfc7ce07-e6a4-4518-a7e3-7e4ff99e6a9f
    telemetry.sdk.name: opentelemetry
    telemetry.sdk.language: dotnet
    telemetry.sdk.version: 1.9.0

Activity.TraceId:            301661dd8dce8f1f4644e989577c7724
Activity.SpanId:             aa7831aaa6b80fe7
Activity.TraceFlags:         Recorded
Activity.ActivitySourceName: Microsoft.AspNetCore
Activity.DisplayName:        POST /api/users/me/avatar
Activity.Kind:               Server
Activity.StartTime:          2025-09-20T11:49:22.1267310Z
Activity.Duration:           00:00:00.1051290
Activity.Tags:
    server.address: localhost
    http.request.method: POST
    url.scheme: http
    url.path: /api/users/me/avatar
    network.protocol.version: 1.1
    tenant: kevin-personal
    user: kevin@example.com
    http.route: /api/users/me/avatar
    http.response.status_code: 200
Resource associated with Activity:
    service.name: Appostolic.Api
    service.instance.id: cfc7ce07-e6a4-4518-a7e3-7e4ff99e6a9f
    telemetry.sdk.name: opentelemetry
    telemetry.sdk.language: dotnet
    telemetry.sdk.version: 1.9.0

Activity.TraceId:            301661dd8dce8f1f4644e989577c7724
Activity.SpanId:             aa7831aaa6b80fe7
Activity.TraceFlags:         Recorded
Activity.ActivitySourceName: Microsoft.AspNetCore
Activity.DisplayName:        POST /api/users/me/avatar
Activity.Kind:               Server
Activity.StartTime:          2025-09-20T11:49:22.1267310Z
Activity.Duration:           00:00:00.1051290
Activity.Tags:
    server.address: localhost
    http.request.method: POST
    url.scheme: http
    url.path: /api/users/me/avatar
    network.protocol.version: 1.1
    tenant: kevin-personal
    user: kevin@example.com
    http.route: /api/users/me/avatar
    http.response.status_code: 200
Resource associated with Activity:
    service.name: Appostolic.Api
    service.instance.id: cfc7ce07-e6a4-4518-a7e3-7e4ff99e6a9f
    telemetry.sdk.name: opentelemetry
    telemetry.sdk.language: dotnet
    telemetry.sdk.version: 1.9.0

LogRecord.Timestamp:               2025-09-20T11:49:22.2388470Z
LogRecord.TraceId:                 0dbf7908e98d3857cbd01c9f27189da4
LogRecord.SpanId:                  219ee35fa7073af2
LogRecord.TraceFlags:              Recorded
LogRecord.CategoryName:            UserProfile
LogRecord.Severity:                Info
LogRecord.SeverityText:            Information
LogRecord.FormattedMessage:        Updated avatar
LogRecord.Body:                    Updated avatar
LogRecord.Attributes (Key:Value):
    OriginalFormat (a.k.a Body): Updated avatar

Resource associated with LogRecord:
service.name: Appostolic.Api
service.instance.id: cfc7ce07-e6a4-4518-a7e3-7e4ff99e6a9f
telemetry.sdk.name: opentelemetry
telemetry.sdk.language: dotnet
telemetry.sdk.version: 1.9.0

LogRecord.Timestamp:               2025-09-20T11:49:22.2388800Z
LogRecord.TraceId:                 0dbf7908e98d3857cbd01c9f27189da4
LogRecord.SpanId:                  219ee35fa7073af2
LogRecord.TraceFlags:              Recorded
LogRecord.CategoryName:            Microsoft.AspNetCore.Http.Result.OkObjectResult
LogRecord.Severity:                Info
LogRecord.SeverityText:            Information
LogRecord.FormattedMessage:        Setting HTTP status code 200.
LogRecord.Body:                    Setting HTTP status code {StatusCode}.
LogRecord.Attributes (Key:Value):
    StatusCode: 200
    OriginalFormat (a.k.a Body): Setting HTTP status code {StatusCode}.
LogRecord.EventId:                 1
LogRecord.EventName:               WritingResultAsStatusCode

Resource associated with LogRecord:
service.name: Appostolic.Api
service.instance.id: cfc7ce07-e6a4-4518-a7e3-7e4ff99e6a9f
telemetry.sdk.name: opentelemetry
telemetry.sdk.language: dotnet
telemetry.sdk.version: 1.9.0

LogRecord.Timestamp:               2025-09-20T11:49:22.2389010Z
LogRecord.TraceId:                 0dbf7908e98d3857cbd01c9f27189da4
LogRecord.SpanId:                  219ee35fa7073af2
LogRecord.TraceFlags:              Recorded
LogRecord.CategoryName:            Microsoft.AspNetCore.Http.Result.OkObjectResult
LogRecord.Severity:                Info
LogRecord.SeverityText:            Information
LogRecord.FormattedMessage:        Writing value of type '<>f__AnonymousType19`1' as Json.
LogRecord.Body:                    Writing value of type '{Type}' as Json.
LogRecord.Attributes (Key:Value):
    Type: <>f__AnonymousType19`1
    OriginalFormat (a.k.a Body): Writing value of type '{Type}' as Json.
LogRecord.EventId:                 3
LogRecord.EventName:               WritingResultAsJson

Resource associated with LogRecord:
service.name: Appostolic.Api
service.instance.id: cfc7ce07-e6a4-4518-a7e3-7e4ff99e6a9f
telemetry.sdk.name: opentelemetry
telemetry.sdk.language: dotnet
telemetry.sdk.version: 1.9.0

info: UserProfile[0]
      Updated avatar
info: Microsoft.AspNetCore.Http.Result.OkObjectResult[1]
      Setting HTTP status code 200.
info: Microsoft.AspNetCore.Http.Result.OkObjectResult[3]
      Writing value of type '<>f__AnonymousType19`1' as Json.
Activity.TraceId:            0dbf7908e98d3857cbd01c9f27189da4
Activity.SpanId:             219ee35fa7073af2
Activity.TraceFlags:         Recorded
Activity.ActivitySourceName: Microsoft.AspNetCore
Activity.DisplayName:        POST /api/users/me/avatar
Activity.Kind:               Server
Activity.StartTime:          2025-09-20T11:49:22.2361020Z
Activity.Duration:           00:00:00.0031800
Activity.Tags:
    server.address: localhost
    http.request.method: POST
    url.scheme: http
    url.path: /api/users/me/avatar
    network.protocol.version: 1.1
    tenant: kevin-personal
    user: kevin@example.com
    http.route: /api/users/me/avatar
    http.response.status_code: 200
Resource associated with Activity:
    service.name: Appostolic.Api
    service.instance.id: cfc7ce07-e6a4-4518-a7e3-7e4ff99e6a9f
    telemetry.sdk.name: opentelemetry
    telemetry.sdk.language: dotnet
    telemetry.sdk.version: 1.9.0

Activity.TraceId:            0dbf7908e98d3857cbd01c9f27189da4
Activity.SpanId:             219ee35fa7073af2
Activity.TraceFlags:         Recorded
Activity.ActivitySourceName: Microsoft.AspNetCore
Activity.DisplayName:        POST /api/users/me/avatar
Activity.Kind:               Server
Activity.StartTime:          2025-09-20T11:49:22.2361020Z
Activity.Duration:           00:00:00.0031800
Activity.Tags:
    server.address: localhost
    http.request.method: POST
    url.scheme: http
    url.path: /api/users/me/avatar
    network.protocol.version: 1.1
    tenant: kevin-personal
    user: kevin@example.com
    http.route: /api/users/me/avatar
    http.response.status_code: 200
Resource associated with Activity:
    service.name: Appostolic.Api
    service.instance.id: cfc7ce07-e6a4-4518-a7e3-7e4ff99e6a9f
    telemetry.sdk.name: opentelemetry
    telemetry.sdk.language: dotnet
    telemetry.sdk.version: 1.9.0

Activity.TraceId:            0dbf7908e98d3857cbd01c9f27189da4
Activity.SpanId:             219ee35fa7073af2
Activity.TraceFlags:         Recorded
Activity.ActivitySourceName: Microsoft.AspNetCore
Activity.DisplayName:        POST /api/users/me/avatar
Activity.Kind:               Server
Activity.StartTime:          2025-09-20T11:49:22.2361020Z
Activity.Duration:           00:00:00.0031800
Activity.Tags:
    server.address: localhost
    http.request.method: POST
    url.scheme: http
    url.path: /api/users/me/avatar
    network.protocol.version: 1.1
    tenant: kevin-personal
    user: kevin@example.com
    http.route: /api/users/me/avatar
    http.response.status_code: 200
Resource associated with Activity:
    service.name: Appostolic.Api
    service.instance.id: cfc7ce07-e6a4-4518-a7e3-7e4ff99e6a9f
    telemetry.sdk.name: opentelemetry
    telemetry.sdk.language: dotnet
    telemetry.sdk.version: 1.9.0

Resource associated with Metric:
    service.name: Appostolic.Api
    service.instance.id: cfc7ce07-e6a4-4518-a7e3-7e4ff99e6a9f
    telemetry.sdk.name: opentelemetry
    telemetry.sdk.language: dotnet
    telemetry.sdk.version: 1.9.0

Metric Name: process.runtime.dotnet.gc.collections.count, Number of garbage collections that have occurred since process start., Meter: OpenTelemetry.Instrumentation.Runtime/1.9.0
(2025-09-20T11:49:21.4200140Z, 2025-09-20T11:49:22.2407290Z] generation: gen2 LongSum
Value: 16
(2025-09-20T11:49:21.4200140Z, 2025-09-20T11:49:22.2407290Z] generation: gen1 LongSum
Value: 22
(2025-09-20T11:49:21.4200140Z, 2025-09-20T11:49:22.2407290Z] generation: gen0 LongSum
Value: 50

Metric Name: process.runtime.dotnet.gc.objects.size, Count of bytes currently in use by objects in the GC heap that haven't been collected yet. Fragmentation and other GC committed memory pools are excluded., Unit: bytes, Meter: OpenTelemetry.Instrumentation.Runtime/1.9.0
(2025-09-20T11:49:21.4200200Z, 2025-09-20T11:49:22.2407290Z] LongSumNonMonotonic
Value: 514490304

Metric Name: process.runtime.dotnet.gc.allocations.size, Count of bytes allocated on the managed GC heap since the process start. .NET objects are allocated from this heap. Object allocations from unmanaged languages such as C/C++ do not use this heap., Unit: bytes, Meter: OpenTelemetry.Instrumentation.Runtime/1.9.0
(2025-09-20T11:49:21.4200300Z, 2025-09-20T11:49:22.2407300Z] LongSum
Value: 2502554360

Metric Name: process.runtime.dotnet.gc.committed_memory.size, The amount of committed virtual memory for the managed GC heap, as observed during the latest garbage collection. Committed virtual memory may be larger than the heap size because it includes both memory for storing existing objects (the heap size) and some extra memory that is ready to handle newly allocated objects in the future. The value will be unavailable until at least one garbage collection has occurred., Unit: bytes, Meter: OpenTelemetry.Instrumentation.Runtime/1.9.0
(2025-09-20T11:49:21.4200360Z, 2025-09-20T11:49:22.2407300Z] LongSumNonMonotonic
Value: 443121664

Metric Name: process.runtime.dotnet.gc.heap.size, The heap size (including fragmentation), as observed during the latest garbage collection. The value will be unavailable until at least one garbage collection has occurred., Unit: bytes, Meter: OpenTelemetry.Instrumentation.Runtime/1.9.0
(2025-09-20T11:49:21.4200410Z, 2025-09-20T11:49:22.2407300Z] generation: gen0 LongSumNonMonotonic
Value: 4942064
(2025-09-20T11:49:21.4200410Z, 2025-09-20T11:49:22.2407300Z] generation: gen1 LongSumNonMonotonic
Value: 11081056
(2025-09-20T11:49:21.4200410Z, 2025-09-20T11:49:22.2407300Z] generation: gen2 LongSumNonMonotonic
Value: 122807456
(2025-09-20T11:49:21.4200410Z, 2025-09-20T11:49:22.2407300Z] generation: loh LongSumNonMonotonic
Value: 303449936
(2025-09-20T11:49:21.4200410Z, 2025-09-20T11:49:22.2407300Z] generation: poh LongSumNonMonotonic
Value: 262336

Metric Name: process.runtime.dotnet.gc.heap.fragmentation.size, The heap fragmentation, as observed during the latest garbage collection. The value will be unavailable until at least one garbage collection has occurred., Unit: bytes, Meter: OpenTelemetry.Instrumentation.Runtime/1.9.0
(2025-09-20T11:49:21.4200470Z, 2025-09-20T11:49:22.2407300Z] generation: gen0 LongSumNonMonotonic
Value: 4941296
(2025-09-20T11:49:21.4200470Z, 2025-09-20T11:49:22.2407300Z] generation: gen1 LongSumNonMonotonic
Value: 526144
(2025-09-20T11:49:21.4200470Z, 2025-09-20T11:49:22.2407300Z] generation: gen2 LongSumNonMonotonic
Value: 1278184
(2025-09-20T11:49:21.4200470Z, 2025-09-20T11:49:22.2407300Z] generation: loh LongSumNonMonotonic
Value: 69130848
(2025-09-20T11:49:21.4200470Z, 2025-09-20T11:49:22.2407300Z] generation: poh LongSumNonMonotonic
Value: 0

Metric Name: process.runtime.dotnet.gc.duration, The total amount of time paused in GC since the process start., Unit: ns, Meter: OpenTelemetry.Instrumentation.Runtime/1.9.0
(2025-09-20T11:49:21.4200510Z, 2025-09-20T11:49:22.2407300Z] LongSum
Value: 834743000

Metric Name: process.runtime.dotnet.jit.il_compiled.size, Count of bytes of intermediate language that have been compiled since the process start., Unit: bytes, Meter: OpenTelemetry.Instrumentation.Runtime/1.9.0
(2025-09-20T11:49:21.4219690Z, 2025-09-20T11:49:22.2407300Z] LongSum
Value: 5755407

Metric Name: process.runtime.dotnet.jit.methods_compiled.count, The number of times the JIT compiler compiled a method since the process start. The JIT compiler may be invoked multiple times for the same method to compile with different generic parameters, or because tiered compilation requested different optimization settings., Meter: OpenTelemetry.Instrumentation.Runtime/1.9.0
(2025-09-20T11:49:21.7832660Z, 2025-09-20T11:49:22.2407300Z] LongSum
Value: 67949

Metric Name: process.runtime.dotnet.jit.compilation_time, The amount of time the JIT compiler has spent compiling methods since the process start., Unit: ns, Meter: OpenTelemetry.Instrumentation.Runtime/1.9.0
(2025-09-20T11:49:21.7833150Z, 2025-09-20T11:49:22.2407300Z] LongSum
Value: 16978844100

Metric Name: process.runtime.dotnet.monitor.lock_contention.count, The number of times there was contention when trying to acquire a monitor lock since the process start. Monitor locks are commonly acquired by using the lock keyword in C#, or by calling Monitor.Enter() and Monitor.TryEnter()., Meter: OpenTelemetry.Instrumentation.Runtime/1.9.0
(2025-09-20T11:49:21.7833300Z, 2025-09-20T11:49:22.2407310Z] LongSum
Value: 238

Metric Name: process.runtime.dotnet.thread_pool.threads.count, The number of thread pool threads that currently exist., Meter: OpenTelemetry.Instrumentation.Runtime/1.9.0
(2025-09-20T11:49:21.7833440Z, 2025-09-20T11:49:22.2407310Z] LongSumNonMonotonic
Value: 14

Metric Name: process.runtime.dotnet.thread_pool.completed_items.count, The number of work items that have been processed by the thread pool since the process start., Meter: OpenTelemetry.Instrumentation.Runtime/1.9.0
(2025-09-20T11:49:21.7833590Z, 2025-09-20T11:49:22.2407310Z] LongSum
Value: 3321

Metric Name: process.runtime.dotnet.thread_pool.queue.length, The number of work items that are currently queued to be processed by the thread pool., Meter: OpenTelemetry.Instrumentation.Runtime/1.9.0
(2025-09-20T11:49:21.7833730Z, 2025-09-20T11:49:22.2407310Z] LongSumNonMonotonic
Value: 0

Metric Name: process.runtime.dotnet.timer.count, The number of timer instances that are currently active. Timers can be created by many sources such as System.Threading.Timer, Task.Delay, or the timeout in a CancellationSource. An active timer is registered to tick at some point in the future and has not yet been canceled., Meter: OpenTelemetry.Instrumentation.Runtime/1.9.0
(2025-09-20T11:49:21.7833860Z, 2025-09-20T11:49:22.2407310Z] LongSumNonMonotonic
Value: 8

Metric Name: process.runtime.dotnet.assemblies.count, The number of .NET assemblies that are currently loaded., Meter: OpenTelemetry.Instrumentation.Runtime/1.9.0
(2025-09-20T11:49:21.7834030Z, 2025-09-20T11:49:22.2407310Z] LongSumNonMonotonic
Value: 212

Metric Name: http.server.active_requests, Number of active HTTP server requests., Unit: {request}, Meter: Microsoft.AspNetCore.Hosting
(2025-09-20T11:49:21.7836360Z, 2025-09-20T11:49:22.2407390Z] http.request.method: POST url.scheme: http LongSumNonMonotonic
Value: 0

Metric Name: http.server.request.duration, Duration of HTTP server requests., Unit: s, Meter: Microsoft.AspNetCore.Hosting
(2025-09-20T11:49:21.7836500Z, 2025-09-20T11:49:22.2407420Z] http.request.method: POST http.response.status_code: 413 http.route: /api/users/me/avatar network.protocol.version: 1.1 url.scheme: http Histogram
Value: Sum: 0.0713338 Count: 1 Min: 0.0713338 Max: 0.0713338 
(-Infinity,0.005]:0
(0.005,0.01]:0
(0.01,0.025]:0
(0.025,0.05]:0
(0.05,0.075]:1
(0.075,0.1]:0
(0.1,0.25]:0
(0.25,0.5]:0
(0.5,0.75]:0
(0.75,1]:0
(1,2.5]:0
(2.5,5]:0
(5,7.5]:0
(7.5,10]:0
(10,+Infinity]:0

(2025-09-20T11:49:21.7836500Z, 2025-09-20T11:49:22.2407420Z] http.request.method: POST http.response.status_code: 422 http.route: /api/users/me/avatar network.protocol.version: 1.1 url.scheme: http Histogram
Value: Sum: 0.0553725 Count: 1 Min: 0.0553725 Max: 0.0553725 
(-Infinity,0.005]:0
(0.005,0.01]:0
(0.01,0.025]:0
(0.025,0.05]:0
(0.05,0.075]:1
(0.075,0.1]:0
(0.1,0.25]:0
(0.25,0.5]:0
(0.5,0.75]:0
(0.75,1]:0
(1,2.5]:0
(2.5,5]:0
(5,7.5]:0
(7.5,10]:0
(10,+Infinity]:0

(2025-09-20T11:49:21.7836500Z, 2025-09-20T11:49:22.2407420Z] http.request.method: POST http.response.status_code: 200 http.route: /api/users/me/avatar network.protocol.version: 1.1 url.scheme: http Histogram
Value: Sum: 0.1216203 Count: 3 Min: 0.0031912 Max: 0.1051061 
(-Infinity,0.005]:1
(0.005,0.01]:0
(0.01,0.025]:1
(0.025,0.05]:0
(0.05,0.075]:0
(0.075,0.1]:0
(0.1,0.25]:1
(0.25,0.5]:0
(0.5,0.75]:0
(0.75,1]:0
(1,2.5]:0
(2.5,5]:0
(5,7.5]:0
(7.5,10]:0
(10,+Infinity]:0

(2025-09-20T11:49:21.7836500Z, 2025-09-20T11:49:22.2407420Z] http.request.method: POST http.response.status_code: 415 http.route: /api/users/me/avatar network.protocol.version: 1.1 url.scheme: http Histogram
Value: Sum: 0.0014404 Count: 1 Min: 0.0014404 Max: 0.0014404 
(-Infinity,0.005]:1
(0.005,0.01]:0
(0.01,0.025]:0
(0.025,0.05]:0
(0.05,0.075]:0
(0.075,0.1]:0
(0.1,0.25]:0
(0.25,0.5]:0
(0.5,0.75]:0
(0.75,1]:0
(1,2.5]:0
(2.5,5]:0
(5,7.5]:0
(7.5,10]:0
(10,+Infinity]:0


Metric Name: aspnetcore.routing.match_attempts, Number of requests that were attempted to be matched to an endpoint., Unit: {match_attempt}, Meter: Microsoft.AspNetCore.Routing
(2025-09-20T11:49:21.7836640Z, 2025-09-20T11:49:22.2407420Z] aspnetcore.routing.is_fallback: false aspnetcore.routing.match_status: success http.route: /api/users/me/avatar LongSum
Value: 6
[Startup] Warning: failed to ensure app.notification_dedupes exists: Relational-specific methods can only be used when the context is using a relational database provider.
info: Endpoints.V1[0]
      [MapV1Endpoints] Environment='Development' IsDevelopment=True
LogRecord.Timestamp:               2025-09-20T11:49:22.3402960Z
LogRecord.CategoryName:            Endpoints.V1
LogRecord.Severity:                Info
LogRecord.SeverityText:            Information
LogRecord.FormattedMessage:        [MapV1Endpoints] Environment='Development' IsDevelopment=True
LogRecord.Body:                    [MapV1Endpoints] Environment='{Env}' IsDevelopment={IsDev}
LogRecord.Attributes (Key:Value):
    Env: Development
    IsDev: true
    OriginalFormat (a.k.a Body): [MapV1Endpoints] Environment='{Env}' IsDevelopment={IsDev}

Resource associated with LogRecord:
service.name: Appostolic.Api
service.instance.id: cfc7ce07-e6a4-4518-a7e3-7e4ff99e6a9f
telemetry.sdk.name: opentelemetry
telemetry.sdk.language: dotnet
telemetry.sdk.version: 1.9.0

LogRecord.Timestamp:               2025-09-20T11:49:22.3411730Z
LogRecord.CategoryName:            Microsoft.AspNetCore.DataProtection.KeyManagement.XmlKeyManager
LogRecord.Severity:                Info
LogRecord.SeverityText:            Information
LogRecord.FormattedMessage:        User profile is available. Using '/Users/kevinmccreary/.aspnet/DataProtection-Keys' as key repository; keys will not be encrypted at rest.
LogRecord.Body:                    User profile is available. Using '{FullName}' as key repository; keys will not be encrypted at rest.
LogRecord.Attributes (Key:Value):
    FullName: /Users/kevinmccreary/.aspnet/DataProtection-Keys
    OriginalFormat (a.k.a Body): User profile is available. Using '{FullName}' as key repository; keys will not be encrypted at rest.
LogRecord.EventId:                 62
LogRecord.EventName:               UsingProfileAsKeyRepository

Resource associated with LogRecord:
service.name: Appostolic.Api
service.instance.id: cfc7ce07-e6a4-4518-a7e3-7e4ff99e6a9f
telemetry.sdk.name: opentelemetry
telemetry.sdk.language: dotnet
telemetry.sdk.version: 1.9.0

info: Microsoft.AspNetCore.DataProtection.KeyManagement.XmlKeyManager[62]
      User profile is available. Using '/Users/kevinmccreary/.aspnet/DataProtection-Keys' as key repository; keys will not be encrypted at rest.
LogRecord.Timestamp:               2025-09-20T11:49:22.3503000Z
info: Appostolic.Api.App.Notifications.AutoResendHostedService[0]
      AutoResend is disabled by configuration
LogRecord.CategoryName:            Appostolic.Api.App.Notifications.AutoResendHostedService
LogRecord.Severity:                Info
LogRecord.SeverityText:            Information
LogRecord.FormattedMessage:        AutoResend is disabled by configuration
LogRecord.Body:                    AutoResend is disabled by configuration
LogRecord.Attributes (Key:Value):
    OriginalFormat (a.k.a Body): AutoResend is disabled by configuration

Resource associated with LogRecord:
service.name: Appostolic.Api
service.instance.id: cfc7ce07-e6a4-4518-a7e3-7e4ff99e6a9f
telemetry.sdk.name: opentelemetry
telemetry.sdk.language: dotnet
telemetry.sdk.version: 1.9.0

LogRecord.Timestamp:               2025-09-20T11:49:22.4512990Z
LogRecord.TraceId:                 1930dc91f0ae1d1261ab1bb09feab06c
LogRecord.SpanId:                  6f21ce231b1d71f2
LogRecord.TraceFlags:              Recorded
LogRecord.CategoryName:            Microsoft.AspNetCore.Http.Result.OkObjectResult
LogRecord.Severity:                Info
LogRecord.SeverityText:            Information
LogRecord.FormattedMessage:        Setting HTTP status code 200.
LogRecord.Body:                    Setting HTTP status code {StatusCode}.
LogRecord.Attributes (Key:Value):
    StatusCode: 200
    OriginalFormat (a.k.a Body): Setting HTTP status code {StatusCode}.
LogRecord.EventId:                 1
LogRecord.EventName:               WritingResultAsStatusCode

Resource associated with LogRecord:
service.name: Appostolic.Api
service.instance.id: cfc7ce07-e6a4-4518-a7e3-7e4ff99e6a9f
telemetry.sdk.name: opentelemetry
telemetry.sdk.language: dotnet
telemetry.sdk.version: 1.9.0

LogRecord.Timestamp:               2025-09-20T11:49:22.4515890Z
LogRecord.TraceId:                 1930dc91f0ae1d1261ab1bb09feab06c
LogRecord.SpanId:                  6f21ce231b1d71f2
LogRecord.TraceFlags:              Recorded
LogRecord.CategoryName:            Microsoft.AspNetCore.Http.Result.OkObjectResult
LogRecord.Severity:                Info
LogRecord.SeverityText:            Information
LogRecord.FormattedMessage:        Writing value of type 'ToolCatalogItem[]' as Json.
LogRecord.Body:                    Writing value of type '{Type}' as Json.
LogRecord.Attributes (Key:Value):
    Type: ToolCatalogItem[]
    OriginalFormat (a.k.a Body): Writing value of type '{Type}' as Json.
LogRecord.EventId:                 3
LogRecord.EventName:               WritingResultAsJson

Resource associated with LogRecord:
service.name: Appostolic.Api
service.instance.id: cfc7ce07-e6a4-4518-a7e3-7e4ff99e6a9f
telemetry.sdk.name: opentelemetry
telemetry.sdk.language: dotnet
telemetry.sdk.version: 1.9.0

info: Microsoft.AspNetCore.Http.Result.OkObjectResult[1]
      Setting HTTP status code 200.
info: Microsoft.AspNetCore.Http.Result.OkObjectResult[3]
      Writing value of type 'ToolCatalogItem[]' as Json.
Activity.TraceId:            1930dc91f0ae1d1261ab1bb09feab06c
Activity.SpanId:             6f21ce231b1d71f2
Activity.TraceFlags:         Recorded
Activity.ActivitySourceName: Microsoft.AspNetCore
Activity.DisplayName:        GET /api/agents/tools
Activity.Kind:               Server
Activity.StartTime:          2025-09-20T11:49:22.3990350Z
Activity.Duration:           00:00:00.0531690
Activity.Tags:
    server.address: localhost
    http.request.method: GET
    url.scheme: http
    url.path: /api/agents/tools
    network.protocol.version: 1.1
    tenant: kevin-personal
    user: kevin@example.com
    http.route: /api/agents/tools
    http.response.status_code: 200
Resource associated with Activity:
    service.name: Appostolic.Api
    service.instance.id: cfc7ce07-e6a4-4518-a7e3-7e4ff99e6a9f
    telemetry.sdk.name: opentelemetry
    telemetry.sdk.language: dotnet
    telemetry.sdk.version: 1.9.0

Activity.TraceId:            1930dc91f0ae1d1261ab1bb09feab06c
Activity.SpanId:             6f21ce231b1d71f2
Activity.TraceFlags:         Recorded
Activity.ActivitySourceName: Microsoft.AspNetCore
Activity.DisplayName:        GET /api/agents/tools
Activity.Kind:               Server
Activity.StartTime:          2025-09-20T11:49:22.3990350Z
Activity.Duration:           00:00:00.0531690
Activity.Tags:
    server.address: localhost
    http.request.method: GET
    url.scheme: http
    url.path: /api/agents/tools
    network.protocol.version: 1.1
    tenant: kevin-personal
    user: kevin@example.com
    http.route: /api/agents/tools
    http.response.status_code: 200
Resource associated with Activity:
    service.name: Appostolic.Api
    service.instance.id: cfc7ce07-e6a4-4518-a7e3-7e4ff99e6a9f
    telemetry.sdk.name: opentelemetry
    telemetry.sdk.language: dotnet
    telemetry.sdk.version: 1.9.0

Activity.TraceId:            1930dc91f0ae1d1261ab1bb09feab06c
Activity.SpanId:             6f21ce231b1d71f2
Activity.TraceFlags:         Recorded
Activity.ActivitySourceName: Microsoft.AspNetCore
Activity.DisplayName:        GET /api/agents/tools
Activity.Kind:               Server
Activity.StartTime:          2025-09-20T11:49:22.3990350Z
Activity.Duration:           00:00:00.0531690
Activity.Tags:
    server.address: localhost
    http.request.method: GET
    url.scheme: http
    url.path: /api/agents/tools
    network.protocol.version: 1.1
    tenant: kevin-personal
    user: kevin@example.com
    http.route: /api/agents/tools
    http.response.status_code: 200
Resource associated with Activity:
    service.name: Appostolic.Api
    service.instance.id: cfc7ce07-e6a4-4518-a7e3-7e4ff99e6a9f
    telemetry.sdk.name: opentelemetry
    telemetry.sdk.language: dotnet
    telemetry.sdk.version: 1.9.0

Resource associated with Metric:
    service.name: Appostolic.Api
    service.instance.id: cfc7ce07-e6a4-4518-a7e3-7e4ff99e6a9f
    telemetry.sdk.name: opentelemetry
    telemetry.sdk.language: dotnet
    telemetry.sdk.version: 1.9.0

Metric Name: process.runtime.dotnet.gc.collections.count, Number of garbage collections that have occurred since process start., Meter: OpenTelemetry.Instrumentation.Runtime/1.9.0
(2025-09-20T11:49:22.3453590Z, 2025-09-20T11:49:22.4570140Z] generation: gen2 LongSum
Value: 16
(2025-09-20T11:49:22.3453590Z, 2025-09-20T11:49:22.4570140Z] generation: gen1 LongSum
Value: 23
(2025-09-20T11:49:22.3453590Z, 2025-09-20T11:49:22.4570140Z] generation: gen0 LongSum
Value: 50

Metric Name: process.runtime.dotnet.gc.objects.size, Count of bytes currently in use by objects in the GC heap that haven't been collected yet. Fragmentation and other GC committed memory pools are excluded., Unit: bytes, Meter: OpenTelemetry.Instrumentation.Runtime/1.9.0
(2025-09-20T11:49:22.3458980Z, 2025-09-20T11:49:22.4570140Z] LongSumNonMonotonic
Value: 523342728

Metric Name: process.runtime.dotnet.gc.allocations.size, Count of bytes allocated on the managed GC heap since the process start. .NET objects are allocated from this heap. Object allocations from unmanaged languages such as C/C++ do not use this heap., Unit: bytes, Meter: OpenTelemetry.Instrumentation.Runtime/1.9.0
(2025-09-20T11:49:22.3462850Z, 2025-09-20T11:49:22.4570140Z] LongSum
Value: 2516871328

Metric Name: process.runtime.dotnet.gc.committed_memory.size, The amount of committed virtual memory for the managed GC heap, as observed during the latest garbage collection. Committed virtual memory may be larger than the heap size because it includes both memory for storing existing objects (the heap size) and some extra memory that is ready to handle newly allocated objects in the future. The value will be unavailable until at least one garbage collection has occurred., Unit: bytes, Meter: OpenTelemetry.Instrumentation.Runtime/1.9.0
(2025-09-20T11:49:22.3481730Z, 2025-09-20T11:49:22.4570140Z] LongSumNonMonotonic
Value: 446267392

Metric Name: process.runtime.dotnet.gc.heap.size, The heap size (including fragmentation), as observed during the latest garbage collection. The value will be unavailable until at least one garbage collection has occurred., Unit: bytes, Meter: OpenTelemetry.Instrumentation.Runtime/1.9.0
(2025-09-20T11:49:22.3483210Z, 2025-09-20T11:49:22.4570150Z] generation: gen0 LongSumNonMonotonic
Value: 7328552
(2025-09-20T11:49:22.3483210Z, 2025-09-20T11:49:22.4570150Z] generation: gen1 LongSumNonMonotonic
Value: 1936976
(2025-09-20T11:49:22.3483210Z, 2025-09-20T11:49:22.4570150Z] generation: gen2 LongSumNonMonotonic
Value: 133013464
(2025-09-20T11:49:22.3483210Z, 2025-09-20T11:49:22.4570150Z] generation: loh LongSumNonMonotonic
Value: 303449936
(2025-09-20T11:49:22.3483210Z, 2025-09-20T11:49:22.4570150Z] generation: poh LongSumNonMonotonic
Value: 262336

Metric Name: process.runtime.dotnet.gc.heap.fragmentation.size, The heap fragmentation, as observed during the latest garbage collection. The value will be unavailable until at least one garbage collection has occurred., Unit: bytes, Meter: OpenTelemetry.Instrumentation.Runtime/1.9.0
(2025-09-20T11:49:22.3484950Z, 2025-09-20T11:49:22.4570150Z] generation: gen0 LongSumNonMonotonic
Value: 7310784
(2025-09-20T11:49:22.3484950Z, 2025-09-20T11:49:22.4570150Z] generation: gen1 LongSumNonMonotonic
Value: 20784
(2025-09-20T11:49:22.3484950Z, 2025-09-20T11:49:22.4570150Z] generation: gen2 LongSumNonMonotonic
Value: 1144616
(2025-09-20T11:49:22.3484950Z, 2025-09-20T11:49:22.4570150Z] generation: loh LongSumNonMonotonic
Value: 63048864
(2025-09-20T11:49:22.3484950Z, 2025-09-20T11:49:22.4570150Z] generation: poh LongSumNonMonotonic
Value: 0

Metric Name: process.runtime.dotnet.gc.duration, The total amount of time paused in GC since the process start., Unit: ns, Meter: OpenTelemetry.Instrumentation.Runtime/1.9.0
(2025-09-20T11:49:22.3485830Z, 2025-09-20T11:49:22.4570150Z] LongSum
Value: 852918000

Metric Name: process.runtime.dotnet.jit.il_compiled.size, Count of bytes of intermediate language that have been compiled since the process start., Unit: bytes, Meter: OpenTelemetry.Instrumentation.Runtime/1.9.0
(2025-09-20T11:49:22.3486980Z, 2025-09-20T11:49:22.4570150Z] LongSum
Value: 5802692

Metric Name: process.runtime.dotnet.jit.methods_compiled.count, The number of times the JIT compiler compiled a method since the process start. The JIT compiler may be invoked multiple times for the same method to compile with different generic parameters, or because tiered compilation requested different optimization settings., Meter: OpenTelemetry.Instrumentation.Runtime/1.9.0
(2025-09-20T11:49:22.3487510Z, 2025-09-20T11:49:22.4570150Z] LongSum
Value: 68477

Metric Name: process.runtime.dotnet.jit.compilation_time, The amount of time the JIT compiler has spent compiling methods since the process start., Unit: ns, Meter: OpenTelemetry.Instrumentation.Runtime/1.9.0
(2025-09-20T11:49:22.3488170Z, 2025-09-20T11:49:22.4570150Z] LongSum
Value: 17117125300

Metric Name: process.runtime.dotnet.monitor.lock_contention.count, The number of times there was contention when trying to acquire a monitor lock since the process start. Monitor locks are commonly acquired by using the lock keyword in C#, or by calling Monitor.Enter() and Monitor.TryEnter()., Meter: OpenTelemetry.Instrumentation.Runtime/1.9.0
(2025-09-20T11:49:22.3488640Z, 2025-09-20T11:49:22.4570150Z] LongSum
Value: 238

Metric Name: process.runtime.dotnet.thread_pool.threads.count, The number of thread pool threads that currently exist., Meter: OpenTelemetry.Instrumentation.Runtime/1.9.0
(2025-09-20T11:49:22.3489860Z, 2025-09-20T11:49:22.4570160Z] LongSumNonMonotonic
Value: 14

Metric Name: process.runtime.dotnet.thread_pool.completed_items.count, The number of work items that have been processed by the thread pool since the process start., Meter: OpenTelemetry.Instrumentation.Runtime/1.9.0
(2025-09-20T11:49:22.3490520Z, 2025-09-20T11:49:22.4570160Z] LongSum
Value: 3335

Metric Name: process.runtime.dotnet.thread_pool.queue.length, The number of work items that are currently queued to be processed by the thread pool., Meter: OpenTelemetry.Instrumentation.Runtime/1.9.0
(2025-09-20T11:49:22.3491000Z, 2025-09-20T11:49:22.4570160Z] LongSumNonMonotonic
Value: 0

Metric Name: process.runtime.dotnet.timer.count, The number of timer instances that are currently active. Timers can be created by many sources such as System.Threading.Timer, Task.Delay, or the timeout in a CancellationSource. An active timer is registered to tick at some point in the future and has not yet been canceled., Meter: OpenTelemetry.Instrumentation.Runtime/1.9.0
(2025-09-20T11:49:22.3491410Z, 2025-09-20T11:49:22.4570160Z] LongSumNonMonotonic
Value: 8

Metric Name: process.runtime.dotnet.assemblies.count, The number of .NET assemblies that are currently loaded., Meter: OpenTelemetry.Instrumentation.Runtime/1.9.0
(2025-09-20T11:49:22.3491830Z, 2025-09-20T11:49:22.4570160Z] LongSumNonMonotonic
Value: 212

Metric Name: http.server.active_requests, Number of active HTTP server requests., Unit: {request}, Meter: Microsoft.AspNetCore.Hosting
(2025-09-20T11:49:22.3496160Z, 2025-09-20T11:49:22.4570220Z] http.request.method: GET url.scheme: http LongSumNonMonotonic
Value: 0

Metric Name: http.server.request.duration, Duration of HTTP server requests., Unit: s, Meter: Microsoft.AspNetCore.Hosting
(2025-09-20T11:49:22.3496190Z, 2025-09-20T11:49:22.4570220Z] http.request.method: GET http.response.status_code: 200 http.route: /api/agents/tools network.protocol.version: 1.1 url.scheme: http Histogram
Value: Sum: 0.0531734 Count: 1 Min: 0.0531734 Max: 0.0531734 
(-Infinity,0.005]:0
(0.005,0.01]:0
(0.01,0.025]:0
(0.025,0.05]:0
(0.05,0.075]:1
(0.075,0.1]:0
(0.1,0.25]:0
(0.25,0.5]:0
(0.5,0.75]:0
(0.75,1]:0
(1,2.5]:0
(2.5,5]:0
(5,7.5]:0
(7.5,10]:0
(10,+Infinity]:0


Metric Name: aspnetcore.routing.match_attempts, Number of requests that were attempted to be matched to an endpoint., Unit: {match_attempt}, Meter: Microsoft.AspNetCore.Routing
(2025-09-20T11:49:22.3496230Z, 2025-09-20T11:49:22.4570230Z] aspnetcore.routing.is_fallback: false aspnetcore.routing.match_status: success http.route: /api/agents/tools LongSum
Value: 1
Activity.TraceId:            cd77e51579eedd2500d8d58c128288cc
Activity.SpanId:             c4920ed15b141536
Activity.TraceFlags:         Recorded
Activity.ActivitySourceName: Appostolic.AgentRuntime
Activity.DisplayName:        agent.model
Activity.Kind:               Internal
Activity.StartTime:          2025-09-20T11:49:22.4607520Z
Activity.Duration:           00:00:00.0003260
Activity.Tags:
    agent.id: 5c4195ea-d1fa-4b93-92a6-eeda12bd099b
    task.id: 2809e61a-8b0b-4cb5-bcf7-f17496972077
    tenant: t1
    user: u1
    step: 1
    model.name: mock
    maxSteps: 8
    duration.ms: 0
Resource associated with Activity:
    service.name: Appostolic.Api
    service.instance.id: cfc7ce07-e6a4-4518-a7e3-7e4ff99e6a9f
    telemetry.sdk.name: opentelemetry
    telemetry.sdk.language: dotnet
    telemetry.sdk.version: 1.9.0

Activity.TraceId:            cd77e51579eedd2500d8d58c128288cc
Activity.SpanId:             c4920ed15b141536
Activity.TraceFlags:         Recorded
Activity.ActivitySourceName: Appostolic.AgentRuntime
Activity.DisplayName:        agent.model
Activity.Kind:               Internal
Activity.StartTime:          2025-09-20T11:49:22.4607520Z
Activity.Duration:           00:00:00.0003260
Activity.Tags:
    agent.id: 5c4195ea-d1fa-4b93-92a6-eeda12bd099b
    task.id: 2809e61a-8b0b-4cb5-bcf7-f17496972077
    tenant: t1
    user: u1
    step: 1
    model.name: mock
    maxSteps: 8
    duration.ms: 0
Resource associated with Activity:
    service.name: Appostolic.Api
    service.instance.id: cfc7ce07-e6a4-4518-a7e3-7e4ff99e6a9f
    telemetry.sdk.name: opentelemetry
    telemetry.sdk.language: dotnet
    telemetry.sdk.version: 1.9.0

Activity.TraceId:            4a9e590b0145af9a9646f43f68281fd6
Activity.SpanId:             566119e2238e6e79
Activity.TraceFlags:         Recorded
Activity.ActivitySourceName: Appostolic.Tools
Activity.DisplayName:        tool.db.query
Activity.Kind:               Internal
Activity.StartTime:          2025-09-20T11:49:22.4615290Z
Activity.Duration:           00:00:00.0000010
Activity.Tags:
    tool.name: db.query
    tenant: t1
    user: u1
    success: false
    duration.ms: 0
    error: Tool not allowed
Resource associated with Activity:
    service.name: Appostolic.Api
    service.instance.id: cfc7ce07-e6a4-4518-a7e3-7e4ff99e6a9f
    telemetry.sdk.name: opentelemetry
    telemetry.sdk.language: dotnet
    telemetry.sdk.version: 1.9.0

Activity.TraceId:            4a9e590b0145af9a9646f43f68281fd6
Activity.SpanId:             566119e2238e6e79
Activity.TraceFlags:         Recorded
Activity.ActivitySourceName: Appostolic.Tools
Activity.DisplayName:        tool.db.query
Activity.Kind:               Internal
Activity.StartTime:          2025-09-20T11:49:22.4615290Z
Activity.Duration:           00:00:00.0000010
Activity.Tags:
    tool.name: db.query
    tenant: t1
    user: u1
    success: false
    duration.ms: 0
    error: Tool not allowed
Resource associated with Activity:
    service.name: Appostolic.Api
    service.instance.id: cfc7ce07-e6a4-4518-a7e3-7e4ff99e6a9f
    telemetry.sdk.name: opentelemetry
    telemetry.sdk.language: dotnet
    telemetry.sdk.version: 1.9.0

Activity.TraceId:            fa868034b2022b03d0d059bc17510df9
Activity.SpanId:             dd177d5de01e320d
Activity.TraceFlags:         Recorded
Activity.ActivitySourceName: Appostolic.AgentRuntime
Activity.DisplayName:        agent.model
Activity.Kind:               Internal
Activity.StartTime:          2025-09-20T11:49:22.4624550Z
Activity.Duration:           00:00:00.0000560
Activity.Tags:
    agent.id: 8b150b1d-5938-42a9-b66b-896ac73edadc
    task.id: 72a3bd97-208f-4555-9709-302942d0e652
    tenant: t1
    user: u1
    step: 1
    model.name: mock
    maxSteps: 1
    duration.ms: 0
Resource associated with Activity:
    service.name: Appostolic.Api
    service.instance.id: cfc7ce07-e6a4-4518-a7e3-7e4ff99e6a9f
    telemetry.sdk.name: opentelemetry
    telemetry.sdk.language: dotnet
    telemetry.sdk.version: 1.9.0

Activity.TraceId:            fa868034b2022b03d0d059bc17510df9
Activity.SpanId:             dd177d5de01e320d
Activity.TraceFlags:         Recorded
Activity.ActivitySourceName: Appostolic.AgentRuntime
Activity.DisplayName:        agent.model
Activity.Kind:               Internal
Activity.StartTime:          2025-09-20T11:49:22.4624550Z
Activity.Duration:           00:00:00.0000560
Activity.Tags:
    agent.id: 8b150b1d-5938-42a9-b66b-896ac73edadc
    task.id: 72a3bd97-208f-4555-9709-302942d0e652
    tenant: t1
    user: u1
    step: 1
    model.name: mock
    maxSteps: 1
    duration.ms: 0
Resource associated with Activity:
    service.name: Appostolic.Api
    service.instance.id: cfc7ce07-e6a4-4518-a7e3-7e4ff99e6a9f
    telemetry.sdk.name: opentelemetry
    telemetry.sdk.language: dotnet
    telemetry.sdk.version: 1.9.0

Activity.TraceId:            c4cdd36517361da12c2a81e2a58c090d
Activity.SpanId:             d4b91fa07ae3bfa7
Activity.TraceFlags:         Recorded
Activity.ParentSpanId:       0b296bb2e41877cd
Activity.ActivitySourceName: Appostolic.Tools
Activity.DisplayName:        tool.invoke
Activity.Kind:               Internal
Activity.StartTime:          2025-09-20T11:49:22.4626010Z
Activity.Duration:           00:00:00.0008510
Activity.Tags:
    tool.name: web.search
    tenant: t1
    user: u1
    duration.ms: 1
    success: true
Resource associated with Activity:
    service.name: Appostolic.Api
    service.instance.id: cfc7ce07-e6a4-4518-a7e3-7e4ff99e6a9f
    telemetry.sdk.name: opentelemetry
    telemetry.sdk.language: dotnet
    telemetry.sdk.version: 1.9.0

Activity.TraceId:            c4cdd36517361da12c2a81e2a58c090d
Activity.SpanId:             d4b91fa07ae3bfa7
Activity.TraceFlags:         Recorded
Activity.ParentSpanId:       0b296bb2e41877cd
Activity.ActivitySourceName: Appostolic.Tools
Activity.DisplayName:        tool.invoke
Activity.Kind:               Internal
Activity.StartTime:          2025-09-20T11:49:22.4626010Z
Activity.Duration:           00:00:00.0008510
Activity.Tags:
    tool.name: web.search
    tenant: t1
    user: u1
    duration.ms: 1
    success: true
Resource associated with Activity:
    service.name: Appostolic.Api
    service.instance.id: cfc7ce07-e6a4-4518-a7e3-7e4ff99e6a9f
    telemetry.sdk.name: opentelemetry
    telemetry.sdk.language: dotnet
    telemetry.sdk.version: 1.9.0

Activity.TraceId:            c4cdd36517361da12c2a81e2a58c090d
Activity.SpanId:             0b296bb2e41877cd
Activity.TraceFlags:         Recorded
Activity.ActivitySourceName: Appostolic.Tools
Activity.DisplayName:        tool.web.search
Activity.Kind:               Internal
Activity.StartTime:          2025-09-20T11:49:22.4625840Z
Activity.Duration:           00:00:00.0010520
Activity.Tags:
    tool.name: web.search
    tenant: t1
    user: u1
    success: true
    duration.ms: 1
Resource associated with Activity:
    service.name: Appostolic.Api
    service.instance.id: cfc7ce07-e6a4-4518-a7e3-7e4ff99e6a9f
    telemetry.sdk.name: opentelemetry
    telemetry.sdk.language: dotnet
    telemetry.sdk.version: 1.9.0

Activity.TraceId:            c4cdd36517361da12c2a81e2a58c090d
Activity.SpanId:             0b296bb2e41877cd
Activity.TraceFlags:         Recorded
Activity.ActivitySourceName: Appostolic.Tools
Activity.DisplayName:        tool.web.search
Activity.Kind:               Internal
Activity.StartTime:          2025-09-20T11:49:22.4625840Z
Activity.Duration:           00:00:00.0010520
Activity.Tags:
    tool.name: web.search
    tenant: t1
    user: u1
    success: true
    duration.ms: 1
Resource associated with Activity:
    service.name: Appostolic.Api
    service.instance.id: cfc7ce07-e6a4-4518-a7e3-7e4ff99e6a9f
    telemetry.sdk.name: opentelemetry
    telemetry.sdk.language: dotnet
    telemetry.sdk.version: 1.9.0

Activity.TraceId:            7029c90fdd5ed9a99486dc78d8341f43
Activity.SpanId:             c10a182480fcb9d7
Activity.TraceFlags:         Recorded
Activity.ActivitySourceName: Appostolic.AgentRuntime
Activity.DisplayName:        agent.model
Activity.Kind:               Internal
Activity.StartTime:          2025-09-20T11:49:22.4792670Z
Activity.Duration:           00:00:00.0000490
Activity.Tags:
    agent.id: c2b08bb3-9831-4894-9a80-45ce81ab6eb0
    task.id: 98cf33c6-7056-4dc9-9759-e6e478b1c7d2
    tenant: t1
    user: u1
    step: 1
    model.name: mock
    maxSteps: 8
    duration.ms: 0
Resource associated with Activity:
    service.name: Appostolic.Api
    service.instance.id: cfc7ce07-e6a4-4518-a7e3-7e4ff99e6a9f
    telemetry.sdk.name: opentelemetry
    telemetry.sdk.language: dotnet
    telemetry.sdk.version: 1.9.0

Activity.TraceId:            7029c90fdd5ed9a99486dc78d8341f43
Activity.SpanId:             c10a182480fcb9d7
Activity.TraceFlags:         Recorded
Activity.ActivitySourceName: Appostolic.AgentRuntime
Activity.DisplayName:        agent.model
Activity.Kind:               Internal
Activity.StartTime:          2025-09-20T11:49:22.4792670Z
Activity.Duration:           00:00:00.0000490
Activity.Tags:
    agent.id: c2b08bb3-9831-4894-9a80-45ce81ab6eb0
    task.id: 98cf33c6-7056-4dc9-9759-e6e478b1c7d2
    tenant: t1
    user: u1
    step: 1
    model.name: mock
    maxSteps: 8
    duration.ms: 0
Resource associated with Activity:
    service.name: Appostolic.Api
    service.instance.id: cfc7ce07-e6a4-4518-a7e3-7e4ff99e6a9f
    telemetry.sdk.name: opentelemetry
    telemetry.sdk.language: dotnet
    telemetry.sdk.version: 1.9.0

Activity.TraceId:            4175f71c80c420295756b69dbb0a3b52
Activity.SpanId:             10efef7be38528f6
Activity.TraceFlags:         Recorded
Activity.ParentSpanId:       c7e147660bebbbb2
Activity.ActivitySourceName: Appostolic.Tools
Activity.DisplayName:        tool.invoke
Activity.Kind:               Internal
Activity.StartTime:          2025-09-20T11:49:22.4794960Z
Activity.Duration:           00:00:00.0004640
Activity.Tags:
    tool.name: web.search
    tenant: t1
    user: u1
    duration.ms: 1
    success: true
Resource associated with Activity:
    service.name: Appostolic.Api
    service.instance.id: cfc7ce07-e6a4-4518-a7e3-7e4ff99e6a9f
    telemetry.sdk.name: opentelemetry
    telemetry.sdk.language: dotnet
    telemetry.sdk.version: 1.9.0

Activity.TraceId:            4175f71c80c420295756b69dbb0a3b52
Activity.SpanId:             10efef7be38528f6
Activity.TraceFlags:         Recorded
Activity.ParentSpanId:       c7e147660bebbbb2
Activity.ActivitySourceName: Appostolic.Tools
Activity.DisplayName:        tool.invoke
Activity.Kind:               Internal
Activity.StartTime:          2025-09-20T11:49:22.4794960Z
Activity.Duration:           00:00:00.0004640
Activity.Tags:
    tool.name: web.search
    tenant: t1
    user: u1
    duration.ms: 1
    success: true
Resource associated with Activity:
    service.name: Appostolic.Api
    service.instance.id: cfc7ce07-e6a4-4518-a7e3-7e4ff99e6a9f
    telemetry.sdk.name: opentelemetry
    telemetry.sdk.language: dotnet
    telemetry.sdk.version: 1.9.0

Activity.TraceId:            4175f71c80c420295756b69dbb0a3b52
Activity.SpanId:             c7e147660bebbbb2
Activity.TraceFlags:         Recorded
Activity.ActivitySourceName: Appostolic.Tools
Activity.DisplayName:        tool.web.search
Activity.Kind:               Internal
Activity.StartTime:          2025-09-20T11:49:22.4794930Z
Activity.Duration:           00:00:00.0004960
Activity.Tags:
    tool.name: web.search
    tenant: t1
    user: u1
    success: true
    duration.ms: 0
Resource associated with Activity:
    service.name: Appostolic.Api
    service.instance.id: cfc7ce07-e6a4-4518-a7e3-7e4ff99e6a9f
    telemetry.sdk.name: opentelemetry
    telemetry.sdk.language: dotnet
    telemetry.sdk.version: 1.9.0

Activity.TraceId:            4175f71c80c420295756b69dbb0a3b52
Activity.SpanId:             c7e147660bebbbb2
Activity.TraceFlags:         Recorded
Activity.ActivitySourceName: Appostolic.Tools
Activity.DisplayName:        tool.web.search
Activity.Kind:               Internal
Activity.StartTime:          2025-09-20T11:49:22.4794930Z
Activity.Duration:           00:00:00.0004960
Activity.Tags:
    tool.name: web.search
    tenant: t1
    user: u1
    success: true
    duration.ms: 0
Resource associated with Activity:
    service.name: Appostolic.Api
    service.instance.id: cfc7ce07-e6a4-4518-a7e3-7e4ff99e6a9f
    telemetry.sdk.name: opentelemetry
    telemetry.sdk.language: dotnet
    telemetry.sdk.version: 1.9.0

Activity.TraceId:            d210055af9995e7ae5c637d22114aaab
Activity.SpanId:             6ba6f35eaa5951a2
Activity.TraceFlags:         Recorded
Activity.ActivitySourceName: Appostolic.AgentRuntime
Activity.DisplayName:        agent.model
Activity.Kind:               Internal
Activity.StartTime:          2025-09-20T11:49:22.4801660Z
Activity.Duration:           00:00:00.0000020
Activity.Tags:
    agent.id: c2b08bb3-9831-4894-9a80-45ce81ab6eb0
    task.id: 98cf33c6-7056-4dc9-9759-e6e478b1c7d2
    tenant: t1
    user: u1
    step: 3
    model.name: mock
    maxSteps: 8
    duration.ms: 0
Resource associated with Activity:
    service.name: Appostolic.Api
    service.instance.id: cfc7ce07-e6a4-4518-a7e3-7e4ff99e6a9f
    telemetry.sdk.name: opentelemetry
    telemetry.sdk.language: dotnet
    telemetry.sdk.version: 1.9.0

Activity.TraceId:            d210055af9995e7ae5c637d22114aaab
Activity.SpanId:             6ba6f35eaa5951a2
Activity.TraceFlags:         Recorded
Activity.ActivitySourceName: Appostolic.AgentRuntime
Activity.DisplayName:        agent.model
Activity.Kind:               Internal
Activity.StartTime:          2025-09-20T11:49:22.4801660Z
Activity.Duration:           00:00:00.0000020
Activity.Tags:
    agent.id: c2b08bb3-9831-4894-9a80-45ce81ab6eb0
    task.id: 98cf33c6-7056-4dc9-9759-e6e478b1c7d2
    tenant: t1
    user: u1
    step: 3
    model.name: mock
    maxSteps: 8
    duration.ms: 0
Resource associated with Activity:
    service.name: Appostolic.Api
    service.instance.id: cfc7ce07-e6a4-4518-a7e3-7e4ff99e6a9f
    telemetry.sdk.name: opentelemetry
    telemetry.sdk.language: dotnet
    telemetry.sdk.version: 1.9.0

Activity.TraceId:            da9bed1d9bce82597b98421069a7688d
Activity.SpanId:             5a7ca15f834ae488
Activity.TraceFlags:         Recorded
Activity.ActivitySourceName: Appostolic.AgentRuntime
Activity.DisplayName:        agent.model
Activity.Kind:               Internal
Activity.StartTime:          2025-09-20T11:49:22.4820160Z
Activity.Duration:           00:00:00.0000050
Activity.Tags:
    agent.id: e04791be-bcdf-4a28-9f6e-4d5f5a44c8dd
    task.id: fc4a9a0c-081e-4643-8e74-b1ab41f01d13
    tenant: t1
    user: u1
    step: 1
    model.name: mock
    maxSteps: 8
    duration.ms: 0
Resource associated with Activity:
    service.name: Appostolic.Api
    service.instance.id: cfc7ce07-e6a4-4518-a7e3-7e4ff99e6a9f
    telemetry.sdk.name: opentelemetry
    telemetry.sdk.language: dotnet
    telemetry.sdk.version: 1.9.0

Activity.TraceId:            da9bed1d9bce82597b98421069a7688d
Activity.SpanId:             5a7ca15f834ae488
Activity.TraceFlags:         Recorded
Activity.ActivitySourceName: Appostolic.AgentRuntime
Activity.DisplayName:        agent.model
Activity.Kind:               Internal
Activity.StartTime:          2025-09-20T11:49:22.4820160Z
Activity.Duration:           00:00:00.0000050
Activity.Tags:
    agent.id: e04791be-bcdf-4a28-9f6e-4d5f5a44c8dd
    task.id: fc4a9a0c-081e-4643-8e74-b1ab41f01d13
    tenant: t1
    user: u1
    step: 1
    model.name: mock
    maxSteps: 8
    duration.ms: 0
Resource associated with Activity:
    service.name: Appostolic.Api
    service.instance.id: cfc7ce07-e6a4-4518-a7e3-7e4ff99e6a9f
    telemetry.sdk.name: opentelemetry
    telemetry.sdk.language: dotnet
    telemetry.sdk.version: 1.9.0

Activity.TraceId:            1c188803c5758c074035f181a9429860
Activity.SpanId:             1e6ee5c54ff7df65
Activity.TraceFlags:         Recorded
Activity.ActivitySourceName: Appostolic.Tools
Activity.DisplayName:        tool.not.there
Activity.Kind:               Internal
Activity.StartTime:          2025-09-20T11:49:22.4821240Z
Activity.Duration:           00:00:00.0000020
Activity.Tags:
    tool.name: not.there
    tenant: t1
    user: u1
    success: false
    duration.ms: 0
    error: Tool not found
Resource associated with Activity:
    service.name: Appostolic.Api
    service.instance.id: cfc7ce07-e6a4-4518-a7e3-7e4ff99e6a9f
    telemetry.sdk.name: opentelemetry
    telemetry.sdk.language: dotnet
    telemetry.sdk.version: 1.9.0

Activity.TraceId:            1c188803c5758c074035f181a9429860
Activity.SpanId:             1e6ee5c54ff7df65
Activity.TraceFlags:         Recorded
Activity.ActivitySourceName: Appostolic.Tools
Activity.DisplayName:        tool.not.there
Activity.Kind:               Internal
Activity.StartTime:          2025-09-20T11:49:22.4821240Z
Activity.Duration:           00:00:00.0000020
Activity.Tags:
    tool.name: not.there
    tenant: t1
    user: u1
    success: false
    duration.ms: 0
    error: Tool not found
Resource associated with Activity:
    service.name: Appostolic.Api
    service.instance.id: cfc7ce07-e6a4-4518-a7e3-7e4ff99e6a9f
    telemetry.sdk.name: opentelemetry
    telemetry.sdk.language: dotnet
    telemetry.sdk.version: 1.9.0

Activity.TraceId:            203dd271b54189b7ad156a0ff3638bd8
Activity.SpanId:             585735dd6d69ef28
Activity.TraceFlags:         Recorded
Activity.ActivitySourceName: Appostolic.AgentRuntime
Activity.DisplayName:        agent.model
Activity.Kind:               Internal
Activity.StartTime:          2025-09-20T11:49:22.4835640Z
Activity.Duration:           00:00:00.0111970
Activity.Tags:
    agent.id: 2ce63cf6-740b-4060-9dea-78f51ccd9465
    task.id: 3190c475-628c-46be-ac7a-6438f001ea87
    tenant: t1
    user: u1
    step: 1
    model.name: mock
    maxSteps: 8
Resource associated with Activity:
    service.name: Appostolic.Api
    service.instance.id: cfc7ce07-e6a4-4518-a7e3-7e4ff99e6a9f
    telemetry.sdk.name: opentelemetry
    telemetry.sdk.language: dotnet
    telemetry.sdk.version: 1.9.0

Activity.TraceId:            203dd271b54189b7ad156a0ff3638bd8
Activity.SpanId:             585735dd6d69ef28
Activity.TraceFlags:         Recorded
Activity.ActivitySourceName: Appostolic.AgentRuntime
Activity.DisplayName:        agent.model
Activity.Kind:               Internal
Activity.StartTime:          2025-09-20T11:49:22.4835640Z
Activity.Duration:           00:00:00.0111970
Activity.Tags:
    agent.id: 2ce63cf6-740b-4060-9dea-78f51ccd9465
    task.id: 3190c475-628c-46be-ac7a-6438f001ea87
    tenant: t1
    user: u1
    step: 1
    model.name: mock
    maxSteps: 8
Resource associated with Activity:
    service.name: Appostolic.Api
    service.instance.id: cfc7ce07-e6a4-4518-a7e3-7e4ff99e6a9f
    telemetry.sdk.name: opentelemetry
    telemetry.sdk.language: dotnet
    telemetry.sdk.version: 1.9.0

[Startup] Warning: failed to ensure app.notification_dedupes exists: Relational-specific methods can only be used when the context is using a relational database provider.
LogRecord.Timestamp:               2025-09-20T11:49:22.6324720Z
LogRecord.CategoryName:            Endpoints.V1
LogRecord.Severity:                Info
LogRecord.SeverityText:            Information
LogRecord.FormattedMessage:        [MapV1Endpoints] Environment='Development' IsDevelopment=True
LogRecord.Body:                    [MapV1Endpoints] Environment='{Env}' IsDevelopment={IsDev}
LogRecord.Attributes (Key:Value):
    Env: Development
    IsDev: true
    OriginalFormat (a.k.a Body): [MapV1Endpoints] Environment='{Env}' IsDevelopment={IsDev}

Resource associated with LogRecord:
service.name: Appostolic.Api
service.instance.id: cfc7ce07-e6a4-4518-a7e3-7e4ff99e6a9f
telemetry.sdk.name: opentelemetry
telemetry.sdk.language: dotnet
telemetry.sdk.version: 1.9.0

LogRecord.Timestamp:               2025-09-20T11:49:22.6327260Z
LogRecord.CategoryName:            Microsoft.AspNetCore.DataProtection.KeyManagement.XmlKeyManager
LogRecord.Severity:                Info
LogRecord.SeverityText:            Information
LogRecord.FormattedMessage:        User profile is available. Using '/Users/kevinmccreary/.aspnet/DataProtection-Keys' as key repository; keys will not be encrypted at rest.
LogRecord.Body:                    User profile is available. Using '{FullName}' as key repository; keys will not be encrypted at rest.
LogRecord.Attributes (Key:Value):
    FullName: /Users/kevinmccreary/.aspnet/DataProtection-Keys
    OriginalFormat (a.k.a Body): User profile is available. Using '{FullName}' as key repository; keys will not be encrypted at rest.
LogRecord.EventId:                 62
LogRecord.EventName:               UsingProfileAsKeyRepository

Resource associated with LogRecord:
service.name: Appostolic.Api
service.instance.id: cfc7ce07-e6a4-4518-a7e3-7e4ff99e6a9f
telemetry.sdk.name: opentelemetry
telemetry.sdk.language: dotnet
telemetry.sdk.version: 1.9.0

info: Endpoints.V1[0]
      [MapV1Endpoints] Environment='Development' IsDevelopment=True
info: Microsoft.AspNetCore.DataProtection.KeyManagement.XmlKeyManager[62]
      User profile is available. Using '/Users/kevinmccreary/.aspnet/DataProtection-Keys' as key repository; keys will not be encrypted at rest.
info: Appostolic.Api.App.Notifications.NotificationsPurgeHostedService[0]
      NotificationsPurge started
LogRecord.Timestamp:               2025-09-20T11:49:22.6561340Z
LogRecord.CategoryName:            Appostolic.Api.App.Notifications.NotificationsPurgeHostedService
LogRecord.Severity:                Info
LogRecord.SeverityText:            Information
LogRecord.FormattedMessage:        NotificationsPurge started
LogRecord.Body:                    NotificationsPurge started
LogRecord.Attributes (Key:Value):
    OriginalFormat (a.k.a Body): NotificationsPurge started

Resource associated with LogRecord:
service.name: Appostolic.Api
service.instance.id: cfc7ce07-e6a4-4518-a7e3-7e4ff99e6a9f
telemetry.sdk.name: opentelemetry
telemetry.sdk.language: dotnet
telemetry.sdk.version: 1.9.0

LogRecord.Timestamp:               2025-09-20T11:49:22.6574530Z
LogRecord.CategoryName:            Appostolic.Api.App.Notifications.AutoResendHostedService
LogRecord.Severity:                Info
LogRecord.SeverityText:            Information
LogRecord.FormattedMessage:        AutoResend is disabled by configuration
LogRecord.Body:                    AutoResend is disabled by configuration
LogRecord.Attributes (Key:Value):
    OriginalFormat (a.k.a Body): AutoResend is disabled by configuration

Resource associated with LogRecord:
service.name: Appostolic.Api
service.instance.id: cfc7ce07-e6a4-4518-a7e3-7e4ff99e6a9f
telemetry.sdk.name: opentelemetry
telemetry.sdk.language: dotnet
telemetry.sdk.version: 1.9.0

LogRecord.Timestamp:               2025-09-20T11:49:22.6574730Z
LogRecord.CategoryName:            Appostolic.Api.App.Notifications.EmailDispatcherHostedService
info: Appostolic.Api.App.Notifications.AutoResendHostedService[0]
      AutoResend is disabled by configuration
info: Appostolic.Api.App.Notifications.EmailDispatcherHostedService[0]
      EmailDispatcher started
LogRecord.Severity:                Info
LogRecord.SeverityText:            Information
LogRecord.FormattedMessage:        EmailDispatcher started
LogRecord.Body:                    EmailDispatcher started
LogRecord.Attributes (Key:Value):
    OriginalFormat (a.k.a Body): EmailDispatcher started

Resource associated with LogRecord:
service.name: Appostolic.Api
service.instance.id: cfc7ce07-e6a4-4518-a7e3-7e4ff99e6a9f
telemetry.sdk.name: opentelemetry
telemetry.sdk.language: dotnet
telemetry.sdk.version: 1.9.0

LogRecord.Timestamp:               2025-09-20T11:49:22.6638340Z
LogRecord.CategoryName:            Appostolic.Api.App.Notifications.NotificationDispatcherHostedService
LogRecord.Severity:                Info
LogRecord.SeverityText:            Information
LogRecord.FormattedMessage:        NotificationDispatcher started
LogRecord.Body:                    NotificationDispatcher started
LogRecord.Attributes (Key:Value):
    OriginalFormat (a.k.a Body): NotificationDispatcher started

Resource associated with LogRecord:
service.name: Appostolic.Api
service.instance.id: cfc7ce07-e6a4-4518-a7e3-7e4ff99e6a9f
telemetry.sdk.name: opentelemetry
telemetry.sdk.language: dotnet
telemetry.sdk.version: 1.9.0

LogRecord.Timestamp:               2025-09-20T11:49:22.6651110Z
LogRecord.CategoryName:            Appostolic.Api.Application.Agents.Queue.AgentTaskWorker
LogRecord.Severity:                Info
LogRecord.SeverityText:            Information
LogRecord.FormattedMessage:        AgentTaskWorker started.
LogRecord.Body:                    AgentTaskWorker started.
LogRecord.Attributes (Key:Value):
    OriginalFormat (a.k.a Body): AgentTaskWorker started.

Resource associated with LogRecord:
service.name: Appostolic.Api
service.instance.id: cfc7ce07-e6a4-4518-a7e3-7e4ff99e6a9f
telemetry.sdk.name: opentelemetry
telemetry.sdk.language: dotnet
telemetry.sdk.version: 1.9.0

info: Appostolic.Api.App.Notifications.NotificationDispatcherHostedService[0]
      NotificationDispatcher started
info: Appostolic.Api.Application.Agents.Queue.AgentTaskWorker[0]
      AgentTaskWorker started.
Activity.TraceId:            b7c5bf202062d7a56256aac6acc11e53
Activity.SpanId:             a64d0e4de95a05eb
Activity.TraceFlags:         Recorded
Activity.ParentSpanId:       29515afcb91e10f9
Activity.ActivitySourceName: Appostolic.AgentRuntime
Activity.DisplayName:        agent.model
Activity.Kind:               Internal
Activity.StartTime:          2025-09-20T11:49:22.8411080Z
Activity.Duration:           00:00:00.0000090
Activity.Tags:
    agent.id: 11111111-1111-1111-1111-111111111111
    task.id: 736daed2-dddb-4880-856a-b2d2d26904f1
    tenant: acme
    user: dev@example.com
    step: 1
    model.name: gpt-4o-mini
    maxSteps: 8
    duration.ms: 0
Resource associated with Activity:
    service.name: Appostolic.Api
    service.instance.id: cfc7ce07-e6a4-4518-a7e3-7e4ff99e6a9f
    telemetry.sdk.name: opentelemetry
    telemetry.sdk.language: dotnet
    telemetry.sdk.version: 1.9.0

Activity.TraceId:            b7c5bf202062d7a56256aac6acc11e53
Activity.SpanId:             a64d0e4de95a05eb
Activity.TraceFlags:         Recorded
Activity.ParentSpanId:       29515afcb91e10f9
Activity.ActivitySourceName: Appostolic.AgentRuntime
Activity.DisplayName:        agent.model
Activity.Kind:               Internal
Activity.StartTime:          2025-09-20T11:49:22.8411080Z
Activity.Duration:           00:00:00.0000090
Activity.Tags:
    agent.id: 11111111-1111-1111-1111-111111111111
    task.id: 736daed2-dddb-4880-856a-b2d2d26904f1
    tenant: acme
    user: dev@example.com
    step: 1
    model.name: gpt-4o-mini
    maxSteps: 8
    duration.ms: 0
Resource associated with Activity:
    service.name: Appostolic.Api
    service.instance.id: cfc7ce07-e6a4-4518-a7e3-7e4ff99e6a9f
    telemetry.sdk.name: opentelemetry
    telemetry.sdk.language: dotnet
    telemetry.sdk.version: 1.9.0

Activity.TraceId:            b7c5bf202062d7a56256aac6acc11e53
Activity.SpanId:             a64d0e4de95a05eb
Activity.TraceFlags:         Recorded
Activity.ParentSpanId:       29515afcb91e10f9
Activity.ActivitySourceName: Appostolic.AgentRuntime
Activity.DisplayName:        agent.model
Activity.Kind:               Internal
Activity.StartTime:          2025-09-20T11:49:22.8411080Z
Activity.Duration:           00:00:00.0000090
Activity.Tags:
    agent.id: 11111111-1111-1111-1111-111111111111
    task.id: 736daed2-dddb-4880-856a-b2d2d26904f1
    tenant: acme
    user: dev@example.com
    step: 1
    model.name: gpt-4o-mini
    maxSteps: 8
    duration.ms: 0
Resource associated with Activity:
    service.name: Appostolic.Api
    service.instance.id: cfc7ce07-e6a4-4518-a7e3-7e4ff99e6a9f
    telemetry.sdk.name: opentelemetry
    telemetry.sdk.language: dotnet
    telemetry.sdk.version: 1.9.0

LogRecord.Timestamp:               2025-09-20T11:49:22.8429400Z
LogRecord.TraceId:                 b7c5bf202062d7a56256aac6acc11e53
LogRecord.SpanId:                  0238579d542d2865
LogRecord.TraceFlags:              Recorded
LogRecord.CategoryName:            Appostolic.Api.Application.Agents.Tools.WebSearchTool
LogRecord.Severity:                Info
LogRecord.SeverityText:            Information
LogRecord.FormattedMessage:        web.search q="intro" hits=1
LogRecord.Body:                    web.search q="{Query}" hits={HitCount}
LogRecord.Attributes (Key:Value):
    Query: intro
info: Appostolic.Api.Application.Agents.Tools.WebSearchTool[0]
      web.search q="intro" hits=1
    HitCount: 1
    OriginalFormat (a.k.a Body): web.search q="{Query}" hits={HitCount}

Resource associated with LogRecord:
service.name: Appostolic.Api
service.instance.id: cfc7ce07-e6a4-4518-a7e3-7e4ff99e6a9f
telemetry.sdk.name: opentelemetry
telemetry.sdk.language: dotnet
telemetry.sdk.version: 1.9.0

LogRecord.Timestamp:               2025-09-20T11:49:22.8432920Z
info: Appostolic.Api.Application.Agents.Tools.WebSearchTool[0]
      tool.call name=web.search tenant=acme user=dev@example.com success=True durationMs=1
LogRecord.TraceId:                 b7c5bf202062d7a56256aac6acc11e53
LogRecord.SpanId:                  0238579d542d2865
LogRecord.TraceFlags:              Recorded
LogRecord.CategoryName:            Appostolic.Api.Application.Agents.Tools.WebSearchTool
LogRecord.Severity:                Info
LogRecord.SeverityText:            Information
LogRecord.FormattedMessage:        tool.call name=web.search tenant=acme user=dev@example.com success=True durationMs=1
LogRecord.Body:                    tool.call name={Name} tenant={Tenant} user={User} success={Success} durationMs={DurationMs}
LogRecord.Attributes (Key:Value):
    Name: web.search
    Tenant: acme
    User: dev@example.com
    Success: true
    DurationMs: 1
    OriginalFormat (a.k.a Body): tool.call name={Name} tenant={Tenant} user={User} success={Success} durationMs={DurationMs}

Resource associated with LogRecord:
service.name: Appostolic.Api
service.instance.id: cfc7ce07-e6a4-4518-a7e3-7e4ff99e6a9f
telemetry.sdk.name: opentelemetry
telemetry.sdk.language: dotnet
telemetry.sdk.version: 1.9.0

Activity.TraceId:            b7c5bf202062d7a56256aac6acc11e53
Activity.SpanId:             0238579d542d2865
Activity.TraceFlags:         Recorded
Activity.ParentSpanId:       178c272bad97e393
Activity.ActivitySourceName: Appostolic.Tools
Activity.DisplayName:        tool.invoke
Activity.Kind:               Internal
Activity.StartTime:          2025-09-20T11:49:22.8426060Z
Activity.Duration:           00:00:00.0007260
Activity.Tags:
    tool.name: web.search
    tenant: acme
    user: dev@example.com
    duration.ms: 1
    success: true
Resource associated with Activity:
    service.name: Appostolic.Api
    service.instance.id: cfc7ce07-e6a4-4518-a7e3-7e4ff99e6a9f
    telemetry.sdk.name: opentelemetry
    telemetry.sdk.language: dotnet
    telemetry.sdk.version: 1.9.0

Activity.TraceId:            b7c5bf202062d7a56256aac6acc11e53
Activity.SpanId:             0238579d542d2865
Activity.TraceFlags:         Recorded
Activity.ParentSpanId:       178c272bad97e393
Activity.ActivitySourceName: Appostolic.Tools
Activity.DisplayName:        tool.invoke
Activity.Kind:               Internal
Activity.StartTime:          2025-09-20T11:49:22.8426060Z
Activity.Duration:           00:00:00.0007260
Activity.Tags:
    tool.name: web.search
    tenant: acme
    user: dev@example.com
    duration.ms: 1
    success: true
Resource associated with Activity:
    service.name: Appostolic.Api
    service.instance.id: cfc7ce07-e6a4-4518-a7e3-7e4ff99e6a9f
    telemetry.sdk.name: opentelemetry
    telemetry.sdk.language: dotnet
    telemetry.sdk.version: 1.9.0

Activity.TraceId:            b7c5bf202062d7a56256aac6acc11e53
Activity.SpanId:             0238579d542d2865
Activity.TraceFlags:         Recorded
Activity.ParentSpanId:       178c272bad97e393
Activity.ActivitySourceName: Appostolic.Tools
Activity.DisplayName:        tool.invoke
Activity.Kind:               Internal
Activity.StartTime:          2025-09-20T11:49:22.8426060Z
Activity.Duration:           00:00:00.0007260
Activity.Tags:
    tool.name: web.search
    tenant: acme
    user: dev@example.com
    duration.ms: 1
    success: true
Resource associated with Activity:
    service.name: Appostolic.Api
    service.instance.id: cfc7ce07-e6a4-4518-a7e3-7e4ff99e6a9f
    telemetry.sdk.name: opentelemetry
    telemetry.sdk.language: dotnet
    telemetry.sdk.version: 1.9.0

Activity.TraceId:            b7c5bf202062d7a56256aac6acc11e53
Activity.SpanId:             178c272bad97e393
Activity.TraceFlags:         Recorded
Activity.ParentSpanId:       29515afcb91e10f9
Activity.ActivitySourceName: Appostolic.Tools
Activity.DisplayName:        tool.web.search
Activity.Kind:               Internal
Activity.StartTime:          2025-09-20T11:49:22.8425990Z
Activity.Duration:           00:00:00.0008080
Activity.Tags:
    tool.name: web.search
    tenant: acme
    user: dev@example.com
    success: true
    duration.ms: 0
Resource associated with Activity:
    service.name: Appostolic.Api
    service.instance.id: cfc7ce07-e6a4-4518-a7e3-7e4ff99e6a9f
    telemetry.sdk.name: opentelemetry
    telemetry.sdk.language: dotnet
    telemetry.sdk.version: 1.9.0

Activity.TraceId:            b7c5bf202062d7a56256aac6acc11e53
Activity.SpanId:             178c272bad97e393
Activity.TraceFlags:         Recorded
Activity.ParentSpanId:       29515afcb91e10f9
Activity.ActivitySourceName: Appostolic.Tools
Activity.DisplayName:        tool.web.search
Activity.Kind:               Internal
Activity.StartTime:          2025-09-20T11:49:22.8425990Z
Activity.Duration:           00:00:00.0008080
Activity.Tags:
    tool.name: web.search
    tenant: acme
    user: dev@example.com
    success: true
    duration.ms: 0
Resource associated with Activity:
    service.name: Appostolic.Api
    service.instance.id: cfc7ce07-e6a4-4518-a7e3-7e4ff99e6a9f
    telemetry.sdk.name: opentelemetry
    telemetry.sdk.language: dotnet
    telemetry.sdk.version: 1.9.0

Activity.TraceId:            b7c5bf202062d7a56256aac6acc11e53
Activity.SpanId:             178c272bad97e393
Activity.TraceFlags:         Recorded
Activity.ParentSpanId:       29515afcb91e10f9
Activity.ActivitySourceName: Appostolic.Tools
Activity.DisplayName:        tool.web.search
Activity.Kind:               Internal
Activity.StartTime:          2025-09-20T11:49:22.8425990Z
Activity.Duration:           00:00:00.0008080
Activity.Tags:
    tool.name: web.search
    tenant: acme
    user: dev@example.com
    success: true
    duration.ms: 0
Resource associated with Activity:
    service.name: Appostolic.Api
    service.instance.id: cfc7ce07-e6a4-4518-a7e3-7e4ff99e6a9f
    telemetry.sdk.name: opentelemetry
    telemetry.sdk.language: dotnet
    telemetry.sdk.version: 1.9.0

Activity.TraceId:            b7c5bf202062d7a56256aac6acc11e53
Activity.SpanId:             df6329ba117cc8dc
Activity.TraceFlags:         Recorded
Activity.ParentSpanId:       29515afcb91e10f9
Activity.ActivitySourceName: Appostolic.AgentRuntime
Activity.DisplayName:        agent.model
Activity.Kind:               Internal
Activity.StartTime:          2025-09-20T11:49:22.8437270Z
Activity.Duration:           00:00:00.0000260
Activity.Tags:
    agent.id: 11111111-1111-1111-1111-111111111111
    task.id: 736daed2-dddb-4880-856a-b2d2d26904f1
    tenant: acme
    user: dev@example.com
    step: 3
    model.name: gpt-4o-mini
    maxSteps: 8
    duration.ms: 0
Resource associated with Activity:
    service.name: Appostolic.Api
    service.instance.id: cfc7ce07-e6a4-4518-a7e3-7e4ff99e6a9f
    telemetry.sdk.name: opentelemetry
    telemetry.sdk.language: dotnet
    telemetry.sdk.version: 1.9.0

Activity.TraceId:            b7c5bf202062d7a56256aac6acc11e53
Activity.SpanId:             df6329ba117cc8dc
Activity.TraceFlags:         Recorded
Activity.ParentSpanId:       29515afcb91e10f9
Activity.ActivitySourceName: Appostolic.AgentRuntime
Activity.DisplayName:        agent.model
Activity.Kind:               Internal
Activity.StartTime:          2025-09-20T11:49:22.8437270Z
Activity.Duration:           00:00:00.0000260
Activity.Tags:
    agent.id: 11111111-1111-1111-1111-111111111111
    task.id: 736daed2-dddb-4880-856a-b2d2d26904f1
    tenant: acme
    user: dev@example.com
    step: 3
    model.name: gpt-4o-mini
    maxSteps: 8
    duration.ms: 0
Resource associated with Activity:
    service.name: Appostolic.Api
    service.instance.id: cfc7ce07-e6a4-4518-a7e3-7e4ff99e6a9f
    telemetry.sdk.name: opentelemetry
    telemetry.sdk.language: dotnet
    telemetry.sdk.version: 1.9.0

Activity.TraceId:            b7c5bf202062d7a56256aac6acc11e53
Activity.SpanId:             df6329ba117cc8dc
Activity.TraceFlags:         Recorded
Activity.ParentSpanId:       29515afcb91e10f9
Activity.ActivitySourceName: Appostolic.AgentRuntime
Activity.DisplayName:        agent.model
Activity.Kind:               Internal
Activity.StartTime:          2025-09-20T11:49:22.8437270Z
Activity.Duration:           00:00:00.0000260
Activity.Tags:
    agent.id: 11111111-1111-1111-1111-111111111111
    task.id: 736daed2-dddb-4880-856a-b2d2d26904f1
    tenant: acme
    user: dev@example.com
    step: 3
    model.name: gpt-4o-mini
    maxSteps: 8
    duration.ms: 0
Resource associated with Activity:
    service.name: Appostolic.Api
    service.instance.id: cfc7ce07-e6a4-4518-a7e3-7e4ff99e6a9f
    telemetry.sdk.name: opentelemetry
    telemetry.sdk.language: dotnet
    telemetry.sdk.version: 1.9.0

LogRecord.Timestamp:               2025-09-20T11:49:22.8439140Z
LogRecord.TraceId:                 b7c5bf202062d7a56256aac6acc11e53
LogRecord.SpanId:                  29515afcb91e10f9
info: Appostolic.Api.Application.Agents.Runtime.AgentOrchestrator[0]
      Task succeeded at step 3
LogRecord.TraceFlags:              Recorded
LogRecord.CategoryName:            Appostolic.Api.Application.Agents.Runtime.AgentOrchestrator
LogRecord.Severity:                Info
LogRecord.SeverityText:            Information
LogRecord.FormattedMessage:        Task succeeded at step 3
LogRecord.Body:                    Task succeeded at step {Step}
LogRecord.Attributes (Key:Value):
    Step: 3
    OriginalFormat (a.k.a Body): Task succeeded at step {Step}

Resource associated with LogRecord:
service.name: Appostolic.Api
service.instance.id: cfc7ce07-e6a4-4518-a7e3-7e4ff99e6a9f
telemetry.sdk.name: opentelemetry
telemetry.sdk.language: dotnet
telemetry.sdk.version: 1.9.0

Activity.TraceId:            b7c5bf202062d7a56256aac6acc11e53
Activity.SpanId:             29515afcb91e10f9
Activity.TraceFlags:         Recorded
Activity.ActivitySourceName: Appostolic.AgentRuntime
Activity.DisplayName:        agent.run
Activity.Kind:               Internal
Activity.StartTime:          2025-09-20T11:49:22.8409550Z
Activity.Duration:           00:00:00.0029970
Activity.Tags:
    task.id: 736daed2-dddb-4880-856a-b2d2d26904f1
    agent.id: 11111111-1111-1111-1111-111111111111
    tenant: acme
    user: dev@example.com
Resource associated with Activity:
    service.name: Appostolic.Api
    service.instance.id: cfc7ce07-e6a4-4518-a7e3-7e4ff99e6a9f
    telemetry.sdk.name: opentelemetry
    telemetry.sdk.language: dotnet
    telemetry.sdk.version: 1.9.0

Activity.TraceId:            b7c5bf202062d7a56256aac6acc11e53
Activity.SpanId:             29515afcb91e10f9
Activity.TraceFlags:         Recorded
Activity.ActivitySourceName: Appostolic.AgentRuntime
Activity.DisplayName:        agent.run
Activity.Kind:               Internal
Activity.StartTime:          2025-09-20T11:49:22.8409550Z
Activity.Duration:           00:00:00.0029970
Activity.Tags:
    task.id: 736daed2-dddb-4880-856a-b2d2d26904f1
    agent.id: 11111111-1111-1111-1111-111111111111
    tenant: acme
    user: dev@example.com
Resource associated with Activity:
    service.name: Appostolic.Api
    service.instance.id: cfc7ce07-e6a4-4518-a7e3-7e4ff99e6a9f
    telemetry.sdk.name: opentelemetry
    telemetry.sdk.language: dotnet
    telemetry.sdk.version: 1.9.0

Activity.TraceId:            b7c5bf202062d7a56256aac6acc11e53
Activity.SpanId:             29515afcb91e10f9
Activity.TraceFlags:         Recorded
Activity.ActivitySourceName: Appostolic.AgentRuntime
Activity.DisplayName:        agent.run
Activity.Kind:               Internal
Activity.StartTime:          2025-09-20T11:49:22.8409550Z
Activity.Duration:           00:00:00.0029970
Activity.Tags:
    task.id: 736daed2-dddb-4880-856a-b2d2d26904f1
    agent.id: 11111111-1111-1111-1111-111111111111
    tenant: acme
    user: dev@example.com
Resource associated with Activity:
    service.name: Appostolic.Api
    service.instance.id: cfc7ce07-e6a4-4518-a7e3-7e4ff99e6a9f
    telemetry.sdk.name: opentelemetry
    telemetry.sdk.language: dotnet
    telemetry.sdk.version: 1.9.0

LogRecord.Timestamp:               2025-09-20T11:49:22.8441280Z
LogRecord.TraceId:                 1bcfbbc3d0235513533723f3502a834e
LogRecord.SpanId:                  cafaec232d1b0d09
info: Microsoft.AspNetCore.Http.Result.CreatedResult[1]
      Setting HTTP status code 201.
LogRecord.TraceFlags:              Recorded
LogRecord.CategoryName:            Microsoft.AspNetCore.Http.Result.CreatedResult
LogRecord.Severity:                Info
LogRecord.SeverityText:            Information
LogRecord.FormattedMessage:        Setting HTTP status code 201.
LogRecord.Body:                    Setting HTTP status code {StatusCode}.
LogRecord.Attributes (Key:Value):
    StatusCode: 201
    OriginalFormat (a.k.a Body): Setting HTTP status code {StatusCode}.
LogRecord.EventId:                 1
LogRecord.EventName:               WritingResultAsStatusCode

Resource associated with LogRecord:
service.name: Appostolic.Api
service.instance.id: cfc7ce07-e6a4-4518-a7e3-7e4ff99e6a9f
telemetry.sdk.name: opentelemetry
telemetry.sdk.language: dotnet
telemetry.sdk.version: 1.9.0

LogRecord.Timestamp:               2025-09-20T11:49:22.8448110Z
info: Microsoft.AspNetCore.Http.Result.CreatedResult[3]
      Writing value of type 'AgentTaskSummary' as Json.
LogRecord.TraceId:                 1bcfbbc3d0235513533723f3502a834e
LogRecord.SpanId:                  cafaec232d1b0d09
LogRecord.TraceFlags:              Recorded
LogRecord.CategoryName:            Microsoft.AspNetCore.Http.Result.CreatedResult
LogRecord.Severity:                Info
LogRecord.SeverityText:            Information
LogRecord.FormattedMessage:        Writing value of type 'AgentTaskSummary' as Json.
LogRecord.Body:                    Writing value of type '{Type}' as Json.
LogRecord.Attributes (Key:Value):
    Type: AgentTaskSummary
    OriginalFormat (a.k.a Body): Writing value of type '{Type}' as Json.
LogRecord.EventId:                 3
LogRecord.EventName:               WritingResultAsJson

Resource associated with LogRecord:
service.name: Appostolic.Api
service.instance.id: cfc7ce07-e6a4-4518-a7e3-7e4ff99e6a9f
telemetry.sdk.name: opentelemetry
telemetry.sdk.language: dotnet
telemetry.sdk.version: 1.9.0

Activity.TraceId:            1bcfbbc3d0235513533723f3502a834e
Activity.SpanId:             cafaec232d1b0d09
Activity.TraceFlags:         Recorded
Activity.ActivitySourceName: Microsoft.AspNetCore
Activity.DisplayName:        POST /api/agent-tasks/
Activity.Kind:               Server
Activity.StartTime:          2025-09-20T11:49:22.7847980Z
Activity.Duration:           00:00:00.0637700
Activity.Tags:
    server.address: localhost
    http.request.method: POST
    url.scheme: http
    url.path: /api/agent-tasks
    network.protocol.version: 1.1
    tenant: acme
    user: dev@example.com
    http.route: /api/agent-tasks/
    http.response.status_code: 201
Resource associated with Activity:
    service.name: Appostolic.Api
    service.instance.id: cfc7ce07-e6a4-4518-a7e3-7e4ff99e6a9f
    telemetry.sdk.name: opentelemetry
    telemetry.sdk.language: dotnet
    telemetry.sdk.version: 1.9.0

Activity.TraceId:            1bcfbbc3d0235513533723f3502a834e
Activity.SpanId:             cafaec232d1b0d09
Activity.TraceFlags:         Recorded
Activity.ActivitySourceName: Microsoft.AspNetCore
Activity.DisplayName:        POST /api/agent-tasks/
Activity.Kind:               Server
Activity.StartTime:          2025-09-20T11:49:22.7847980Z
Activity.Duration:           00:00:00.0637700
Activity.Tags:
    server.address: localhost
    http.request.method: POST
    url.scheme: http
    url.path: /api/agent-tasks
    network.protocol.version: 1.1
    tenant: acme
    user: dev@example.com
    http.route: /api/agent-tasks/
    http.response.status_code: 201
Resource associated with Activity:
    service.name: Appostolic.Api
    service.instance.id: cfc7ce07-e6a4-4518-a7e3-7e4ff99e6a9f
    telemetry.sdk.name: opentelemetry
    telemetry.sdk.language: dotnet
    telemetry.sdk.version: 1.9.0

Activity.TraceId:            1bcfbbc3d0235513533723f3502a834e
Activity.SpanId:             cafaec232d1b0d09
Activity.TraceFlags:         Recorded
Activity.ActivitySourceName: Microsoft.AspNetCore
Activity.DisplayName:        POST /api/agent-tasks/
Activity.Kind:               Server
Activity.StartTime:          2025-09-20T11:49:22.7847980Z
Activity.Duration:           00:00:00.0637700
Activity.Tags:
    server.address: localhost
    http.request.method: POST
    url.scheme: http
    url.path: /api/agent-tasks
    network.protocol.version: 1.1
    tenant: acme
    user: dev@example.com
    http.route: /api/agent-tasks/
    http.response.status_code: 201
Resource associated with Activity:
    service.name: Appostolic.Api
    service.instance.id: cfc7ce07-e6a4-4518-a7e3-7e4ff99e6a9f
    telemetry.sdk.name: opentelemetry
    telemetry.sdk.language: dotnet
    telemetry.sdk.version: 1.9.0

LogRecord.Timestamp:               2025-09-20T11:49:22.8570210Z
LogRecord.TraceId:                 f5d11c60bafef5950cdb8300c3ea3e0e
LogRecord.SpanId:                  5cd44a8e03f3f8f1
LogRecord.TraceFlags:              Recorded
LogRecord.CategoryName:            Microsoft.AspNetCore.Http.Result.OkObjectResult
LogRecord.Severity:                Info
LogRecord.SeverityText:            Information
LogRecord.FormattedMessage:        Setting HTTP status code 200.
LogRecord.Body:                    Setting HTTP status code {StatusCode}.
LogRecord.Attributes (Key:Value):
    StatusCode: 200
    OriginalFormat (a.k.a Body): Setting HTTP status code {StatusCode}.
LogRecord.EventId:                 1
LogRecord.EventName:               WritingResultAsStatusCode

Resource associated with LogRecord:
service.name: Appostolic.Api
info: Microsoft.AspNetCore.Http.Result.OkObjectResult[1]
      Setting HTTP status code 200.
service.instance.id: cfc7ce07-e6a4-4518-a7e3-7e4ff99e6a9f
telemetry.sdk.name: opentelemetry
telemetry.sdk.language: dotnet
telemetry.sdk.version: 1.9.0

info: Microsoft.AspNetCore.Http.Result.OkObjectResult[3]
      Writing value of type 'AgentTaskDetails' as Json.
LogRecord.Timestamp:               2025-09-20T11:49:22.8575670Z
LogRecord.TraceId:                 f5d11c60bafef5950cdb8300c3ea3e0e
LogRecord.SpanId:                  5cd44a8e03f3f8f1
LogRecord.TraceFlags:              Recorded
LogRecord.CategoryName:            Microsoft.AspNetCore.Http.Result.OkObjectResult
LogRecord.Severity:                Info
LogRecord.SeverityText:            Information
LogRecord.FormattedMessage:        Writing value of type 'AgentTaskDetails' as Json.
LogRecord.Body:                    Writing value of type '{Type}' as Json.
LogRecord.Attributes (Key:Value):
    Type: AgentTaskDetails
    OriginalFormat (a.k.a Body): Writing value of type '{Type}' as Json.
LogRecord.EventId:                 3
LogRecord.EventName:               WritingResultAsJson

Resource associated with LogRecord:
service.name: Appostolic.Api
service.instance.id: cfc7ce07-e6a4-4518-a7e3-7e4ff99e6a9f
telemetry.sdk.name: opentelemetry
telemetry.sdk.language: dotnet
telemetry.sdk.version: 1.9.0

Activity.TraceId:            f5d11c60bafef5950cdb8300c3ea3e0e
Activity.SpanId:             5cd44a8e03f3f8f1
Activity.TraceFlags:         Recorded
Activity.ActivitySourceName: Microsoft.AspNetCore
Activity.DisplayName:        GET /api/agent-tasks/{id:guid}
Activity.Kind:               Server
Activity.StartTime:          2025-09-20T11:49:22.8502160Z
Activity.Duration:           00:00:00.0106170
Activity.Tags:
    server.address: localhost
    url.query: ?includeTraces=Redacted
    http.request.method: GET
    url.scheme: http
    url.path: /api/agent-tasks/736daed2-dddb-4880-856a-b2d2d26904f1
    network.protocol.version: 1.1
    tenant: acme
    user: dev@example.com
    http.route: /api/agent-tasks/{id:guid}
    http.response.status_code: 200
Resource associated with Activity:
    service.name: Appostolic.Api
    service.instance.id: cfc7ce07-e6a4-4518-a7e3-7e4ff99e6a9f
    telemetry.sdk.name: opentelemetry
    telemetry.sdk.language: dotnet
    telemetry.sdk.version: 1.9.0

Activity.TraceId:            f5d11c60bafef5950cdb8300c3ea3e0e
Activity.SpanId:             5cd44a8e03f3f8f1
Activity.TraceFlags:         Recorded
Activity.ActivitySourceName: Microsoft.AspNetCore
Activity.DisplayName:        GET /api/agent-tasks/{id:guid}
Activity.Kind:               Server
Activity.StartTime:          2025-09-20T11:49:22.8502160Z
Activity.Duration:           00:00:00.0106170
Activity.Tags:
    server.address: localhost
    url.query: ?includeTraces=Redacted
    http.request.method: GET
    url.scheme: http
    url.path: /api/agent-tasks/736daed2-dddb-4880-856a-b2d2d26904f1
    network.protocol.version: 1.1
    tenant: acme
    user: dev@example.com
    http.route: /api/agent-tasks/{id:guid}
    http.response.status_code: 200
Resource associated with Activity:
    service.name: Appostolic.Api
    service.instance.id: cfc7ce07-e6a4-4518-a7e3-7e4ff99e6a9f
    telemetry.sdk.name: opentelemetry
    telemetry.sdk.language: dotnet
    telemetry.sdk.version: 1.9.0

Activity.TraceId:            f5d11c60bafef5950cdb8300c3ea3e0e
Activity.SpanId:             5cd44a8e03f3f8f1
Activity.TraceFlags:         Recorded
Activity.ActivitySourceName: Microsoft.AspNetCore
Activity.DisplayName:        GET /api/agent-tasks/{id:guid}
Activity.Kind:               Server
Activity.StartTime:          2025-09-20T11:49:22.8502160Z
Activity.Duration:           00:00:00.0106170
Activity.Tags:
    server.address: localhost
    url.query: ?includeTraces=Redacted
    http.request.method: GET
    url.scheme: http
    url.path: /api/agent-tasks/736daed2-dddb-4880-856a-b2d2d26904f1
    network.protocol.version: 1.1
    tenant: acme
    user: dev@example.com
    http.route: /api/agent-tasks/{id:guid}
    http.response.status_code: 200
Resource associated with Activity:
    service.name: Appostolic.Api
    service.instance.id: cfc7ce07-e6a4-4518-a7e3-7e4ff99e6a9f
    telemetry.sdk.name: opentelemetry
    telemetry.sdk.language: dotnet
    telemetry.sdk.version: 1.9.0

info: Microsoft.AspNetCore.Http.Result.OkObjectResult[1]
      Setting HTTP status code 200.
LogRecord.Timestamp:               2025-09-20T11:49:22.8769530Z
LogRecord.TraceId:                 b38e0d54a85ad7424b3c896937906123
LogRecord.SpanId:                  9b3ab9fafd38112e
LogRecord.TraceFlags:              Recorded
LogRecord.CategoryName:            Microsoft.AspNetCore.Http.Result.OkObjectResult
LogRecord.Severity:                Info
LogRecord.SeverityText:            Information
LogRecord.FormattedMessage:        Setting HTTP status code 200.
LogRecord.Body:                    Setting HTTP status code {StatusCode}.
LogRecord.Attributes (Key:Value):
    StatusCode: 200
    OriginalFormat (a.k.a Body): Setting HTTP status code {StatusCode}.
LogRecord.EventId:                 1
LogRecord.EventName:               WritingResultAsStatusCode

Resource associated with LogRecord:
service.name: Appostolic.Api
service.instance.id: cfc7ce07-e6a4-4518-a7e3-7e4ff99e6a9f
telemetry.sdk.name: opentelemetry
telemetry.sdk.language: dotnet
telemetry.sdk.version: 1.9.0

info: Microsoft.AspNetCore.Http.Result.OkObjectResult[3]
      Writing value of type 'List`1' as Json.
LogRecord.Timestamp:               2025-09-20T11:49:22.8771720Z
LogRecord.TraceId:                 b38e0d54a85ad7424b3c896937906123
LogRecord.SpanId:                  9b3ab9fafd38112e
LogRecord.TraceFlags:              Recorded
LogRecord.CategoryName:            Microsoft.AspNetCore.Http.Result.OkObjectResult
LogRecord.Severity:                Info
LogRecord.SeverityText:            Information
LogRecord.FormattedMessage:        Writing value of type 'List`1' as Json.
LogRecord.Body:                    Writing value of type '{Type}' as Json.
LogRecord.Attributes (Key:Value):
    Type: List`1
    OriginalFormat (a.k.a Body): Writing value of type '{Type}' as Json.
LogRecord.EventId:                 3
LogRecord.EventName:               WritingResultAsJson

Resource associated with LogRecord:
service.name: Appostolic.Api
service.instance.id: cfc7ce07-e6a4-4518-a7e3-7e4ff99e6a9f
telemetry.sdk.name: opentelemetry
telemetry.sdk.language: dotnet
telemetry.sdk.version: 1.9.0

Activity.TraceId:            b38e0d54a85ad7424b3c896937906123
Activity.SpanId:             9b3ab9fafd38112e
Activity.TraceFlags:         Recorded
Activity.ActivitySourceName: Microsoft.AspNetCore
Activity.DisplayName:        GET /api/agent-tasks/
Activity.Kind:               Server
Activity.StartTime:          2025-09-20T11:49:22.8614860Z
Activity.Duration:           00:00:00.0157830
Activity.Tags:
    server.address: localhost
    url.query: ?from=Redacted
    http.request.method: GET
    url.scheme: http
    url.path: /api/agent-tasks
    network.protocol.version: 1.1
    tenant: acme
    user: dev@example.com
    http.route: /api/agent-tasks/
    http.response.status_code: 200
Resource associated with Activity:
    service.name: Appostolic.Api
    service.instance.id: cfc7ce07-e6a4-4518-a7e3-7e4ff99e6a9f
    telemetry.sdk.name: opentelemetry
    telemetry.sdk.language: dotnet
    telemetry.sdk.version: 1.9.0

Activity.TraceId:            b38e0d54a85ad7424b3c896937906123
Activity.SpanId:             9b3ab9fafd38112e
Activity.TraceFlags:         Recorded
Activity.ActivitySourceName: Microsoft.AspNetCore
Activity.DisplayName:        GET /api/agent-tasks/
Activity.Kind:               Server
Activity.StartTime:          2025-09-20T11:49:22.8614860Z
Activity.Duration:           00:00:00.0157830
Activity.Tags:
    server.address: localhost
    url.query: ?from=Redacted
    http.request.method: GET
    url.scheme: http
    url.path: /api/agent-tasks
    network.protocol.version: 1.1
    tenant: acme
    user: dev@example.com
    http.route: /api/agent-tasks/
    http.response.status_code: 200
Resource associated with Activity:
    service.name: Appostolic.Api
    service.instance.id: cfc7ce07-e6a4-4518-a7e3-7e4ff99e6a9f
    telemetry.sdk.name: opentelemetry
    telemetry.sdk.language: dotnet
    telemetry.sdk.version: 1.9.0

Activity.TraceId:            b38e0d54a85ad7424b3c896937906123
Activity.SpanId:             9b3ab9fafd38112e
Activity.TraceFlags:         Recorded
Activity.ActivitySourceName: Microsoft.AspNetCore
Activity.DisplayName:        GET /api/agent-tasks/
Activity.Kind:               Server
Activity.StartTime:          2025-09-20T11:49:22.8614860Z
Activity.Duration:           00:00:00.0157830
Activity.Tags:
    server.address: localhost
    url.query: ?from=Redacted
    http.request.method: GET
    url.scheme: http
    url.path: /api/agent-tasks
    network.protocol.version: 1.1
    tenant: acme
    user: dev@example.com
    http.route: /api/agent-tasks/
    http.response.status_code: 200
Resource associated with Activity:
    service.name: Appostolic.Api
    service.instance.id: cfc7ce07-e6a4-4518-a7e3-7e4ff99e6a9f
    telemetry.sdk.name: opentelemetry
    telemetry.sdk.language: dotnet
    telemetry.sdk.version: 1.9.0

LogRecord.Timestamp:               2025-09-20T11:49:22.8887550Z
LogRecord.TraceId:                 1a0925d067905b6b555deccf9850ecd7
LogRecord.SpanId:                  6949174f6c0cf8da
LogRecord.TraceFlags:              Recorded
LogRecord.CategoryName:            Microsoft.AspNetCore.Http.Result.OkObjectResult
info: Microsoft.AspNetCore.Http.Result.OkObjectResult[1]
      Setting HTTP status code 200.
LogRecord.Severity:                Info
LogRecord.SeverityText:            Information
LogRecord.FormattedMessage:        Setting HTTP status code 200.
LogRecord.Body:                    Setting HTTP status code {StatusCode}.
LogRecord.Attributes (Key:Value):
    StatusCode: 200
    OriginalFormat (a.k.a Body): Setting HTTP status code {StatusCode}.
LogRecord.EventId:                 1
LogRecord.EventName:               WritingResultAsStatusCode

Resource associated with LogRecord:
service.name: Appostolic.Api
service.instance.id: cfc7ce07-e6a4-4518-a7e3-7e4ff99e6a9f
telemetry.sdk.name: opentelemetry
telemetry.sdk.language: dotnet
telemetry.sdk.version: 1.9.0

LogRecord.Timestamp:               2025-09-20T11:49:22.8893440Z
LogRecord.TraceId:                 1a0925d067905b6b555deccf9850ecd7
LogRecord.SpanId:                  6949174f6c0cf8da
LogRecord.TraceFlags:              Recorded
LogRecord.CategoryName:            Microsoft.AspNetCore.Http.Result.OkObjectResult
LogRecord.Severity:                Info
LogRecord.SeverityText:            Information
LogRecord.FormattedMessage:        Writing value of type 'List`1' as Json.
LogRecord.Body:                    Writing value of type '{Type}' as Json.
LogRecord.Attributes (Key:Value):
    Type: List`1
    OriginalFormat (a.k.a Body): Writing value of type '{Type}' as Json.
LogRecord.EventId:                 3
LogRecord.EventName:               WritingResultAsJson

Resource associated with LogRecord:
service.name: Appostolic.Api
service.instance.id: cfc7ce07-e6a4-4518-a7e3-7e4ff99e6a9f
telemetry.sdk.name: opentelemetry
telemetry.sdk.language: dotnet
telemetry.sdk.version: 1.9.0

Activity.TraceId:            1a0925d067905b6b555deccf9850ecd7
Activity.SpanId:             6949174f6c0cf8da
Activity.TraceFlags:         Recorded
Activity.ActivitySourceName: Microsoft.AspNetCore
Activity.DisplayName:        GET /api/agent-tasks/
Activity.Kind:               Server
Activity.StartTime:          2025-09-20T11:49:22.8797550Z
Activity.Duration:           00:00:00.0096540
Activity.Tags:
    server.address: localhost
    url.query: ?to=Redacted
    http.request.method: GET
    url.scheme: http
    url.path: /api/agent-tasks
    network.protocol.version: 1.1
    tenant: acme
    user: dev@example.com
    http.route: /api/agent-tasks/
    http.response.status_code: 200
Resource associated with Activity:
    service.name: Appostolic.Api
    service.instance.id: cfc7ce07-e6a4-4518-a7e3-7e4ff99e6a9f
    telemetry.sdk.name: opentelemetry
    telemetry.sdk.language: dotnet
    telemetry.sdk.version: 1.9.0

Activity.TraceId:            1a0925d067905b6b555deccf9850ecd7
Activity.SpanId:             6949174f6c0cf8da
Activity.TraceFlags:         Recorded
Activity.ActivitySourceName: Microsoft.AspNetCore
Activity.DisplayName:        GET /api/agent-tasks/
Activity.Kind:               Server
Activity.StartTime:          2025-09-20T11:49:22.8797550Z
Activity.Duration:           00:00:00.0096540
Activity.Tags:
    server.address: localhost
    url.query: ?to=Redacted
    http.request.method: GET
    url.scheme: http
    url.path: /api/agent-tasks
    network.protocol.version: 1.1
    tenant: acme
    user: dev@example.com
    http.route: /api/agent-tasks/
    http.response.status_code: 200
Resource associated with Activity:
    service.name: Appostolic.Api
    service.instance.id: cfc7ce07-e6a4-4518-a7e3-7e4ff99e6a9f
    telemetry.sdk.name: opentelemetry
    telemetry.sdk.language: dotnet
    telemetry.sdk.version: 1.9.0

Activity.TraceId:            1a0925d067905b6b555deccf9850ecd7
Activity.SpanId:             6949174f6c0cf8da
Activity.TraceFlags:         Recorded
Activity.ActivitySourceName: Microsoft.AspNetCore
Activity.DisplayName:        GET /api/agent-tasks/
Activity.Kind:               Server
Activity.StartTime:          2025-09-20T11:49:22.8797550Z
Activity.Duration:           00:00:00.0096540
Activity.Tags:
    server.address: localhost
    url.query: ?to=Redacted
    http.request.method: GET
    url.scheme: http
    url.path: /api/agent-tasks
    network.protocol.version: 1.1
    tenant: acme
    user: dev@example.com
    http.route: /api/agent-tasks/
    http.response.status_code: 200
Resource associated with Activity:
    service.name: Appostolic.Api
    service.instance.id: cfc7ce07-e6a4-4518-a7e3-7e4ff99e6a9f
    telemetry.sdk.name: opentelemetry
    telemetry.sdk.language: dotnet
    telemetry.sdk.version: 1.9.0

info: Microsoft.AspNetCore.Http.Result.OkObjectResult[3]
      Writing value of type 'List`1' as Json.
info: Microsoft.AspNetCore.Http.Result.OkObjectResult[1]
      Setting HTTP status code 200.
LogRecord.Timestamp:               2025-09-20T11:49:22.9017680Z
LogRecord.TraceId:                 ae4966c6bcee97c674d020d143e36aa6
LogRecord.SpanId:                  248d573a4a72172d
LogRecord.TraceFlags:              Recorded
LogRecord.CategoryName:            Microsoft.AspNetCore.Http.Result.OkObjectResult
LogRecord.Severity:                Info
LogRecord.SeverityText:            Information
LogRecord.FormattedMessage:        Setting HTTP status code 200.
LogRecord.Body:                    Setting HTTP status code {StatusCode}.
LogRecord.Attributes (Key:Value):
    StatusCode: 200
    OriginalFormat (a.k.a Body): Setting HTTP status code {StatusCode}.
LogRecord.EventId:                 1
LogRecord.EventName:               WritingResultAsStatusCode

Resource associated with LogRecord:
service.name: Appostolic.Api
service.instance.id: cfc7ce07-e6a4-4518-a7e3-7e4ff99e6a9f
telemetry.sdk.name: opentelemetry
telemetry.sdk.language: dotnet
telemetry.sdk.version: 1.9.0

LogRecord.Timestamp:               2025-09-20T11:49:22.9019490Z
LogRecord.TraceId:                 ae4966c6bcee97c674d020d143e36aa6
LogRecord.SpanId:                  248d573a4a72172d
LogRecord.TraceFlags:              Recorded
LogRecord.CategoryName:            Microsoft.AspNetCore.Http.Result.OkObjectResult
LogRecord.Severity:                Info
LogRecord.SeverityText:            Information
LogRecord.FormattedMessage:        Writing value of type 'List`1' as Json.
LogRecord.Body:                    Writing value of type '{Type}' as Json.
LogRecord.Attributes (Key:Value):
    Type: List`1
    OriginalFormat (a.k.a Body): Writing value of type '{Type}' as Json.
LogRecord.EventId:                 3
LogRecord.EventName:               WritingResultAsJson

Resource associated with LogRecord:
service.name: Appostolic.Api
service.instance.id: cfc7ce07-e6a4-4518-a7e3-7e4ff99e6a9f
telemetry.sdk.name: opentelemetry
telemetry.sdk.language: dotnet
telemetry.sdk.version: 1.9.0

Activity.TraceId:            ae4966c6bcee97c674d020d143e36aa6
Activity.SpanId:             248d573a4a72172d
Activity.TraceFlags:         Recorded
Activity.ActivitySourceName: Microsoft.AspNetCore
Activity.DisplayName:        GET /api/agent-tasks/
Activity.Kind:               Server
Activity.StartTime:          2025-09-20T11:49:22.8895810Z
Activity.Duration:           00:00:00.0124680
Activity.Tags:
    server.address: localhost
    url.query: ?from=Redacted&to=Redacted
    http.request.method: GET
    url.scheme: http
    url.path: /api/agent-tasks
    network.protocol.version: 1.1
    tenant: acme
    user: dev@example.com
    http.route: /api/agent-tasks/
    http.response.status_code: 200
Resource associated with Activity:
    service.name: Appostolic.Api
    service.instance.id: cfc7ce07-e6a4-4518-a7e3-7e4ff99e6a9f
    telemetry.sdk.name: opentelemetry
    telemetry.sdk.language: dotnet
    telemetry.sdk.version: 1.9.0

Activity.TraceId:            ae4966c6bcee97c674d020d143e36aa6
Activity.SpanId:             248d573a4a72172d
Activity.TraceFlags:         Recorded
Activity.ActivitySourceName: Microsoft.AspNetCore
Activity.DisplayName:        GET /api/agent-tasks/
Activity.Kind:               Server
Activity.StartTime:          2025-09-20T11:49:22.8895810Z
Activity.Duration:           00:00:00.0124680
Activity.Tags:
    server.address: localhost
    url.query: ?from=Redacted&to=Redacted
    http.request.method: GET
    url.scheme: http
    url.path: /api/agent-tasks
    network.protocol.version: 1.1
    tenant: acme
    user: dev@example.com
    http.route: /api/agent-tasks/
    http.response.status_code: 200
Resource associated with Activity:
    service.name: Appostolic.Api
    service.instance.id: cfc7ce07-e6a4-4518-a7e3-7e4ff99e6a9f
    telemetry.sdk.name: opentelemetry
    telemetry.sdk.language: dotnet
    telemetry.sdk.version: 1.9.0

Activity.TraceId:            ae4966c6bcee97c674d020d143e36aa6
Activity.SpanId:             248d573a4a72172d
Activity.TraceFlags:         Recorded
Activity.ActivitySourceName: Microsoft.AspNetCore
Activity.DisplayName:        GET /api/agent-tasks/
Activity.Kind:               Server
Activity.StartTime:          2025-09-20T11:49:22.8895810Z
Activity.Duration:           00:00:00.0124680
Activity.Tags:
    server.address: localhost
    url.query: ?from=Redacted&to=Redacted
    http.request.method: GET
    url.scheme: http
    url.path: /api/agent-tasks
    network.protocol.version: 1.1
    tenant: acme
    user: dev@example.com
    http.route: /api/agent-tasks/
    http.response.status_code: 200
Resource associated with Activity:
    service.name: Appostolic.Api
    service.instance.id: cfc7ce07-e6a4-4518-a7e3-7e4ff99e6a9f
    telemetry.sdk.name: opentelemetry
    telemetry.sdk.language: dotnet
    telemetry.sdk.version: 1.9.0

info: Microsoft.AspNetCore.Http.Result.OkObjectResult[3]
      Writing value of type 'List`1' as Json.
Activity.TraceId:            b6204ff69223f98bbcaf088b63238bcd
Activity.SpanId:             84a975c201331d9a
Activity.TraceFlags:         Recorded
Activity.ParentSpanId:       0326222d56ad6c53
Activity.ActivitySourceName: Appostolic.AgentRuntime
Activity.DisplayName:        agent.model
Activity.Kind:               Internal
Activity.StartTime:          2025-09-20T11:49:22.9091020Z
Activity.Duration:           00:00:00.0000150
Activity.Tags:
    agent.id: 11111111-1111-1111-1111-111111111111
    task.id: 7e414c52-ddd0-4e09-9ff2-bfcf1f3cb531
    tenant: acme
    user: dev@example.com
    step: 1
    model.name: gpt-4o-mini
    maxSteps: 8
    duration.ms: 0
Resource associated with Activity:
    service.name: Appostolic.Api
    service.instance.id: cfc7ce07-e6a4-4518-a7e3-7e4ff99e6a9f
    telemetry.sdk.name: opentelemetry
    telemetry.sdk.language: dotnet
    telemetry.sdk.version: 1.9.0

Activity.TraceId:            b6204ff69223f98bbcaf088b63238bcd
Activity.SpanId:             84a975c201331d9a
Activity.TraceFlags:         Recorded
Activity.ParentSpanId:       0326222d56ad6c53
Activity.ActivitySourceName: Appostolic.AgentRuntime
Activity.DisplayName:        agent.model
Activity.Kind:               Internal
Activity.StartTime:          2025-09-20T11:49:22.9091020Z
Activity.Duration:           00:00:00.0000150
Activity.Tags:
    agent.id: 11111111-1111-1111-1111-111111111111
    task.id: 7e414c52-ddd0-4e09-9ff2-bfcf1f3cb531
    tenant: acme
    user: dev@example.com
    step: 1
    model.name: gpt-4o-mini
    maxSteps: 8
    duration.ms: 0
Resource associated with Activity:
    service.name: Appostolic.Api
    service.instance.id: cfc7ce07-e6a4-4518-a7e3-7e4ff99e6a9f
    telemetry.sdk.name: opentelemetry
    telemetry.sdk.language: dotnet
    telemetry.sdk.version: 1.9.0

Activity.TraceId:            b6204ff69223f98bbcaf088b63238bcd
Activity.SpanId:             84a975c201331d9a
Activity.TraceFlags:         Recorded
Activity.ParentSpanId:       0326222d56ad6c53
Activity.ActivitySourceName: Appostolic.AgentRuntime
Activity.DisplayName:        agent.model
Activity.Kind:               Internal
Activity.StartTime:          2025-09-20T11:49:22.9091020Z
Activity.Duration:           00:00:00.0000150
Activity.Tags:
    agent.id: 11111111-1111-1111-1111-111111111111
    task.id: 7e414c52-ddd0-4e09-9ff2-bfcf1f3cb531
    tenant: acme
    user: dev@example.com
    step: 1
    model.name: gpt-4o-mini
    maxSteps: 8
    duration.ms: 0
Resource associated with Activity:
    service.name: Appostolic.Api
    service.instance.id: cfc7ce07-e6a4-4518-a7e3-7e4ff99e6a9f
    telemetry.sdk.name: opentelemetry
    telemetry.sdk.language: dotnet
    telemetry.sdk.version: 1.9.0

LogRecord.Timestamp:               2025-09-20T11:49:22.9099000Z
LogRecord.TraceId:                 b6204ff69223f98bbcaf088b63238bcd
LogRecord.SpanId:                  031e43acc87a3c0a
LogRecord.TraceFlags:              Recorded
LogRecord.CategoryName:            Appostolic.Api.Application.Agents.Tools.WebSearchTool
LogRecord.Severity:                Info
LogRecord.SeverityText:            Information
LogRecord.FormattedMessage:        web.search q="intro" hits=1
LogRecord.Body:                    web.search q="{Query}" hits={HitCount}
LogRecord.Attributes (Key:Value):
    Query: intro
    HitCount: 1
    OriginalFormat (a.k.a Body): web.search q="{Query}" hits={HitCount}

Resource associated with LogRecord:
info: Appostolic.Api.Application.Agents.Tools.WebSearchTool[0]
      web.search q="intro" hits=1
service.name: Appostolic.Api
service.instance.id: cfc7ce07-e6a4-4518-a7e3-7e4ff99e6a9f
telemetry.sdk.name: opentelemetry
telemetry.sdk.language: dotnet
telemetry.sdk.version: 1.9.0

LogRecord.Timestamp:               2025-09-20T11:49:22.9099580Z
LogRecord.TraceId:                 b6204ff69223f98bbcaf088b63238bcd
LogRecord.SpanId:                  031e43acc87a3c0a
LogRecord.TraceFlags:              Recorded
LogRecord.CategoryName:            Appostolic.Api.Application.Agents.Tools.WebSearchTool
LogRecord.Severity:                Info
LogRecord.SeverityText:            Information
LogRecord.FormattedMessage:        tool.call name=web.search tenant=acme user=dev@example.com success=True durationMs=1
LogRecord.Body:                    tool.call name={Name} tenant={Tenant} user={User} success={Success} durationMs={DurationMs}
LogRecord.Attributes (Key:Value):
    Name: web.search
    Tenant: acme
    User: dev@example.com
info: Appostolic.Api.Application.Agents.Tools.WebSearchTool[0]
      tool.call name=web.search tenant=acme user=dev@example.com success=True durationMs=1
    Success: true
    DurationMs: 1
    OriginalFormat (a.k.a Body): tool.call name={Name} tenant={Tenant} user={User} success={Success} durationMs={DurationMs}

Resource associated with LogRecord:
service.name: Appostolic.Api
service.instance.id: cfc7ce07-e6a4-4518-a7e3-7e4ff99e6a9f
telemetry.sdk.name: opentelemetry
telemetry.sdk.language: dotnet
telemetry.sdk.version: 1.9.0

Activity.TraceId:            b6204ff69223f98bbcaf088b63238bcd
Activity.SpanId:             031e43acc87a3c0a
Activity.TraceFlags:         Recorded
Activity.ParentSpanId:       5012e533464256eb
Activity.ActivitySourceName: Appostolic.Tools
Activity.DisplayName:        tool.invoke
Activity.Kind:               Internal
Activity.StartTime:          2025-09-20T11:49:22.9093910Z
Activity.Duration:           00:00:00.0005850
Activity.Tags:
    tool.name: web.search
    tenant: acme
    user: dev@example.com
    duration.ms: 1
    success: true
Resource associated with Activity:
    service.name: Appostolic.Api
    service.instance.id: cfc7ce07-e6a4-4518-a7e3-7e4ff99e6a9f
    telemetry.sdk.name: opentelemetry
    telemetry.sdk.language: dotnet
    telemetry.sdk.version: 1.9.0

Activity.TraceId:            b6204ff69223f98bbcaf088b63238bcd
Activity.SpanId:             031e43acc87a3c0a
Activity.TraceFlags:         Recorded
Activity.ParentSpanId:       5012e533464256eb
Activity.ActivitySourceName: Appostolic.Tools
Activity.DisplayName:        tool.invoke
Activity.Kind:               Internal
Activity.StartTime:          2025-09-20T11:49:22.9093910Z
Activity.Duration:           00:00:00.0005850
Activity.Tags:
    tool.name: web.search
    tenant: acme
    user: dev@example.com
    duration.ms: 1
    success: true
Resource associated with Activity:
    service.name: Appostolic.Api
    service.instance.id: cfc7ce07-e6a4-4518-a7e3-7e4ff99e6a9f
    telemetry.sdk.name: opentelemetry
    telemetry.sdk.language: dotnet
    telemetry.sdk.version: 1.9.0

Activity.TraceId:            b6204ff69223f98bbcaf088b63238bcd
Activity.SpanId:             031e43acc87a3c0a
Activity.TraceFlags:         Recorded
Activity.ParentSpanId:       5012e533464256eb
Activity.ActivitySourceName: Appostolic.Tools
Activity.DisplayName:        tool.invoke
Activity.Kind:               Internal
Activity.StartTime:          2025-09-20T11:49:22.9093910Z
Activity.Duration:           00:00:00.0005850
Activity.Tags:
    tool.name: web.search
    tenant: acme
    user: dev@example.com
    duration.ms: 1
    success: true
Resource associated with Activity:
    service.name: Appostolic.Api
    service.instance.id: cfc7ce07-e6a4-4518-a7e3-7e4ff99e6a9f
    telemetry.sdk.name: opentelemetry
    telemetry.sdk.language: dotnet
    telemetry.sdk.version: 1.9.0

Activity.TraceId:            b6204ff69223f98bbcaf088b63238bcd
Activity.SpanId:             5012e533464256eb
Activity.TraceFlags:         Recorded
Activity.ParentSpanId:       0326222d56ad6c53
Activity.ActivitySourceName: Appostolic.Tools
Activity.DisplayName:        tool.web.search
Activity.Kind:               Internal
Activity.StartTime:          2025-09-20T11:49:22.9093870Z
Activity.Duration:           00:00:00.0006240
Activity.Tags:
    tool.name: web.search
    tenant: acme
    user: dev@example.com
    success: true
    duration.ms: 0
Resource associated with Activity:
    service.name: Appostolic.Api
    service.instance.id: cfc7ce07-e6a4-4518-a7e3-7e4ff99e6a9f
    telemetry.sdk.name: opentelemetry
    telemetry.sdk.language: dotnet
    telemetry.sdk.version: 1.9.0

Activity.TraceId:            b6204ff69223f98bbcaf088b63238bcd
Activity.SpanId:             5012e533464256eb
Activity.TraceFlags:         Recorded
Activity.ParentSpanId:       0326222d56ad6c53
Activity.ActivitySourceName: Appostolic.Tools
Activity.DisplayName:        tool.web.search
Activity.Kind:               Internal
Activity.StartTime:          2025-09-20T11:49:22.9093870Z
Activity.Duration:           00:00:00.0006240
Activity.Tags:
    tool.name: web.search
    tenant: acme
    user: dev@example.com
    success: true
    duration.ms: 0
Resource associated with Activity:
    service.name: Appostolic.Api
    service.instance.id: cfc7ce07-e6a4-4518-a7e3-7e4ff99e6a9f
    telemetry.sdk.name: opentelemetry
    telemetry.sdk.language: dotnet
    telemetry.sdk.version: 1.9.0

Activity.TraceId:            b6204ff69223f98bbcaf088b63238bcd
Activity.SpanId:             5012e533464256eb
Activity.TraceFlags:         Recorded
Activity.ParentSpanId:       0326222d56ad6c53
Activity.ActivitySourceName: Appostolic.Tools
Activity.DisplayName:        tool.web.search
Activity.Kind:               Internal
Activity.StartTime:          2025-09-20T11:49:22.9093870Z
Activity.Duration:           00:00:00.0006240
Activity.Tags:
    tool.name: web.search
    tenant: acme
    user: dev@example.com
    success: true
    duration.ms: 0
Resource associated with Activity:
    service.name: Appostolic.Api
    service.instance.id: cfc7ce07-e6a4-4518-a7e3-7e4ff99e6a9f
    telemetry.sdk.name: opentelemetry
    telemetry.sdk.language: dotnet
    telemetry.sdk.version: 1.9.0

Activity.TraceId:            b6204ff69223f98bbcaf088b63238bcd
Activity.SpanId:             bb7b007a3f1bfa7d
Activity.TraceFlags:         Recorded
Activity.ParentSpanId:       0326222d56ad6c53
Activity.ActivitySourceName: Appostolic.AgentRuntime
Activity.DisplayName:        agent.model
Activity.Kind:               Internal
Activity.StartTime:          2025-09-20T11:49:22.9100990Z
Activity.Duration:           00:00:00.0000130
Activity.Tags:
    agent.id: 11111111-1111-1111-1111-111111111111
    task.id: 7e414c52-ddd0-4e09-9ff2-bfcf1f3cb531
    tenant: acme
    user: dev@example.com
    step: 3
    model.name: gpt-4o-mini
    maxSteps: 8
    duration.ms: 0
Resource associated with Activity:
    service.name: Appostolic.Api
    service.instance.id: cfc7ce07-e6a4-4518-a7e3-7e4ff99e6a9f
    telemetry.sdk.name: opentelemetry
    telemetry.sdk.language: dotnet
    telemetry.sdk.version: 1.9.0

Activity.TraceId:            b6204ff69223f98bbcaf088b63238bcd
Activity.SpanId:             bb7b007a3f1bfa7d
Activity.TraceFlags:         Recorded
Activity.ParentSpanId:       0326222d56ad6c53
Activity.ActivitySourceName: Appostolic.AgentRuntime
Activity.DisplayName:        agent.model
Activity.Kind:               Internal
Activity.StartTime:          2025-09-20T11:49:22.9100990Z
Activity.Duration:           00:00:00.0000130
Activity.Tags:
    agent.id: 11111111-1111-1111-1111-111111111111
    task.id: 7e414c52-ddd0-4e09-9ff2-bfcf1f3cb531
    tenant: acme
    user: dev@example.com
    step: 3
    model.name: gpt-4o-mini
    maxSteps: 8
    duration.ms: 0
Resource associated with Activity:
    service.name: Appostolic.Api
    service.instance.id: cfc7ce07-e6a4-4518-a7e3-7e4ff99e6a9f
    telemetry.sdk.name: opentelemetry
    telemetry.sdk.language: dotnet
    telemetry.sdk.version: 1.9.0

Activity.TraceId:            b6204ff69223f98bbcaf088b63238bcd
Activity.SpanId:             bb7b007a3f1bfa7d
Activity.TraceFlags:         Recorded
Activity.ParentSpanId:       0326222d56ad6c53
Activity.ActivitySourceName: Appostolic.AgentRuntime
Activity.DisplayName:        agent.model
Activity.Kind:               Internal
Activity.StartTime:          2025-09-20T11:49:22.9100990Z
Activity.Duration:           00:00:00.0000130
Activity.Tags:
    agent.id: 11111111-1111-1111-1111-111111111111
    task.id: 7e414c52-ddd0-4e09-9ff2-bfcf1f3cb531
    tenant: acme
    user: dev@example.com
    step: 3
    model.name: gpt-4o-mini
    maxSteps: 8
    duration.ms: 0
Resource associated with Activity:
    service.name: Appostolic.Api
    service.instance.id: cfc7ce07-e6a4-4518-a7e3-7e4ff99e6a9f
    telemetry.sdk.name: opentelemetry
    telemetry.sdk.language: dotnet
    telemetry.sdk.version: 1.9.0

LogRecord.Timestamp:               2025-09-20T11:49:22.9101790Z
LogRecord.TraceId:                 b6204ff69223f98bbcaf088b63238bcd
LogRecord.SpanId:                  0326222d56ad6c53
LogRecord.TraceFlags:              Recorded
LogRecord.CategoryName:            Appostolic.Api.Application.Agents.Runtime.AgentOrchestrator
LogRecord.Severity:                Info
LogRecord.SeverityText:            Information
LogRecord.FormattedMessage:        Task succeeded at step 3
LogRecord.Body:                    Task succeeded at step {Step}
LogRecord.Attributes (Key:Value):
    Step: 3
    OriginalFormat (a.k.a Body): Task succeeded at step {Step}

Resource associated with LogRecord:
service.name: Appostolic.Api
service.instance.id: cfc7ce07-e6a4-4518-a7e3-7e4ff99e6a9f
telemetry.sdk.name: opentelemetry
telemetry.sdk.language: dotnet
telemetry.sdk.version: 1.9.0

info: Appostolic.Api.Application.Agents.Runtime.AgentOrchestrator[0]
      Task succeeded at step 3
Activity.TraceId:            b6204ff69223f98bbcaf088b63238bcd
Activity.SpanId:             0326222d56ad6c53
Activity.TraceFlags:         Recorded
Activity.ActivitySourceName: Appostolic.AgentRuntime
Activity.DisplayName:        agent.run
Activity.Kind:               Internal
Activity.StartTime:          2025-09-20T11:49:22.9090200Z
Activity.Duration:           00:00:00.0011750
Activity.Tags:
    task.id: 7e414c52-ddd0-4e09-9ff2-bfcf1f3cb531
    agent.id: 11111111-1111-1111-1111-111111111111
    tenant: acme
    user: dev@example.com
Resource associated with Activity:
    service.name: Appostolic.Api
    service.instance.id: cfc7ce07-e6a4-4518-a7e3-7e4ff99e6a9f
    telemetry.sdk.name: opentelemetry
    telemetry.sdk.language: dotnet
    telemetry.sdk.version: 1.9.0

Activity.TraceId:            b6204ff69223f98bbcaf088b63238bcd
Activity.SpanId:             0326222d56ad6c53
Activity.TraceFlags:         Recorded
Activity.ActivitySourceName: Appostolic.AgentRuntime
Activity.DisplayName:        agent.run
Activity.Kind:               Internal
Activity.StartTime:          2025-09-20T11:49:22.9090200Z
Activity.Duration:           00:00:00.0011750
Activity.Tags:
    task.id: 7e414c52-ddd0-4e09-9ff2-bfcf1f3cb531
    agent.id: 11111111-1111-1111-1111-111111111111
    tenant: acme
    user: dev@example.com
Resource associated with Activity:
    service.name: Appostolic.Api
    service.instance.id: cfc7ce07-e6a4-4518-a7e3-7e4ff99e6a9f
    telemetry.sdk.name: opentelemetry
    telemetry.sdk.language: dotnet
    telemetry.sdk.version: 1.9.0

Activity.TraceId:            b6204ff69223f98bbcaf088b63238bcd
Activity.SpanId:             0326222d56ad6c53
Activity.TraceFlags:         Recorded
Activity.ActivitySourceName: Appostolic.AgentRuntime
Activity.DisplayName:        agent.run
Activity.Kind:               Internal
Activity.StartTime:          2025-09-20T11:49:22.9090200Z
Activity.Duration:           00:00:00.0011750
Activity.Tags:
    task.id: 7e414c52-ddd0-4e09-9ff2-bfcf1f3cb531
    agent.id: 11111111-1111-1111-1111-111111111111
    tenant: acme
    user: dev@example.com
Resource associated with Activity:
    service.name: Appostolic.Api
    service.instance.id: cfc7ce07-e6a4-4518-a7e3-7e4ff99e6a9f
    telemetry.sdk.name: opentelemetry
    telemetry.sdk.language: dotnet
    telemetry.sdk.version: 1.9.0

LogRecord.Timestamp:               2025-09-20T11:49:22.9102570Z
LogRecord.TraceId:                 b0d2199797d3a8a4cd8876507d4b855c
LogRecord.SpanId:                  d85f28f9c8fb7c7c
LogRecord.TraceFlags:              Recorded
LogRecord.CategoryName:            Microsoft.AspNetCore.Http.Result.CreatedResult
LogRecord.Severity:                Info
LogRecord.SeverityText:            Information
LogRecord.FormattedMessage:        Setting HTTP status code 201.
LogRecord.Body:                    Setting HTTP status code {StatusCode}.
LogRecord.Attributes (Key:Value):
info: Microsoft.AspNetCore.Http.Result.CreatedResult[1]
      Setting HTTP status code 201.
    StatusCode: 201
    OriginalFormat (a.k.a Body): Setting HTTP status code {StatusCode}.
LogRecord.EventId:                 1
LogRecord.EventName:               WritingResultAsStatusCode

Resource associated with LogRecord:
service.name: Appostolic.Api
service.instance.id: cfc7ce07-e6a4-4518-a7e3-7e4ff99e6a9f
telemetry.sdk.name: opentelemetry
telemetry.sdk.language: dotnet
telemetry.sdk.version: 1.9.0

LogRecord.Timestamp:               2025-09-20T11:49:22.9102860Z
LogRecord.TraceId:                 b0d2199797d3a8a4cd8876507d4b855c
LogRecord.SpanId:                  d85f28f9c8fb7c7c
LogRecord.TraceFlags:              Recorded
LogRecord.CategoryName:            Microsoft.AspNetCore.Http.Result.CreatedResult
LogRecord.Severity:                Info
LogRecord.SeverityText:            Information
LogRecord.FormattedMessage:        Writing value of type 'AgentTaskSummary' as Json.
LogRecord.Body:                    Writing value of type '{Type}' as Json.
LogRecord.Attributes (Key:Value):
    Type: AgentTaskSummary
info: Microsoft.AspNetCore.Http.Result.CreatedResult[3]
      Writing value of type 'AgentTaskSummary' as Json.
    OriginalFormat (a.k.a Body): Writing value of type '{Type}' as Json.
LogRecord.EventId:                 3
LogRecord.EventName:               WritingResultAsJson

Resource associated with LogRecord:
service.name: Appostolic.Api
service.instance.id: cfc7ce07-e6a4-4518-a7e3-7e4ff99e6a9f
telemetry.sdk.name: opentelemetry
telemetry.sdk.language: dotnet
telemetry.sdk.version: 1.9.0

Activity.TraceId:            b0d2199797d3a8a4cd8876507d4b855c
Activity.SpanId:             d85f28f9c8fb7c7c
Activity.TraceFlags:         Recorded
Activity.ActivitySourceName: Microsoft.AspNetCore
Activity.DisplayName:        POST /api/agent-tasks/
Activity.Kind:               Server
Activity.StartTime:          2025-09-20T11:49:22.9072730Z
Activity.Duration:           00:00:00.0031740
Activity.Tags:
    server.address: localhost
    http.request.method: POST
    url.scheme: http
    url.path: /api/agent-tasks
    network.protocol.version: 1.1
    tenant: acme
    user: dev@example.com
    http.route: /api/agent-tasks/
    http.response.status_code: 201
Resource associated with Activity:
    service.name: Appostolic.Api
    service.instance.id: cfc7ce07-e6a4-4518-a7e3-7e4ff99e6a9f
    telemetry.sdk.name: opentelemetry
    telemetry.sdk.language: dotnet
    telemetry.sdk.version: 1.9.0

Activity.TraceId:            b0d2199797d3a8a4cd8876507d4b855c
Activity.SpanId:             d85f28f9c8fb7c7c
Activity.TraceFlags:         Recorded
Activity.ActivitySourceName: Microsoft.AspNetCore
Activity.DisplayName:        POST /api/agent-tasks/
Activity.Kind:               Server
Activity.StartTime:          2025-09-20T11:49:22.9072730Z
Activity.Duration:           00:00:00.0031740
Activity.Tags:
    server.address: localhost
    http.request.method: POST
    url.scheme: http
    url.path: /api/agent-tasks
    network.protocol.version: 1.1
    tenant: acme
    user: dev@example.com
    http.route: /api/agent-tasks/
    http.response.status_code: 201
Resource associated with Activity:
    service.name: Appostolic.Api
    service.instance.id: cfc7ce07-e6a4-4518-a7e3-7e4ff99e6a9f
    telemetry.sdk.name: opentelemetry
    telemetry.sdk.language: dotnet
    telemetry.sdk.version: 1.9.0

Activity.TraceId:            b0d2199797d3a8a4cd8876507d4b855c
Activity.SpanId:             d85f28f9c8fb7c7c
Activity.TraceFlags:         Recorded
Activity.ActivitySourceName: Microsoft.AspNetCore
Activity.DisplayName:        POST /api/agent-tasks/
Activity.Kind:               Server
Activity.StartTime:          2025-09-20T11:49:22.9072730Z
Activity.Duration:           00:00:00.0031740
Activity.Tags:
    server.address: localhost
    http.request.method: POST
    url.scheme: http
    url.path: /api/agent-tasks
    network.protocol.version: 1.1
    tenant: acme
    user: dev@example.com
    http.route: /api/agent-tasks/
    http.response.status_code: 201
Resource associated with Activity:
    service.name: Appostolic.Api
    service.instance.id: cfc7ce07-e6a4-4518-a7e3-7e4ff99e6a9f
    telemetry.sdk.name: opentelemetry
    telemetry.sdk.language: dotnet
    telemetry.sdk.version: 1.9.0

LogRecord.Timestamp:               2025-09-20T11:49:22.9153130Z
LogRecord.TraceId:                 c22f68b17d6cfd5779bca7266fbbaf28
LogRecord.SpanId:                  5dd15555ce0ab9c9
LogRecord.TraceFlags:              Recorded
LogRecord.CategoryName:            Microsoft.AspNetCore.Http.Result.OkObjectResult
LogRecord.Severity:                Info
LogRecord.SeverityText:            Information
LogRecord.FormattedMessage:        Setting HTTP status code 200.
LogRecord.Body:                    Setting HTTP status code {StatusCode}.
LogRecord.Attributes (Key:Value):
    StatusCode: 200
    OriginalFormat (a.k.a Body): Setting HTTP status code {StatusCode}.
LogRecord.EventId:                 1
LogRecord.EventName:               WritingResultAsStatusCode

Resource associated with LogRecord:
service.name: Appostolic.Api
service.instance.id: cfc7ce07-e6a4-4518-a7e3-7e4ff99e6a9f
telemetry.sdk.name: opentelemetry
telemetry.sdk.language: dotnet
telemetry.sdk.version: 1.9.0

LogRecord.Timestamp:               2025-09-20T11:49:22.9153440Z
LogRecord.TraceId:                 c22f68b17d6cfd5779bca7266fbbaf28
LogRecord.SpanId:                  5dd15555ce0ab9c9
LogRecord.TraceFlags:              Recorded
LogRecord.CategoryName:            Microsoft.AspNetCore.Http.Result.OkObjectResult
LogRecord.Severity:                Info
LogRecord.SeverityText:            Information
LogRecord.FormattedMessage:        Writing value of type 'AgentTaskDetails' as Json.
LogRecord.Body:                    Writing value of type '{Type}' as Json.
LogRecord.Attributes (Key:Value):
    Type: AgentTaskDetails
    OriginalFormat (a.k.a Body): Writing value of type '{Type}' as Json.
LogRecord.EventId:                 3
LogRecord.EventName:               WritingResultAsJson

Resource associated with LogRecord:
service.name: Appostolic.Api
service.instance.id: cfc7ce07-e6a4-4518-a7e3-7e4ff99e6a9f
telemetry.sdk.name: opentelemetry
telemetry.sdk.language: dotnet
telemetry.sdk.version: 1.9.0

Activity.TraceId:            c22f68b17d6cfd5779bca7266fbbaf28
Activity.SpanId:             5dd15555ce0ab9c9
Activity.TraceFlags:         Recorded
Activity.ActivitySourceName: Microsoft.AspNetCore
Activity.DisplayName:        GET /api/agent-tasks/{id:guid}
Activity.Kind:               Server
Activity.StartTime:          2025-09-20T11:49:22.9146240Z
Activity.Duration:           00:00:00.0007810
Activity.Tags:
    server.address: localhost
    url.query: ?includeTraces=Redacted
    http.request.method: GET
    url.scheme: http
    url.path: /api/agent-tasks/7e414c52-ddd0-4e09-9ff2-bfcf1f3cb531
    network.protocol.version: 1.1
    tenant: acme
    user: dev@example.com
    http.route: /api/agent-tasks/{id:guid}
    http.response.status_code: 200
Resource associated with Activity:
    service.name: Appostolic.Api
    service.instance.id: cfc7ce07-e6a4-4518-a7e3-7e4ff99e6a9f
    telemetry.sdk.name: opentelemetry
    telemetry.sdk.language: dotnet
    telemetry.sdk.version: 1.9.0

Activity.TraceId:            c22f68b17d6cfd5779bca7266fbbaf28
Activity.SpanId:             5dd15555ce0ab9c9
Activity.TraceFlags:         Recorded
Activity.ActivitySourceName: Microsoft.AspNetCore
Activity.DisplayName:        GET /api/agent-tasks/{id:guid}
Activity.Kind:               Server
Activity.StartTime:          2025-09-20T11:49:22.9146240Z
Activity.Duration:           00:00:00.0007810
Activity.Tags:
    server.address: localhost
    url.query: ?includeTraces=Redacted
    http.request.method: GET
    url.scheme: http
    url.path: /api/agent-tasks/7e414c52-ddd0-4e09-9ff2-bfcf1f3cb531
    network.protocol.version: 1.1
    tenant: acme
    user: dev@example.com
    http.route: /api/agent-tasks/{id:guid}
    http.response.status_code: 200
Resource associated with Activity:
    service.name: Appostolic.Api
    service.instance.id: cfc7ce07-e6a4-4518-a7e3-7e4ff99e6a9f
    telemetry.sdk.name: opentelemetry
    telemetry.sdk.language: dotnet
    telemetry.sdk.version: 1.9.0

Activity.TraceId:            c22f68b17d6cfd5779bca7266fbbaf28
Activity.SpanId:             5dd15555ce0ab9c9
Activity.TraceFlags:         Recorded
Activity.ActivitySourceName: Microsoft.AspNetCore
Activity.DisplayName:        GET /api/agent-tasks/{id:guid}
Activity.Kind:               Server
Activity.StartTime:          2025-09-20T11:49:22.9146240Z
Activity.Duration:           00:00:00.0007810
Activity.Tags:
    server.address: localhost
    url.query: ?includeTraces=Redacted
    http.request.method: GET
    url.scheme: http
    url.path: /api/agent-tasks/7e414c52-ddd0-4e09-9ff2-bfcf1f3cb531
    network.protocol.version: 1.1
    tenant: acme
    user: dev@example.com
    http.route: /api/agent-tasks/{id:guid}
    http.response.status_code: 200
Resource associated with Activity:
    service.name: Appostolic.Api
    service.instance.id: cfc7ce07-e6a4-4518-a7e3-7e4ff99e6a9f
    telemetry.sdk.name: opentelemetry
    telemetry.sdk.language: dotnet
    telemetry.sdk.version: 1.9.0

LogRecord.Timestamp:               2025-09-20T11:49:22.9160200Z
LogRecord.TraceId:                 fe41ec36dd4178b52ffbba1ba85c6620
LogRecord.SpanId:                  2871f29d6cfeb335
LogRecord.TraceFlags:              Recorded
LogRecord.CategoryName:            Microsoft.AspNetCore.Http.Result.OkObjectResult
LogRecord.Severity:                Info
LogRecord.SeverityText:            Information
LogRecord.FormattedMessage:        Setting HTTP status code 200.
LogRecord.Body:                    Setting HTTP status code {StatusCode}.
LogRecord.Attributes (Key:Value):
    StatusCode: 200
    OriginalFormat (a.k.a Body): Setting HTTP status code {StatusCode}.
LogRecord.EventId:                 1
LogRecord.EventName:               WritingResultAsStatusCode

Resource associated with LogRecord:
service.name: Appostolic.Api
service.instance.id: cfc7ce07-e6a4-4518-a7e3-7e4ff99e6a9f
telemetry.sdk.name: opentelemetry
telemetry.sdk.language: dotnet
telemetry.sdk.version: 1.9.0

LogRecord.Timestamp:               2025-09-20T11:49:22.9160380Z
LogRecord.TraceId:                 fe41ec36dd4178b52ffbba1ba85c6620
LogRecord.SpanId:                  2871f29d6cfeb335
LogRecord.TraceFlags:              Recorded
LogRecord.CategoryName:            Microsoft.AspNetCore.Http.Result.OkObjectResult
LogRecord.Severity:                Info
LogRecord.SeverityText:            Information
LogRecord.FormattedMessage:        Writing value of type 'List`1' as Json.
LogRecord.Body:                    Writing value of type '{Type}' as Json.
LogRecord.Attributes (Key:Value):
    Type: List`1
    OriginalFormat (a.k.a Body): Writing value of type '{Type}' as Json.
LogRecord.EventId:                 3
LogRecord.EventName:               WritingResultAsJson

Resource associated with LogRecord:
service.name: Appostolic.Api
service.instance.id: cfc7ce07-e6a4-4518-a7e3-7e4ff99e6a9f
telemetry.sdk.name: opentelemetry
telemetry.sdk.language: dotnet
telemetry.sdk.version: 1.9.0

Activity.TraceId:            fe41ec36dd4178b52ffbba1ba85c6620
Activity.SpanId:             2871f29d6cfeb335
Activity.TraceFlags:         Recorded
Activity.ActivitySourceName: Microsoft.AspNetCore
Activity.DisplayName:        GET /api/agent-tasks/
Activity.Kind:               Server
Activity.StartTime:          2025-09-20T11:49:22.9156880Z
Activity.Duration:           00:00:00.0003830
Activity.Tags:
    server.address: localhost
    url.query: ?status=Redacted
    http.request.method: GET
    url.scheme: http
    url.path: /api/agent-tasks
    network.protocol.version: 1.1
    tenant: acme
    user: dev@example.com
    http.route: /api/agent-tasks/
    http.response.status_code: 200
Resource associated with Activity:
    service.name: Appostolic.Api
    service.instance.id: cfc7ce07-e6a4-4518-a7e3-7e4ff99e6a9f
    telemetry.sdk.name: opentelemetry
    telemetry.sdk.language: dotnet
    telemetry.sdk.version: 1.9.0

Activity.TraceId:            fe41ec36dd4178b52ffbba1ba85c6620
Activity.SpanId:             2871f29d6cfeb335
Activity.TraceFlags:         Recorded
Activity.ActivitySourceName: Microsoft.AspNetCore
Activity.DisplayName:        GET /api/agent-tasks/
Activity.Kind:               Server
Activity.StartTime:          2025-09-20T11:49:22.9156880Z
Activity.Duration:           00:00:00.0003830
Activity.Tags:
    server.address: localhost
    url.query: ?status=Redacted
    http.request.method: GET
    url.scheme: http
    url.path: /api/agent-tasks
    network.protocol.version: 1.1
    tenant: acme
    user: dev@example.com
    http.route: /api/agent-tasks/
    http.response.status_code: 200
Resource associated with Activity:
    service.name: Appostolic.Api
    service.instance.id: cfc7ce07-e6a4-4518-a7e3-7e4ff99e6a9f
    telemetry.sdk.name: opentelemetry
    telemetry.sdk.language: dotnet
    telemetry.sdk.version: 1.9.0

Activity.TraceId:            fe41ec36dd4178b52ffbba1ba85c6620
Activity.SpanId:             2871f29d6cfeb335
Activity.TraceFlags:         Recorded
Activity.ActivitySourceName: Microsoft.AspNetCore
Activity.DisplayName:        GET /api/agent-tasks/
Activity.Kind:               Server
Activity.StartTime:          2025-09-20T11:49:22.9156880Z
Activity.Duration:           00:00:00.0003830
Activity.Tags:
    server.address: localhost
    url.query: ?status=Redacted
    http.request.method: GET
    url.scheme: http
    url.path: /api/agent-tasks
    network.protocol.version: 1.1
    tenant: acme
    user: dev@example.com
    http.route: /api/agent-tasks/
    http.response.status_code: 200
Resource associated with Activity:
    service.name: Appostolic.Api
    service.instance.id: cfc7ce07-e6a4-4518-a7e3-7e4ff99e6a9f
    telemetry.sdk.name: opentelemetry
    telemetry.sdk.language: dotnet
    telemetry.sdk.version: 1.9.0

LogRecord.Timestamp:               2025-09-20T11:49:22.9164370Z
LogRecord.TraceId:                 d62b5dd9455bef7d600fe76826ae81ec
LogRecord.SpanId:                  a4d3fd6b310b15fb
LogRecord.TraceFlags:              Recorded
LogRecord.CategoryName:            Microsoft.AspNetCore.Http.Result.OkObjectResult
LogRecord.Severity:                Info
LogRecord.SeverityText:            Information
LogRecord.FormattedMessage:        Setting HTTP status code 200.
LogRecord.Body:                    Setting HTTP status code {StatusCode}.
LogRecord.Attributes (Key:Value):
    StatusCode: 200
    OriginalFormat (a.k.a Body): Setting HTTP status code {StatusCode}.
LogRecord.EventId:                 1
LogRecord.EventName:               WritingResultAsStatusCode

Resource associated with LogRecord:
service.name: Appostolic.Api
service.instance.id: cfc7ce07-e6a4-4518-a7e3-7e4ff99e6a9f
telemetry.sdk.name: opentelemetry
telemetry.sdk.language: dotnet
telemetry.sdk.version: 1.9.0

LogRecord.Timestamp:               2025-09-20T11:49:22.9164540Z
LogRecord.TraceId:                 d62b5dd9455bef7d600fe76826ae81ec
LogRecord.SpanId:                  a4d3fd6b310b15fb
LogRecord.TraceFlags:              Recorded
LogRecord.CategoryName:            Microsoft.AspNetCore.Http.Result.OkObjectResult
LogRecord.Severity:                Info
LogRecord.SeverityText:            Information
LogRecord.FormattedMessage:        Writing value of type 'List`1' as Json.
LogRecord.Body:                    Writing value of type '{Type}' as Json.
LogRecord.Attributes (Key:Value):
    Type: List`1
    OriginalFormat (a.k.a Body): Writing value of type '{Type}' as Json.
LogRecord.EventId:                 3
LogRecord.EventName:               WritingResultAsJson

Resource associated with LogRecord:
service.name: Appostolic.Api
service.instance.id: cfc7ce07-e6a4-4518-a7e3-7e4ff99e6a9f
telemetry.sdk.name: opentelemetry
telemetry.sdk.language: dotnet
telemetry.sdk.version: 1.9.0

Activity.TraceId:            d62b5dd9455bef7d600fe76826ae81ec
Activity.SpanId:             a4d3fd6b310b15fb
Activity.TraceFlags:         Recorded
Activity.ActivitySourceName: Microsoft.AspNetCore
Activity.DisplayName:        GET /api/agent-tasks/
Activity.Kind:               Server
Activity.StartTime:          2025-09-20T11:49:22.9162420Z
Activity.Duration:           00:00:00.0002340
Activity.Tags:
    server.address: localhost
    url.query: ?status=Redacted
    http.request.method: GET
    url.scheme: http
    url.path: /api/agent-tasks
    network.protocol.version: 1.1
    tenant: acme
    user: dev@example.com
    http.route: /api/agent-tasks/
    http.response.status_code: 200
Resource associated with Activity:
    service.name: Appostolic.Api
    service.instance.id: cfc7ce07-e6a4-4518-a7e3-7e4ff99e6a9f
    telemetry.sdk.name: opentelemetry
    telemetry.sdk.language: dotnet
    telemetry.sdk.version: 1.9.0

Activity.TraceId:            d62b5dd9455bef7d600fe76826ae81ec
Activity.SpanId:             a4d3fd6b310b15fb
Activity.TraceFlags:         Recorded
Activity.ActivitySourceName: Microsoft.AspNetCore
Activity.DisplayName:        GET /api/agent-tasks/
Activity.Kind:               Server
Activity.StartTime:          2025-09-20T11:49:22.9162420Z
Activity.Duration:           00:00:00.0002340
Activity.Tags:
    server.address: localhost
    url.query: ?status=Redacted
    http.request.method: GET
    url.scheme: http
    url.path: /api/agent-tasks
    network.protocol.version: 1.1
    tenant: acme
    user: dev@example.com
    http.route: /api/agent-tasks/
    http.response.status_code: 200
Resource associated with Activity:
    service.name: Appostolic.Api
    service.instance.id: cfc7ce07-e6a4-4518-a7e3-7e4ff99e6a9f
    telemetry.sdk.name: opentelemetry
    telemetry.sdk.language: dotnet
    telemetry.sdk.version: 1.9.0

Activity.TraceId:            d62b5dd9455bef7d600fe76826ae81ec
Activity.SpanId:             a4d3fd6b310b15fb
Activity.TraceFlags:         Recorded
Activity.ActivitySourceName: Microsoft.AspNetCore
Activity.DisplayName:        GET /api/agent-tasks/
Activity.Kind:               Server
Activity.StartTime:          2025-09-20T11:49:22.9162420Z
Activity.Duration:           00:00:00.0002340
Activity.Tags:
    server.address: localhost
    url.query: ?status=Redacted
    http.request.method: GET
    url.scheme: http
    url.path: /api/agent-tasks
    network.protocol.version: 1.1
    tenant: acme
    user: dev@example.com
    http.route: /api/agent-tasks/
    http.response.status_code: 200
Resource associated with Activity:
    service.name: Appostolic.Api
    service.instance.id: cfc7ce07-e6a4-4518-a7e3-7e4ff99e6a9f
    telemetry.sdk.name: opentelemetry
    telemetry.sdk.language: dotnet
    telemetry.sdk.version: 1.9.0

info: Microsoft.AspNetCore.Http.Result.OkObjectResult[1]
      Setting HTTP status code 200.
info: Microsoft.AspNetCore.Http.Result.OkObjectResult[3]
      Writing value of type 'AgentTaskDetails' as Json.
info: Microsoft.AspNetCore.Http.Result.OkObjectResult[1]
      Setting HTTP status code 200.
info: Microsoft.AspNetCore.Http.Result.OkObjectResult[3]
      Writing value of type 'List`1' as Json.
info: Microsoft.AspNetCore.Http.Result.OkObjectResult[1]
      Setting HTTP status code 200.
info: Microsoft.AspNetCore.Http.Result.OkObjectResult[3]
      Writing value of type 'List`1' as Json.
Activity.TraceId:            81bfdace73a2f704928b1b084c7ba609
Activity.SpanId:             5223f8e92ddfeae5
Activity.TraceFlags:         Recorded
Activity.ParentSpanId:       fd1b2d6ce7085ab3
Activity.ActivitySourceName: Appostolic.AgentRuntime
Activity.DisplayName:        agent.model
Activity.Kind:               Internal
Activity.StartTime:          2025-09-20T11:49:22.9276540Z
Activity.Duration:           00:00:00.0000150
Activity.Tags:
    agent.id: 11111111-1111-1111-1111-111111111111
    task.id: 660cd1e4-476c-45e4-ba8d-6faaf7be7af1
    tenant: acme
    user: dev@example.com
    step: 1
    model.name: gpt-4o-mini
    maxSteps: 8
    duration.ms: 0
Resource associated with Activity:
    service.name: Appostolic.Api
    service.instance.id: cfc7ce07-e6a4-4518-a7e3-7e4ff99e6a9f
    telemetry.sdk.name: opentelemetry
    telemetry.sdk.language: dotnet
    telemetry.sdk.version: 1.9.0

Activity.TraceId:            81bfdace73a2f704928b1b084c7ba609
Activity.SpanId:             5223f8e92ddfeae5
Activity.TraceFlags:         Recorded
Activity.ParentSpanId:       fd1b2d6ce7085ab3
Activity.ActivitySourceName: Appostolic.AgentRuntime
Activity.DisplayName:        agent.model
Activity.Kind:               Internal
Activity.StartTime:          2025-09-20T11:49:22.9276540Z
Activity.Duration:           00:00:00.0000150
Activity.Tags:
    agent.id: 11111111-1111-1111-1111-111111111111
    task.id: 660cd1e4-476c-45e4-ba8d-6faaf7be7af1
    tenant: acme
    user: dev@example.com
    step: 1
    model.name: gpt-4o-mini
    maxSteps: 8
    duration.ms: 0
Resource associated with Activity:
    service.name: Appostolic.Api
    service.instance.id: cfc7ce07-e6a4-4518-a7e3-7e4ff99e6a9f
    telemetry.sdk.name: opentelemetry
    telemetry.sdk.language: dotnet
    telemetry.sdk.version: 1.9.0

Activity.TraceId:            81bfdace73a2f704928b1b084c7ba609
Activity.SpanId:             5223f8e92ddfeae5
Activity.TraceFlags:         Recorded
Activity.ParentSpanId:       fd1b2d6ce7085ab3
Activity.ActivitySourceName: Appostolic.AgentRuntime
Activity.DisplayName:        agent.model
Activity.Kind:               Internal
Activity.StartTime:          2025-09-20T11:49:22.9276540Z
Activity.Duration:           00:00:00.0000150
Activity.Tags:
    agent.id: 11111111-1111-1111-1111-111111111111
    task.id: 660cd1e4-476c-45e4-ba8d-6faaf7be7af1
    tenant: acme
    user: dev@example.com
    step: 1
    model.name: gpt-4o-mini
    maxSteps: 8
    duration.ms: 0
Resource associated with Activity:
    service.name: Appostolic.Api
    service.instance.id: cfc7ce07-e6a4-4518-a7e3-7e4ff99e6a9f
    telemetry.sdk.name: opentelemetry
    telemetry.sdk.language: dotnet
    telemetry.sdk.version: 1.9.0

LogRecord.Timestamp:               2025-09-20T11:49:22.9282730Z
LogRecord.TraceId:                 81bfdace73a2f704928b1b084c7ba609
LogRecord.SpanId:                  d5364c3f6f944a04
LogRecord.TraceFlags:              Recorded
LogRecord.CategoryName:            Appostolic.Api.Application.Agents.Tools.WebSearchTool
LogRecord.Severity:                Info
LogRecord.SeverityText:            Information
LogRecord.FormattedMessage:        web.search q="intro" hits=1
LogRecord.Body:                    web.search q="{Query}" hits={HitCount}
LogRecord.Attributes (Key:Value):
    Query: intro
    HitCount: 1
    OriginalFormat (a.k.a Body): web.search q="{Query}" hits={HitCount}

Resource associated with LogRecord:
service.name: Appostolic.Api
service.instance.id: cfc7ce07-e6a4-4518-a7e3-7e4ff99e6a9f
telemetry.sdk.name: opentelemetry
telemetry.sdk.language: dotnet
telemetry.sdk.version: 1.9.0

info: Appostolic.Api.Application.Agents.Tools.WebSearchTool[0]
      web.search q="intro" hits=1
LogRecord.Timestamp:               2025-09-20T11:49:22.9284130Z
LogRecord.TraceId:                 81bfdace73a2f704928b1b084c7ba609
info: Appostolic.Api.Application.Agents.Tools.WebSearchTool[0]
      tool.call name=web.search tenant=acme user=dev@example.com success=True durationMs=1
LogRecord.SpanId:                  d5364c3f6f944a04
LogRecord.TraceFlags:              Recorded
LogRecord.CategoryName:            Appostolic.Api.Application.Agents.Tools.WebSearchTool
LogRecord.Severity:                Info
LogRecord.SeverityText:            Information
LogRecord.FormattedMessage:        tool.call name=web.search tenant=acme user=dev@example.com success=True durationMs=1
LogRecord.Body:                    tool.call name={Name} tenant={Tenant} user={User} success={Success} durationMs={DurationMs}
LogRecord.Attributes (Key:Value):
    Name: web.search
    Tenant: acme
    User: dev@example.com
    Success: true
    DurationMs: 1
    OriginalFormat (a.k.a Body): tool.call name={Name} tenant={Tenant} user={User} success={Success} durationMs={DurationMs}

Resource associated with LogRecord:
service.name: Appostolic.Api
service.instance.id: cfc7ce07-e6a4-4518-a7e3-7e4ff99e6a9f
telemetry.sdk.name: opentelemetry
telemetry.sdk.language: dotnet
telemetry.sdk.version: 1.9.0

Activity.TraceId:            81bfdace73a2f704928b1b084c7ba609
Activity.SpanId:             d5364c3f6f944a04
Activity.TraceFlags:         Recorded
Activity.ParentSpanId:       f3167410b7820aed
Activity.ActivitySourceName: Appostolic.Tools
Activity.DisplayName:        tool.invoke
Activity.Kind:               Internal
Activity.StartTime:          2025-09-20T11:49:22.9280150Z
Activity.Duration:           00:00:00.0004180
Activity.Tags:
    tool.name: web.search
    tenant: acme
    user: dev@example.com
    duration.ms: 1
    success: true
Resource associated with Activity:
    service.name: Appostolic.Api
    service.instance.id: cfc7ce07-e6a4-4518-a7e3-7e4ff99e6a9f
    telemetry.sdk.name: opentelemetry
    telemetry.sdk.language: dotnet
    telemetry.sdk.version: 1.9.0

Activity.TraceId:            81bfdace73a2f704928b1b084c7ba609
Activity.SpanId:             d5364c3f6f944a04
Activity.TraceFlags:         Recorded
Activity.ParentSpanId:       f3167410b7820aed
Activity.ActivitySourceName: Appostolic.Tools
Activity.DisplayName:        tool.invoke
Activity.Kind:               Internal
Activity.StartTime:          2025-09-20T11:49:22.9280150Z
Activity.Duration:           00:00:00.0004180
Activity.Tags:
    tool.name: web.search
    tenant: acme
    user: dev@example.com
    duration.ms: 1
    success: true
Resource associated with Activity:
    service.name: Appostolic.Api
    service.instance.id: cfc7ce07-e6a4-4518-a7e3-7e4ff99e6a9f
    telemetry.sdk.name: opentelemetry
    telemetry.sdk.language: dotnet
    telemetry.sdk.version: 1.9.0

Activity.TraceId:            81bfdace73a2f704928b1b084c7ba609
Activity.SpanId:             d5364c3f6f944a04
Activity.TraceFlags:         Recorded
Activity.ParentSpanId:       f3167410b7820aed
Activity.ActivitySourceName: Appostolic.Tools
Activity.DisplayName:        tool.invoke
Activity.Kind:               Internal
Activity.StartTime:          2025-09-20T11:49:22.9280150Z
Activity.Duration:           00:00:00.0004180
Activity.Tags:
    tool.name: web.search
    tenant: acme
    user: dev@example.com
    duration.ms: 1
    success: true
Resource associated with Activity:
    service.name: Appostolic.Api
    service.instance.id: cfc7ce07-e6a4-4518-a7e3-7e4ff99e6a9f
    telemetry.sdk.name: opentelemetry
    telemetry.sdk.language: dotnet
    telemetry.sdk.version: 1.9.0

Activity.TraceId:            81bfdace73a2f704928b1b084c7ba609
Activity.SpanId:             f3167410b7820aed
Activity.TraceFlags:         Recorded
Activity.ParentSpanId:       fd1b2d6ce7085ab3
Activity.ActivitySourceName: Appostolic.Tools
Activity.DisplayName:        tool.web.search
Activity.Kind:               Internal
Activity.StartTime:          2025-09-20T11:49:22.9280110Z
Activity.Duration:           00:00:00.0004670
Activity.Tags:
    tool.name: web.search
    tenant: acme
    user: dev@example.com
    success: true
    duration.ms: 0
Resource associated with Activity:
    service.name: Appostolic.Api
    service.instance.id: cfc7ce07-e6a4-4518-a7e3-7e4ff99e6a9f
    telemetry.sdk.name: opentelemetry
    telemetry.sdk.language: dotnet
    telemetry.sdk.version: 1.9.0

Activity.TraceId:            81bfdace73a2f704928b1b084c7ba609
Activity.SpanId:             f3167410b7820aed
Activity.TraceFlags:         Recorded
Activity.ParentSpanId:       fd1b2d6ce7085ab3
Activity.ActivitySourceName: Appostolic.Tools
Activity.DisplayName:        tool.web.search
Activity.Kind:               Internal
Activity.StartTime:          2025-09-20T11:49:22.9280110Z
Activity.Duration:           00:00:00.0004670
Activity.Tags:
    tool.name: web.search
    tenant: acme
    user: dev@example.com
    success: true
    duration.ms: 0
Resource associated with Activity:
    service.name: Appostolic.Api
    service.instance.id: cfc7ce07-e6a4-4518-a7e3-7e4ff99e6a9f
    telemetry.sdk.name: opentelemetry
    telemetry.sdk.language: dotnet
    telemetry.sdk.version: 1.9.0

Activity.TraceId:            81bfdace73a2f704928b1b084c7ba609
Activity.SpanId:             f3167410b7820aed
Activity.TraceFlags:         Recorded
Activity.ParentSpanId:       fd1b2d6ce7085ab3
Activity.ActivitySourceName: Appostolic.Tools
Activity.DisplayName:        tool.web.search
Activity.Kind:               Internal
Activity.StartTime:          2025-09-20T11:49:22.9280110Z
Activity.Duration:           00:00:00.0004670
Activity.Tags:
    tool.name: web.search
    tenant: acme
    user: dev@example.com
    success: true
    duration.ms: 0
Resource associated with Activity:
    service.name: Appostolic.Api
    service.instance.id: cfc7ce07-e6a4-4518-a7e3-7e4ff99e6a9f
    telemetry.sdk.name: opentelemetry
    telemetry.sdk.language: dotnet
    telemetry.sdk.version: 1.9.0

Activity.TraceId:            81bfdace73a2f704928b1b084c7ba609
Activity.SpanId:             60c3e7ad269b07a6
Activity.TraceFlags:         Recorded
Activity.ParentSpanId:       fd1b2d6ce7085ab3
Activity.ActivitySourceName: Appostolic.AgentRuntime
Activity.DisplayName:        agent.model
Activity.Kind:               Internal
Activity.StartTime:          2025-09-20T11:49:22.9288630Z
Activity.Duration:           00:00:00.0000220
Activity.Tags:
    agent.id: 11111111-1111-1111-1111-111111111111
    task.id: 660cd1e4-476c-45e4-ba8d-6faaf7be7af1
    tenant: acme
    user: dev@example.com
    step: 3
    model.name: gpt-4o-mini
    maxSteps: 8
    duration.ms: 0
Resource associated with Activity:
    service.name: Appostolic.Api
    service.instance.id: cfc7ce07-e6a4-4518-a7e3-7e4ff99e6a9f
    telemetry.sdk.name: opentelemetry
    telemetry.sdk.language: dotnet
    telemetry.sdk.version: 1.9.0

Activity.TraceId:            81bfdace73a2f704928b1b084c7ba609
Activity.SpanId:             60c3e7ad269b07a6
Activity.TraceFlags:         Recorded
Activity.ParentSpanId:       fd1b2d6ce7085ab3
Activity.ActivitySourceName: Appostolic.AgentRuntime
Activity.DisplayName:        agent.model
Activity.Kind:               Internal
Activity.StartTime:          2025-09-20T11:49:22.9288630Z
Activity.Duration:           00:00:00.0000220
Activity.Tags:
    agent.id: 11111111-1111-1111-1111-111111111111
    task.id: 660cd1e4-476c-45e4-ba8d-6faaf7be7af1
    tenant: acme
    user: dev@example.com
    step: 3
    model.name: gpt-4o-mini
    maxSteps: 8
    duration.ms: 0
Resource associated with Activity:
    service.name: Appostolic.Api
    service.instance.id: cfc7ce07-e6a4-4518-a7e3-7e4ff99e6a9f
    telemetry.sdk.name: opentelemetry
    telemetry.sdk.language: dotnet
    telemetry.sdk.version: 1.9.0

Activity.TraceId:            81bfdace73a2f704928b1b084c7ba609
Activity.SpanId:             60c3e7ad269b07a6
Activity.TraceFlags:         Recorded
Activity.ParentSpanId:       fd1b2d6ce7085ab3
Activity.ActivitySourceName: Appostolic.AgentRuntime
Activity.DisplayName:        agent.model
Activity.Kind:               Internal
Activity.StartTime:          2025-09-20T11:49:22.9288630Z
Activity.Duration:           00:00:00.0000220
Activity.Tags:
    agent.id: 11111111-1111-1111-1111-111111111111
    task.id: 660cd1e4-476c-45e4-ba8d-6faaf7be7af1
    tenant: acme
    user: dev@example.com
    step: 3
    model.name: gpt-4o-mini
    maxSteps: 8
    duration.ms: 0
Resource associated with Activity:
    service.name: Appostolic.Api
    service.instance.id: cfc7ce07-e6a4-4518-a7e3-7e4ff99e6a9f
    telemetry.sdk.name: opentelemetry
    telemetry.sdk.language: dotnet
    telemetry.sdk.version: 1.9.0

LogRecord.Timestamp:               2025-09-20T11:49:22.9291170Z
LogRecord.TraceId:                 81bfdace73a2f704928b1b084c7ba609
LogRecord.SpanId:                  fd1b2d6ce7085ab3
LogRecord.TraceFlags:              Recorded
LogRecord.CategoryName:            Appostolic.Api.Application.Agents.Runtime.AgentOrchestrator
LogRecord.Severity:                Info
LogRecord.SeverityText:            Information
LogRecord.FormattedMessage:        Task succeeded at step 3
LogRecord.Body:                    Task succeeded at step {Step}
LogRecord.Attributes (Key:Value):
    Step: 3
    OriginalFormat (a.k.a Body): Task succeeded at step {Step}

Resource associated with LogRecord:
service.name: Appostolic.Api
service.instance.id: cfc7ce07-e6a4-4518-a7e3-7e4ff99e6a9f
telemetry.sdk.name: opentelemetry
telemetry.sdk.language: dotnet
telemetry.sdk.version: 1.9.0

Activity.TraceId:            81bfdace73a2f704928b1b084c7ba609
Activity.SpanId:             fd1b2d6ce7085ab3
Activity.TraceFlags:         Recorded
Activity.ActivitySourceName: Appostolic.AgentRuntime
Activity.DisplayName:        agent.run
Activity.Kind:               Internal
Activity.StartTime:          2025-09-20T11:49:22.9275610Z
Activity.Duration:           00:00:00.0015990
Activity.Tags:
    task.id: 660cd1e4-476c-45e4-ba8d-6faaf7be7af1
    agent.id: 11111111-1111-1111-1111-111111111111
    tenant: acme
    user: dev@example.com
Resource associated with Activity:
    service.name: Appostolic.Api
    service.instance.id: cfc7ce07-e6a4-4518-a7e3-7e4ff99e6a9f
    telemetry.sdk.name: opentelemetry
    telemetry.sdk.language: dotnet
    telemetry.sdk.version: 1.9.0

Activity.TraceId:            81bfdace73a2f704928b1b084c7ba609
Activity.SpanId:             fd1b2d6ce7085ab3
Activity.TraceFlags:         Recorded
Activity.ActivitySourceName: Appostolic.AgentRuntime
Activity.DisplayName:        agent.run
Activity.Kind:               Internal
Activity.StartTime:          2025-09-20T11:49:22.9275610Z
Activity.Duration:           00:00:00.0015990
Activity.Tags:
    task.id: 660cd1e4-476c-45e4-ba8d-6faaf7be7af1
    agent.id: 11111111-1111-1111-1111-111111111111
    tenant: acme
    user: dev@example.com
Resource associated with Activity:
    service.name: Appostolic.Api
    service.instance.id: cfc7ce07-e6a4-4518-a7e3-7e4ff99e6a9f
    telemetry.sdk.name: opentelemetry
    telemetry.sdk.language: dotnet
    telemetry.sdk.version: 1.9.0

Activity.TraceId:            81bfdace73a2f704928b1b084c7ba609
Activity.SpanId:             fd1b2d6ce7085ab3
Activity.TraceFlags:         Recorded
Activity.ActivitySourceName: Appostolic.AgentRuntime
Activity.DisplayName:        agent.run
Activity.Kind:               Internal
Activity.StartTime:          2025-09-20T11:49:22.9275610Z
Activity.Duration:           00:00:00.0015990
Activity.Tags:
    task.id: 660cd1e4-476c-45e4-ba8d-6faaf7be7af1
    agent.id: 11111111-1111-1111-1111-111111111111
    tenant: acme
    user: dev@example.com
Resource associated with Activity:
    service.name: Appostolic.Api
    service.instance.id: cfc7ce07-e6a4-4518-a7e3-7e4ff99e6a9f
    telemetry.sdk.name: opentelemetry
    telemetry.sdk.language: dotnet
    telemetry.sdk.version: 1.9.0

LogRecord.Timestamp:               2025-09-20T11:49:22.9292750Z
LogRecord.TraceId:                 b2023389f2626133869116d573aedc12
LogRecord.SpanId:                  8b8057caa76f6a4a
LogRecord.TraceFlags:              Recorded
LogRecord.CategoryName:            Microsoft.AspNetCore.Http.Result.CreatedResult
LogRecord.Severity:                Info
LogRecord.SeverityText:            Information
LogRecord.FormattedMessage:        Setting HTTP status code 201.
LogRecord.Body:                    Setting HTTP status code {StatusCode}.
LogRecord.Attributes (Key:Value):
    StatusCode: 201
    OriginalFormat (a.k.a Body): Setting HTTP status code {StatusCode}.
LogRecord.EventId:                 1
LogRecord.EventName:               WritingResultAsStatusCode

Resource associated with LogRecord:
service.name: Appostolic.Api
service.instance.id: cfc7ce07-e6a4-4518-a7e3-7e4ff99e6a9f
telemetry.sdk.name: opentelemetry
telemetry.sdk.language: dotnet
telemetry.sdk.version: 1.9.0

LogRecord.Timestamp:               2025-09-20T11:49:22.9293170Z
LogRecord.TraceId:                 b2023389f2626133869116d573aedc12
LogRecord.SpanId:                  8b8057caa76f6a4a
LogRecord.TraceFlags:              Recorded
LogRecord.CategoryName:            Microsoft.AspNetCore.Http.Result.CreatedResult
LogRecord.Severity:                Info
LogRecord.SeverityText:            Information
LogRecord.FormattedMessage:        Writing value of type 'AgentTaskSummary' as Json.
LogRecord.Body:                    Writing value of type '{Type}' as Json.
LogRecord.Attributes (Key:Value):
    Type: AgentTaskSummary
    OriginalFormat (a.k.a Body): Writing value of type '{Type}' as Json.
LogRecord.EventId:                 3
LogRecord.EventName:               WritingResultAsJson

Resource associated with LogRecord:
service.name: Appostolic.Api
service.instance.id: cfc7ce07-e6a4-4518-a7e3-7e4ff99e6a9f
telemetry.sdk.name: opentelemetry
telemetry.sdk.language: dotnet
telemetry.sdk.version: 1.9.0

info: Appostolic.Api.Application.Agents.Runtime.AgentOrchestrator[0]
      Task succeeded at step 3
info: Microsoft.AspNetCore.Http.Result.CreatedResult[1]
      Setting HTTP status code 201.
info: Microsoft.AspNetCore.Http.Result.CreatedResult[3]
      Writing value of type 'AgentTaskSummary' as Json.
Activity.TraceId:            b2023389f2626133869116d573aedc12
Activity.SpanId:             8b8057caa76f6a4a
Activity.TraceFlags:         Recorded
Activity.ActivitySourceName: Microsoft.AspNetCore
Activity.DisplayName:        POST /api/agent-tasks/
Activity.Kind:               Server
Activity.StartTime:          2025-09-20T11:49:22.9223850Z
Activity.Duration:           00:00:00.0099590
Activity.Tags:
    server.address: localhost
    http.request.method: POST
    url.scheme: http
    url.path: /api/agent-tasks
    network.protocol.version: 1.1
    tenant: acme
    user: dev@example.com
    http.route: /api/agent-tasks/
    http.response.status_code: 201
Resource associated with Activity:
    service.name: Appostolic.Api
    service.instance.id: cfc7ce07-e6a4-4518-a7e3-7e4ff99e6a9f
    telemetry.sdk.name: opentelemetry
    telemetry.sdk.language: dotnet
    telemetry.sdk.version: 1.9.0

Activity.TraceId:            b2023389f2626133869116d573aedc12
Activity.SpanId:             8b8057caa76f6a4a
Activity.TraceFlags:         Recorded
Activity.ActivitySourceName: Microsoft.AspNetCore
Activity.DisplayName:        POST /api/agent-tasks/
Activity.Kind:               Server
Activity.StartTime:          2025-09-20T11:49:22.9223850Z
Activity.Duration:           00:00:00.0099590
Activity.Tags:
    server.address: localhost
    http.request.method: POST
    url.scheme: http
    url.path: /api/agent-tasks
    network.protocol.version: 1.1
    tenant: acme
    user: dev@example.com
    http.route: /api/agent-tasks/
    http.response.status_code: 201
Resource associated with Activity:
    service.name: Appostolic.Api
    service.instance.id: cfc7ce07-e6a4-4518-a7e3-7e4ff99e6a9f
    telemetry.sdk.name: opentelemetry
    telemetry.sdk.language: dotnet
    telemetry.sdk.version: 1.9.0

Activity.TraceId:            b2023389f2626133869116d573aedc12
Activity.SpanId:             8b8057caa76f6a4a
Activity.TraceFlags:         Recorded
Activity.ActivitySourceName: Microsoft.AspNetCore
Activity.DisplayName:        POST /api/agent-tasks/
Activity.Kind:               Server
Activity.StartTime:          2025-09-20T11:49:22.9223850Z
Activity.Duration:           00:00:00.0099590
Activity.Tags:
    server.address: localhost
    http.request.method: POST
    url.scheme: http
    url.path: /api/agent-tasks
    network.protocol.version: 1.1
    tenant: acme
    user: dev@example.com
    http.route: /api/agent-tasks/
    http.response.status_code: 201
Resource associated with Activity:
    service.name: Appostolic.Api
    service.instance.id: cfc7ce07-e6a4-4518-a7e3-7e4ff99e6a9f
    telemetry.sdk.name: opentelemetry
    telemetry.sdk.language: dotnet
    telemetry.sdk.version: 1.9.0

Activity.TraceId:            ef96ea12a3648ffe17f8a127a6a5a631
Activity.SpanId:             f5940027ca5b1618
Activity.TraceFlags:         Recorded
Activity.ParentSpanId:       ea2626e7fd537263
Activity.ActivitySourceName: Appostolic.AgentRuntime
Activity.DisplayName:        agent.model
Activity.Kind:               Internal
Activity.StartTime:          2025-09-20T11:49:22.9375060Z
Activity.Duration:           00:00:00.0000140
Activity.Tags:
    agent.id: 11111111-1111-1111-1111-111111111111
    task.id: 8b29c6c6-6513-42a7-8ea2-277156c09bbe
    tenant: acme
    user: dev@example.com
    step: 1
    model.name: gpt-4o-mini
    maxSteps: 8
    duration.ms: 0
Resource associated with Activity:
    service.name: Appostolic.Api
    service.instance.id: cfc7ce07-e6a4-4518-a7e3-7e4ff99e6a9f
    telemetry.sdk.name: opentelemetry
    telemetry.sdk.language: dotnet
    telemetry.sdk.version: 1.9.0

Activity.TraceId:            ef96ea12a3648ffe17f8a127a6a5a631
Activity.SpanId:             f5940027ca5b1618
Activity.TraceFlags:         Recorded
Activity.ParentSpanId:       ea2626e7fd537263
Activity.ActivitySourceName: Appostolic.AgentRuntime
Activity.DisplayName:        agent.model
Activity.Kind:               Internal
Activity.StartTime:          2025-09-20T11:49:22.9375060Z
Activity.Duration:           00:00:00.0000140
Activity.Tags:
    agent.id: 11111111-1111-1111-1111-111111111111
    task.id: 8b29c6c6-6513-42a7-8ea2-277156c09bbe
    tenant: acme
    user: dev@example.com
    step: 1
    model.name: gpt-4o-mini
    maxSteps: 8
    duration.ms: 0
Resource associated with Activity:
    service.name: Appostolic.Api
    service.instance.id: cfc7ce07-e6a4-4518-a7e3-7e4ff99e6a9f
    telemetry.sdk.name: opentelemetry
    telemetry.sdk.language: dotnet
    telemetry.sdk.version: 1.9.0

Activity.TraceId:            ef96ea12a3648ffe17f8a127a6a5a631
Activity.SpanId:             f5940027ca5b1618
Activity.TraceFlags:         Recorded
Activity.ParentSpanId:       ea2626e7fd537263
Activity.ActivitySourceName: Appostolic.AgentRuntime
Activity.DisplayName:        agent.model
Activity.Kind:               Internal
Activity.StartTime:          2025-09-20T11:49:22.9375060Z
Activity.Duration:           00:00:00.0000140
Activity.Tags:
    agent.id: 11111111-1111-1111-1111-111111111111
    task.id: 8b29c6c6-6513-42a7-8ea2-277156c09bbe
    tenant: acme
    user: dev@example.com
    step: 1
    model.name: gpt-4o-mini
    maxSteps: 8
    duration.ms: 0
Resource associated with Activity:
    service.name: Appostolic.Api
    service.instance.id: cfc7ce07-e6a4-4518-a7e3-7e4ff99e6a9f
    telemetry.sdk.name: opentelemetry
    telemetry.sdk.language: dotnet
    telemetry.sdk.version: 1.9.0

LogRecord.Timestamp:               2025-09-20T11:49:22.9378660Z
LogRecord.TraceId:                 ef96ea12a3648ffe17f8a127a6a5a631
LogRecord.SpanId:                  21ef7cd347cd96e6
info: Appostolic.Api.Application.Agents.Tools.WebSearchTool[0]
      web.search q="intro" hits=1
LogRecord.TraceFlags:              Recorded
LogRecord.CategoryName:            Appostolic.Api.Application.Agents.Tools.WebSearchTool
LogRecord.Severity:                Info
LogRecord.SeverityText:            Information
LogRecord.FormattedMessage:        web.search q="intro" hits=1
LogRecord.Body:                    web.search q="{Query}" hits={HitCount}
LogRecord.Attributes (Key:Value):
    Query: intro
    HitCount: 1
    OriginalFormat (a.k.a Body): web.search q="{Query}" hits={HitCount}

Resource associated with LogRecord:
service.name: Appostolic.Api
service.instance.id: cfc7ce07-e6a4-4518-a7e3-7e4ff99e6a9f
telemetry.sdk.name: opentelemetry
telemetry.sdk.language: dotnet
telemetry.sdk.version: 1.9.0

LogRecord.Timestamp:               2025-09-20T11:49:22.9379630Z
LogRecord.TraceId:                 ef96ea12a3648ffe17f8a127a6a5a631
LogRecord.SpanId:                  21ef7cd347cd96e6
LogRecord.TraceFlags:              Recorded
LogRecord.CategoryName:            Appostolic.Api.Application.Agents.Tools.WebSearchTool
LogRecord.Severity:                Info
LogRecord.SeverityText:            Information
LogRecord.FormattedMessage:        tool.call name=web.search tenant=acme user=dev@example.com success=True durationMs=1
LogRecord.Body:                    tool.call name={Name} tenant={Tenant} user={User} success={Success} durationMs={DurationMs}
LogRecord.Attributes (Key:Value):
    Name: web.search
    Tenant: acme
    User: dev@example.com
    Success: true
    DurationMs: 1
    OriginalFormat (a.k.a Body): tool.call name={Name} tenant={Tenant} user={User} success={Success} durationMs={DurationMs}

Resource associated with LogRecord:
service.name: Appostolic.Api
service.instance.id: cfc7ce07-e6a4-4518-a7e3-7e4ff99e6a9f
telemetry.sdk.name: opentelemetry
telemetry.sdk.language: dotnet
telemetry.sdk.version: 1.9.0

Activity.TraceId:            ef96ea12a3648ffe17f8a127a6a5a631
Activity.SpanId:             21ef7cd347cd96e6
Activity.TraceFlags:         Recorded
Activity.ParentSpanId:       cf631cf46c512612
Activity.ActivitySourceName: Appostolic.Tools
Activity.DisplayName:        tool.invoke
Activity.Kind:               Internal
Activity.StartTime:          2025-09-20T11:49:22.9377740Z
Activity.Duration:           00:00:00.0002150
Activity.Tags:
    tool.name: web.search
    tenant: acme
    user: dev@example.com
    duration.ms: 1
    success: true
Resource associated with Activity:
    service.name: Appostolic.Api
    service.instance.id: cfc7ce07-e6a4-4518-a7e3-7e4ff99e6a9f
    telemetry.sdk.name: opentelemetry
    telemetry.sdk.language: dotnet
    telemetry.sdk.version: 1.9.0

Activity.TraceId:            ef96ea12a3648ffe17f8a127a6a5a631
Activity.SpanId:             21ef7cd347cd96e6
Activity.TraceFlags:         Recorded
Activity.ParentSpanId:       cf631cf46c512612
Activity.ActivitySourceName: Appostolic.Tools
Activity.DisplayName:        tool.invoke
Activity.Kind:               Internal
Activity.StartTime:          2025-09-20T11:49:22.9377740Z
Activity.Duration:           00:00:00.0002150
Activity.Tags:
    tool.name: web.search
    tenant: acme
    user: dev@example.com
    duration.ms: 1
    success: true
Resource associated with Activity:
    service.name: Appostolic.Api
    service.instance.id: cfc7ce07-e6a4-4518-a7e3-7e4ff99e6a9f
    telemetry.sdk.name: opentelemetry
    telemetry.sdk.language: dotnet
    telemetry.sdk.version: 1.9.0

Activity.TraceId:            ef96ea12a3648ffe17f8a127a6a5a631
Activity.SpanId:             21ef7cd347cd96e6
Activity.TraceFlags:         Recorded
Activity.ParentSpanId:       cf631cf46c512612
Activity.ActivitySourceName: Appostolic.Tools
Activity.DisplayName:        tool.invoke
Activity.Kind:               Internal
Activity.StartTime:          2025-09-20T11:49:22.9377740Z
Activity.Duration:           00:00:00.0002150
Activity.Tags:
    tool.name: web.search
    tenant: acme
    user: dev@example.com
    duration.ms: 1
    success: true
Resource associated with Activity:
    service.name: Appostolic.Api
    service.instance.id: cfc7ce07-e6a4-4518-a7e3-7e4ff99e6a9f
    telemetry.sdk.name: opentelemetry
    telemetry.sdk.language: dotnet
    telemetry.sdk.version: 1.9.0

Activity.TraceId:            ef96ea12a3648ffe17f8a127a6a5a631
Activity.SpanId:             cf631cf46c512612
Activity.TraceFlags:         Recorded
Activity.ParentSpanId:       ea2626e7fd537263
Activity.ActivitySourceName: Appostolic.Tools
Activity.DisplayName:        tool.web.search
Activity.Kind:               Internal
Activity.StartTime:          2025-09-20T11:49:22.9377710Z
Activity.Duration:           00:00:00.0002820
Activity.Tags:
    tool.name: web.search
    tenant: acme
    user: dev@example.com
    success: true
    duration.ms: 0
Resource associated with Activity:
    service.name: Appostolic.Api
    service.instance.id: cfc7ce07-e6a4-4518-a7e3-7e4ff99e6a9f
    telemetry.sdk.name: opentelemetry
    telemetry.sdk.language: dotnet
    telemetry.sdk.version: 1.9.0

Activity.TraceId:            ef96ea12a3648ffe17f8a127a6a5a631
Activity.SpanId:             cf631cf46c512612
Activity.TraceFlags:         Recorded
Activity.ParentSpanId:       ea2626e7fd537263
Activity.ActivitySourceName: Appostolic.Tools
Activity.DisplayName:        tool.web.search
Activity.Kind:               Internal
Activity.StartTime:          2025-09-20T11:49:22.9377710Z
Activity.Duration:           00:00:00.0002820
Activity.Tags:
    tool.name: web.search
    tenant: acme
    user: dev@example.com
    success: true
    duration.ms: 0
Resource associated with Activity:
    service.name: Appostolic.Api
    service.instance.id: cfc7ce07-e6a4-4518-a7e3-7e4ff99e6a9f
    telemetry.sdk.name: opentelemetry
    telemetry.sdk.language: dotnet
    telemetry.sdk.version: 1.9.0

Activity.TraceId:            ef96ea12a3648ffe17f8a127a6a5a631
Activity.SpanId:             cf631cf46c512612
Activity.TraceFlags:         Recorded
Activity.ParentSpanId:       ea2626e7fd537263
Activity.ActivitySourceName: Appostolic.Tools
Activity.DisplayName:        tool.web.search
Activity.Kind:               Internal
Activity.StartTime:          2025-09-20T11:49:22.9377710Z
Activity.Duration:           00:00:00.0002820
Activity.Tags:
    tool.name: web.search
    tenant: acme
    user: dev@example.com
    success: true
    duration.ms: 0
Resource associated with Activity:
    service.name: Appostolic.Api
    service.instance.id: cfc7ce07-e6a4-4518-a7e3-7e4ff99e6a9f
    telemetry.sdk.name: opentelemetry
    telemetry.sdk.language: dotnet
    telemetry.sdk.version: 1.9.0

Activity.TraceId:            ef96ea12a3648ffe17f8a127a6a5a631
Activity.SpanId:             c5580bc440dc6578
Activity.TraceFlags:         Recorded
Activity.ParentSpanId:       ea2626e7fd537263
Activity.ActivitySourceName: Appostolic.AgentRuntime
Activity.DisplayName:        agent.model
Activity.Kind:               Internal
Activity.StartTime:          2025-09-20T11:49:22.9382060Z
Activity.Duration:           00:00:00.0000170
Activity.Tags:
    agent.id: 11111111-1111-1111-1111-111111111111
    task.id: 8b29c6c6-6513-42a7-8ea2-277156c09bbe
    tenant: acme
    user: dev@example.com
    step: 3
    model.name: gpt-4o-mini
    maxSteps: 8
    duration.ms: 0
Resource associated with Activity:
    service.name: Appostolic.Api
    service.instance.id: cfc7ce07-e6a4-4518-a7e3-7e4ff99e6a9f
    telemetry.sdk.name: opentelemetry
    telemetry.sdk.language: dotnet
    telemetry.sdk.version: 1.9.0

Activity.TraceId:            ef96ea12a3648ffe17f8a127a6a5a631
Activity.SpanId:             c5580bc440dc6578
Activity.TraceFlags:         Recorded
Activity.ParentSpanId:       ea2626e7fd537263
Activity.ActivitySourceName: Appostolic.AgentRuntime
Activity.DisplayName:        agent.model
Activity.Kind:               Internal
Activity.StartTime:          2025-09-20T11:49:22.9382060Z
Activity.Duration:           00:00:00.0000170
Activity.Tags:
    agent.id: 11111111-1111-1111-1111-111111111111
    task.id: 8b29c6c6-6513-42a7-8ea2-277156c09bbe
    tenant: acme
    user: dev@example.com
    step: 3
    model.name: gpt-4o-mini
    maxSteps: 8
    duration.ms: 0
Resource associated with Activity:
    service.name: Appostolic.Api
    service.instance.id: cfc7ce07-e6a4-4518-a7e3-7e4ff99e6a9f
    telemetry.sdk.name: opentelemetry
    telemetry.sdk.language: dotnet
    telemetry.sdk.version: 1.9.0

Activity.TraceId:            ef96ea12a3648ffe17f8a127a6a5a631
Activity.SpanId:             c5580bc440dc6578
Activity.TraceFlags:         Recorded
Activity.ParentSpanId:       ea2626e7fd537263
Activity.ActivitySourceName: Appostolic.AgentRuntime
Activity.DisplayName:        agent.model
Activity.Kind:               Internal
Activity.StartTime:          2025-09-20T11:49:22.9382060Z
Activity.Duration:           00:00:00.0000170
Activity.Tags:
    agent.id: 11111111-1111-1111-1111-111111111111
    task.id: 8b29c6c6-6513-42a7-8ea2-277156c09bbe
    tenant: acme
    user: dev@example.com
    step: 3
    model.name: gpt-4o-mini
    maxSteps: 8
    duration.ms: 0
Resource associated with Activity:
    service.name: Appostolic.Api
    service.instance.id: cfc7ce07-e6a4-4518-a7e3-7e4ff99e6a9f
    telemetry.sdk.name: opentelemetry
    telemetry.sdk.language: dotnet
    telemetry.sdk.version: 1.9.0

LogRecord.Timestamp:               2025-09-20T11:49:22.9383450Z
LogRecord.TraceId:                 ef96ea12a3648ffe17f8a127a6a5a631
LogRecord.SpanId:                  ea2626e7fd537263
LogRecord.TraceFlags:              Recorded
LogRecord.CategoryName:            Appostolic.Api.Application.Agents.Runtime.AgentOrchestrator
LogRecord.Severity:                Info
LogRecord.SeverityText:            Information
LogRecord.FormattedMessage:        Task succeeded at step 3
LogRecord.Body:                    Task succeeded at step {Step}
LogRecord.Attributes (Key:Value):
    Step: 3
    OriginalFormat (a.k.a Body): Task succeeded at step {Step}

Resource associated with LogRecord:
service.name: Appostolic.Api
service.instance.id: cfc7ce07-e6a4-4518-a7e3-7e4ff99e6a9f
telemetry.sdk.name: opentelemetry
telemetry.sdk.language: dotnet
telemetry.sdk.version: 1.9.0

Activity.TraceId:            ef96ea12a3648ffe17f8a127a6a5a631
Activity.SpanId:             ea2626e7fd537263
Activity.TraceFlags:         Recorded
Activity.ActivitySourceName: Appostolic.AgentRuntime
Activity.DisplayName:        agent.run
Activity.Kind:               Internal
Activity.StartTime:          2025-09-20T11:49:22.9374250Z
Activity.Duration:           00:00:00.0009530
Activity.Tags:
    task.id: 8b29c6c6-6513-42a7-8ea2-277156c09bbe
    agent.id: 11111111-1111-1111-1111-111111111111
    tenant: acme
    user: dev@example.com
Resource associated with Activity:
    service.name: Appostolic.Api
    service.instance.id: cfc7ce07-e6a4-4518-a7e3-7e4ff99e6a9f
    telemetry.sdk.name: opentelemetry
    telemetry.sdk.language: dotnet
    telemetry.sdk.version: 1.9.0

Activity.TraceId:            ef96ea12a3648ffe17f8a127a6a5a631
Activity.SpanId:             ea2626e7fd537263
Activity.TraceFlags:         Recorded
Activity.ActivitySourceName: Appostolic.AgentRuntime
Activity.DisplayName:        agent.run
Activity.Kind:               Internal
Activity.StartTime:          2025-09-20T11:49:22.9374250Z
Activity.Duration:           00:00:00.0009530
Activity.Tags:
    task.id: 8b29c6c6-6513-42a7-8ea2-277156c09bbe
    agent.id: 11111111-1111-1111-1111-111111111111
    tenant: acme
    user: dev@example.com
Resource associated with Activity:
    service.name: Appostolic.Api
    service.instance.id: cfc7ce07-e6a4-4518-a7e3-7e4ff99e6a9f
    telemetry.sdk.name: opentelemetry
    telemetry.sdk.language: dotnet
    telemetry.sdk.version: 1.9.0

Activity.TraceId:            ef96ea12a3648ffe17f8a127a6a5a631
Activity.SpanId:             ea2626e7fd537263
Activity.TraceFlags:         Recorded
Activity.ActivitySourceName: Appostolic.AgentRuntime
Activity.DisplayName:        agent.run
Activity.Kind:               Internal
Activity.StartTime:          2025-09-20T11:49:22.9374250Z
Activity.Duration:           00:00:00.0009530
Activity.Tags:
    task.id: 8b29c6c6-6513-42a7-8ea2-277156c09bbe
    agent.id: 11111111-1111-1111-1111-111111111111
    tenant: acme
    user: dev@example.com
Resource associated with Activity:
    service.name: Appostolic.Api
    service.instance.id: cfc7ce07-e6a4-4518-a7e3-7e4ff99e6a9f
    telemetry.sdk.name: opentelemetry
    telemetry.sdk.language: dotnet
    telemetry.sdk.version: 1.9.0

LogRecord.Timestamp:               2025-09-20T11:49:22.9384760Z
LogRecord.TraceId:                 4d96d7904635d0e309b346804bd394c4
LogRecord.SpanId:                  02d3bd6f2ca44c98
LogRecord.TraceFlags:              Recorded
LogRecord.CategoryName:            Microsoft.AspNetCore.Http.Result.CreatedResult
LogRecord.Severity:                Info
LogRecord.SeverityText:            Information
LogRecord.FormattedMessage:        Setting HTTP status code 201.
LogRecord.Body:                    Setting HTTP status code {StatusCode}.
LogRecord.Attributes (Key:Value):
    StatusCode: 201
    OriginalFormat (a.k.a Body): Setting HTTP status code {StatusCode}.
LogRecord.EventId:                 1
LogRecord.EventName:               WritingResultAsStatusCode

Resource associated with LogRecord:
service.name: Appostolic.Api
service.instance.id: cfc7ce07-e6a4-4518-a7e3-7e4ff99e6a9f
telemetry.sdk.name: opentelemetry
telemetry.sdk.language: dotnet
telemetry.sdk.version: 1.9.0

LogRecord.Timestamp:               2025-09-20T11:49:22.9385140Z
LogRecord.TraceId:                 4d96d7904635d0e309b346804bd394c4
LogRecord.SpanId:                  02d3bd6f2ca44c98
LogRecord.TraceFlags:              Recorded
LogRecord.CategoryName:            Microsoft.AspNetCore.Http.Result.CreatedResult
LogRecord.Severity:                Info
LogRecord.SeverityText:            Information
LogRecord.FormattedMessage:        Writing value of type 'AgentTaskSummary' as Json.
LogRecord.Body:                    Writing value of type '{Type}' as Json.
LogRecord.Attributes (Key:Value):
    Type: AgentTaskSummary
    OriginalFormat (a.k.a Body): Writing value of type '{Type}' as Json.
LogRecord.EventId:                 3
LogRecord.EventName:               WritingResultAsJson

Resource associated with LogRecord:
service.name: Appostolic.Api
service.instance.id: cfc7ce07-e6a4-4518-a7e3-7e4ff99e6a9f
telemetry.sdk.name: opentelemetry
telemetry.sdk.language: dotnet
telemetry.sdk.version: 1.9.0

Activity.TraceId:            4d96d7904635d0e309b346804bd394c4
Activity.SpanId:             02d3bd6f2ca44c98
Activity.TraceFlags:         Recorded
Activity.ActivitySourceName: Microsoft.AspNetCore
Activity.DisplayName:        POST /api/agent-tasks/
Activity.Kind:               Server
Activity.StartTime:          2025-09-20T11:49:22.9354920Z
Activity.Duration:           00:00:00.0031110
Activity.Tags:
    server.address: localhost
    http.request.method: POST
    url.scheme: http
    url.path: /api/agent-tasks
    network.protocol.version: 1.1
    tenant: acme
    user: dev@example.com
    http.route: /api/agent-tasks/
    http.response.status_code: 201
Resource associated with Activity:
    service.name: Appostolic.Api
    service.instance.id: cfc7ce07-e6a4-4518-a7e3-7e4ff99e6a9f
    telemetry.sdk.name: opentelemetry
    telemetry.sdk.language: dotnet
    telemetry.sdk.version: 1.9.0

Activity.TraceId:            4d96d7904635d0e309b346804bd394c4
Activity.SpanId:             02d3bd6f2ca44c98
Activity.TraceFlags:         Recorded
Activity.ActivitySourceName: Microsoft.AspNetCore
Activity.DisplayName:        POST /api/agent-tasks/
Activity.Kind:               Server
Activity.StartTime:          2025-09-20T11:49:22.9354920Z
Activity.Duration:           00:00:00.0031110
Activity.Tags:
    server.address: localhost
    http.request.method: POST
    url.scheme: http
    url.path: /api/agent-tasks
    network.protocol.version: 1.1
    tenant: acme
    user: dev@example.com
    http.route: /api/agent-tasks/
    http.response.status_code: 201
Resource associated with Activity:
    service.name: Appostolic.Api
    service.instance.id: cfc7ce07-e6a4-4518-a7e3-7e4ff99e6a9f
    telemetry.sdk.name: opentelemetry
    telemetry.sdk.language: dotnet
    telemetry.sdk.version: 1.9.0

Activity.TraceId:            4d96d7904635d0e309b346804bd394c4
Activity.SpanId:             02d3bd6f2ca44c98
Activity.TraceFlags:         Recorded
Activity.ActivitySourceName: Microsoft.AspNetCore
Activity.DisplayName:        POST /api/agent-tasks/
Activity.Kind:               Server
Activity.StartTime:          2025-09-20T11:49:22.9354920Z
Activity.Duration:           00:00:00.0031110
Activity.Tags:
    server.address: localhost
    http.request.method: POST
    url.scheme: http
    url.path: /api/agent-tasks
    network.protocol.version: 1.1
    tenant: acme
    user: dev@example.com
    http.route: /api/agent-tasks/
    http.response.status_code: 201
Resource associated with Activity:
    service.name: Appostolic.Api
    service.instance.id: cfc7ce07-e6a4-4518-a7e3-7e4ff99e6a9f
    telemetry.sdk.name: opentelemetry
    telemetry.sdk.language: dotnet
    telemetry.sdk.version: 1.9.0

info: Appostolic.Api.Application.Agents.Tools.WebSearchTool[0]
      tool.call name=web.search tenant=acme user=dev@example.com success=True durationMs=1
info: Appostolic.Api.Application.Agents.Runtime.AgentOrchestrator[0]
      Task succeeded at step 3
info: Microsoft.AspNetCore.Http.Result.CreatedResult[1]
      Setting HTTP status code 201.
info: Microsoft.AspNetCore.Http.Result.CreatedResult[3]
      Writing value of type 'AgentTaskSummary' as Json.
Activity.TraceId:            399524764dc5491473bba806c1bcbada
Activity.SpanId:             b552a6176132e8f4
Activity.TraceFlags:         Recorded
Activity.ParentSpanId:       317ef0f69ec109f5
Activity.ActivitySourceName: Appostolic.AgentRuntime
Activity.DisplayName:        agent.model
Activity.Kind:               Internal
Activity.StartTime:          2025-09-20T11:49:22.9432410Z
Activity.Duration:           00:00:00.0000070
Activity.Tags:
    agent.id: 22222222-2222-2222-2222-222222222222
    task.id: a14e7024-0638-4f59-aa69-869195cc77c9
    tenant: acme
    user: dev@example.com
    step: 1
    model.name: gpt-4o-mini
    maxSteps: 4
    duration.ms: 0
Resource associated with Activity:
    service.name: Appostolic.Api
    service.instance.id: cfc7ce07-e6a4-4518-a7e3-7e4ff99e6a9f
    telemetry.sdk.name: opentelemetry
    telemetry.sdk.language: dotnet
    telemetry.sdk.version: 1.9.0

Activity.TraceId:            399524764dc5491473bba806c1bcbada
Activity.SpanId:             b552a6176132e8f4
Activity.TraceFlags:         Recorded
Activity.ParentSpanId:       317ef0f69ec109f5
Activity.ActivitySourceName: Appostolic.AgentRuntime
Activity.DisplayName:        agent.model
Activity.Kind:               Internal
Activity.StartTime:          2025-09-20T11:49:22.9432410Z
Activity.Duration:           00:00:00.0000070
Activity.Tags:
    agent.id: 22222222-2222-2222-2222-222222222222
    task.id: a14e7024-0638-4f59-aa69-869195cc77c9
    tenant: acme
    user: dev@example.com
    step: 1
    model.name: gpt-4o-mini
    maxSteps: 4
    duration.ms: 0
Resource associated with Activity:
    service.name: Appostolic.Api
    service.instance.id: cfc7ce07-e6a4-4518-a7e3-7e4ff99e6a9f
    telemetry.sdk.name: opentelemetry
    telemetry.sdk.language: dotnet
    telemetry.sdk.version: 1.9.0

Activity.TraceId:            399524764dc5491473bba806c1bcbada
Activity.SpanId:             b552a6176132e8f4
Activity.TraceFlags:         Recorded
Activity.ParentSpanId:       317ef0f69ec109f5
Activity.ActivitySourceName: Appostolic.AgentRuntime
Activity.DisplayName:        agent.model
Activity.Kind:               Internal
Activity.StartTime:          2025-09-20T11:49:22.9432410Z
Activity.Duration:           00:00:00.0000070
Activity.Tags:
    agent.id: 22222222-2222-2222-2222-222222222222
    task.id: a14e7024-0638-4f59-aa69-869195cc77c9
    tenant: acme
    user: dev@example.com
    step: 1
    model.name: gpt-4o-mini
    maxSteps: 4
    duration.ms: 0
Resource associated with Activity:
    service.name: Appostolic.Api
    service.instance.id: cfc7ce07-e6a4-4518-a7e3-7e4ff99e6a9f
    telemetry.sdk.name: opentelemetry
    telemetry.sdk.language: dotnet
    telemetry.sdk.version: 1.9.0

Activity.TraceId:            399524764dc5491473bba806c1bcbada
Activity.SpanId:             730b99efaedbcc6a
Activity.TraceFlags:         Recorded
Activity.ParentSpanId:       317ef0f69ec109f5
Activity.ActivitySourceName: Appostolic.Tools
Activity.DisplayName:        tool.web.search
Activity.Kind:               Internal
Activity.StartTime:          2025-09-20T11:49:22.9433910Z
Activity.Duration:           00:00:00.0000010
Activity.Tags:
    tool.name: web.search
    tenant: acme
    user: dev@example.com
    success: false
    duration.ms: 0
    error: Tool not allowed
Resource associated with Activity:
    service.name: Appostolic.Api
    service.instance.id: cfc7ce07-e6a4-4518-a7e3-7e4ff99e6a9f
    telemetry.sdk.name: opentelemetry
    telemetry.sdk.language: dotnet
    telemetry.sdk.version: 1.9.0

Activity.TraceId:            399524764dc5491473bba806c1bcbada
Activity.SpanId:             730b99efaedbcc6a
Activity.TraceFlags:         Recorded
Activity.ParentSpanId:       317ef0f69ec109f5
Activity.ActivitySourceName: Appostolic.Tools
Activity.DisplayName:        tool.web.search
Activity.Kind:               Internal
Activity.StartTime:          2025-09-20T11:49:22.9433910Z
Activity.Duration:           00:00:00.0000010
Activity.Tags:
    tool.name: web.search
    tenant: acme
    user: dev@example.com
    success: false
    duration.ms: 0
    error: Tool not allowed
Resource associated with Activity:
    service.name: Appostolic.Api
    service.instance.id: cfc7ce07-e6a4-4518-a7e3-7e4ff99e6a9f
    telemetry.sdk.name: opentelemetry
    telemetry.sdk.language: dotnet
    telemetry.sdk.version: 1.9.0

Activity.TraceId:            399524764dc5491473bba806c1bcbada
Activity.SpanId:             730b99efaedbcc6a
Activity.TraceFlags:         Recorded
Activity.ParentSpanId:       317ef0f69ec109f5
Activity.ActivitySourceName: Appostolic.Tools
Activity.DisplayName:        tool.web.search
Activity.Kind:               Internal
Activity.StartTime:          2025-09-20T11:49:22.9433910Z
Activity.Duration:           00:00:00.0000010
Activity.Tags:
    tool.name: web.search
    tenant: acme
    user: dev@example.com
    success: false
    duration.ms: 0
    error: Tool not allowed
Resource associated with Activity:
    service.name: Appostolic.Api
    service.instance.id: cfc7ce07-e6a4-4518-a7e3-7e4ff99e6a9f
    telemetry.sdk.name: opentelemetry
    telemetry.sdk.language: dotnet
    telemetry.sdk.version: 1.9.0

LogRecord.Timestamp:               2025-09-20T11:49:22.9434840Z
LogRecord.TraceId:                 399524764dc5491473bba806c1bcbada
LogRecord.SpanId:                  317ef0f69ec109f5
LogRecord.TraceFlags:              Recorded
LogRecord.CategoryName:            Appostolic.Api.Application.Agents.Runtime.AgentOrchestrator
LogRecord.Severity:                Warn
LogRecord.SeverityText:            Warning
LogRecord.FormattedMessage:        Denied tool web.search at step 1
LogRecord.Body:                    Denied tool {Tool} at step {Step}
LogRecord.Attributes (Key:Value):
    Tool: web.search
    Step: 1
    OriginalFormat (a.k.a Body): Denied tool {Tool} at step {Step}

Resource associated with LogRecord:
service.name: Appostolic.Api
service.instance.id: cfc7ce07-e6a4-4518-a7e3-7e4ff99e6a9f
telemetry.sdk.name: opentelemetry
telemetry.sdk.language: dotnet
telemetry.sdk.version: 1.9.0

Activity.TraceId:            399524764dc5491473bba806c1bcbada
Activity.SpanId:             317ef0f69ec109f5
Activity.TraceFlags:         Recorded
Activity.ActivitySourceName: Appostolic.AgentRuntime
Activity.DisplayName:        agent.run
Activity.Kind:               Internal
Activity.StartTime:          2025-09-20T11:49:22.9431980Z
Activity.Duration:           00:00:00.0003100
Activity.Tags:
    task.id: a14e7024-0638-4f59-aa69-869195cc77c9
    agent.id: 22222222-2222-2222-2222-222222222222
    tenant: acme
    user: dev@example.com
Resource associated with Activity:
    service.name: Appostolic.Api
    service.instance.id: cfc7ce07-e6a4-4518-a7e3-7e4ff99e6a9f
    telemetry.sdk.name: opentelemetry
    telemetry.sdk.language: dotnet
    telemetry.sdk.version: 1.9.0

Activity.TraceId:            399524764dc5491473bba806c1bcbada
Activity.SpanId:             317ef0f69ec109f5
Activity.TraceFlags:         Recorded
Activity.ActivitySourceName: Appostolic.AgentRuntime
Activity.DisplayName:        agent.run
Activity.Kind:               Internal
Activity.StartTime:          2025-09-20T11:49:22.9431980Z
Activity.Duration:           00:00:00.0003100
Activity.Tags:
    task.id: a14e7024-0638-4f59-aa69-869195cc77c9
    agent.id: 22222222-2222-2222-2222-222222222222
    tenant: acme
    user: dev@example.com
Resource associated with Activity:
    service.name: Appostolic.Api
    service.instance.id: cfc7ce07-e6a4-4518-a7e3-7e4ff99e6a9f
    telemetry.sdk.name: opentelemetry
    telemetry.sdk.language: dotnet
    telemetry.sdk.version: 1.9.0

Activity.TraceId:            399524764dc5491473bba806c1bcbada
Activity.SpanId:             317ef0f69ec109f5
Activity.TraceFlags:         Recorded
Activity.ActivitySourceName: Appostolic.AgentRuntime
Activity.DisplayName:        agent.run
Activity.Kind:               Internal
Activity.StartTime:          2025-09-20T11:49:22.9431980Z
Activity.Duration:           00:00:00.0003100
Activity.Tags:
    task.id: a14e7024-0638-4f59-aa69-869195cc77c9
    agent.id: 22222222-2222-2222-2222-222222222222
    tenant: acme
    user: dev@example.com
Resource associated with Activity:
    service.name: Appostolic.Api
    service.instance.id: cfc7ce07-e6a4-4518-a7e3-7e4ff99e6a9f
    telemetry.sdk.name: opentelemetry
    telemetry.sdk.language: dotnet
    telemetry.sdk.version: 1.9.0

LogRecord.Timestamp:               2025-09-20T11:49:22.9435660Z
LogRecord.TraceId:                 2a684100d44969d878036c4db1097536
LogRecord.SpanId:                  7663f575498a4b1a
LogRecord.TraceFlags:              Recorded
LogRecord.CategoryName:            Microsoft.AspNetCore.Http.Result.CreatedResult
LogRecord.Severity:                Info
LogRecord.SeverityText:            Information
LogRecord.FormattedMessage:        Setting HTTP status code 201.
LogRecord.Body:                    Setting HTTP status code {StatusCode}.
LogRecord.Attributes (Key:Value):
    StatusCode: 201
    OriginalFormat (a.k.a Body): Setting HTTP status code {StatusCode}.
LogRecord.EventId:                 1
LogRecord.EventName:               WritingResultAsStatusCode

Resource associated with LogRecord:
service.name: Appostolic.Api
service.instance.id: cfc7ce07-e6a4-4518-a7e3-7e4ff99e6a9f
telemetry.sdk.name: opentelemetry
telemetry.sdk.language: dotnet
telemetry.sdk.version: 1.9.0

LogRecord.Timestamp:               2025-09-20T11:49:22.9435870Z
LogRecord.TraceId:                 2a684100d44969d878036c4db1097536
LogRecord.SpanId:                  7663f575498a4b1a
LogRecord.TraceFlags:              Recorded
LogRecord.CategoryName:            Microsoft.AspNetCore.Http.Result.CreatedResult
LogRecord.Severity:                Info
LogRecord.SeverityText:            Information
LogRecord.FormattedMessage:        Writing value of type 'AgentTaskSummary' as Json.
LogRecord.Body:                    Writing value of type '{Type}' as Json.
LogRecord.Attributes (Key:Value):
    Type: AgentTaskSummary
    OriginalFormat (a.k.a Body): Writing value of type '{Type}' as Json.
LogRecord.EventId:                 3
LogRecord.EventName:               WritingResultAsJson

Resource associated with LogRecord:
service.name: Appostolic.Api
service.instance.id: cfc7ce07-e6a4-4518-a7e3-7e4ff99e6a9f
telemetry.sdk.name: opentelemetry
telemetry.sdk.language: dotnet
telemetry.sdk.version: 1.9.0

Activity.TraceId:            2a684100d44969d878036c4db1097536
Activity.SpanId:             7663f575498a4b1a
Activity.TraceFlags:         Recorded
Activity.ActivitySourceName: Microsoft.AspNetCore
Activity.DisplayName:        POST /api/agent-tasks/
Activity.Kind:               Server
Activity.StartTime:          2025-09-20T11:49:22.9399890Z
Activity.Duration:           00:00:00.0036510
Activity.Tags:
    server.address: localhost
    http.request.method: POST
    url.scheme: http
    url.path: /api/agent-tasks
    network.protocol.version: 1.1
    tenant: acme
    user: dev@example.com
    http.route: /api/agent-tasks/
    http.response.status_code: 201
Resource associated with Activity:
    service.name: Appostolic.Api
    service.instance.id: cfc7ce07-e6a4-4518-a7e3-7e4ff99e6a9f
    telemetry.sdk.name: opentelemetry
    telemetry.sdk.language: dotnet
    telemetry.sdk.version: 1.9.0

Activity.TraceId:            2a684100d44969d878036c4db1097536
Activity.SpanId:             7663f575498a4b1a
Activity.TraceFlags:         Recorded
Activity.ActivitySourceName: Microsoft.AspNetCore
Activity.DisplayName:        POST /api/agent-tasks/
Activity.Kind:               Server
Activity.StartTime:          2025-09-20T11:49:22.9399890Z
Activity.Duration:           00:00:00.0036510
Activity.Tags:
    server.address: localhost
    http.request.method: POST
    url.scheme: http
    url.path: /api/agent-tasks
    network.protocol.version: 1.1
    tenant: acme
    user: dev@example.com
    http.route: /api/agent-tasks/
    http.response.status_code: 201
Resource associated with Activity:
    service.name: Appostolic.Api
    service.instance.id: cfc7ce07-e6a4-4518-a7e3-7e4ff99e6a9f
    telemetry.sdk.name: opentelemetry
    telemetry.sdk.language: dotnet
    telemetry.sdk.version: 1.9.0

Activity.TraceId:            2a684100d44969d878036c4db1097536
Activity.SpanId:             7663f575498a4b1a
Activity.TraceFlags:         Recorded
Activity.ActivitySourceName: Microsoft.AspNetCore
Activity.DisplayName:        POST /api/agent-tasks/
Activity.Kind:               Server
Activity.StartTime:          2025-09-20T11:49:22.9399890Z
Activity.Duration:           00:00:00.0036510
Activity.Tags:
    server.address: localhost
    http.request.method: POST
    url.scheme: http
    url.path: /api/agent-tasks
    network.protocol.version: 1.1
    tenant: acme
    user: dev@example.com
    http.route: /api/agent-tasks/
    http.response.status_code: 201
Resource associated with Activity:
    service.name: Appostolic.Api
    service.instance.id: cfc7ce07-e6a4-4518-a7e3-7e4ff99e6a9f
    telemetry.sdk.name: opentelemetry
    telemetry.sdk.language: dotnet
    telemetry.sdk.version: 1.9.0

warn: Appostolic.Api.Application.Agents.Runtime.AgentOrchestrator[0]
      Denied tool web.search at step 1
info: Microsoft.AspNetCore.Http.Result.CreatedResult[1]
      Setting HTTP status code 201.
info: Microsoft.AspNetCore.Http.Result.CreatedResult[3]
      Writing value of type 'AgentTaskSummary' as Json.
LogRecord.Timestamp:               2025-09-20T11:49:22.9574200Z
LogRecord.TraceId:                 88a19b4ceec0f9cc6c9715d496f4cf2e
LogRecord.SpanId:                  3b6fb923d895bc4d
LogRecord.TraceFlags:              Recorded
LogRecord.CategoryName:            Microsoft.AspNetCore.Http.Result.OkObjectResult
LogRecord.Severity:                Info
LogRecord.SeverityText:            Information
LogRecord.FormattedMessage:        Setting HTTP status code 200.
LogRecord.Body:                    Setting HTTP status code {StatusCode}.
LogRecord.Attributes (Key:Value):
    StatusCode: 200
    OriginalFormat (a.k.a Body): Setting HTTP status code {StatusCode}.
LogRecord.EventId:                 1
LogRecord.EventName:               WritingResultAsStatusCode

Resource associated with LogRecord:
service.name: Appostolic.Api
service.instance.id: cfc7ce07-e6a4-4518-a7e3-7e4ff99e6a9f
telemetry.sdk.name: opentelemetry
telemetry.sdk.language: dotnet
telemetry.sdk.version: 1.9.0

LogRecord.Timestamp:               2025-09-20T11:49:22.9574660Z
LogRecord.TraceId:                 88a19b4ceec0f9cc6c9715d496f4cf2e
LogRecord.SpanId:                  3b6fb923d895bc4d
LogRecord.TraceFlags:              Recorded
LogRecord.CategoryName:            Microsoft.AspNetCore.Http.Result.OkObjectResult
LogRecord.Severity:                Info
LogRecord.SeverityText:            Information
LogRecord.FormattedMessage:        Writing value of type 'List`1' as Json.
LogRecord.Body:                    Writing value of type '{Type}' as Json.
LogRecord.Attributes (Key:Value):
    Type: List`1
    OriginalFormat (a.k.a Body): Writing value of type '{Type}' as Json.
LogRecord.EventId:                 3
LogRecord.EventName:               WritingResultAsJson

Resource associated with LogRecord:
service.name: Appostolic.Api
service.instance.id: cfc7ce07-e6a4-4518-a7e3-7e4ff99e6a9f
telemetry.sdk.name: opentelemetry
telemetry.sdk.language: dotnet
telemetry.sdk.version: 1.9.0

info: Microsoft.AspNetCore.Http.Result.OkObjectResult[1]
      Setting HTTP status code 200.
info: Microsoft.AspNetCore.Http.Result.OkObjectResult[3]
      Writing value of type 'List`1' as Json.
Activity.TraceId:            88a19b4ceec0f9cc6c9715d496f4cf2e
Activity.SpanId:             3b6fb923d895bc4d
Activity.TraceFlags:         Recorded
Activity.ActivitySourceName: Microsoft.AspNetCore
Activity.DisplayName:        GET /api/agent-tasks/
Activity.Kind:               Server
Activity.StartTime:          2025-09-20T11:49:22.9437630Z
Activity.Duration:           00:00:00.0162800
Activity.Tags:
    server.address: localhost
    url.query: ?agentId=Redacted&take=Redacted&skip=Redacted
    http.request.method: GET
    url.scheme: http
    url.path: /api/agent-tasks
    network.protocol.version: 1.1
    tenant: acme
    user: dev@example.com
    http.route: /api/agent-tasks/
    http.response.status_code: 200
Resource associated with Activity:
    service.name: Appostolic.Api
    service.instance.id: cfc7ce07-e6a4-4518-a7e3-7e4ff99e6a9f
    telemetry.sdk.name: opentelemetry
    telemetry.sdk.language: dotnet
    telemetry.sdk.version: 1.9.0

Activity.TraceId:            88a19b4ceec0f9cc6c9715d496f4cf2e
Activity.SpanId:             3b6fb923d895bc4d
Activity.TraceFlags:         Recorded
Activity.ActivitySourceName: Microsoft.AspNetCore
Activity.DisplayName:        GET /api/agent-tasks/
Activity.Kind:               Server
Activity.StartTime:          2025-09-20T11:49:22.9437630Z
Activity.Duration:           00:00:00.0162800
Activity.Tags:
    server.address: localhost
    url.query: ?agentId=Redacted&take=Redacted&skip=Redacted
    http.request.method: GET
    url.scheme: http
    url.path: /api/agent-tasks
    network.protocol.version: 1.1
    tenant: acme
    user: dev@example.com
    http.route: /api/agent-tasks/
    http.response.status_code: 200
Resource associated with Activity:
    service.name: Appostolic.Api
    service.instance.id: cfc7ce07-e6a4-4518-a7e3-7e4ff99e6a9f
    telemetry.sdk.name: opentelemetry
    telemetry.sdk.language: dotnet
    telemetry.sdk.version: 1.9.0

Activity.TraceId:            88a19b4ceec0f9cc6c9715d496f4cf2e
Activity.SpanId:             3b6fb923d895bc4d
Activity.TraceFlags:         Recorded
Activity.ActivitySourceName: Microsoft.AspNetCore
Activity.DisplayName:        GET /api/agent-tasks/
Activity.Kind:               Server
Activity.StartTime:          2025-09-20T11:49:22.9437630Z
Activity.Duration:           00:00:00.0162800
Activity.Tags:
    server.address: localhost
    url.query: ?agentId=Redacted&take=Redacted&skip=Redacted
    http.request.method: GET
    url.scheme: http
    url.path: /api/agent-tasks
    network.protocol.version: 1.1
    tenant: acme
    user: dev@example.com
    http.route: /api/agent-tasks/
    http.response.status_code: 200
Resource associated with Activity:
    service.name: Appostolic.Api
    service.instance.id: cfc7ce07-e6a4-4518-a7e3-7e4ff99e6a9f
    telemetry.sdk.name: opentelemetry
    telemetry.sdk.language: dotnet
    telemetry.sdk.version: 1.9.0

Activity.TraceId:            91f48ddba46abc53e0d0eadec1ffedca
Activity.SpanId:             005699b5ef75ab21
Activity.TraceFlags:         Recorded
Activity.ParentSpanId:       b8e2d8fcc09681e2
Activity.ActivitySourceName: Appostolic.AgentRuntime
Activity.DisplayName:        agent.model
Activity.Kind:               Internal
Activity.StartTime:          2025-09-20T11:49:23.0028320Z
Activity.Duration:           00:00:00.0000080
Activity.Tags:
    agent.id: 11111111-1111-1111-1111-111111111111
    task.id: e446d9c1-5e42-4df1-8eda-4a1407ae197f
    tenant: acme
    user: dev@example.com
    step: 1
    model.name: gpt-4o-mini
    maxSteps: 8
    duration.ms: 0
Resource associated with Activity:
    service.name: Appostolic.Api
    service.instance.id: cfc7ce07-e6a4-4518-a7e3-7e4ff99e6a9f
    telemetry.sdk.name: opentelemetry
    telemetry.sdk.language: dotnet
    telemetry.sdk.version: 1.9.0

Activity.TraceId:            91f48ddba46abc53e0d0eadec1ffedca
Activity.SpanId:             005699b5ef75ab21
Activity.TraceFlags:         Recorded
Activity.ParentSpanId:       b8e2d8fcc09681e2
Activity.ActivitySourceName: Appostolic.AgentRuntime
Activity.DisplayName:        agent.model
Activity.Kind:               Internal
Activity.StartTime:          2025-09-20T11:49:23.0028320Z
Activity.Duration:           00:00:00.0000080
Activity.Tags:
    agent.id: 11111111-1111-1111-1111-111111111111
    task.id: e446d9c1-5e42-4df1-8eda-4a1407ae197f
    tenant: acme
    user: dev@example.com
    step: 1
    model.name: gpt-4o-mini
    maxSteps: 8
    duration.ms: 0
Resource associated with Activity:
    service.name: Appostolic.Api
    service.instance.id: cfc7ce07-e6a4-4518-a7e3-7e4ff99e6a9f
    telemetry.sdk.name: opentelemetry
    telemetry.sdk.language: dotnet
    telemetry.sdk.version: 1.9.0

Activity.TraceId:            91f48ddba46abc53e0d0eadec1ffedca
Activity.SpanId:             005699b5ef75ab21
Activity.TraceFlags:         Recorded
Activity.ParentSpanId:       b8e2d8fcc09681e2
Activity.ActivitySourceName: Appostolic.AgentRuntime
Activity.DisplayName:        agent.model
Activity.Kind:               Internal
Activity.StartTime:          2025-09-20T11:49:23.0028320Z
Activity.Duration:           00:00:00.0000080
Activity.Tags:
    agent.id: 11111111-1111-1111-1111-111111111111
    task.id: e446d9c1-5e42-4df1-8eda-4a1407ae197f
    tenant: acme
    user: dev@example.com
    step: 1
    model.name: gpt-4o-mini
    maxSteps: 8
    duration.ms: 0
Resource associated with Activity:
    service.name: Appostolic.Api
    service.instance.id: cfc7ce07-e6a4-4518-a7e3-7e4ff99e6a9f
    telemetry.sdk.name: opentelemetry
    telemetry.sdk.language: dotnet
    telemetry.sdk.version: 1.9.0

LogRecord.Timestamp:               2025-09-20T11:49:23.0030350Z
LogRecord.TraceId:                 91f48ddba46abc53e0d0eadec1ffedca
LogRecord.SpanId:                  10aa9aa831972840
LogRecord.TraceFlags:              Recorded
LogRecord.CategoryName:            Appostolic.Api.Application.Agents.Tools.WebSearchTool
LogRecord.Severity:                Info
LogRecord.SeverityText:            Information
LogRecord.FormattedMessage:        web.search q="intro" hits=1
LogRecord.Body:                    web.search q="{Query}" hits={HitCount}
LogRecord.Attributes (Key:Value):
    Query: intro
    HitCount: 1
    OriginalFormat (a.k.a Body): web.search q="{Query}" hits={HitCount}

Resource associated with LogRecord:
service.name: Appostolic.Api
service.instance.id: cfc7ce07-e6a4-4518-a7e3-7e4ff99e6a9f
telemetry.sdk.name: opentelemetry
telemetry.sdk.language: dotnet
telemetry.sdk.version: 1.9.0

LogRecord.Timestamp:               2025-09-20T11:49:23.0030830Z
LogRecord.TraceId:                 91f48ddba46abc53e0d0eadec1ffedca
LogRecord.SpanId:                  10aa9aa831972840
LogRecord.TraceFlags:              Recorded
LogRecord.CategoryName:            Appostolic.Api.Application.Agents.Tools.WebSearchTool
LogRecord.Severity:                Info
LogRecord.SeverityText:            Information
LogRecord.FormattedMessage:        tool.call name=web.search tenant=acme user=dev@example.com success=True durationMs=1
LogRecord.Body:                    tool.call name={Name} tenant={Tenant} user={User} success={Success} durationMs={DurationMs}
LogRecord.Attributes (Key:Value):
    Name: web.search
    Tenant: acme
    User: dev@example.com
    Success: true
    DurationMs: 1
    OriginalFormat (a.k.a Body): tool.call name={Name} tenant={Tenant} user={User} success={Success} durationMs={DurationMs}

Resource associated with LogRecord:
service.name: Appostolic.Api
service.instance.id: cfc7ce07-e6a4-4518-a7e3-7e4ff99e6a9f
telemetry.sdk.name: opentelemetry
telemetry.sdk.language: dotnet
telemetry.sdk.version: 1.9.0

Activity.TraceId:            91f48ddba46abc53e0d0eadec1ffedca
Activity.SpanId:             10aa9aa831972840
Activity.TraceFlags:         Recorded
Activity.ParentSpanId:       e00c0876ff3dc6ef
Activity.ActivitySourceName: Appostolic.Tools
Activity.DisplayName:        tool.invoke
Activity.Kind:               Internal
Activity.StartTime:          2025-09-20T11:49:23.0029840Z
Activity.Duration:           00:00:00.0001130
Activity.Tags:
    tool.name: web.search
    tenant: acme
    user: dev@example.com
    duration.ms: 1
    success: true
Resource associated with Activity:
    service.name: Appostolic.Api
    service.instance.id: cfc7ce07-e6a4-4518-a7e3-7e4ff99e6a9f
    telemetry.sdk.name: opentelemetry
    telemetry.sdk.language: dotnet
    telemetry.sdk.version: 1.9.0

Activity.TraceId:            91f48ddba46abc53e0d0eadec1ffedca
Activity.SpanId:             10aa9aa831972840
Activity.TraceFlags:         Recorded
Activity.ParentSpanId:       e00c0876ff3dc6ef
Activity.ActivitySourceName: Appostolic.Tools
Activity.DisplayName:        tool.invoke
Activity.Kind:               Internal
Activity.StartTime:          2025-09-20T11:49:23.0029840Z
Activity.Duration:           00:00:00.0001130
Activity.Tags:
    tool.name: web.search
    tenant: acme
    user: dev@example.com
    duration.ms: 1
    success: true
Resource associated with Activity:
    service.name: Appostolic.Api
    service.instance.id: cfc7ce07-e6a4-4518-a7e3-7e4ff99e6a9f
    telemetry.sdk.name: opentelemetry
    telemetry.sdk.language: dotnet
    telemetry.sdk.version: 1.9.0

Activity.TraceId:            91f48ddba46abc53e0d0eadec1ffedca
Activity.SpanId:             10aa9aa831972840
Activity.TraceFlags:         Recorded
Activity.ParentSpanId:       e00c0876ff3dc6ef
Activity.ActivitySourceName: Appostolic.Tools
Activity.DisplayName:        tool.invoke
Activity.Kind:               Internal
Activity.StartTime:          2025-09-20T11:49:23.0029840Z
Activity.Duration:           00:00:00.0001130
Activity.Tags:
    tool.name: web.search
    tenant: acme
    user: dev@example.com
    duration.ms: 1
    success: true
Resource associated with Activity:
    service.name: Appostolic.Api
    service.instance.id: cfc7ce07-e6a4-4518-a7e3-7e4ff99e6a9f
    telemetry.sdk.name: opentelemetry
    telemetry.sdk.language: dotnet
    telemetry.sdk.version: 1.9.0

Activity.TraceId:            91f48ddba46abc53e0d0eadec1ffedca
Activity.SpanId:             e00c0876ff3dc6ef
Activity.TraceFlags:         Recorded
Activity.ParentSpanId:       b8e2d8fcc09681e2
Activity.ActivitySourceName: Appostolic.Tools
Activity.DisplayName:        tool.web.search
Activity.Kind:               Internal
Activity.StartTime:          2025-09-20T11:49:23.0029820Z
Activity.Duration:           00:00:00.0001520
Activity.Tags:
    tool.name: web.search
    tenant: acme
    user: dev@example.com
    success: true
    duration.ms: 0
Resource associated with Activity:
    service.name: Appostolic.Api
    service.instance.id: cfc7ce07-e6a4-4518-a7e3-7e4ff99e6a9f
    telemetry.sdk.name: opentelemetry
    telemetry.sdk.language: dotnet
    telemetry.sdk.version: 1.9.0

Activity.TraceId:            91f48ddba46abc53e0d0eadec1ffedca
Activity.SpanId:             e00c0876ff3dc6ef
Activity.TraceFlags:         Recorded
Activity.ParentSpanId:       b8e2d8fcc09681e2
Activity.ActivitySourceName: Appostolic.Tools
Activity.DisplayName:        tool.web.search
Activity.Kind:               Internal
Activity.StartTime:          2025-09-20T11:49:23.0029820Z
Activity.Duration:           00:00:00.0001520
Activity.Tags:
    tool.name: web.search
    tenant: acme
    user: dev@example.com
    success: true
    duration.ms: 0
Resource associated with Activity:
    service.name: Appostolic.Api
    service.instance.id: cfc7ce07-e6a4-4518-a7e3-7e4ff99e6a9f
    telemetry.sdk.name: opentelemetry
    telemetry.sdk.language: dotnet
    telemetry.sdk.version: 1.9.0

Activity.TraceId:            91f48ddba46abc53e0d0eadec1ffedca
Activity.SpanId:             e00c0876ff3dc6ef
Activity.TraceFlags:         Recorded
Activity.ParentSpanId:       b8e2d8fcc09681e2
Activity.ActivitySourceName: Appostolic.Tools
Activity.DisplayName:        tool.web.search
Activity.Kind:               Internal
Activity.StartTime:          2025-09-20T11:49:23.0029820Z
Activity.Duration:           00:00:00.0001520
Activity.Tags:
    tool.name: web.search
    tenant: acme
    user: dev@example.com
    success: true
    duration.ms: 0
Resource associated with Activity:
    service.name: Appostolic.Api
    service.instance.id: cfc7ce07-e6a4-4518-a7e3-7e4ff99e6a9f
    telemetry.sdk.name: opentelemetry
    telemetry.sdk.language: dotnet
    telemetry.sdk.version: 1.9.0

Activity.TraceId:            91f48ddba46abc53e0d0eadec1ffedca
Activity.SpanId:             edfdd891830759d6
Activity.TraceFlags:         Recorded
Activity.ParentSpanId:       b8e2d8fcc09681e2
Activity.ActivitySourceName: Appostolic.AgentRuntime
Activity.DisplayName:        agent.model
Activity.Kind:               Internal
Activity.StartTime:          2025-09-20T11:49:23.0032130Z
Activity.Duration:           00:00:00.0000120
Activity.Tags:
    agent.id: 11111111-1111-1111-1111-111111111111
    task.id: e446d9c1-5e42-4df1-8eda-4a1407ae197f
    tenant: acme
    user: dev@example.com
    step: 3
    model.name: gpt-4o-mini
    maxSteps: 8
    duration.ms: 0
Resource associated with Activity:
    service.name: Appostolic.Api
    service.instance.id: cfc7ce07-e6a4-4518-a7e3-7e4ff99e6a9f
    telemetry.sdk.name: opentelemetry
    telemetry.sdk.language: dotnet
    telemetry.sdk.version: 1.9.0

Activity.TraceId:            91f48ddba46abc53e0d0eadec1ffedca
Activity.SpanId:             edfdd891830759d6
Activity.TraceFlags:         Recorded
Activity.ParentSpanId:       b8e2d8fcc09681e2
Activity.ActivitySourceName: Appostolic.AgentRuntime
Activity.DisplayName:        agent.model
Activity.Kind:               Internal
Activity.StartTime:          2025-09-20T11:49:23.0032130Z
Activity.Duration:           00:00:00.0000120
Activity.Tags:
    agent.id: 11111111-1111-1111-1111-111111111111
    task.id: e446d9c1-5e42-4df1-8eda-4a1407ae197f
    tenant: acme
    user: dev@example.com
    step: 3
    model.name: gpt-4o-mini
    maxSteps: 8
    duration.ms: 0
Resource associated with Activity:
    service.name: Appostolic.Api
    service.instance.id: cfc7ce07-e6a4-4518-a7e3-7e4ff99e6a9f
    telemetry.sdk.name: opentelemetry
    telemetry.sdk.language: dotnet
    telemetry.sdk.version: 1.9.0

Activity.TraceId:            91f48ddba46abc53e0d0eadec1ffedca
Activity.SpanId:             edfdd891830759d6
Activity.TraceFlags:         Recorded
Activity.ParentSpanId:       b8e2d8fcc09681e2
Activity.ActivitySourceName: Appostolic.AgentRuntime
Activity.DisplayName:        agent.model
Activity.Kind:               Internal
Activity.StartTime:          2025-09-20T11:49:23.0032130Z
Activity.Duration:           00:00:00.0000120
Activity.Tags:
    agent.id: 11111111-1111-1111-1111-111111111111
    task.id: e446d9c1-5e42-4df1-8eda-4a1407ae197f
    tenant: acme
    user: dev@example.com
    step: 3
    model.name: gpt-4o-mini
    maxSteps: 8
    duration.ms: 0
Resource associated with Activity:
    service.name: Appostolic.Api
    service.instance.id: cfc7ce07-e6a4-4518-a7e3-7e4ff99e6a9f
    telemetry.sdk.name: opentelemetry
    telemetry.sdk.language: dotnet
    telemetry.sdk.version: 1.9.0

LogRecord.Timestamp:               2025-09-20T11:49:23.0032890Z
LogRecord.TraceId:                 91f48ddba46abc53e0d0eadec1ffedca
LogRecord.SpanId:                  b8e2d8fcc09681e2
LogRecord.TraceFlags:              Recorded
LogRecord.CategoryName:            Appostolic.Api.Application.Agents.Runtime.AgentOrchestrator
LogRecord.Severity:                Info
LogRecord.SeverityText:            Information
LogRecord.FormattedMessage:        Task succeeded at step 3
LogRecord.Body:                    Task succeeded at step {Step}
LogRecord.Attributes (Key:Value):
    Step: 3
    OriginalFormat (a.k.a Body): Task succeeded at step {Step}

Resource associated with LogRecord:
service.name: Appostolic.Api
service.instance.id: cfc7ce07-e6a4-4518-a7e3-7e4ff99e6a9f
telemetry.sdk.name: opentelemetry
telemetry.sdk.language: dotnet
telemetry.sdk.version: 1.9.0

Activity.TraceId:            91f48ddba46abc53e0d0eadec1ffedca
Activity.SpanId:             b8e2d8fcc09681e2
Activity.TraceFlags:         Recorded
Activity.ActivitySourceName: Appostolic.AgentRuntime
Activity.DisplayName:        agent.run
Activity.Kind:               Internal
Activity.StartTime:          2025-09-20T11:49:23.0027920Z
Activity.Duration:           00:00:00.0005140
Activity.Tags:
    task.id: e446d9c1-5e42-4df1-8eda-4a1407ae197f
    agent.id: 11111111-1111-1111-1111-111111111111
    tenant: acme
    user: dev@example.com
Resource associated with Activity:
    service.name: Appostolic.Api
    service.instance.id: cfc7ce07-e6a4-4518-a7e3-7e4ff99e6a9f
    telemetry.sdk.name: opentelemetry
    telemetry.sdk.language: dotnet
    telemetry.sdk.version: 1.9.0

Activity.TraceId:            91f48ddba46abc53e0d0eadec1ffedca
Activity.SpanId:             b8e2d8fcc09681e2
Activity.TraceFlags:         Recorded
Activity.ActivitySourceName: Appostolic.AgentRuntime
Activity.DisplayName:        agent.run
Activity.Kind:               Internal
Activity.StartTime:          2025-09-20T11:49:23.0027920Z
Activity.Duration:           00:00:00.0005140
Activity.Tags:
    task.id: e446d9c1-5e42-4df1-8eda-4a1407ae197f
    agent.id: 11111111-1111-1111-1111-111111111111
    tenant: acme
    user: dev@example.com
Resource associated with Activity:
    service.name: Appostolic.Api
    service.instance.id: cfc7ce07-e6a4-4518-a7e3-7e4ff99e6a9f
    telemetry.sdk.name: opentelemetry
    telemetry.sdk.language: dotnet
    telemetry.sdk.version: 1.9.0

Activity.TraceId:            91f48ddba46abc53e0d0eadec1ffedca
Activity.SpanId:             b8e2d8fcc09681e2
Activity.TraceFlags:         Recorded
Activity.ActivitySourceName: Appostolic.AgentRuntime
Activity.DisplayName:        agent.run
Activity.Kind:               Internal
Activity.StartTime:          2025-09-20T11:49:23.0027920Z
Activity.Duration:           00:00:00.0005140
Activity.Tags:
    task.id: e446d9c1-5e42-4df1-8eda-4a1407ae197f
    agent.id: 11111111-1111-1111-1111-111111111111
    tenant: acme
    user: dev@example.com
Resource associated with Activity:
    service.name: Appostolic.Api
    service.instance.id: cfc7ce07-e6a4-4518-a7e3-7e4ff99e6a9f
    telemetry.sdk.name: opentelemetry
    telemetry.sdk.language: dotnet
    telemetry.sdk.version: 1.9.0

LogRecord.Timestamp:               2025-09-20T11:49:23.0033620Z
LogRecord.TraceId:                 4432e0600ab8114d799f0eeb620b257c
LogRecord.SpanId:                  2ad8fd063ecbe12f
LogRecord.TraceFlags:              Recorded
LogRecord.CategoryName:            Microsoft.AspNetCore.Http.Result.CreatedResult
LogRecord.Severity:                Info
LogRecord.SeverityText:            Information
LogRecord.FormattedMessage:        Setting HTTP status code 201.
LogRecord.Body:                    Setting HTTP status code {StatusCode}.
LogRecord.Attributes (Key:Value):
info: Appostolic.Api.Application.Agents.Tools.WebSearchTool[0]
      web.search q="intro" hits=1
info: Appostolic.Api.Application.Agents.Tools.WebSearchTool[0]
      tool.call name=web.search tenant=acme user=dev@example.com success=True durationMs=1
info: Appostolic.Api.Application.Agents.Runtime.AgentOrchestrator[0]
      Task succeeded at step 3
info: Microsoft.AspNetCore.Http.Result.CreatedResult[1]
      Setting HTTP status code 201.
    StatusCode: 201
    OriginalFormat (a.k.a Body): Setting HTTP status code {StatusCode}.
LogRecord.EventId:                 1
LogRecord.EventName:               WritingResultAsStatusCode

Resource associated with LogRecord:
service.name: Appostolic.Api
service.instance.id: cfc7ce07-e6a4-4518-a7e3-7e4ff99e6a9f
telemetry.sdk.name: opentelemetry
telemetry.sdk.language: dotnet
telemetry.sdk.version: 1.9.0

info: Microsoft.AspNetCore.Http.Result.CreatedResult[3]
      Writing value of type 'AgentTaskSummary' as Json.
LogRecord.Timestamp:               2025-09-20T11:49:23.0034150Z
LogRecord.TraceId:                 4432e0600ab8114d799f0eeb620b257c
LogRecord.SpanId:                  2ad8fd063ecbe12f
LogRecord.TraceFlags:              Recorded
LogRecord.CategoryName:            Microsoft.AspNetCore.Http.Result.CreatedResult
LogRecord.Severity:                Info
LogRecord.SeverityText:            Information
LogRecord.FormattedMessage:        Writing value of type 'AgentTaskSummary' as Json.
LogRecord.Body:                    Writing value of type '{Type}' as Json.
LogRecord.Attributes (Key:Value):
    Type: AgentTaskSummary
    OriginalFormat (a.k.a Body): Writing value of type '{Type}' as Json.
LogRecord.EventId:                 3
LogRecord.EventName:               WritingResultAsJson

Resource associated with LogRecord:
service.name: Appostolic.Api
service.instance.id: cfc7ce07-e6a4-4518-a7e3-7e4ff99e6a9f
telemetry.sdk.name: opentelemetry
telemetry.sdk.language: dotnet
telemetry.sdk.version: 1.9.0

Activity.TraceId:            4432e0600ab8114d799f0eeb620b257c
Activity.SpanId:             2ad8fd063ecbe12f
Activity.TraceFlags:         Recorded
Activity.ActivitySourceName: Microsoft.AspNetCore
Activity.DisplayName:        POST /api/agent-tasks/
Activity.Kind:               Server
Activity.StartTime:          2025-09-20T11:49:23.0017200Z
Activity.Duration:           00:00:00.0028320
Activity.Tags:
    server.address: localhost
    http.request.method: POST
    url.scheme: http
    url.path: /api/agent-tasks
    network.protocol.version: 1.1
    tenant: acme
    user: dev@example.com
    http.route: /api/agent-tasks/
    http.response.status_code: 201
Resource associated with Activity:
    service.name: Appostolic.Api
    service.instance.id: cfc7ce07-e6a4-4518-a7e3-7e4ff99e6a9f
    telemetry.sdk.name: opentelemetry
    telemetry.sdk.language: dotnet
    telemetry.sdk.version: 1.9.0

Activity.TraceId:            4432e0600ab8114d799f0eeb620b257c
Activity.SpanId:             2ad8fd063ecbe12f
Activity.TraceFlags:         Recorded
Activity.ActivitySourceName: Microsoft.AspNetCore
Activity.DisplayName:        POST /api/agent-tasks/
Activity.Kind:               Server
Activity.StartTime:          2025-09-20T11:49:23.0017200Z
Activity.Duration:           00:00:00.0028320
Activity.Tags:
    server.address: localhost
    http.request.method: POST
    url.scheme: http
    url.path: /api/agent-tasks
    network.protocol.version: 1.1
    tenant: acme
    user: dev@example.com
    http.route: /api/agent-tasks/
    http.response.status_code: 201
Resource associated with Activity:
    service.name: Appostolic.Api
    service.instance.id: cfc7ce07-e6a4-4518-a7e3-7e4ff99e6a9f
    telemetry.sdk.name: opentelemetry
    telemetry.sdk.language: dotnet
    telemetry.sdk.version: 1.9.0

Activity.TraceId:            4432e0600ab8114d799f0eeb620b257c
Activity.SpanId:             2ad8fd063ecbe12f
Activity.TraceFlags:         Recorded
Activity.ActivitySourceName: Microsoft.AspNetCore
Activity.DisplayName:        POST /api/agent-tasks/
Activity.Kind:               Server
Activity.StartTime:          2025-09-20T11:49:23.0017200Z
Activity.Duration:           00:00:00.0028320
Activity.Tags:
    server.address: localhost
    http.request.method: POST
    url.scheme: http
    url.path: /api/agent-tasks
    network.protocol.version: 1.1
    tenant: acme
    user: dev@example.com
    http.route: /api/agent-tasks/
    http.response.status_code: 201
Resource associated with Activity:
    service.name: Appostolic.Api
    service.instance.id: cfc7ce07-e6a4-4518-a7e3-7e4ff99e6a9f
    telemetry.sdk.name: opentelemetry
    telemetry.sdk.language: dotnet
    telemetry.sdk.version: 1.9.0

Activity.TraceId:            a3c2ce2587c921fbadd3accf0a652cd5
Activity.SpanId:             d4308f9d95f7e9a1
Activity.TraceFlags:         Recorded
Activity.ParentSpanId:       0130243d4b8b08bc
Activity.ActivitySourceName: Appostolic.AgentRuntime
Activity.DisplayName:        agent.model
Activity.Kind:               Internal
Activity.StartTime:          2025-09-20T11:49:23.0583800Z
Activity.Duration:           00:00:00.0000120
Activity.Tags:
    agent.id: 11111111-1111-1111-1111-111111111111
    task.id: 1f5b8b3d-6245-414f-8771-21e5e9c5f55d
    tenant: acme
    user: dev@example.com
    step: 1
    model.name: gpt-4o-mini
    maxSteps: 8
    duration.ms: 0
Resource associated with Activity:
    service.name: Appostolic.Api
    service.instance.id: cfc7ce07-e6a4-4518-a7e3-7e4ff99e6a9f
    telemetry.sdk.name: opentelemetry
    telemetry.sdk.language: dotnet
    telemetry.sdk.version: 1.9.0

Activity.TraceId:            a3c2ce2587c921fbadd3accf0a652cd5
Activity.SpanId:             d4308f9d95f7e9a1
Activity.TraceFlags:         Recorded
Activity.ParentSpanId:       0130243d4b8b08bc
Activity.ActivitySourceName: Appostolic.AgentRuntime
Activity.DisplayName:        agent.model
Activity.Kind:               Internal
Activity.StartTime:          2025-09-20T11:49:23.0583800Z
Activity.Duration:           00:00:00.0000120
Activity.Tags:
    agent.id: 11111111-1111-1111-1111-111111111111
    task.id: 1f5b8b3d-6245-414f-8771-21e5e9c5f55d
    tenant: acme
    user: dev@example.com
    step: 1
    model.name: gpt-4o-mini
    maxSteps: 8
    duration.ms: 0
Resource associated with Activity:
    service.name: Appostolic.Api
    service.instance.id: cfc7ce07-e6a4-4518-a7e3-7e4ff99e6a9f
    telemetry.sdk.name: opentelemetry
    telemetry.sdk.language: dotnet
    telemetry.sdk.version: 1.9.0

Activity.TraceId:            a3c2ce2587c921fbadd3accf0a652cd5
Activity.SpanId:             d4308f9d95f7e9a1
Activity.TraceFlags:         Recorded
Activity.ParentSpanId:       0130243d4b8b08bc
Activity.ActivitySourceName: Appostolic.AgentRuntime
Activity.DisplayName:        agent.model
Activity.Kind:               Internal
Activity.StartTime:          2025-09-20T11:49:23.0583800Z
Activity.Duration:           00:00:00.0000120
Activity.Tags:
    agent.id: 11111111-1111-1111-1111-111111111111
    task.id: 1f5b8b3d-6245-414f-8771-21e5e9c5f55d
    tenant: acme
    user: dev@example.com
    step: 1
    model.name: gpt-4o-mini
    maxSteps: 8
    duration.ms: 0
Resource associated with Activity:
    service.name: Appostolic.Api
    service.instance.id: cfc7ce07-e6a4-4518-a7e3-7e4ff99e6a9f
    telemetry.sdk.name: opentelemetry
    telemetry.sdk.language: dotnet
    telemetry.sdk.version: 1.9.0

LogRecord.Timestamp:               2025-09-20T11:49:23.0586570Z
LogRecord.TraceId:                 a3c2ce2587c921fbadd3accf0a652cd5
LogRecord.SpanId:                  801a3f105f0dea7b
LogRecord.TraceFlags:              Recorded
LogRecord.CategoryName:            Appostolic.Api.Application.Agents.Tools.WebSearchTool
LogRecord.Severity:                Info
LogRecord.SeverityText:            Information
LogRecord.FormattedMessage:        web.search q="intro" hits=1
LogRecord.Body:                    web.search q="{Query}" hits={HitCount}
LogRecord.Attributes (Key:Value):
info: Appostolic.Api.Application.Agents.Tools.WebSearchTool[0]
      web.search q="intro" hits=1
    Query: intro
    HitCount: 1
    OriginalFormat (a.k.a Body): web.search q="{Query}" hits={HitCount}

Resource associated with LogRecord:
service.name: Appostolic.Api
service.instance.id: cfc7ce07-e6a4-4518-a7e3-7e4ff99e6a9f
telemetry.sdk.name: opentelemetry
telemetry.sdk.language: dotnet
telemetry.sdk.version: 1.9.0

LogRecord.Timestamp:               2025-09-20T11:49:23.0587120Z
LogRecord.TraceId:                 a3c2ce2587c921fbadd3accf0a652cd5
LogRecord.SpanId:                  801a3f105f0dea7b
LogRecord.TraceFlags:              Recorded
LogRecord.CategoryName:            Appostolic.Api.Application.Agents.Tools.WebSearchTool
info: Appostolic.Api.Application.Agents.Tools.WebSearchTool[0]
      tool.call name=web.search tenant=acme user=dev@example.com success=True durationMs=1
LogRecord.Severity:                Info
LogRecord.SeverityText:            Information
LogRecord.FormattedMessage:        tool.call name=web.search tenant=acme user=dev@example.com success=True durationMs=1
LogRecord.Body:                    tool.call name={Name} tenant={Tenant} user={User} success={Success} durationMs={DurationMs}
LogRecord.Attributes (Key:Value):
    Name: web.search
    Tenant: acme
    User: dev@example.com
    Success: true
    DurationMs: 1
    OriginalFormat (a.k.a Body): tool.call name={Name} tenant={Tenant} user={User} success={Success} durationMs={DurationMs}

Resource associated with LogRecord:
service.name: Appostolic.Api
service.instance.id: cfc7ce07-e6a4-4518-a7e3-7e4ff99e6a9f
telemetry.sdk.name: opentelemetry
telemetry.sdk.language: dotnet
telemetry.sdk.version: 1.9.0

Activity.TraceId:            a3c2ce2587c921fbadd3accf0a652cd5
Activity.SpanId:             801a3f105f0dea7b
Activity.TraceFlags:         Recorded
Activity.ParentSpanId:       685c56a20217134a
Activity.ActivitySourceName: Appostolic.Tools
Activity.DisplayName:        tool.invoke
Activity.Kind:               Internal
Activity.StartTime:          2025-09-20T11:49:23.0586070Z
Activity.Duration:           00:00:00.0001230
Activity.Tags:
    tool.name: web.search
    tenant: acme
    user: dev@example.com
    duration.ms: 1
    success: true
Resource associated with Activity:
    service.name: Appostolic.Api
    service.instance.id: cfc7ce07-e6a4-4518-a7e3-7e4ff99e6a9f
    telemetry.sdk.name: opentelemetry
    telemetry.sdk.language: dotnet
    telemetry.sdk.version: 1.9.0

Activity.TraceId:            a3c2ce2587c921fbadd3accf0a652cd5
Activity.SpanId:             801a3f105f0dea7b
Activity.TraceFlags:         Recorded
Activity.ParentSpanId:       685c56a20217134a
Activity.ActivitySourceName: Appostolic.Tools
Activity.DisplayName:        tool.invoke
Activity.Kind:               Internal
Activity.StartTime:          2025-09-20T11:49:23.0586070Z
Activity.Duration:           00:00:00.0001230
Activity.Tags:
    tool.name: web.search
    tenant: acme
    user: dev@example.com
    duration.ms: 1
    success: true
Resource associated with Activity:
    service.name: Appostolic.Api
    service.instance.id: cfc7ce07-e6a4-4518-a7e3-7e4ff99e6a9f
    telemetry.sdk.name: opentelemetry
    telemetry.sdk.language: dotnet
    telemetry.sdk.version: 1.9.0

Activity.TraceId:            a3c2ce2587c921fbadd3accf0a652cd5
Activity.SpanId:             801a3f105f0dea7b
Activity.TraceFlags:         Recorded
Activity.ParentSpanId:       685c56a20217134a
Activity.ActivitySourceName: Appostolic.Tools
Activity.DisplayName:        tool.invoke
Activity.Kind:               Internal
Activity.StartTime:          2025-09-20T11:49:23.0586070Z
Activity.Duration:           00:00:00.0001230
Activity.Tags:
    tool.name: web.search
    tenant: acme
    user: dev@example.com
    duration.ms: 1
    success: true
Resource associated with Activity:
    service.name: Appostolic.Api
    service.instance.id: cfc7ce07-e6a4-4518-a7e3-7e4ff99e6a9f
    telemetry.sdk.name: opentelemetry
    telemetry.sdk.language: dotnet
    telemetry.sdk.version: 1.9.0

Activity.TraceId:            a3c2ce2587c921fbadd3accf0a652cd5
Activity.SpanId:             685c56a20217134a
Activity.TraceFlags:         Recorded
Activity.ParentSpanId:       0130243d4b8b08bc
Activity.ActivitySourceName: Appostolic.Tools
Activity.DisplayName:        tool.web.search
Activity.Kind:               Internal
Activity.StartTime:          2025-09-20T11:49:23.0586040Z
Activity.Duration:           00:00:00.0001610
Activity.Tags:
    tool.name: web.search
    tenant: acme
    user: dev@example.com
    success: true
    duration.ms: 0
Resource associated with Activity:
    service.name: Appostolic.Api
    service.instance.id: cfc7ce07-e6a4-4518-a7e3-7e4ff99e6a9f
    telemetry.sdk.name: opentelemetry
    telemetry.sdk.language: dotnet
    telemetry.sdk.version: 1.9.0

Activity.TraceId:            a3c2ce2587c921fbadd3accf0a652cd5
Activity.SpanId:             685c56a20217134a
Activity.TraceFlags:         Recorded
Activity.ParentSpanId:       0130243d4b8b08bc
Activity.ActivitySourceName: Appostolic.Tools
Activity.DisplayName:        tool.web.search
Activity.Kind:               Internal
Activity.StartTime:          2025-09-20T11:49:23.0586040Z
Activity.Duration:           00:00:00.0001610
Activity.Tags:
    tool.name: web.search
    tenant: acme
    user: dev@example.com
    success: true
    duration.ms: 0
Resource associated with Activity:
    service.name: Appostolic.Api
    service.instance.id: cfc7ce07-e6a4-4518-a7e3-7e4ff99e6a9f
    telemetry.sdk.name: opentelemetry
    telemetry.sdk.language: dotnet
    telemetry.sdk.version: 1.9.0

Activity.TraceId:            a3c2ce2587c921fbadd3accf0a652cd5
Activity.SpanId:             685c56a20217134a
Activity.TraceFlags:         Recorded
Activity.ParentSpanId:       0130243d4b8b08bc
Activity.ActivitySourceName: Appostolic.Tools
Activity.DisplayName:        tool.web.search
Activity.Kind:               Internal
Activity.StartTime:          2025-09-20T11:49:23.0586040Z
Activity.Duration:           00:00:00.0001610
Activity.Tags:
    tool.name: web.search
    tenant: acme
    user: dev@example.com
    success: true
    duration.ms: 0
Resource associated with Activity:
    service.name: Appostolic.Api
    service.instance.id: cfc7ce07-e6a4-4518-a7e3-7e4ff99e6a9f
    telemetry.sdk.name: opentelemetry
    telemetry.sdk.language: dotnet
    telemetry.sdk.version: 1.9.0

Activity.TraceId:            a3c2ce2587c921fbadd3accf0a652cd5
Activity.SpanId:             9da799ad3cdbddbd
Activity.TraceFlags:         Recorded
Activity.ParentSpanId:       0130243d4b8b08bc
Activity.ActivitySourceName: Appostolic.AgentRuntime
Activity.DisplayName:        agent.model
Activity.Kind:               Internal
Activity.StartTime:          2025-09-20T11:49:23.0588550Z
Activity.Duration:           00:00:00.0000140
Activity.Tags:
    agent.id: 11111111-1111-1111-1111-111111111111
    task.id: 1f5b8b3d-6245-414f-8771-21e5e9c5f55d
    tenant: acme
    user: dev@example.com
    step: 3
    model.name: gpt-4o-mini
    maxSteps: 8
    duration.ms: 0
Resource associated with Activity:
    service.name: Appostolic.Api
    service.instance.id: cfc7ce07-e6a4-4518-a7e3-7e4ff99e6a9f
    telemetry.sdk.name: opentelemetry
    telemetry.sdk.language: dotnet
    telemetry.sdk.version: 1.9.0

Activity.TraceId:            a3c2ce2587c921fbadd3accf0a652cd5
Activity.SpanId:             9da799ad3cdbddbd
Activity.TraceFlags:         Recorded
Activity.ParentSpanId:       0130243d4b8b08bc
Activity.ActivitySourceName: Appostolic.AgentRuntime
Activity.DisplayName:        agent.model
Activity.Kind:               Internal
Activity.StartTime:          2025-09-20T11:49:23.0588550Z
Activity.Duration:           00:00:00.0000140
Activity.Tags:
    agent.id: 11111111-1111-1111-1111-111111111111
    task.id: 1f5b8b3d-6245-414f-8771-21e5e9c5f55d
    tenant: acme
    user: dev@example.com
    step: 3
    model.name: gpt-4o-mini
    maxSteps: 8
    duration.ms: 0
Resource associated with Activity:
    service.name: Appostolic.Api
    service.instance.id: cfc7ce07-e6a4-4518-a7e3-7e4ff99e6a9f
    telemetry.sdk.name: opentelemetry
    telemetry.sdk.language: dotnet
    telemetry.sdk.version: 1.9.0

Activity.TraceId:            a3c2ce2587c921fbadd3accf0a652cd5
Activity.SpanId:             9da799ad3cdbddbd
Activity.TraceFlags:         Recorded
Activity.ParentSpanId:       0130243d4b8b08bc
Activity.ActivitySourceName: Appostolic.AgentRuntime
Activity.DisplayName:        agent.model
Activity.Kind:               Internal
Activity.StartTime:          2025-09-20T11:49:23.0588550Z
Activity.Duration:           00:00:00.0000140
Activity.Tags:
    agent.id: 11111111-1111-1111-1111-111111111111
    task.id: 1f5b8b3d-6245-414f-8771-21e5e9c5f55d
    tenant: acme
    user: dev@example.com
    step: 3
    model.name: gpt-4o-mini
    maxSteps: 8
    duration.ms: 0
Resource associated with Activity:
    service.name: Appostolic.Api
    service.instance.id: cfc7ce07-e6a4-4518-a7e3-7e4ff99e6a9f
    telemetry.sdk.name: opentelemetry
    telemetry.sdk.language: dotnet
    telemetry.sdk.version: 1.9.0

LogRecord.Timestamp:               2025-09-20T11:49:23.0589390Z
LogRecord.TraceId:                 a3c2ce2587c921fbadd3accf0a652cd5
LogRecord.SpanId:                  0130243d4b8b08bc
LogRecord.TraceFlags:              Recorded
LogRecord.CategoryName:            Appostolic.Api.Application.Agents.Runtime.AgentOrchestrator
LogRecord.Severity:                Info
LogRecord.SeverityText:            Information
LogRecord.FormattedMessage:        Task succeeded at step 3
LogRecord.Body:                    Task succeeded at step {Step}
LogRecord.Attributes (Key:Value):
    Step: 3
    OriginalFormat (a.k.a Body): Task succeeded at step {Step}

Resource associated with LogRecord:
service.name: Appostolic.Api
service.instance.id: cfc7ce07-e6a4-4518-a7e3-7e4ff99e6a9f
telemetry.sdk.name: opentelemetry
telemetry.sdk.language: dotnet
telemetry.sdk.version: 1.9.0

Activity.TraceId:            a3c2ce2587c921fbadd3accf0a652cd5
Activity.SpanId:             0130243d4b8b08bc
Activity.TraceFlags:         Recorded
Activity.ActivitySourceName: Appostolic.AgentRuntime
Activity.DisplayName:        agent.run
Activity.Kind:               Internal
Activity.StartTime:          2025-09-20T11:49:23.0583300Z
Activity.Duration:           00:00:00.0006280
Activity.Tags:
    task.id: 1f5b8b3d-6245-414f-8771-21e5e9c5f55d
    agent.id: 11111111-1111-1111-1111-111111111111
    tenant: acme
    user: dev@example.com
Resource associated with Activity:
    service.name: Appostolic.Api
    service.instance.id: cfc7ce07-e6a4-4518-a7e3-7e4ff99e6a9f
    telemetry.sdk.name: opentelemetry
    telemetry.sdk.language: dotnet
    telemetry.sdk.version: 1.9.0

Activity.TraceId:            a3c2ce2587c921fbadd3accf0a652cd5
Activity.SpanId:             0130243d4b8b08bc
Activity.TraceFlags:         Recorded
Activity.ActivitySourceName: Appostolic.AgentRuntime
Activity.DisplayName:        agent.run
Activity.Kind:               Internal
Activity.StartTime:          2025-09-20T11:49:23.0583300Z
Activity.Duration:           00:00:00.0006280
Activity.Tags:
    task.id: 1f5b8b3d-6245-414f-8771-21e5e9c5f55d
    agent.id: 11111111-1111-1111-1111-111111111111
    tenant: acme
    user: dev@example.com
Resource associated with Activity:
    service.name: Appostolic.Api
    service.instance.id: cfc7ce07-e6a4-4518-a7e3-7e4ff99e6a9f
    telemetry.sdk.name: opentelemetry
    telemetry.sdk.language: dotnet
    telemetry.sdk.version: 1.9.0

Activity.TraceId:            a3c2ce2587c921fbadd3accf0a652cd5
Activity.SpanId:             0130243d4b8b08bc
Activity.TraceFlags:         Recorded
Activity.ActivitySourceName: Appostolic.AgentRuntime
Activity.DisplayName:        agent.run
Activity.Kind:               Internal
Activity.StartTime:          2025-09-20T11:49:23.0583300Z
Activity.Duration:           00:00:00.0006280
Activity.Tags:
    task.id: 1f5b8b3d-6245-414f-8771-21e5e9c5f55d
    agent.id: 11111111-1111-1111-1111-111111111111
    tenant: acme
    user: dev@example.com
Resource associated with Activity:
    service.name: Appostolic.Api
    service.instance.id: cfc7ce07-e6a4-4518-a7e3-7e4ff99e6a9f
    telemetry.sdk.name: opentelemetry
    telemetry.sdk.language: dotnet
    telemetry.sdk.version: 1.9.0

LogRecord.Timestamp:               2025-09-20T11:49:23.0590240Z
LogRecord.TraceId:                 3bd531e95c9d82e526b498c3bcef3a4d
LogRecord.SpanId:                  dc52683f6c787842
LogRecord.TraceFlags:              Recorded
LogRecord.CategoryName:            Microsoft.AspNetCore.Http.Result.CreatedResult
LogRecord.Severity:                Info
LogRecord.SeverityText:            Information
LogRecord.FormattedMessage:        Setting HTTP status code 201.
LogRecord.Body:                    Setting HTTP status code {StatusCode}.
LogRecord.Attributes (Key:Value):
    StatusCode: 201
    OriginalFormat (a.k.a Body): Setting HTTP status code {StatusCode}.
LogRecord.EventId:                 1
LogRecord.EventName:               WritingResultAsStatusCode

Resource associated with LogRecord:
service.name: Appostolic.Api
service.instance.id: cfc7ce07-e6a4-4518-a7e3-7e4ff99e6a9f
telemetry.sdk.name: opentelemetry
telemetry.sdk.language: dotnet
telemetry.sdk.version: 1.9.0

LogRecord.Timestamp:               2025-09-20T11:49:23.0590500Z
LogRecord.TraceId:                 3bd531e95c9d82e526b498c3bcef3a4d
LogRecord.SpanId:                  dc52683f6c787842
LogRecord.TraceFlags:              Recorded
LogRecord.CategoryName:            Microsoft.AspNetCore.Http.Result.CreatedResult
LogRecord.Severity:                Info
LogRecord.SeverityText:            Information
LogRecord.FormattedMessage:        Writing value of type 'AgentTaskSummary' as Json.
LogRecord.Body:                    Writing value of type '{Type}' as Json.
LogRecord.Attributes (Key:Value):
    Type: AgentTaskSummary
    OriginalFormat (a.k.a Body): Writing value of type '{Type}' as Json.
LogRecord.EventId:                 3
LogRecord.EventName:               WritingResultAsJson

Resource associated with LogRecord:
service.name: Appostolic.Api
service.instance.id: cfc7ce07-e6a4-4518-a7e3-7e4ff99e6a9f
telemetry.sdk.name: opentelemetry
telemetry.sdk.language: dotnet
telemetry.sdk.version: 1.9.0

info: Appostolic.Api.Application.Agents.Runtime.AgentOrchestrator[0]
      Task succeeded at step 3
info: Microsoft.AspNetCore.Http.Result.CreatedResult[1]
      Setting HTTP status code 201.
info: Microsoft.AspNetCore.Http.Result.CreatedResult[3]
      Writing value of type 'AgentTaskSummary' as Json.
Activity.TraceId:            3bd531e95c9d82e526b498c3bcef3a4d
Activity.SpanId:             dc52683f6c787842
Activity.TraceFlags:         Recorded
Activity.ActivitySourceName: Microsoft.AspNetCore
Activity.DisplayName:        POST /api/agent-tasks/
Activity.Kind:               Server
Activity.StartTime:          2025-09-20T11:49:23.0564070Z
Activity.Duration:           00:00:00.0027420
Activity.Tags:
    server.address: localhost
    http.request.method: POST
    url.scheme: http
    url.path: /api/agent-tasks
    network.protocol.version: 1.1
    tenant: acme
    user: dev@example.com
    http.route: /api/agent-tasks/
    http.response.status_code: 201
Resource associated with Activity:
    service.name: Appostolic.Api
    service.instance.id: cfc7ce07-e6a4-4518-a7e3-7e4ff99e6a9f
    telemetry.sdk.name: opentelemetry
    telemetry.sdk.language: dotnet
    telemetry.sdk.version: 1.9.0

Activity.TraceId:            3bd531e95c9d82e526b498c3bcef3a4d
Activity.SpanId:             dc52683f6c787842
Activity.TraceFlags:         Recorded
Activity.ActivitySourceName: Microsoft.AspNetCore
Activity.DisplayName:        POST /api/agent-tasks/
Activity.Kind:               Server
Activity.StartTime:          2025-09-20T11:49:23.0564070Z
Activity.Duration:           00:00:00.0027420
Activity.Tags:
    server.address: localhost
    http.request.method: POST
    url.scheme: http
    url.path: /api/agent-tasks
    network.protocol.version: 1.1
    tenant: acme
    user: dev@example.com
    http.route: /api/agent-tasks/
    http.response.status_code: 201
Resource associated with Activity:
    service.name: Appostolic.Api
    service.instance.id: cfc7ce07-e6a4-4518-a7e3-7e4ff99e6a9f
    telemetry.sdk.name: opentelemetry
    telemetry.sdk.language: dotnet
    telemetry.sdk.version: 1.9.0

Activity.TraceId:            3bd531e95c9d82e526b498c3bcef3a4d
Activity.SpanId:             dc52683f6c787842
Activity.TraceFlags:         Recorded
Activity.ActivitySourceName: Microsoft.AspNetCore
Activity.DisplayName:        POST /api/agent-tasks/
Activity.Kind:               Server
Activity.StartTime:          2025-09-20T11:49:23.0564070Z
Activity.Duration:           00:00:00.0027420
Activity.Tags:
    server.address: localhost
    http.request.method: POST
    url.scheme: http
    url.path: /api/agent-tasks
    network.protocol.version: 1.1
    tenant: acme
    user: dev@example.com
    http.route: /api/agent-tasks/
    http.response.status_code: 201
Resource associated with Activity:
    service.name: Appostolic.Api
    service.instance.id: cfc7ce07-e6a4-4518-a7e3-7e4ff99e6a9f
    telemetry.sdk.name: opentelemetry
    telemetry.sdk.language: dotnet
    telemetry.sdk.version: 1.9.0

Activity.TraceId:            a956af8571f37a0b78ff04c9019ec107
Activity.SpanId:             91b36d4f0b1582ad
Activity.TraceFlags:         Recorded
Activity.ParentSpanId:       694ebd6e73367747
Activity.ActivitySourceName: Appostolic.AgentRuntime
Activity.DisplayName:        agent.model
Activity.Kind:               Internal
Activity.StartTime:          2025-09-20T11:49:23.1114300Z
Activity.Duration:           00:00:00.0000080
Activity.Tags:
    agent.id: 11111111-1111-1111-1111-111111111111
    task.id: 2a247d2c-d12d-41ae-a88a-e234cb04892c
    tenant: acme
    user: dev@example.com
    step: 1
    model.name: gpt-4o-mini
    maxSteps: 8
    duration.ms: 0
Resource associated with Activity:
    service.name: Appostolic.Api
    service.instance.id: cfc7ce07-e6a4-4518-a7e3-7e4ff99e6a9f
    telemetry.sdk.name: opentelemetry
    telemetry.sdk.language: dotnet
    telemetry.sdk.version: 1.9.0

Activity.TraceId:            a956af8571f37a0b78ff04c9019ec107
Activity.SpanId:             91b36d4f0b1582ad
Activity.TraceFlags:         Recorded
Activity.ParentSpanId:       694ebd6e73367747
Activity.ActivitySourceName: Appostolic.AgentRuntime
Activity.DisplayName:        agent.model
Activity.Kind:               Internal
Activity.StartTime:          2025-09-20T11:49:23.1114300Z
Activity.Duration:           00:00:00.0000080
Activity.Tags:
    agent.id: 11111111-1111-1111-1111-111111111111
    task.id: 2a247d2c-d12d-41ae-a88a-e234cb04892c
    tenant: acme
    user: dev@example.com
    step: 1
    model.name: gpt-4o-mini
    maxSteps: 8
    duration.ms: 0
Resource associated with Activity:
    service.name: Appostolic.Api
    service.instance.id: cfc7ce07-e6a4-4518-a7e3-7e4ff99e6a9f
    telemetry.sdk.name: opentelemetry
    telemetry.sdk.language: dotnet
    telemetry.sdk.version: 1.9.0

Activity.TraceId:            a956af8571f37a0b78ff04c9019ec107
Activity.SpanId:             91b36d4f0b1582ad
Activity.TraceFlags:         Recorded
Activity.ParentSpanId:       694ebd6e73367747
Activity.ActivitySourceName: Appostolic.AgentRuntime
Activity.DisplayName:        agent.model
Activity.Kind:               Internal
Activity.StartTime:          2025-09-20T11:49:23.1114300Z
Activity.Duration:           00:00:00.0000080
Activity.Tags:
    agent.id: 11111111-1111-1111-1111-111111111111
    task.id: 2a247d2c-d12d-41ae-a88a-e234cb04892c
    tenant: acme
    user: dev@example.com
    step: 1
    model.name: gpt-4o-mini
    maxSteps: 8
    duration.ms: 0
Resource associated with Activity:
    service.name: Appostolic.Api
    service.instance.id: cfc7ce07-e6a4-4518-a7e3-7e4ff99e6a9f
    telemetry.sdk.name: opentelemetry
    telemetry.sdk.language: dotnet
    telemetry.sdk.version: 1.9.0

LogRecord.Timestamp:               2025-09-20T11:49:23.1117920Z
LogRecord.TraceId:                 a956af8571f37a0b78ff04c9019ec107
LogRecord.SpanId:                  00b6546d488f0e62
LogRecord.TraceFlags:              Recorded
LogRecord.CategoryName:            Appostolic.Api.Application.Agents.Tools.WebSearchTool
LogRecord.Severity:                Info
LogRecord.SeverityText:            Information
LogRecord.FormattedMessage:        web.search q="intro" hits=1
LogRecord.Body:                    web.search q="{Query}" hits={HitCount}
LogRecord.Attributes (Key:Value):
    Query: intro
    HitCount: 1
    OriginalFormat (a.k.a Body): web.search q="{Query}" hits={HitCount}

Resource associated with LogRecord:
service.name: Appostolic.Api
service.instance.id: cfc7ce07-e6a4-4518-a7e3-7e4ff99e6a9f
telemetry.sdk.name: opentelemetry
telemetry.sdk.language: dotnet
telemetry.sdk.version: 1.9.0

LogRecord.Timestamp:               2025-09-20T11:49:23.1120830Z
LogRecord.TraceId:                 a956af8571f37a0b78ff04c9019ec107
LogRecord.SpanId:                  00b6546d488f0e62
LogRecord.TraceFlags:              Recorded
LogRecord.CategoryName:            Appostolic.Api.Application.Agents.Tools.WebSearchTool
LogRecord.Severity:                Info
LogRecord.SeverityText:            Information
LogRecord.FormattedMessage:        tool.call name=web.search tenant=acme user=dev@example.com success=True durationMs=1
LogRecord.Body:                    tool.call name={Name} tenant={Tenant} user={User} success={Success} durationMs={DurationMs}
LogRecord.Attributes (Key:Value):
    Name: web.search
    Tenant: acme
    User: dev@example.com
    Success: true
    DurationMs: 1
    OriginalFormat (a.k.a Body): tool.call name={Name} tenant={Tenant} user={User} success={Success} durationMs={DurationMs}

Resource associated with LogRecord:
service.name: Appostolic.Api
service.instance.id: cfc7ce07-e6a4-4518-a7e3-7e4ff99e6a9f
telemetry.sdk.name: opentelemetry
telemetry.sdk.language: dotnet
telemetry.sdk.version: 1.9.0

Activity.TraceId:            a956af8571f37a0b78ff04c9019ec107
Activity.SpanId:             00b6546d488f0e62
Activity.TraceFlags:         Recorded
Activity.ParentSpanId:       85afb227ab3b9e8f
Activity.ActivitySourceName: Appostolic.Tools
Activity.DisplayName:        tool.invoke
Activity.Kind:               Internal
Activity.StartTime:          2025-09-20T11:49:23.1116670Z
Activity.Duration:           00:00:00.0004470
Activity.Tags:
    tool.name: web.search
    tenant: acme
    user: dev@example.com
    duration.ms: 1
    success: true
Resource associated with Activity:
    service.name: Appostolic.Api
    service.instance.id: cfc7ce07-e6a4-4518-a7e3-7e4ff99e6a9f
    telemetry.sdk.name: opentelemetry
    telemetry.sdk.language: dotnet
    telemetry.sdk.version: 1.9.0

Activity.TraceId:            a956af8571f37a0b78ff04c9019ec107
Activity.SpanId:             00b6546d488f0e62
Activity.TraceFlags:         Recorded
Activity.ParentSpanId:       85afb227ab3b9e8f
Activity.ActivitySourceName: Appostolic.Tools
Activity.DisplayName:        tool.invoke
Activity.Kind:               Internal
Activity.StartTime:          2025-09-20T11:49:23.1116670Z
Activity.Duration:           00:00:00.0004470
Activity.Tags:
    tool.name: web.search
    tenant: acme
    user: dev@example.com
    duration.ms: 1
    success: true
Resource associated with Activity:
    service.name: Appostolic.Api
    service.instance.id: cfc7ce07-e6a4-4518-a7e3-7e4ff99e6a9f
    telemetry.sdk.name: opentelemetry
    telemetry.sdk.language: dotnet
    telemetry.sdk.version: 1.9.0

Activity.TraceId:            a956af8571f37a0b78ff04c9019ec107
Activity.SpanId:             00b6546d488f0e62
Activity.TraceFlags:         Recorded
Activity.ParentSpanId:       85afb227ab3b9e8f
Activity.ActivitySourceName: Appostolic.Tools
Activity.DisplayName:        tool.invoke
Activity.Kind:               Internal
Activity.StartTime:          2025-09-20T11:49:23.1116670Z
Activity.Duration:           00:00:00.0004470
Activity.Tags:
    tool.name: web.search
    tenant: acme
    user: dev@example.com
    duration.ms: 1
    success: true
Resource associated with Activity:
    service.name: Appostolic.Api
    service.instance.id: cfc7ce07-e6a4-4518-a7e3-7e4ff99e6a9f
    telemetry.sdk.name: opentelemetry
    telemetry.sdk.language: dotnet
    telemetry.sdk.version: 1.9.0

Activity.TraceId:            a956af8571f37a0b78ff04c9019ec107
Activity.SpanId:             85afb227ab3b9e8f
Activity.TraceFlags:         Recorded
Activity.ParentSpanId:       694ebd6e73367747
Activity.ActivitySourceName: Appostolic.Tools
Activity.DisplayName:        tool.web.search
Activity.Kind:               Internal
Activity.StartTime:          2025-09-20T11:49:23.1116590Z
Activity.Duration:           00:00:00.0005300
Activity.Tags:
    tool.name: web.search
    tenant: acme
    user: dev@example.com
    success: true
    duration.ms: 0
Resource associated with Activity:
    service.name: Appostolic.Api
    service.instance.id: cfc7ce07-e6a4-4518-a7e3-7e4ff99e6a9f
    telemetry.sdk.name: opentelemetry
    telemetry.sdk.language: dotnet
    telemetry.sdk.version: 1.9.0

Activity.TraceId:            a956af8571f37a0b78ff04c9019ec107
Activity.SpanId:             85afb227ab3b9e8f
Activity.TraceFlags:         Recorded
Activity.ParentSpanId:       694ebd6e73367747
Activity.ActivitySourceName: Appostolic.Tools
Activity.DisplayName:        tool.web.search
Activity.Kind:               Internal
Activity.StartTime:          2025-09-20T11:49:23.1116590Z
Activity.Duration:           00:00:00.0005300
Activity.Tags:
    tool.name: web.search
    tenant: acme
    user: dev@example.com
    success: true
    duration.ms: 0
Resource associated with Activity:
    service.name: Appostolic.Api
    service.instance.id: cfc7ce07-e6a4-4518-a7e3-7e4ff99e6a9f
    telemetry.sdk.name: opentelemetry
    telemetry.sdk.language: dotnet
    telemetry.sdk.version: 1.9.0

Activity.TraceId:            a956af8571f37a0b78ff04c9019ec107
Activity.SpanId:             85afb227ab3b9e8f
Activity.TraceFlags:         Recorded
Activity.ParentSpanId:       694ebd6e73367747
Activity.ActivitySourceName: Appostolic.Tools
Activity.DisplayName:        tool.web.search
Activity.Kind:               Internal
Activity.StartTime:          2025-09-20T11:49:23.1116590Z
Activity.Duration:           00:00:00.0005300
Activity.Tags:
    tool.name: web.search
    tenant: acme
    user: dev@example.com
    success: true
    duration.ms: 0
Resource associated with Activity:
    service.name: Appostolic.Api
    service.instance.id: cfc7ce07-e6a4-4518-a7e3-7e4ff99e6a9f
    telemetry.sdk.name: opentelemetry
    telemetry.sdk.language: dotnet
    telemetry.sdk.version: 1.9.0

Activity.TraceId:            a956af8571f37a0b78ff04c9019ec107
Activity.SpanId:             23313328d44700db
Activity.TraceFlags:         Recorded
Activity.ParentSpanId:       694ebd6e73367747
Activity.ActivitySourceName: Appostolic.AgentRuntime
Activity.DisplayName:        agent.model
Activity.Kind:               Internal
Activity.StartTime:          2025-09-20T11:49:23.1147290Z
Activity.Duration:           00:00:00.0000270
Activity.Tags:
    agent.id: 11111111-1111-1111-1111-111111111111
    task.id: 2a247d2c-d12d-41ae-a88a-e234cb04892c
    tenant: acme
    user: dev@example.com
    step: 3
    model.name: gpt-4o-mini
    maxSteps: 8
    duration.ms: 0
Resource associated with Activity:
    service.name: Appostolic.Api
    service.instance.id: cfc7ce07-e6a4-4518-a7e3-7e4ff99e6a9f
    telemetry.sdk.name: opentelemetry
    telemetry.sdk.language: dotnet
    telemetry.sdk.version: 1.9.0

Activity.TraceId:            a956af8571f37a0b78ff04c9019ec107
Activity.SpanId:             23313328d44700db
Activity.TraceFlags:         Recorded
Activity.ParentSpanId:       694ebd6e73367747
Activity.ActivitySourceName: Appostolic.AgentRuntime
Activity.DisplayName:        agent.model
Activity.Kind:               Internal
Activity.StartTime:          2025-09-20T11:49:23.1147290Z
Activity.Duration:           00:00:00.0000270
Activity.Tags:
    agent.id: 11111111-1111-1111-1111-111111111111
    task.id: 2a247d2c-d12d-41ae-a88a-e234cb04892c
    tenant: acme
    user: dev@example.com
    step: 3
    model.name: gpt-4o-mini
    maxSteps: 8
    duration.ms: 0
Resource associated with Activity:
    service.name: Appostolic.Api
    service.instance.id: cfc7ce07-e6a4-4518-a7e3-7e4ff99e6a9f
    telemetry.sdk.name: opentelemetry
    telemetry.sdk.language: dotnet
    telemetry.sdk.version: 1.9.0

Activity.TraceId:            a956af8571f37a0b78ff04c9019ec107
Activity.SpanId:             23313328d44700db
Activity.TraceFlags:         Recorded
Activity.ParentSpanId:       694ebd6e73367747
Activity.ActivitySourceName: Appostolic.AgentRuntime
Activity.DisplayName:        agent.model
Activity.Kind:               Internal
Activity.StartTime:          2025-09-20T11:49:23.1147290Z
Activity.Duration:           00:00:00.0000270
Activity.Tags:
    agent.id: 11111111-1111-1111-1111-111111111111
    task.id: 2a247d2c-d12d-41ae-a88a-e234cb04892c
    tenant: acme
    user: dev@example.com
    step: 3
    model.name: gpt-4o-mini
    maxSteps: 8
    duration.ms: 0
Resource associated with Activity:
    service.name: Appostolic.Api
    service.instance.id: cfc7ce07-e6a4-4518-a7e3-7e4ff99e6a9f
    telemetry.sdk.name: opentelemetry
    telemetry.sdk.language: dotnet
    telemetry.sdk.version: 1.9.0

LogRecord.Timestamp:               2025-09-20T11:49:23.1149590Z
LogRecord.TraceId:                 a956af8571f37a0b78ff04c9019ec107
LogRecord.SpanId:                  694ebd6e73367747
LogRecord.TraceFlags:              Recorded
LogRecord.CategoryName:            Appostolic.Api.Application.Agents.Runtime.AgentOrchestrator
LogRecord.Severity:                Info
LogRecord.SeverityText:            Information
LogRecord.FormattedMessage:        Task succeeded at step 3
LogRecord.Body:                    Task succeeded at step {Step}
LogRecord.Attributes (Key:Value):
    Step: 3
    OriginalFormat (a.k.a Body): Task succeeded at step {Step}

Resource associated with LogRecord:
service.name: Appostolic.Api
service.instance.id: cfc7ce07-e6a4-4518-a7e3-7e4ff99e6a9f
telemetry.sdk.name: opentelemetry
telemetry.sdk.language: dotnet
telemetry.sdk.version: 1.9.0

Activity.TraceId:            a956af8571f37a0b78ff04c9019ec107
Activity.SpanId:             694ebd6e73367747
Activity.TraceFlags:         Recorded
Activity.ActivitySourceName: Appostolic.AgentRuntime
Activity.DisplayName:        agent.run
Activity.Kind:               Internal
Activity.StartTime:          2025-09-20T11:49:23.1113910Z
Activity.Duration:           00:00:00.0036110
Activity.Tags:
    task.id: 2a247d2c-d12d-41ae-a88a-e234cb04892c
    agent.id: 11111111-1111-1111-1111-111111111111
    tenant: acme
    user: dev@example.com
Resource associated with Activity:
    service.name: Appostolic.Api
    service.instance.id: cfc7ce07-e6a4-4518-a7e3-7e4ff99e6a9f
    telemetry.sdk.name: opentelemetry
    telemetry.sdk.language: dotnet
    telemetry.sdk.version: 1.9.0

Activity.TraceId:            a956af8571f37a0b78ff04c9019ec107
Activity.SpanId:             694ebd6e73367747
Activity.TraceFlags:         Recorded
Activity.ActivitySourceName: Appostolic.AgentRuntime
Activity.DisplayName:        agent.run
Activity.Kind:               Internal
Activity.StartTime:          2025-09-20T11:49:23.1113910Z
Activity.Duration:           00:00:00.0036110
Activity.Tags:
    task.id: 2a247d2c-d12d-41ae-a88a-e234cb04892c
    agent.id: 11111111-1111-1111-1111-111111111111
    tenant: acme
    user: dev@example.com
Resource associated with Activity:
    service.name: Appostolic.Api
    service.instance.id: cfc7ce07-e6a4-4518-a7e3-7e4ff99e6a9f
    telemetry.sdk.name: opentelemetry
    telemetry.sdk.language: dotnet
    telemetry.sdk.version: 1.9.0

Activity.TraceId:            a956af8571f37a0b78ff04c9019ec107
Activity.SpanId:             694ebd6e73367747
Activity.TraceFlags:         Recorded
Activity.ActivitySourceName: Appostolic.AgentRuntime
Activity.DisplayName:        agent.run
Activity.Kind:               Internal
Activity.StartTime:          2025-09-20T11:49:23.1113910Z
Activity.Duration:           00:00:00.0036110
Activity.Tags:
    task.id: 2a247d2c-d12d-41ae-a88a-e234cb04892c
    agent.id: 11111111-1111-1111-1111-111111111111
    tenant: acme
    user: dev@example.com
Resource associated with Activity:
    service.name: Appostolic.Api
    service.instance.id: cfc7ce07-e6a4-4518-a7e3-7e4ff99e6a9f
    telemetry.sdk.name: opentelemetry
    telemetry.sdk.language: dotnet
    telemetry.sdk.version: 1.9.0

LogRecord.Timestamp:               2025-09-20T11:49:23.1151340Z
LogRecord.TraceId:                 d04a04bcf845b2cb34063fc348a7ad98
LogRecord.SpanId:                  1d3d3893f159d722
LogRecord.TraceFlags:              Recorded
LogRecord.CategoryName:            Microsoft.AspNetCore.Http.Result.CreatedResult
LogRecord.Severity:                Info
LogRecord.SeverityText:            Information
LogRecord.FormattedMessage:        Setting HTTP status code 201.
LogRecord.Body:                    Setting HTTP status code {StatusCode}.
LogRecord.Attributes (Key:Value):
    StatusCode: 201
    OriginalFormat (a.k.a Body): Setting HTTP status code {StatusCode}.
LogRecord.EventId:                 1
LogRecord.EventName:               WritingResultAsStatusCode

Resource associated with LogRecord:
service.name: Appostolic.Api
service.instance.id: cfc7ce07-e6a4-4518-a7e3-7e4ff99e6a9f
telemetry.sdk.name: opentelemetry
telemetry.sdk.language: dotnet
telemetry.sdk.version: 1.9.0

LogRecord.Timestamp:               2025-09-20T11:49:23.1151770Z
LogRecord.TraceId:                 d04a04bcf845b2cb34063fc348a7ad98
LogRecord.SpanId:                  1d3d3893f159d722
LogRecord.TraceFlags:              Recorded
LogRecord.CategoryName:            Microsoft.AspNetCore.Http.Result.CreatedResult
LogRecord.Severity:                Info
LogRecord.SeverityText:            Information
LogRecord.FormattedMessage:        Writing value of type 'AgentTaskSummary' as Json.
LogRecord.Body:                    Writing value of type '{Type}' as Json.
LogRecord.Attributes (Key:Value):
    Type: AgentTaskSummary
    OriginalFormat (a.k.a Body): Writing value of type '{Type}' as Json.
LogRecord.EventId:                 3
LogRecord.EventName:               WritingResultAsJson

Resource associated with LogRecord:
service.name: Appostolic.Api
service.instance.id: cfc7ce07-e6a4-4518-a7e3-7e4ff99e6a9f
telemetry.sdk.name: opentelemetry
telemetry.sdk.language: dotnet
telemetry.sdk.version: 1.9.0

Activity.TraceId:            d04a04bcf845b2cb34063fc348a7ad98
Activity.SpanId:             1d3d3893f159d722
Activity.TraceFlags:         Recorded
Activity.ActivitySourceName: Microsoft.AspNetCore
Activity.DisplayName:        POST /api/agent-tasks/
Activity.Kind:               Server
Activity.StartTime:          2025-09-20T11:49:23.1104140Z
Activity.Duration:           00:00:00.0048750
Activity.Tags:
    server.address: localhost
    http.request.method: POST
    url.scheme: http
    url.path: /api/agent-tasks
    network.protocol.version: 1.1
    tenant: acme
    user: dev@example.com
    http.route: /api/agent-tasks/
    http.response.status_code: 201
Resource associated with Activity:
    service.name: Appostolic.Api
    service.instance.id: cfc7ce07-e6a4-4518-a7e3-7e4ff99e6a9f
    telemetry.sdk.name: opentelemetry
    telemetry.sdk.language: dotnet
    telemetry.sdk.version: 1.9.0

Activity.TraceId:            d04a04bcf845b2cb34063fc348a7ad98
Activity.SpanId:             1d3d3893f159d722
Activity.TraceFlags:         Recorded
Activity.ActivitySourceName: Microsoft.AspNetCore
Activity.DisplayName:        POST /api/agent-tasks/
Activity.Kind:               Server
Activity.StartTime:          2025-09-20T11:49:23.1104140Z
Activity.Duration:           00:00:00.0048750
Activity.Tags:
    server.address: localhost
    http.request.method: POST
    url.scheme: http
    url.path: /api/agent-tasks
    network.protocol.version: 1.1
    tenant: acme
    user: dev@example.com
    http.route: /api/agent-tasks/
    http.response.status_code: 201
Resource associated with Activity:
    service.name: Appostolic.Api
    service.instance.id: cfc7ce07-e6a4-4518-a7e3-7e4ff99e6a9f
    telemetry.sdk.name: opentelemetry
    telemetry.sdk.language: dotnet
    telemetry.sdk.version: 1.9.0

Activity.TraceId:            d04a04bcf845b2cb34063fc348a7ad98
Activity.SpanId:             1d3d3893f159d722
Activity.TraceFlags:         Recorded
Activity.ActivitySourceName: Microsoft.AspNetCore
Activity.DisplayName:        POST /api/agent-tasks/
Activity.Kind:               Server
Activity.StartTime:          2025-09-20T11:49:23.1104140Z
Activity.Duration:           00:00:00.0048750
Activity.Tags:
    server.address: localhost
    http.request.method: POST
    url.scheme: http
    url.path: /api/agent-tasks
    network.protocol.version: 1.1
    tenant: acme
    user: dev@example.com
    http.route: /api/agent-tasks/
    http.response.status_code: 201
Resource associated with Activity:
    service.name: Appostolic.Api
    service.instance.id: cfc7ce07-e6a4-4518-a7e3-7e4ff99e6a9f
    telemetry.sdk.name: opentelemetry
    telemetry.sdk.language: dotnet
    telemetry.sdk.version: 1.9.0

info: Appostolic.Api.Application.Agents.Tools.WebSearchTool[0]
      web.search q="intro" hits=1
info: Appostolic.Api.Application.Agents.Tools.WebSearchTool[0]
      tool.call name=web.search tenant=acme user=dev@example.com success=True durationMs=1
info: Appostolic.Api.Application.Agents.Runtime.AgentOrchestrator[0]
      Task succeeded at step 3
info: Microsoft.AspNetCore.Http.Result.CreatedResult[1]
      Setting HTTP status code 201.
info: Microsoft.AspNetCore.Http.Result.CreatedResult[3]
      Writing value of type 'AgentTaskSummary' as Json.
LogRecord.Timestamp:               2025-09-20T11:49:23.1252560Z
LogRecord.TraceId:                 6f3a4e46cc879af2f0b3840eb1570eea
LogRecord.SpanId:                  b7d12db08f3151b7
LogRecord.TraceFlags:              Recorded
LogRecord.CategoryName:            Microsoft.AspNetCore.Http.Result.OkObjectResult
LogRecord.Severity:                Info
LogRecord.SeverityText:            Information
LogRecord.FormattedMessage:        Setting HTTP status code 200.
LogRecord.Body:                    Setting HTTP status code {StatusCode}.
LogRecord.Attributes (Key:Value):
    StatusCode: 200
    OriginalFormat (a.k.a Body): Setting HTTP status code {StatusCode}.
LogRecord.EventId:                 1
LogRecord.EventName:               WritingResultAsStatusCode

Resource associated with LogRecord:
service.name: Appostolic.Api
service.instance.id: cfc7ce07-e6a4-4518-a7e3-7e4ff99e6a9f
telemetry.sdk.name: opentelemetry
telemetry.sdk.language: dotnet
telemetry.sdk.version: 1.9.0

info: Microsoft.AspNetCore.Http.Result.OkObjectResult[1]
      Setting HTTP status code 200.
info: Microsoft.AspNetCore.Http.Result.OkObjectResult[3]
      Writing value of type 'List`1' as Json.
LogRecord.Timestamp:               2025-09-20T11:49:23.1254080Z
LogRecord.TraceId:                 6f3a4e46cc879af2f0b3840eb1570eea
LogRecord.SpanId:                  b7d12db08f3151b7
LogRecord.TraceFlags:              Recorded
LogRecord.CategoryName:            Microsoft.AspNetCore.Http.Result.OkObjectResult
LogRecord.Severity:                Info
LogRecord.SeverityText:            Information
LogRecord.FormattedMessage:        Writing value of type 'List`1' as Json.
LogRecord.Body:                    Writing value of type '{Type}' as Json.
LogRecord.Attributes (Key:Value):
    Type: List`1
    OriginalFormat (a.k.a Body): Writing value of type '{Type}' as Json.
LogRecord.EventId:                 3
LogRecord.EventName:               WritingResultAsJson

Resource associated with LogRecord:
service.name: Appostolic.Api
service.instance.id: cfc7ce07-e6a4-4518-a7e3-7e4ff99e6a9f
telemetry.sdk.name: opentelemetry
telemetry.sdk.language: dotnet
telemetry.sdk.version: 1.9.0

Activity.TraceId:            6f3a4e46cc879af2f0b3840eb1570eea
Activity.SpanId:             b7d12db08f3151b7
Activity.TraceFlags:         Recorded
Activity.ActivitySourceName: Microsoft.AspNetCore
Activity.DisplayName:        GET /api/agent-tasks/
Activity.Kind:               Server
Activity.StartTime:          2025-09-20T11:49:23.1155450Z
Activity.Duration:           00:00:00.0100200
Activity.Tags:
    server.address: localhost
    url.query: ?take=Redacted&skip=Redacted
    http.request.method: GET
    url.scheme: http
    url.path: /api/agent-tasks
    network.protocol.version: 1.1
    tenant: acme
    user: dev@example.com
    http.route: /api/agent-tasks/
    http.response.status_code: 200
Resource associated with Activity:
    service.name: Appostolic.Api
    service.instance.id: cfc7ce07-e6a4-4518-a7e3-7e4ff99e6a9f
    telemetry.sdk.name: opentelemetry
    telemetry.sdk.language: dotnet
    telemetry.sdk.version: 1.9.0

Activity.TraceId:            6f3a4e46cc879af2f0b3840eb1570eea
Activity.SpanId:             b7d12db08f3151b7
Activity.TraceFlags:         Recorded
Activity.ActivitySourceName: Microsoft.AspNetCore
Activity.DisplayName:        GET /api/agent-tasks/
Activity.Kind:               Server
Activity.StartTime:          2025-09-20T11:49:23.1155450Z
Activity.Duration:           00:00:00.0100200
Activity.Tags:
    server.address: localhost
    url.query: ?take=Redacted&skip=Redacted
    http.request.method: GET
    url.scheme: http
    url.path: /api/agent-tasks
    network.protocol.version: 1.1
    tenant: acme
    user: dev@example.com
    http.route: /api/agent-tasks/
    http.response.status_code: 200
Resource associated with Activity:
    service.name: Appostolic.Api
    service.instance.id: cfc7ce07-e6a4-4518-a7e3-7e4ff99e6a9f
    telemetry.sdk.name: opentelemetry
    telemetry.sdk.language: dotnet
    telemetry.sdk.version: 1.9.0

Activity.TraceId:            6f3a4e46cc879af2f0b3840eb1570eea
Activity.SpanId:             b7d12db08f3151b7
Activity.TraceFlags:         Recorded
Activity.ActivitySourceName: Microsoft.AspNetCore
Activity.DisplayName:        GET /api/agent-tasks/
Activity.Kind:               Server
Activity.StartTime:          2025-09-20T11:49:23.1155450Z
Activity.Duration:           00:00:00.0100200
Activity.Tags:
    server.address: localhost
    url.query: ?take=Redacted&skip=Redacted
    http.request.method: GET
    url.scheme: http
    url.path: /api/agent-tasks
    network.protocol.version: 1.1
    tenant: acme
    user: dev@example.com
    http.route: /api/agent-tasks/
    http.response.status_code: 200
Resource associated with Activity:
    service.name: Appostolic.Api
    service.instance.id: cfc7ce07-e6a4-4518-a7e3-7e4ff99e6a9f
    telemetry.sdk.name: opentelemetry
    telemetry.sdk.language: dotnet
    telemetry.sdk.version: 1.9.0

LogRecord.Timestamp:               2025-09-20T11:49:23.1377850Z
LogRecord.TraceId:                 df990ccb1fbd8ee3c79d82ce086c1f22
LogRecord.SpanId:                  c9197c8a8714fef6
LogRecord.TraceFlags:              Recorded
LogRecord.CategoryName:            Microsoft.AspNetCore.Http.Result.OkObjectResult
LogRecord.Severity:                Info
LogRecord.SeverityText:            Information
LogRecord.FormattedMessage:        Setting HTTP status code 200.
LogRecord.Body:                    Setting HTTP status code {StatusCode}.
LogRecord.Attributes (Key:Value):
    StatusCode: 200
    OriginalFormat (a.k.a Body): Setting HTTP status code {StatusCode}.
LogRecord.EventId:                 1
LogRecord.EventName:               WritingResultAsStatusCode

Resource associated with LogRecord:
service.name: Appostolic.Api
service.instance.id: cfc7ce07-e6a4-4518-a7e3-7e4ff99e6a9f
telemetry.sdk.name: opentelemetry
telemetry.sdk.language: dotnet
telemetry.sdk.version: 1.9.0

LogRecord.Timestamp:               2025-09-20T11:49:23.1378590Z
LogRecord.TraceId:                 df990ccb1fbd8ee3c79d82ce086c1f22
LogRecord.SpanId:                  c9197c8a8714fef6
LogRecord.TraceFlags:              Recorded
LogRecord.CategoryName:            Microsoft.AspNetCore.Http.Result.OkObjectResult
LogRecord.Severity:                Info
LogRecord.SeverityText:            Information
LogRecord.FormattedMessage:        Writing value of type 'List`1' as Json.
LogRecord.Body:                    Writing value of type '{Type}' as Json.
LogRecord.Attributes (Key:Value):
    Type: List`1
    OriginalFormat (a.k.a Body): Writing value of type '{Type}' as Json.
LogRecord.EventId:                 3
LogRecord.EventName:               WritingResultAsJson

Resource associated with LogRecord:
service.name: Appostolic.Api
service.instance.id: cfc7ce07-e6a4-4518-a7e3-7e4ff99e6a9f
telemetry.sdk.name: opentelemetry
telemetry.sdk.language: dotnet
telemetry.sdk.version: 1.9.0

Activity.TraceId:            df990ccb1fbd8ee3c79d82ce086c1f22
Activity.SpanId:             c9197c8a8714fef6
Activity.TraceFlags:         Recorded
Activity.ActivitySourceName: Microsoft.AspNetCore
Activity.DisplayName:        GET /api/agent-tasks/
Activity.Kind:               Server
Activity.StartTime:          2025-09-20T11:49:23.1269200Z
Activity.Duration:           00:00:00.0111010
Activity.Tags:
    server.address: localhost
    url.query: ?take=Redacted&skip=Redacted
    http.request.method: GET
    url.scheme: http
    url.path: /api/agent-tasks
    network.protocol.version: 1.1
    tenant: acme
    user: dev@example.com
    http.route: /api/agent-tasks/
    http.response.status_code: 200
Resource associated with Activity:
    service.name: Appostolic.Api
    service.instance.id: cfc7ce07-e6a4-4518-a7e3-7e4ff99e6a9f
    telemetry.sdk.name: opentelemetry
    telemetry.sdk.language: dotnet
    telemetry.sdk.version: 1.9.0

Activity.TraceId:            df990ccb1fbd8ee3c79d82ce086c1f22
Activity.SpanId:             c9197c8a8714fef6
Activity.TraceFlags:         Recorded
Activity.ActivitySourceName: Microsoft.AspNetCore
Activity.DisplayName:        GET /api/agent-tasks/
Activity.Kind:               Server
Activity.StartTime:          2025-09-20T11:49:23.1269200Z
Activity.Duration:           00:00:00.0111010
Activity.Tags:
    server.address: localhost
    url.query: ?take=Redacted&skip=Redacted
    http.request.method: GET
    url.scheme: http
    url.path: /api/agent-tasks
    network.protocol.version: 1.1
    tenant: acme
    user: dev@example.com
    http.route: /api/agent-tasks/
    http.response.status_code: 200
Resource associated with Activity:
    service.name: Appostolic.Api
    service.instance.id: cfc7ce07-e6a4-4518-a7e3-7e4ff99e6a9f
    telemetry.sdk.name: opentelemetry
    telemetry.sdk.language: dotnet
    telemetry.sdk.version: 1.9.0

Activity.TraceId:            df990ccb1fbd8ee3c79d82ce086c1f22
Activity.SpanId:             c9197c8a8714fef6
Activity.TraceFlags:         Recorded
Activity.ActivitySourceName: Microsoft.AspNetCore
Activity.DisplayName:        GET /api/agent-tasks/
Activity.Kind:               Server
Activity.StartTime:          2025-09-20T11:49:23.1269200Z
Activity.Duration:           00:00:00.0111010
Activity.Tags:
    server.address: localhost
    url.query: ?take=Redacted&skip=Redacted
    http.request.method: GET
    url.scheme: http
    url.path: /api/agent-tasks
    network.protocol.version: 1.1
    tenant: acme
    user: dev@example.com
    http.route: /api/agent-tasks/
    http.response.status_code: 200
Resource associated with Activity:
    service.name: Appostolic.Api
    service.instance.id: cfc7ce07-e6a4-4518-a7e3-7e4ff99e6a9f
    telemetry.sdk.name: opentelemetry
    telemetry.sdk.language: dotnet
    telemetry.sdk.version: 1.9.0

info: Microsoft.AspNetCore.Http.Result.OkObjectResult[1]
      Setting HTTP status code 200.
info: Microsoft.AspNetCore.Http.Result.OkObjectResult[3]
      Writing value of type 'List`1' as Json.
Activity.TraceId:            81777b2c87f047ea3dbde7d701f0b625
Activity.SpanId:             34059e95fbe5570f
Activity.TraceFlags:         Recorded
Activity.ParentSpanId:       97edf806789f4e30
Activity.ActivitySourceName: Appostolic.AgentRuntime
Activity.DisplayName:        agent.model
Activity.Kind:               Internal
Activity.StartTime:          2025-09-20T11:49:23.1503430Z
Activity.Duration:           00:00:00.0000160
Activity.Tags:
    agent.id: 11111111-1111-1111-1111-111111111111
    task.id: cb62752a-47cc-45be-ae69-0d48c901ad5f
    tenant: acme
    user: dev@example.com
    step: 1
    model.name: gpt-4o-mini
    maxSteps: 8
    duration.ms: 0
Resource associated with Activity:
    service.name: Appostolic.Api
    service.instance.id: cfc7ce07-e6a4-4518-a7e3-7e4ff99e6a9f
    telemetry.sdk.name: opentelemetry
    telemetry.sdk.language: dotnet
    telemetry.sdk.version: 1.9.0

Activity.TraceId:            81777b2c87f047ea3dbde7d701f0b625
Activity.SpanId:             34059e95fbe5570f
Activity.TraceFlags:         Recorded
Activity.ParentSpanId:       97edf806789f4e30
Activity.ActivitySourceName: Appostolic.AgentRuntime
Activity.DisplayName:        agent.model
Activity.Kind:               Internal
Activity.StartTime:          2025-09-20T11:49:23.1503430Z
Activity.Duration:           00:00:00.0000160
Activity.Tags:
    agent.id: 11111111-1111-1111-1111-111111111111
    task.id: cb62752a-47cc-45be-ae69-0d48c901ad5f
    tenant: acme
    user: dev@example.com
    step: 1
    model.name: gpt-4o-mini
    maxSteps: 8
    duration.ms: 0
Resource associated with Activity:
    service.name: Appostolic.Api
    service.instance.id: cfc7ce07-e6a4-4518-a7e3-7e4ff99e6a9f
    telemetry.sdk.name: opentelemetry
    telemetry.sdk.language: dotnet
    telemetry.sdk.version: 1.9.0

Activity.TraceId:            81777b2c87f047ea3dbde7d701f0b625
Activity.SpanId:             34059e95fbe5570f
Activity.TraceFlags:         Recorded
Activity.ParentSpanId:       97edf806789f4e30
Activity.ActivitySourceName: Appostolic.AgentRuntime
Activity.DisplayName:        agent.model
Activity.Kind:               Internal
Activity.StartTime:          2025-09-20T11:49:23.1503430Z
Activity.Duration:           00:00:00.0000160
Activity.Tags:
    agent.id: 11111111-1111-1111-1111-111111111111
    task.id: cb62752a-47cc-45be-ae69-0d48c901ad5f
    tenant: acme
    user: dev@example.com
    step: 1
    model.name: gpt-4o-mini
    maxSteps: 8
    duration.ms: 0
Resource associated with Activity:
    service.name: Appostolic.Api
    service.instance.id: cfc7ce07-e6a4-4518-a7e3-7e4ff99e6a9f
    telemetry.sdk.name: opentelemetry
    telemetry.sdk.language: dotnet
    telemetry.sdk.version: 1.9.0

info: Appostolic.Api.Application.Agents.Tools.WebSearchTool[0]
      web.search q="intro" hits=1
LogRecord.Timestamp:               2025-09-20T11:49:23.1561280Z
LogRecord.TraceId:                 81777b2c87f047ea3dbde7d701f0b625
LogRecord.SpanId:                  afb3c008d98a6edd
LogRecord.TraceFlags:              Recorded
LogRecord.CategoryName:            Appostolic.Api.Application.Agents.Tools.WebSearchTool
LogRecord.Severity:                Info
LogRecord.SeverityText:            Information
LogRecord.FormattedMessage:        web.search q="intro" hits=1
LogRecord.Body:                    web.search q="{Query}" hits={HitCount}
LogRecord.Attributes (Key:Value):
    Query: intro
    HitCount: 1
    OriginalFormat (a.k.a Body): web.search q="{Query}" hits={HitCount}

Resource associated with LogRecord:
service.name: Appostolic.Api
service.instance.id: cfc7ce07-e6a4-4518-a7e3-7e4ff99e6a9f
telemetry.sdk.name: opentelemetry
telemetry.sdk.language: dotnet
telemetry.sdk.version: 1.9.0

info: Appostolic.Api.Application.Agents.Tools.WebSearchTool[0]
      tool.call name=web.search tenant=acme user=dev@example.com success=True durationMs=1
LogRecord.Timestamp:               2025-09-20T11:49:23.1562420Z
LogRecord.TraceId:                 81777b2c87f047ea3dbde7d701f0b625
LogRecord.SpanId:                  afb3c008d98a6edd
LogRecord.TraceFlags:              Recorded
LogRecord.CategoryName:            Appostolic.Api.Application.Agents.Tools.WebSearchTool
LogRecord.Severity:                Info
LogRecord.SeverityText:            Information
LogRecord.FormattedMessage:        tool.call name=web.search tenant=acme user=dev@example.com success=True durationMs=1
LogRecord.Body:                    tool.call name={Name} tenant={Tenant} user={User} success={Success} durationMs={DurationMs}
LogRecord.Attributes (Key:Value):
    Name: web.search
    Tenant: acme
    User: dev@example.com
    Success: true
    DurationMs: 1
    OriginalFormat (a.k.a Body): tool.call name={Name} tenant={Tenant} user={User} success={Success} durationMs={DurationMs}

Resource associated with LogRecord:
service.name: Appostolic.Api
service.instance.id: cfc7ce07-e6a4-4518-a7e3-7e4ff99e6a9f
telemetry.sdk.name: opentelemetry
telemetry.sdk.language: dotnet
telemetry.sdk.version: 1.9.0

Activity.TraceId:            81777b2c87f047ea3dbde7d701f0b625
Activity.SpanId:             afb3c008d98a6edd
Activity.TraceFlags:         Recorded
Activity.ParentSpanId:       09bf02d06db7d1ac
Activity.ActivitySourceName: Appostolic.Tools
Activity.DisplayName:        tool.invoke
Activity.Kind:               Internal
Activity.StartTime:          2025-09-20T11:49:23.1560270Z
Activity.Duration:           00:00:00.0002460
Activity.Tags:
    tool.name: web.search
    tenant: acme
    user: dev@example.com
    duration.ms: 1
    success: true
Resource associated with Activity:
    service.name: Appostolic.Api
    service.instance.id: cfc7ce07-e6a4-4518-a7e3-7e4ff99e6a9f
    telemetry.sdk.name: opentelemetry
    telemetry.sdk.language: dotnet
    telemetry.sdk.version: 1.9.0

Activity.TraceId:            81777b2c87f047ea3dbde7d701f0b625
Activity.SpanId:             afb3c008d98a6edd
Activity.TraceFlags:         Recorded
Activity.ParentSpanId:       09bf02d06db7d1ac
Activity.ActivitySourceName: Appostolic.Tools
Activity.DisplayName:        tool.invoke
Activity.Kind:               Internal
Activity.StartTime:          2025-09-20T11:49:23.1560270Z
Activity.Duration:           00:00:00.0002460
Activity.Tags:
    tool.name: web.search
    tenant: acme
    user: dev@example.com
    duration.ms: 1
    success: true
Resource associated with Activity:
    service.name: Appostolic.Api
    service.instance.id: cfc7ce07-e6a4-4518-a7e3-7e4ff99e6a9f
    telemetry.sdk.name: opentelemetry
    telemetry.sdk.language: dotnet
    telemetry.sdk.version: 1.9.0

Activity.TraceId:            81777b2c87f047ea3dbde7d701f0b625
Activity.SpanId:             afb3c008d98a6edd
Activity.TraceFlags:         Recorded
Activity.ParentSpanId:       09bf02d06db7d1ac
Activity.ActivitySourceName: Appostolic.Tools
Activity.DisplayName:        tool.invoke
Activity.Kind:               Internal
Activity.StartTime:          2025-09-20T11:49:23.1560270Z
Activity.Duration:           00:00:00.0002460
Activity.Tags:
    tool.name: web.search
    tenant: acme
    user: dev@example.com
    duration.ms: 1
    success: true
Resource associated with Activity:
    service.name: Appostolic.Api
    service.instance.id: cfc7ce07-e6a4-4518-a7e3-7e4ff99e6a9f
    telemetry.sdk.name: opentelemetry
    telemetry.sdk.language: dotnet
    telemetry.sdk.version: 1.9.0

Activity.TraceId:            81777b2c87f047ea3dbde7d701f0b625
Activity.SpanId:             09bf02d06db7d1ac
Activity.TraceFlags:         Recorded
Activity.ParentSpanId:       97edf806789f4e30
Activity.ActivitySourceName: Appostolic.Tools
Activity.DisplayName:        tool.web.search
Activity.Kind:               Internal
Activity.StartTime:          2025-09-20T11:49:23.1560200Z
Activity.Duration:           00:00:00.0003260
Activity.Tags:
    tool.name: web.search
    tenant: acme
    user: dev@example.com
    success: true
    duration.ms: 0
Resource associated with Activity:
    service.name: Appostolic.Api
    service.instance.id: cfc7ce07-e6a4-4518-a7e3-7e4ff99e6a9f
    telemetry.sdk.name: opentelemetry
    telemetry.sdk.language: dotnet
    telemetry.sdk.version: 1.9.0

Activity.TraceId:            81777b2c87f047ea3dbde7d701f0b625
Activity.SpanId:             09bf02d06db7d1ac
Activity.TraceFlags:         Recorded
Activity.ParentSpanId:       97edf806789f4e30
Activity.ActivitySourceName: Appostolic.Tools
Activity.DisplayName:        tool.web.search
Activity.Kind:               Internal
Activity.StartTime:          2025-09-20T11:49:23.1560200Z
Activity.Duration:           00:00:00.0003260
Activity.Tags:
    tool.name: web.search
    tenant: acme
    user: dev@example.com
    success: true
    duration.ms: 0
Resource associated with Activity:
    service.name: Appostolic.Api
    service.instance.id: cfc7ce07-e6a4-4518-a7e3-7e4ff99e6a9f
    telemetry.sdk.name: opentelemetry
    telemetry.sdk.language: dotnet
    telemetry.sdk.version: 1.9.0

Activity.TraceId:            81777b2c87f047ea3dbde7d701f0b625
Activity.SpanId:             09bf02d06db7d1ac
Activity.TraceFlags:         Recorded
Activity.ParentSpanId:       97edf806789f4e30
Activity.ActivitySourceName: Appostolic.Tools
Activity.DisplayName:        tool.web.search
Activity.Kind:               Internal
Activity.StartTime:          2025-09-20T11:49:23.1560200Z
Activity.Duration:           00:00:00.0003260
Activity.Tags:
    tool.name: web.search
    tenant: acme
    user: dev@example.com
    success: true
    duration.ms: 0
Resource associated with Activity:
    service.name: Appostolic.Api
    service.instance.id: cfc7ce07-e6a4-4518-a7e3-7e4ff99e6a9f
    telemetry.sdk.name: opentelemetry
    telemetry.sdk.language: dotnet
    telemetry.sdk.version: 1.9.0

Activity.TraceId:            81777b2c87f047ea3dbde7d701f0b625
Activity.SpanId:             19f15430b1b7fb23
Activity.TraceFlags:         Recorded
Activity.ParentSpanId:       97edf806789f4e30
Activity.ActivitySourceName: Appostolic.AgentRuntime
Activity.DisplayName:        agent.model
Activity.Kind:               Internal
Activity.StartTime:          2025-09-20T11:49:23.1565990Z
Activity.Duration:           00:00:00.0000210
Activity.Tags:
    agent.id: 11111111-1111-1111-1111-111111111111
    task.id: cb62752a-47cc-45be-ae69-0d48c901ad5f
    tenant: acme
    user: dev@example.com
    step: 3
    model.name: gpt-4o-mini
    maxSteps: 8
    duration.ms: 0
Resource associated with Activity:
    service.name: Appostolic.Api
    service.instance.id: cfc7ce07-e6a4-4518-a7e3-7e4ff99e6a9f
    telemetry.sdk.name: opentelemetry
    telemetry.sdk.language: dotnet
    telemetry.sdk.version: 1.9.0

Activity.TraceId:            81777b2c87f047ea3dbde7d701f0b625
Activity.SpanId:             19f15430b1b7fb23
Activity.TraceFlags:         Recorded
Activity.ParentSpanId:       97edf806789f4e30
Activity.ActivitySourceName: Appostolic.AgentRuntime
Activity.DisplayName:        agent.model
Activity.Kind:               Internal
Activity.StartTime:          2025-09-20T11:49:23.1565990Z
Activity.Duration:           00:00:00.0000210
Activity.Tags:
    agent.id: 11111111-1111-1111-1111-111111111111
    task.id: cb62752a-47cc-45be-ae69-0d48c901ad5f
    tenant: acme
    user: dev@example.com
    step: 3
    model.name: gpt-4o-mini
    maxSteps: 8
    duration.ms: 0
Resource associated with Activity:
    service.name: Appostolic.Api
    service.instance.id: cfc7ce07-e6a4-4518-a7e3-7e4ff99e6a9f
    telemetry.sdk.name: opentelemetry
    telemetry.sdk.language: dotnet
    telemetry.sdk.version: 1.9.0

Activity.TraceId:            81777b2c87f047ea3dbde7d701f0b625
Activity.SpanId:             19f15430b1b7fb23
Activity.TraceFlags:         Recorded
Activity.ParentSpanId:       97edf806789f4e30
Activity.ActivitySourceName: Appostolic.AgentRuntime
Activity.DisplayName:        agent.model
Activity.Kind:               Internal
Activity.StartTime:          2025-09-20T11:49:23.1565990Z
Activity.Duration:           00:00:00.0000210
Activity.Tags:
    agent.id: 11111111-1111-1111-1111-111111111111
    task.id: cb62752a-47cc-45be-ae69-0d48c901ad5f
    tenant: acme
    user: dev@example.com
    step: 3
    model.name: gpt-4o-mini
    maxSteps: 8
    duration.ms: 0
Resource associated with Activity:
    service.name: Appostolic.Api
    service.instance.id: cfc7ce07-e6a4-4518-a7e3-7e4ff99e6a9f
    telemetry.sdk.name: opentelemetry
    telemetry.sdk.language: dotnet
    telemetry.sdk.version: 1.9.0

LogRecord.Timestamp:               2025-09-20T11:49:23.1567890Z
LogRecord.TraceId:                 81777b2c87f047ea3dbde7d701f0b625
LogRecord.SpanId:                  97edf806789f4e30
LogRecord.TraceFlags:              Recorded
LogRecord.CategoryName:            Appostolic.Api.Application.Agents.Runtime.AgentOrchestrator
LogRecord.Severity:                Info
LogRecord.SeverityText:            Information
LogRecord.FormattedMessage:        Task succeeded at step 3
LogRecord.Body:                    Task succeeded at step {Step}
LogRecord.Attributes (Key:Value):
    Step: 3
    OriginalFormat (a.k.a Body): Task succeeded at step {Step}

Resource associated with LogRecord:
service.name: Appostolic.Api
service.instance.id: cfc7ce07-e6a4-4518-a7e3-7e4ff99e6a9f
telemetry.sdk.name: opentelemetry
telemetry.sdk.language: dotnet
telemetry.sdk.version: 1.9.0

Activity.TraceId:            81777b2c87f047ea3dbde7d701f0b625
Activity.SpanId:             97edf806789f4e30
Activity.TraceFlags:         Recorded
Activity.ActivitySourceName: Appostolic.AgentRuntime
Activity.DisplayName:        agent.run
Activity.Kind:               Internal
Activity.StartTime:          2025-09-20T11:49:23.1502680Z
Activity.Duration:           00:00:00.0065580
Activity.Tags:
    task.id: cb62752a-47cc-45be-ae69-0d48c901ad5f
    agent.id: 11111111-1111-1111-1111-111111111111
    tenant: acme
    user: dev@example.com
Resource associated with Activity:
    service.name: Appostolic.Api
    service.instance.id: cfc7ce07-e6a4-4518-a7e3-7e4ff99e6a9f
    telemetry.sdk.name: opentelemetry
    telemetry.sdk.language: dotnet
    telemetry.sdk.version: 1.9.0

Activity.TraceId:            81777b2c87f047ea3dbde7d701f0b625
Activity.SpanId:             97edf806789f4e30
Activity.TraceFlags:         Recorded
Activity.ActivitySourceName: Appostolic.AgentRuntime
Activity.DisplayName:        agent.run
Activity.Kind:               Internal
Activity.StartTime:          2025-09-20T11:49:23.1502680Z
Activity.Duration:           00:00:00.0065580
Activity.Tags:
    task.id: cb62752a-47cc-45be-ae69-0d48c901ad5f
    agent.id: 11111111-1111-1111-1111-111111111111
    tenant: acme
    user: dev@example.com
info: Appostolic.Api.Application.Agents.Runtime.AgentOrchestrator[0]
      Task succeeded at step 3
Resource associated with Activity:
    service.name: Appostolic.Api
    service.instance.id: cfc7ce07-e6a4-4518-a7e3-7e4ff99e6a9f
    telemetry.sdk.name: opentelemetry
    telemetry.sdk.language: dotnet
    telemetry.sdk.version: 1.9.0

Activity.TraceId:            81777b2c87f047ea3dbde7d701f0b625
Activity.SpanId:             97edf806789f4e30
Activity.TraceFlags:         Recorded
Activity.ActivitySourceName: Appostolic.AgentRuntime
Activity.DisplayName:        agent.run
Activity.Kind:               Internal
Activity.StartTime:          2025-09-20T11:49:23.1502680Z
Activity.Duration:           00:00:00.0065580
Activity.Tags:
    task.id: cb62752a-47cc-45be-ae69-0d48c901ad5f
    agent.id: 11111111-1111-1111-1111-111111111111
    tenant: acme
    user: dev@example.com
Resource associated with Activity:
    service.name: Appostolic.Api
    service.instance.id: cfc7ce07-e6a4-4518-a7e3-7e4ff99e6a9f
    telemetry.sdk.name: opentelemetry
    telemetry.sdk.language: dotnet
    telemetry.sdk.version: 1.9.0

LogRecord.Timestamp:               2025-09-20T11:49:23.1571770Z
LogRecord.TraceId:                 f454400999c1ba79e0516fc976b370eb
LogRecord.SpanId:                  eb67bb3058ef8d9f
LogRecord.TraceFlags:              Recorded
LogRecord.CategoryName:            Microsoft.AspNetCore.Http.Result.CreatedResult
LogRecord.Severity:                Info
LogRecord.SeverityText:            Information
LogRecord.FormattedMessage:        Setting HTTP status code 201.
LogRecord.Body:                    Setting HTTP status code {StatusCode}.
LogRecord.Attributes (Key:Value):
    StatusCode: 201
    OriginalFormat (a.k.a Body): Setting HTTP status code {StatusCode}.
LogRecord.EventId:                 1
LogRecord.EventName:               WritingResultAsStatusCode

Resource associated with LogRecord:
service.name: Appostolic.Api
service.instance.id: cfc7ce07-e6a4-4518-a7e3-7e4ff99e6a9f
telemetry.sdk.name: opentelemetry
telemetry.sdk.language: dotnet
telemetry.sdk.version: 1.9.0

LogRecord.Timestamp:               2025-09-20T11:49:23.1572200Z
LogRecord.TraceId:                 f454400999c1ba79e0516fc976b370eb
LogRecord.SpanId:                  eb67bb3058ef8d9f
LogRecord.TraceFlags:              Recorded
LogRecord.CategoryName:            Microsoft.AspNetCore.Http.Result.CreatedResult
LogRecord.Severity:                Info
LogRecord.SeverityText:            Information
LogRecord.FormattedMessage:        Writing value of type 'AgentTaskSummary' as Json.
LogRecord.Body:                    Writing value of type '{Type}' as Json.
LogRecord.Attributes (Key:Value):
    Type: AgentTaskSummary
    OriginalFormat (a.k.a Body): Writing value of type '{Type}' as Json.
LogRecord.EventId:                 3
LogRecord.EventName:               WritingResultAsJson

Resource associated with LogRecord:
service.name: Appostolic.Api
service.instance.id: cfc7ce07-e6a4-4518-a7e3-7e4ff99e6a9f
telemetry.sdk.name: opentelemetry
telemetry.sdk.language: dotnet
telemetry.sdk.version: 1.9.0

info: Microsoft.AspNetCore.Http.Result.CreatedResult[1]
      Setting HTTP status code 201.
info: Microsoft.AspNetCore.Http.Result.CreatedResult[3]
      Writing value of type 'AgentTaskSummary' as Json.
Activity.TraceId:            f454400999c1ba79e0516fc976b370eb
Activity.SpanId:             eb67bb3058ef8d9f
Activity.TraceFlags:         Recorded
Activity.ActivitySourceName: Microsoft.AspNetCore
Activity.DisplayName:        POST /api/agent-tasks/
Activity.Kind:               Server
Activity.StartTime:          2025-09-20T11:49:23.1484430Z
Activity.Duration:           00:00:00.0159460
Activity.Tags:
    server.address: localhost
    http.request.method: POST
    url.scheme: http
    url.path: /api/agent-tasks
    network.protocol.version: 1.1
    tenant: acme
    user: dev@example.com
    http.route: /api/agent-tasks/
    http.response.status_code: 201
Resource associated with Activity:
    service.name: Appostolic.Api
    service.instance.id: cfc7ce07-e6a4-4518-a7e3-7e4ff99e6a9f
    telemetry.sdk.name: opentelemetry
    telemetry.sdk.language: dotnet
    telemetry.sdk.version: 1.9.0

Activity.TraceId:            f454400999c1ba79e0516fc976b370eb
Activity.SpanId:             eb67bb3058ef8d9f
Activity.TraceFlags:         Recorded
Activity.ActivitySourceName: Microsoft.AspNetCore
Activity.DisplayName:        POST /api/agent-tasks/
Activity.Kind:               Server
Activity.StartTime:          2025-09-20T11:49:23.1484430Z
Activity.Duration:           00:00:00.0159460
Activity.Tags:
    server.address: localhost
    http.request.method: POST
    url.scheme: http
    url.path: /api/agent-tasks
    network.protocol.version: 1.1
    tenant: acme
    user: dev@example.com
    http.route: /api/agent-tasks/
    http.response.status_code: 201
Resource associated with Activity:
    service.name: Appostolic.Api
    service.instance.id: cfc7ce07-e6a4-4518-a7e3-7e4ff99e6a9f
    telemetry.sdk.name: opentelemetry
    telemetry.sdk.language: dotnet
    telemetry.sdk.version: 1.9.0

Activity.TraceId:            f454400999c1ba79e0516fc976b370eb
Activity.SpanId:             eb67bb3058ef8d9f
Activity.TraceFlags:         Recorded
Activity.ActivitySourceName: Microsoft.AspNetCore
Activity.DisplayName:        POST /api/agent-tasks/
Activity.Kind:               Server
Activity.StartTime:          2025-09-20T11:49:23.1484430Z
Activity.Duration:           00:00:00.0159460
Activity.Tags:
    server.address: localhost
    http.request.method: POST
    url.scheme: http
    url.path: /api/agent-tasks
    network.protocol.version: 1.1
    tenant: acme
    user: dev@example.com
    http.route: /api/agent-tasks/
    http.response.status_code: 201
Resource associated with Activity:
    service.name: Appostolic.Api
    service.instance.id: cfc7ce07-e6a4-4518-a7e3-7e4ff99e6a9f
    telemetry.sdk.name: opentelemetry
    telemetry.sdk.language: dotnet
    telemetry.sdk.version: 1.9.0

Activity.TraceId:            4b0c816a354fab01d0c9062abd3c5f6d
Activity.SpanId:             73f3abda3e4094dc
Activity.TraceFlags:         Recorded
Activity.ParentSpanId:       aa4e4a050003e28a
Activity.ActivitySourceName: Appostolic.AgentRuntime
Activity.DisplayName:        agent.model
Activity.Kind:               Internal
Activity.StartTime:          2025-09-20T11:49:23.1747830Z
Activity.Duration:           00:00:00.0000090
Activity.Tags:
    agent.id: 11111111-1111-1111-1111-111111111111
    task.id: c31133e2-b208-4414-a59d-c2ce3a87a009
    tenant: acme
    user: dev@example.com
    step: 1
    model.name: gpt-4o-mini
    maxSteps: 8
    duration.ms: 0
Resource associated with Activity:
    service.name: Appostolic.Api
    service.instance.id: cfc7ce07-e6a4-4518-a7e3-7e4ff99e6a9f
    telemetry.sdk.name: opentelemetry
    telemetry.sdk.language: dotnet
    telemetry.sdk.version: 1.9.0

Activity.TraceId:            4b0c816a354fab01d0c9062abd3c5f6d
Activity.SpanId:             73f3abda3e4094dc
Activity.TraceFlags:         Recorded
Activity.ParentSpanId:       aa4e4a050003e28a
Activity.ActivitySourceName: Appostolic.AgentRuntime
Activity.DisplayName:        agent.model
Activity.Kind:               Internal
Activity.StartTime:          2025-09-20T11:49:23.1747830Z
Activity.Duration:           00:00:00.0000090
Activity.Tags:
    agent.id: 11111111-1111-1111-1111-111111111111
    task.id: c31133e2-b208-4414-a59d-c2ce3a87a009
    tenant: acme
    user: dev@example.com
    step: 1
    model.name: gpt-4o-mini
    maxSteps: 8
    duration.ms: 0
Resource associated with Activity:
    service.name: Appostolic.Api
    service.instance.id: cfc7ce07-e6a4-4518-a7e3-7e4ff99e6a9f
    telemetry.sdk.name: opentelemetry
    telemetry.sdk.language: dotnet
    telemetry.sdk.version: 1.9.0

Activity.TraceId:            4b0c816a354fab01d0c9062abd3c5f6d
Activity.SpanId:             73f3abda3e4094dc
Activity.TraceFlags:         Recorded
Activity.ParentSpanId:       aa4e4a050003e28a
Activity.ActivitySourceName: Appostolic.AgentRuntime
Activity.DisplayName:        agent.model
Activity.Kind:               Internal
Activity.StartTime:          2025-09-20T11:49:23.1747830Z
Activity.Duration:           00:00:00.0000090
Activity.Tags:
    agent.id: 11111111-1111-1111-1111-111111111111
    task.id: c31133e2-b208-4414-a59d-c2ce3a87a009
    tenant: acme
    user: dev@example.com
    step: 1
    model.name: gpt-4o-mini
    maxSteps: 8
    duration.ms: 0
Resource associated with Activity:
    service.name: Appostolic.Api
    service.instance.id: cfc7ce07-e6a4-4518-a7e3-7e4ff99e6a9f
    telemetry.sdk.name: opentelemetry
    telemetry.sdk.language: dotnet
    telemetry.sdk.version: 1.9.0

LogRecord.Timestamp:               2025-09-20T11:49:23.1749730Z
LogRecord.TraceId:                 4b0c816a354fab01d0c9062abd3c5f6d
LogRecord.SpanId:                  73559e1891e1336b
LogRecord.TraceFlags:              Recorded
LogRecord.CategoryName:            Appostolic.Api.Application.Agents.Tools.WebSearchTool
LogRecord.Severity:                Info
LogRecord.SeverityText:            Information
LogRecord.FormattedMessage:        web.search q="intro" hits=1
LogRecord.Body:                    web.search q="{Query}" hits={HitCount}
LogRecord.Attributes (Key:Value):
    Query: intro
    HitCount: 1
    OriginalFormat (a.k.a Body): web.search q="{Query}" hits={HitCount}

Resource associated with LogRecord:
service.name: Appostolic.Api
service.instance.id: cfc7ce07-e6a4-4518-a7e3-7e4ff99e6a9f
telemetry.sdk.name: opentelemetry
telemetry.sdk.language: dotnet
telemetry.sdk.version: 1.9.0

LogRecord.Timestamp:               2025-09-20T11:49:23.1750150Z
LogRecord.TraceId:                 4b0c816a354fab01d0c9062abd3c5f6d
LogRecord.SpanId:                  73559e1891e1336b
LogRecord.TraceFlags:              Recorded
LogRecord.CategoryName:            Appostolic.Api.Application.Agents.Tools.WebSearchTool
LogRecord.Severity:                Info
LogRecord.SeverityText:            Information
LogRecord.FormattedMessage:        tool.call name=web.search tenant=acme user=dev@example.com success=True durationMs=1
LogRecord.Body:                    tool.call name={Name} tenant={Tenant} user={User} success={Success} durationMs={DurationMs}
LogRecord.Attributes (Key:Value):
    Name: web.search
    Tenant: acme
    User: dev@example.com
    Success: true
    DurationMs: 1
    OriginalFormat (a.k.a Body): tool.call name={Name} tenant={Tenant} user={User} success={Success} durationMs={DurationMs}

Resource associated with LogRecord:
service.name: Appostolic.Api
service.instance.id: cfc7ce07-e6a4-4518-a7e3-7e4ff99e6a9f
telemetry.sdk.name: opentelemetry
telemetry.sdk.language: dotnet
telemetry.sdk.version: 1.9.0

Activity.TraceId:            4b0c816a354fab01d0c9062abd3c5f6d
Activity.SpanId:             73559e1891e1336b
Activity.TraceFlags:         Recorded
Activity.ParentSpanId:       057e89a3fb8b37a1
Activity.ActivitySourceName: Appostolic.Tools
Activity.DisplayName:        tool.invoke
Activity.Kind:               Internal
Activity.StartTime:          2025-09-20T11:49:23.1749260Z
Activity.Duration:           00:00:00.0001200
Activity.Tags:
    tool.name: web.search
    tenant: acme
    user: dev@example.com
    duration.ms: 1
    success: true
Resource associated with Activity:
    service.name: Appostolic.Api
    service.instance.id: cfc7ce07-e6a4-4518-a7e3-7e4ff99e6a9f
    telemetry.sdk.name: opentelemetry
    telemetry.sdk.language: dotnet
    telemetry.sdk.version: 1.9.0

Activity.TraceId:            4b0c816a354fab01d0c9062abd3c5f6d
Activity.SpanId:             73559e1891e1336b
Activity.TraceFlags:         Recorded
Activity.ParentSpanId:       057e89a3fb8b37a1
Activity.ActivitySourceName: Appostolic.Tools
Activity.DisplayName:        tool.invoke
Activity.Kind:               Internal
Activity.StartTime:          2025-09-20T11:49:23.1749260Z
Activity.Duration:           00:00:00.0001200
Activity.Tags:
    tool.name: web.search
    tenant: acme
    user: dev@example.com
    duration.ms: 1
    success: true
Resource associated with Activity:
    service.name: Appostolic.Api
    service.instance.id: cfc7ce07-e6a4-4518-a7e3-7e4ff99e6a9f
    telemetry.sdk.name: opentelemetry
    telemetry.sdk.language: dotnet
    telemetry.sdk.version: 1.9.0

Activity.TraceId:            4b0c816a354fab01d0c9062abd3c5f6d
Activity.SpanId:             73559e1891e1336b
Activity.TraceFlags:         Recorded
Activity.ParentSpanId:       057e89a3fb8b37a1
Activity.ActivitySourceName: Appostolic.Tools
Activity.DisplayName:        tool.invoke
Activity.Kind:               Internal
Activity.StartTime:          2025-09-20T11:49:23.1749260Z
Activity.Duration:           00:00:00.0001200
Activity.Tags:
    tool.name: web.search
    tenant: acme
    user: dev@example.com
    duration.ms: 1
    success: true
Resource associated with Activity:
    service.name: Appostolic.Api
    service.instance.id: cfc7ce07-e6a4-4518-a7e3-7e4ff99e6a9f
    telemetry.sdk.name: opentelemetry
    telemetry.sdk.language: dotnet
    telemetry.sdk.version: 1.9.0

Activity.TraceId:            4b0c816a354fab01d0c9062abd3c5f6d
Activity.SpanId:             057e89a3fb8b37a1
Activity.TraceFlags:         Recorded
Activity.ParentSpanId:       aa4e4a050003e28a
Activity.ActivitySourceName: Appostolic.Tools
Activity.DisplayName:        tool.web.search
Activity.Kind:               Internal
Activity.StartTime:          2025-09-20T11:49:23.1749240Z
Activity.Duration:           00:00:00.0001560
Activity.Tags:
    tool.name: web.search
    tenant: acme
    user: dev@example.com
    success: true
    duration.ms: 0
Resource associated with Activity:
    service.name: Appostolic.Api
    service.instance.id: cfc7ce07-e6a4-4518-a7e3-7e4ff99e6a9f
    telemetry.sdk.name: opentelemetry
    telemetry.sdk.language: dotnet
    telemetry.sdk.version: 1.9.0

Activity.TraceId:            4b0c816a354fab01d0c9062abd3c5f6d
Activity.SpanId:             057e89a3fb8b37a1
Activity.TraceFlags:         Recorded
Activity.ParentSpanId:       aa4e4a050003e28a
Activity.ActivitySourceName: Appostolic.Tools
Activity.DisplayName:        tool.web.search
Activity.Kind:               Internal
Activity.StartTime:          2025-09-20T11:49:23.1749240Z
Activity.Duration:           00:00:00.0001560
Activity.Tags:
    tool.name: web.search
    tenant: acme
    user: dev@example.com
    success: true
    duration.ms: 0
Resource associated with Activity:
    service.name: Appostolic.Api
    service.instance.id: cfc7ce07-e6a4-4518-a7e3-7e4ff99e6a9f
    telemetry.sdk.name: opentelemetry
    telemetry.sdk.language: dotnet
    telemetry.sdk.version: 1.9.0

Activity.TraceId:            4b0c816a354fab01d0c9062abd3c5f6d
Activity.SpanId:             057e89a3fb8b37a1
Activity.TraceFlags:         Recorded
Activity.ParentSpanId:       aa4e4a050003e28a
Activity.ActivitySourceName: Appostolic.Tools
Activity.DisplayName:        tool.web.search
Activity.Kind:               Internal
Activity.StartTime:          2025-09-20T11:49:23.1749240Z
Activity.Duration:           00:00:00.0001560
Activity.Tags:
    tool.name: web.search
    tenant: acme
    user: dev@example.com
    success: true
    duration.ms: 0
Resource associated with Activity:
    service.name: Appostolic.Api
    service.instance.id: cfc7ce07-e6a4-4518-a7e3-7e4ff99e6a9f
    telemetry.sdk.name: opentelemetry
    telemetry.sdk.language: dotnet
    telemetry.sdk.version: 1.9.0

Activity.TraceId:            4b0c816a354fab01d0c9062abd3c5f6d
Activity.SpanId:             1c82ce408437fb68
Activity.TraceFlags:         Recorded
Activity.ParentSpanId:       aa4e4a050003e28a
Activity.ActivitySourceName: Appostolic.AgentRuntime
Activity.DisplayName:        agent.model
Activity.Kind:               Internal
Activity.StartTime:          2025-09-20T11:49:23.1751520Z
Activity.Duration:           00:00:00.0000110
Activity.Tags:
    agent.id: 11111111-1111-1111-1111-111111111111
    task.id: c31133e2-b208-4414-a59d-c2ce3a87a009
    tenant: acme
    user: dev@example.com
    step: 3
    model.name: gpt-4o-mini
    maxSteps: 8
    duration.ms: 0
Resource associated with Activity:
    service.name: Appostolic.Api
    service.instance.id: cfc7ce07-e6a4-4518-a7e3-7e4ff99e6a9f
    telemetry.sdk.name: opentelemetry
    telemetry.sdk.language: dotnet
    telemetry.sdk.version: 1.9.0

Activity.TraceId:            4b0c816a354fab01d0c9062abd3c5f6d
Activity.SpanId:             1c82ce408437fb68
Activity.TraceFlags:         Recorded
Activity.ParentSpanId:       aa4e4a050003e28a
Activity.ActivitySourceName: Appostolic.AgentRuntime
Activity.DisplayName:        agent.model
Activity.Kind:               Internal
Activity.StartTime:          2025-09-20T11:49:23.1751520Z
Activity.Duration:           00:00:00.0000110
Activity.Tags:
    agent.id: 11111111-1111-1111-1111-111111111111
    task.id: c31133e2-b208-4414-a59d-c2ce3a87a009
    tenant: acme
    user: dev@example.com
    step: 3
    model.name: gpt-4o-mini
    maxSteps: 8
    duration.ms: 0
Resource associated with Activity:
    service.name: Appostolic.Api
    service.instance.id: cfc7ce07-e6a4-4518-a7e3-7e4ff99e6a9f
    telemetry.sdk.name: opentelemetry
    telemetry.sdk.language: dotnet
    telemetry.sdk.version: 1.9.0

Activity.TraceId:            4b0c816a354fab01d0c9062abd3c5f6d
Activity.SpanId:             1c82ce408437fb68
Activity.TraceFlags:         Recorded
Activity.ParentSpanId:       aa4e4a050003e28a
Activity.ActivitySourceName: Appostolic.AgentRuntime
Activity.DisplayName:        agent.model
Activity.Kind:               Internal
Activity.StartTime:          2025-09-20T11:49:23.1751520Z
Activity.Duration:           00:00:00.0000110
Activity.Tags:
    agent.id: 11111111-1111-1111-1111-111111111111
    task.id: c31133e2-b208-4414-a59d-c2ce3a87a009
    tenant: acme
    user: dev@example.com
    step: 3
    model.name: gpt-4o-mini
    maxSteps: 8
    duration.ms: 0
Resource associated with Activity:
    service.name: Appostolic.Api
    service.instance.id: cfc7ce07-e6a4-4518-a7e3-7e4ff99e6a9f
    telemetry.sdk.name: opentelemetry
    telemetry.sdk.language: dotnet
    telemetry.sdk.version: 1.9.0

LogRecord.Timestamp:               2025-09-20T11:49:23.1752210Z
LogRecord.TraceId:                 4b0c816a354fab01d0c9062abd3c5f6d
LogRecord.SpanId:                  aa4e4a050003e28a
LogRecord.TraceFlags:              Recorded
LogRecord.CategoryName:            Appostolic.Api.Application.Agents.Runtime.AgentOrchestrator
LogRecord.Severity:                Info
LogRecord.SeverityText:            Information
LogRecord.FormattedMessage:        Task succeeded at step 3
LogRecord.Body:                    Task succeeded at step {Step}
LogRecord.Attributes (Key:Value):
    Step: 3
    OriginalFormat (a.k.a Body): Task succeeded at step {Step}

Resource associated with LogRecord:
service.name: Appostolic.Api
service.instance.id: cfc7ce07-e6a4-4518-a7e3-7e4ff99e6a9f
telemetry.sdk.name: opentelemetry
telemetry.sdk.language: dotnet
telemetry.sdk.version: 1.9.0

Activity.TraceId:            4b0c816a354fab01d0c9062abd3c5f6d
Activity.SpanId:             aa4e4a050003e28a
Activity.TraceFlags:         Recorded
Activity.ActivitySourceName: Appostolic.AgentRuntime
Activity.DisplayName:        agent.run
Activity.Kind:               Internal
Activity.StartTime:          2025-09-20T11:49:23.1747450Z
Activity.Duration:           00:00:00.0004910
Activity.Tags:
    task.id: c31133e2-b208-4414-a59d-c2ce3a87a009
    agent.id: 11111111-1111-1111-1111-111111111111
    tenant: acme
    user: dev@example.com
Resource associated with Activity:
    service.name: Appostolic.Api
    service.instance.id: cfc7ce07-e6a4-4518-a7e3-7e4ff99e6a9f
    telemetry.sdk.name: opentelemetry
    telemetry.sdk.language: dotnet
    telemetry.sdk.version: 1.9.0

Activity.TraceId:            4b0c816a354fab01d0c9062abd3c5f6d
Activity.SpanId:             aa4e4a050003e28a
Activity.TraceFlags:         Recorded
Activity.ActivitySourceName: Appostolic.AgentRuntime
Activity.DisplayName:        agent.run
Activity.Kind:               Internal
Activity.StartTime:          2025-09-20T11:49:23.1747450Z
Activity.Duration:           00:00:00.0004910
Activity.Tags:
    task.id: c31133e2-b208-4414-a59d-c2ce3a87a009
    agent.id: 11111111-1111-1111-1111-111111111111
    tenant: acme
    user: dev@example.com
Resource associated with Activity:
    service.name: Appostolic.Api
    service.instance.id: cfc7ce07-e6a4-4518-a7e3-7e4ff99e6a9f
    telemetry.sdk.name: opentelemetry
    telemetry.sdk.language: dotnet
    telemetry.sdk.version: 1.9.0

Activity.TraceId:            4b0c816a354fab01d0c9062abd3c5f6d
Activity.SpanId:             aa4e4a050003e28a
Activity.TraceFlags:         Recorded
Activity.ActivitySourceName: Appostolic.AgentRuntime
Activity.DisplayName:        agent.run
Activity.Kind:               Internal
Activity.StartTime:          2025-09-20T11:49:23.1747450Z
Activity.Duration:           00:00:00.0004910
Activity.Tags:
    task.id: c31133e2-b208-4414-a59d-c2ce3a87a009
    agent.id: 11111111-1111-1111-1111-111111111111
    tenant: acme
    user: dev@example.com
Resource associated with Activity:
    service.name: Appostolic.Api
    service.instance.id: cfc7ce07-e6a4-4518-a7e3-7e4ff99e6a9f
    telemetry.sdk.name: opentelemetry
    telemetry.sdk.language: dotnet
    telemetry.sdk.version: 1.9.0

LogRecord.Timestamp:               2025-09-20T11:49:23.1752920Z
LogRecord.TraceId:                 23231bea697fd8608a83ed6508a5b6f7
LogRecord.SpanId:                  2070bcd1a80254f7
LogRecord.TraceFlags:              Recorded
LogRecord.CategoryName:            Microsoft.AspNetCore.Http.Result.CreatedResult
LogRecord.Severity:                Info
LogRecord.SeverityText:            Information
LogRecord.FormattedMessage:        Setting HTTP status code 201.
LogRecord.Body:                    Setting HTTP status code {StatusCode}.
LogRecord.Attributes (Key:Value):
    StatusCode: 201
    OriginalFormat (a.k.a Body): Setting HTTP status code {StatusCode}.
LogRecord.EventId:                 1
LogRecord.EventName:               WritingResultAsStatusCode

Resource associated with LogRecord:
service.name: Appostolic.Api
service.instance.id: cfc7ce07-e6a4-4518-a7e3-7e4ff99e6a9f
telemetry.sdk.name: opentelemetry
telemetry.sdk.language: dotnet
telemetry.sdk.version: 1.9.0

LogRecord.Timestamp:               2025-09-20T11:49:23.1753130Z
LogRecord.TraceId:                 23231bea697fd8608a83ed6508a5b6f7
LogRecord.SpanId:                  2070bcd1a80254f7
LogRecord.TraceFlags:              Recorded
LogRecord.CategoryName:            Microsoft.AspNetCore.Http.Result.CreatedResult
LogRecord.Severity:                Info
LogRecord.SeverityText:            Information
LogRecord.FormattedMessage:        Writing value of type 'AgentTaskSummary' as Json.
LogRecord.Body:                    Writing value of type '{Type}' as Json.
LogRecord.Attributes (Key:Value):
    Type: AgentTaskSummary
    OriginalFormat (a.k.a Body): Writing value of type '{Type}' as Json.
LogRecord.EventId:                 3
LogRecord.EventName:               WritingResultAsJson

Resource associated with LogRecord:
service.name: Appostolic.Api
service.instance.id: cfc7ce07-e6a4-4518-a7e3-7e4ff99e6a9f
telemetry.sdk.name: opentelemetry
telemetry.sdk.language: dotnet
telemetry.sdk.version: 1.9.0

Activity.TraceId:            23231bea697fd8608a83ed6508a5b6f7
Activity.SpanId:             2070bcd1a80254f7
Activity.TraceFlags:         Recorded
Activity.ActivitySourceName: Microsoft.AspNetCore
Activity.DisplayName:        POST /api/agent-tasks/
Activity.Kind:               Server
Activity.StartTime:          2025-09-20T11:49:23.1737910Z
Activity.Duration:           00:00:00.0017070
Activity.Tags:
    server.address: localhost
    http.request.method: POST
    url.scheme: http
    url.path: /api/agent-tasks
    network.protocol.version: 1.1
    tenant: acme
    user: dev@example.com
    http.route: /api/agent-tasks/
    http.response.status_code: 201
Resource associated with Activity:
    service.name: Appostolic.Api
    service.instance.id: cfc7ce07-e6a4-4518-a7e3-7e4ff99e6a9f
    telemetry.sdk.name: opentelemetry
    telemetry.sdk.language: dotnet
    telemetry.sdk.version: 1.9.0

Activity.TraceId:            23231bea697fd8608a83ed6508a5b6f7
Activity.SpanId:             2070bcd1a80254f7
Activity.TraceFlags:         Recorded
Activity.ActivitySourceName: Microsoft.AspNetCore
Activity.DisplayName:        POST /api/agent-tasks/
Activity.Kind:               Server
Activity.StartTime:          2025-09-20T11:49:23.1737910Z
Activity.Duration:           00:00:00.0017070
Activity.Tags:
    server.address: localhost
    http.request.method: POST
    url.scheme: http
    url.path: /api/agent-tasks
    network.protocol.version: 1.1
    tenant: acme
    user: dev@example.com
    http.route: /api/agent-tasks/
    http.response.status_code: 201
Resource associated with Activity:
    service.name: Appostolic.Api
    service.instance.id: cfc7ce07-e6a4-4518-a7e3-7e4ff99e6a9f
    telemetry.sdk.name: opentelemetry
    telemetry.sdk.language: dotnet
    telemetry.sdk.version: 1.9.0

Activity.TraceId:            23231bea697fd8608a83ed6508a5b6f7
Activity.SpanId:             2070bcd1a80254f7
Activity.TraceFlags:         Recorded
Activity.ActivitySourceName: Microsoft.AspNetCore
Activity.DisplayName:        POST /api/agent-tasks/
Activity.Kind:               Server
Activity.StartTime:          2025-09-20T11:49:23.1737910Z
Activity.Duration:           00:00:00.0017070
Activity.Tags:
    server.address: localhost
    http.request.method: POST
    url.scheme: http
    url.path: /api/agent-tasks
    network.protocol.version: 1.1
    tenant: acme
    user: dev@example.com
    http.route: /api/agent-tasks/
    http.response.status_code: 201
Resource associated with Activity:
    service.name: Appostolic.Api
    service.instance.id: cfc7ce07-e6a4-4518-a7e3-7e4ff99e6a9f
    telemetry.sdk.name: opentelemetry
    telemetry.sdk.language: dotnet
    telemetry.sdk.version: 1.9.0

info: Appostolic.Api.Application.Agents.Tools.WebSearchTool[0]
      web.search q="intro" hits=1
info: Appostolic.Api.Application.Agents.Tools.WebSearchTool[0]
      tool.call name=web.search tenant=acme user=dev@example.com success=True durationMs=1
info: Appostolic.Api.Application.Agents.Runtime.AgentOrchestrator[0]
      Task succeeded at step 3
info: Microsoft.AspNetCore.Http.Result.CreatedResult[1]
      Setting HTTP status code 201.
info: Microsoft.AspNetCore.Http.Result.CreatedResult[3]
      Writing value of type 'AgentTaskSummary' as Json.
LogRecord.Timestamp:               2025-09-20T11:49:23.1895670Z
LogRecord.TraceId:                 b7a043e7c87bbdf2fbba15f2d2ba6869
LogRecord.SpanId:                  c63f58c9889676e4
LogRecord.TraceFlags:              Recorded
LogRecord.CategoryName:            Microsoft.AspNetCore.Http.Result.OkObjectResult
LogRecord.Severity:                Info
LogRecord.SeverityText:            Information
LogRecord.FormattedMessage:        Setting HTTP status code 200.
LogRecord.Body:                    Setting HTTP status code {StatusCode}.
LogRecord.Attributes (Key:Value):
    StatusCode: 200
    OriginalFormat (a.k.a Body): Setting HTTP status code {StatusCode}.
LogRecord.EventId:                 1
LogRecord.EventName:               WritingResultAsStatusCode

Resource associated with LogRecord:
service.name: Appostolic.Api
service.instance.id: cfc7ce07-e6a4-4518-a7e3-7e4ff99e6a9f
telemetry.sdk.name: opentelemetry
telemetry.sdk.language: dotnet
telemetry.sdk.version: 1.9.0

LogRecord.Timestamp:               2025-09-20T11:49:23.1896620Z
LogRecord.TraceId:                 b7a043e7c87bbdf2fbba15f2d2ba6869
LogRecord.SpanId:                  c63f58c9889676e4
LogRecord.TraceFlags:              Recorded
LogRecord.CategoryName:            Microsoft.AspNetCore.Http.Result.OkObjectResult
LogRecord.Severity:                Info
LogRecord.SeverityText:            Information
LogRecord.FormattedMessage:        Writing value of type 'List`1' as Json.
LogRecord.Body:                    Writing value of type '{Type}' as Json.
LogRecord.Attributes (Key:Value):
    Type: List`1
    OriginalFormat (a.k.a Body): Writing value of type '{Type}' as Json.
LogRecord.EventId:                 3
LogRecord.EventName:               WritingResultAsJson

Resource associated with LogRecord:
service.name: Appostolic.Api
service.instance.id: cfc7ce07-e6a4-4518-a7e3-7e4ff99e6a9f
telemetry.sdk.name: opentelemetry
telemetry.sdk.language: dotnet
telemetry.sdk.version: 1.9.0

Activity.TraceId:            b7a043e7c87bbdf2fbba15f2d2ba6869
Activity.SpanId:             c63f58c9889676e4
Activity.TraceFlags:         Recorded
Activity.ActivitySourceName: Microsoft.AspNetCore
Activity.DisplayName:        GET /api/agent-tasks/
Activity.Kind:               Server
Activity.StartTime:          2025-09-20T11:49:23.1758110Z
Activity.Duration:           00:00:00.0139460
Activity.Tags:
    server.address: localhost
    url.query: ?q=Redacted
    http.request.method: GET
    url.scheme: http
    url.path: /api/agent-tasks
    network.protocol.version: 1.1
    tenant: acme
    user: dev@example.com
    http.route: /api/agent-tasks/
    http.response.status_code: 200
Resource associated with Activity:
    service.name: Appostolic.Api
    service.instance.id: cfc7ce07-e6a4-4518-a7e3-7e4ff99e6a9f
    telemetry.sdk.name: opentelemetry
    telemetry.sdk.language: dotnet
    telemetry.sdk.version: 1.9.0

Activity.TraceId:            b7a043e7c87bbdf2fbba15f2d2ba6869
Activity.SpanId:             c63f58c9889676e4
Activity.TraceFlags:         Recorded
Activity.ActivitySourceName: Microsoft.AspNetCore
Activity.DisplayName:        GET /api/agent-tasks/
Activity.Kind:               Server
Activity.StartTime:          2025-09-20T11:49:23.1758110Z
Activity.Duration:           00:00:00.0139460
Activity.Tags:
    server.address: localhost
    url.query: ?q=Redacted
    http.request.method: GET
    url.scheme: http
    url.path: /api/agent-tasks
    network.protocol.version: 1.1
    tenant: acme
    user: dev@example.com
    http.route: /api/agent-tasks/
    http.response.status_code: 200
Resource associated with Activity:
    service.name: Appostolic.Api
    service.instance.id: cfc7ce07-e6a4-4518-a7e3-7e4ff99e6a9f
    telemetry.sdk.name: opentelemetry
    telemetry.sdk.language: dotnet
    telemetry.sdk.version: 1.9.0

Activity.TraceId:            b7a043e7c87bbdf2fbba15f2d2ba6869
Activity.SpanId:             c63f58c9889676e4
Activity.TraceFlags:         Recorded
Activity.ActivitySourceName: Microsoft.AspNetCore
Activity.DisplayName:        GET /api/agent-tasks/
Activity.Kind:               Server
Activity.StartTime:          2025-09-20T11:49:23.1758110Z
Activity.Duration:           00:00:00.0139460
Activity.Tags:
    server.address: localhost
    url.query: ?q=Redacted
    http.request.method: GET
    url.scheme: http
    url.path: /api/agent-tasks
    network.protocol.version: 1.1
    tenant: acme
    user: dev@example.com
    http.route: /api/agent-tasks/
    http.response.status_code: 200
Resource associated with Activity:
    service.name: Appostolic.Api
    service.instance.id: cfc7ce07-e6a4-4518-a7e3-7e4ff99e6a9f
    telemetry.sdk.name: opentelemetry
    telemetry.sdk.language: dotnet
    telemetry.sdk.version: 1.9.0

LogRecord.Timestamp:               2025-09-20T11:49:23.1911480Z
LogRecord.TraceId:                 a122540a570b6325976b7c5f942eaa06
LogRecord.SpanId:                  252ddad9fc491c10
LogRecord.TraceFlags:              Recorded
LogRecord.CategoryName:            Microsoft.AspNetCore.Http.Result.OkObjectResult
LogRecord.Severity:                Info
LogRecord.SeverityText:            Information
LogRecord.FormattedMessage:        Setting HTTP status code 200.
LogRecord.Body:                    Setting HTTP status code {StatusCode}.
LogRecord.Attributes (Key:Value):
    StatusCode: 200
    OriginalFormat (a.k.a Body): Setting HTTP status code {StatusCode}.
LogRecord.EventId:                 1
LogRecord.EventName:               WritingResultAsStatusCode

Resource associated with LogRecord:
service.name: Appostolic.Api
service.instance.id: cfc7ce07-e6a4-4518-a7e3-7e4ff99e6a9f
telemetry.sdk.name: opentelemetry
telemetry.sdk.language: dotnet
telemetry.sdk.version: 1.9.0

LogRecord.Timestamp:               2025-09-20T11:49:23.1911700Z
LogRecord.TraceId:                 a122540a570b6325976b7c5f942eaa06
LogRecord.SpanId:                  252ddad9fc491c10
LogRecord.TraceFlags:              Recorded
LogRecord.CategoryName:            Microsoft.AspNetCore.Http.Result.OkObjectResult
LogRecord.Severity:                Info
LogRecord.SeverityText:            Information
LogRecord.FormattedMessage:        Writing value of type 'List`1' as Json.
LogRecord.Body:                    Writing value of type '{Type}' as Json.
LogRecord.Attributes (Key:Value):
    Type: List`1
    OriginalFormat (a.k.a Body): Writing value of type '{Type}' as Json.
LogRecord.EventId:                 3
LogRecord.EventName:               WritingResultAsJson

Resource associated with LogRecord:
service.name: Appostolic.Api
service.instance.id: cfc7ce07-e6a4-4518-a7e3-7e4ff99e6a9f
telemetry.sdk.name: opentelemetry
telemetry.sdk.language: dotnet
telemetry.sdk.version: 1.9.0

Activity.TraceId:            a122540a570b6325976b7c5f942eaa06
Activity.SpanId:             252ddad9fc491c10
Activity.TraceFlags:         Recorded
Activity.ActivitySourceName: Microsoft.AspNetCore
Activity.DisplayName:        GET /api/agent-tasks/
Activity.Kind:               Server
Activity.StartTime:          2025-09-20T11:49:23.1904720Z
Activity.Duration:           00:00:00.0007360
Activity.Tags:
    server.address: localhost
    url.query: ?q=Redacted
    http.request.method: GET
    url.scheme: http
    url.path: /api/agent-tasks
    network.protocol.version: 1.1
    tenant: acme
    user: dev@example.com
    http.route: /api/agent-tasks/
    http.response.status_code: 200
Resource associated with Activity:
    service.name: Appostolic.Api
    service.instance.id: cfc7ce07-e6a4-4518-a7e3-7e4ff99e6a9f
    telemetry.sdk.name: opentelemetry
    telemetry.sdk.language: dotnet
    telemetry.sdk.version: 1.9.0

Activity.TraceId:            a122540a570b6325976b7c5f942eaa06
Activity.SpanId:             252ddad9fc491c10
Activity.TraceFlags:         Recorded
Activity.ActivitySourceName: Microsoft.AspNetCore
Activity.DisplayName:        GET /api/agent-tasks/
Activity.Kind:               Server
Activity.StartTime:          2025-09-20T11:49:23.1904720Z
Activity.Duration:           00:00:00.0007360
Activity.Tags:
    server.address: localhost
    url.query: ?q=Redacted
    http.request.method: GET
    url.scheme: http
    url.path: /api/agent-tasks
    network.protocol.version: 1.1
    tenant: acme
    user: dev@example.com
    http.route: /api/agent-tasks/
    http.response.status_code: 200
Resource associated with Activity:
    service.name: Appostolic.Api
    service.instance.id: cfc7ce07-e6a4-4518-a7e3-7e4ff99e6a9f
    telemetry.sdk.name: opentelemetry
    telemetry.sdk.language: dotnet
    telemetry.sdk.version: 1.9.0

Activity.TraceId:            a122540a570b6325976b7c5f942eaa06
Activity.SpanId:             252ddad9fc491c10
Activity.TraceFlags:         Recorded
Activity.ActivitySourceName: Microsoft.AspNetCore
Activity.DisplayName:        GET /api/agent-tasks/
Activity.Kind:               Server
Activity.StartTime:          2025-09-20T11:49:23.1904720Z
Activity.Duration:           00:00:00.0007360
Activity.Tags:
    server.address: localhost
    url.query: ?q=Redacted
    http.request.method: GET
    url.scheme: http
    url.path: /api/agent-tasks
    network.protocol.version: 1.1
    tenant: acme
    user: dev@example.com
    http.route: /api/agent-tasks/
    http.response.status_code: 200
Resource associated with Activity:
    service.name: Appostolic.Api
    service.instance.id: cfc7ce07-e6a4-4518-a7e3-7e4ff99e6a9f
    telemetry.sdk.name: opentelemetry
    telemetry.sdk.language: dotnet
    telemetry.sdk.version: 1.9.0

info: Microsoft.AspNetCore.Http.Result.OkObjectResult[1]
      Setting HTTP status code 200.
info: Microsoft.AspNetCore.Http.Result.OkObjectResult[3]
      Writing value of type 'List`1' as Json.
info: Microsoft.AspNetCore.Http.Result.OkObjectResult[1]
      Setting HTTP status code 200.
info: Microsoft.AspNetCore.Http.Result.OkObjectResult[3]
      Writing value of type 'List`1' as Json.
LogRecord.Timestamp:               2025-09-20T11:49:23.2007770Z
LogRecord.CategoryName:            Appostolic.Api.Application.Agents.Queue.AgentTaskWorker
LogRecord.Severity:                Info
LogRecord.SeverityText:            Information
LogRecord.FormattedMessage:        AgentTaskWorker stopping. dequeued=10 inflight=False inflightTaskId=(null)
LogRecord.Body:                    AgentTaskWorker stopping. dequeued={Count} inflight={HasInFlight} inflightTaskId={TaskId}
LogRecord.Attributes (Key:Value):
    Count: 10
    HasInFlight: false
    OriginalFormat (a.k.a Body): AgentTaskWorker stopping. dequeued={Count} inflight={HasInFlight} inflightTaskId={TaskId}

Resource associated with LogRecord:
service.name: Appostolic.Api
service.instance.id: cfc7ce07-e6a4-4518-a7e3-7e4ff99e6a9f
telemetry.sdk.name: opentelemetry
telemetry.sdk.language: dotnet
telemetry.sdk.version: 1.9.0

info: Appostolic.Api.Application.Agents.Queue.AgentTaskWorker[0]
      AgentTaskWorker stopping. dequeued=10 inflight=False inflightTaskId=(null)
LogRecord.Timestamp:               2025-09-20T11:49:23.2020710Z
LogRecord.CategoryName:            Appostolic.Api.App.Notifications.NotificationDispatcherHostedService
LogRecord.Severity:                Info
LogRecord.SeverityText:            Information
LogRecord.FormattedMessage:        NotificationDispatcher stopping
LogRecord.Body:                    NotificationDispatcher stopping
LogRecord.Attributes (Key:Value):
    OriginalFormat (a.k.a Body): NotificationDispatcher stopping

Resource associated with LogRecord:
service.name: Appostolic.Api
service.instance.id: cfc7ce07-e6a4-4518-a7e3-7e4ff99e6a9f
telemetry.sdk.name: opentelemetry
telemetry.sdk.language: dotnet
telemetry.sdk.version: 1.9.0

LogRecord.Timestamp:               2025-09-20T11:49:23.2021670Z
info: Appostolic.Api.App.Notifications.NotificationDispatcherHostedService[0]
      NotificationDispatcher stopping
info: Appostolic.Api.App.Notifications.EmailDispatcherHostedService[0]
      EmailDispatcher stopping
LogRecord.CategoryName:            Appostolic.Api.App.Notifications.EmailDispatcherHostedService
LogRecord.Severity:                Info
LogRecord.SeverityText:            Information
LogRecord.FormattedMessage:        EmailDispatcher stopping
LogRecord.Body:                    EmailDispatcher stopping
LogRecord.Attributes (Key:Value):
    OriginalFormat (a.k.a Body): EmailDispatcher stopping

Resource associated with LogRecord:
service.name: Appostolic.Api
service.instance.id: cfc7ce07-e6a4-4518-a7e3-7e4ff99e6a9f
telemetry.sdk.name: opentelemetry
telemetry.sdk.language: dotnet
telemetry.sdk.version: 1.9.0

LogRecord.Timestamp:               2025-09-20T11:49:23.2023150Z
LogRecord.CategoryName:            Appostolic.Api.App.Notifications.NotificationsPurgeHostedService
LogRecord.Severity:                Info
LogRecord.SeverityText:            Information
LogRecord.FormattedMessage:        NotificationsPurge stopping
LogRecord.Body:                    NotificationsPurge stopping
LogRecord.Attributes (Key:Value):
    OriginalFormat (a.k.a Body): NotificationsPurge stopping

Resource associated with LogRecord:
service.name: Appostolic.Api
service.instance.id: cfc7ce07-e6a4-4518-a7e3-7e4ff99e6a9f
telemetry.sdk.name: opentelemetry
telemetry.sdk.language: dotnet
telemetry.sdk.version: 1.9.0

info: Appostolic.Api.App.Notifications.NotificationsPurgeHostedService[0]
      NotificationsPurge stopping
Resource associated with Metric:
    service.name: Appostolic.Api
    service.instance.id: cfc7ce07-e6a4-4518-a7e3-7e4ff99e6a9f
    telemetry.sdk.name: opentelemetry
    telemetry.sdk.language: dotnet
    telemetry.sdk.version: 1.9.0

Metric Name: process.runtime.dotnet.gc.collections.count, Number of garbage collections that have occurred since process start., Meter: OpenTelemetry.Instrumentation.Runtime/1.9.0
(2025-09-20T11:49:22.6443270Z, 2025-09-20T11:49:23.2054830Z] generation: gen2 LongSum
Value: 16
(2025-09-20T11:49:22.6443270Z, 2025-09-20T11:49:23.2054830Z] generation: gen1 LongSum
Value: 23
(2025-09-20T11:49:22.6443270Z, 2025-09-20T11:49:23.2054830Z] generation: gen0 LongSum
Value: 52

Metric Name: process.runtime.dotnet.gc.objects.size, Count of bytes currently in use by objects in the GC heap that haven't been collected yet. Fragmentation and other GC committed memory pools are excluded., Unit: bytes, Meter: OpenTelemetry.Instrumentation.Runtime/1.9.0
(2025-09-20T11:49:22.6470010Z, 2025-09-20T11:49:23.2054830Z] LongSumNonMonotonic
Value: 538548048

Metric Name: process.runtime.dotnet.gc.allocations.size, Count of bytes allocated on the managed GC heap since the process start. .NET objects are allocated from this heap. Object allocations from unmanaged languages such as C/C++ do not use this heap., Unit: bytes, Meter: OpenTelemetry.Instrumentation.Runtime/1.9.0
(2025-09-20T11:49:22.6470510Z, 2025-09-20T11:49:23.2054830Z] LongSum
Value: 2539286752

Metric Name: process.runtime.dotnet.gc.committed_memory.size, The amount of committed virtual memory for the managed GC heap, as observed during the latest garbage collection. Committed virtual memory may be larger than the heap size because it includes both memory for storing existing objects (the heap size) and some extra memory that is ready to handle newly allocated objects in the future. The value will be unavailable until at least one garbage collection has occurred., Unit: bytes, Meter: OpenTelemetry.Instrumentation.Runtime/1.9.0
(2025-09-20T11:49:22.6471030Z, 2025-09-20T11:49:23.2054830Z] LongSumNonMonotonic
Value: 449675264

Metric Name: process.runtime.dotnet.gc.heap.size, The heap size (including fragmentation), as observed during the latest garbage collection. The value will be unavailable until at least one garbage collection has occurred., Unit: bytes, Meter: OpenTelemetry.Instrumentation.Runtime/1.9.0
(2025-09-20T11:49:22.6471540Z, 2025-09-20T11:49:23.2054840Z] generation: gen0 LongSumNonMonotonic
Value: 6179264
(2025-09-20T11:49:22.6471540Z, 2025-09-20T11:49:23.2054840Z] generation: gen1 LongSumNonMonotonic
Value: 6550984
(2025-09-20T11:49:22.6471540Z, 2025-09-20T11:49:23.2054840Z] generation: gen2 LongSumNonMonotonic
Value: 133013464
(2025-09-20T11:49:22.6471540Z, 2025-09-20T11:49:23.2054840Z] generation: loh LongSumNonMonotonic
Value: 303449936
(2025-09-20T11:49:22.6471540Z, 2025-09-20T11:49:23.2054840Z] generation: poh LongSumNonMonotonic
Value: 262336

Metric Name: process.runtime.dotnet.gc.heap.fragmentation.size, The heap fragmentation, as observed during the latest garbage collection. The value will be unavailable until at least one garbage collection has occurred., Unit: bytes, Meter: OpenTelemetry.Instrumentation.Runtime/1.9.0
(2025-09-20T11:49:22.6472120Z, 2025-09-20T11:49:23.2054840Z] generation: gen0 LongSumNonMonotonic
Value: 6178480
(2025-09-20T11:49:22.6472120Z, 2025-09-20T11:49:23.2054840Z] generation: gen1 LongSumNonMonotonic
Value: 82952
(2025-09-20T11:49:22.6472120Z, 2025-09-20T11:49:23.2054840Z] generation: gen2 LongSumNonMonotonic
Value: 1144616
(2025-09-20T11:49:22.6472120Z, 2025-09-20T11:49:23.2054840Z] generation: loh LongSumNonMonotonic
Value: 51095992
(2025-09-20T11:49:22.6472120Z, 2025-09-20T11:49:23.2054840Z] generation: poh LongSumNonMonotonic
Value: 0

Metric Name: process.runtime.dotnet.gc.duration, The total amount of time paused in GC since the process start., Unit: ns, Meter: OpenTelemetry.Instrumentation.Runtime/1.9.0
(2025-09-20T11:49:22.6472670Z, 2025-09-20T11:49:23.2054840Z] LongSum
Value: 871085000

Metric Name: process.runtime.dotnet.jit.il_compiled.size, Count of bytes of intermediate language that have been compiled since the process start., Unit: bytes, Meter: OpenTelemetry.Instrumentation.Runtime/1.9.0
(2025-09-20T11:49:22.6473560Z, 2025-09-20T11:49:23.2054840Z] LongSum
Value: 5881109

Metric Name: process.runtime.dotnet.jit.methods_compiled.count, The number of times the JIT compiler compiled a method since the process start. The JIT compiler may be invoked multiple times for the same method to compile with different generic parameters, or because tiered compilation requested different optimization settings., Meter: OpenTelemetry.Instrumentation.Runtime/1.9.0
(2025-09-20T11:49:22.6474420Z, 2025-09-20T11:49:23.2054840Z] LongSum
Value: 69117

Metric Name: process.runtime.dotnet.jit.compilation_time, The amount of time the JIT compiler has spent compiling methods since the process start., Unit: ns, Meter: OpenTelemetry.Instrumentation.Runtime/1.9.0
(2025-09-20T11:49:22.6485140Z, 2025-09-20T11:49:23.2054840Z] LongSum
Value: 17454099900

Metric Name: process.runtime.dotnet.monitor.lock_contention.count, The number of times there was contention when trying to acquire a monitor lock since the process start. Monitor locks are commonly acquired by using the lock keyword in C#, or by calling Monitor.Enter() and Monitor.TryEnter()., Meter: OpenTelemetry.Instrumentation.Runtime/1.9.0
(2025-09-20T11:49:22.6486260Z, 2025-09-20T11:49:23.2054840Z] LongSum
Value: 251

Metric Name: process.runtime.dotnet.thread_pool.threads.count, The number of thread pool threads that currently exist., Meter: OpenTelemetry.Instrumentation.Runtime/1.9.0
(2025-09-20T11:49:22.6489620Z, 2025-09-20T11:49:23.2054850Z] LongSumNonMonotonic
Value: 14

Metric Name: process.runtime.dotnet.thread_pool.completed_items.count, The number of work items that have been processed by the thread pool since the process start., Meter: OpenTelemetry.Instrumentation.Runtime/1.9.0
(2025-09-20T11:49:22.6507710Z, 2025-09-20T11:49:23.2054850Z] LongSum
Value: 3414

Metric Name: process.runtime.dotnet.thread_pool.queue.length, The number of work items that are currently queued to be processed by the thread pool., Meter: OpenTelemetry.Instrumentation.Runtime/1.9.0
(2025-09-20T11:49:22.6521200Z, 2025-09-20T11:49:23.2054850Z] LongSumNonMonotonic
Value: 0

Metric Name: process.runtime.dotnet.timer.count, The number of timer instances that are currently active. Timers can be created by many sources such as System.Threading.Timer, Task.Delay, or the timeout in a CancellationSource. An active timer is registered to tick at some point in the future and has not yet been canceled., Meter: OpenTelemetry.Instrumentation.Runtime/1.9.0
(2025-09-20T11:49:22.6521820Z, 2025-09-20T11:49:23.2054850Z] LongSumNonMonotonic
Value: 14

Metric Name: process.runtime.dotnet.assemblies.count, The number of .NET assemblies that are currently loaded., Meter: OpenTelemetry.Instrumentation.Runtime/1.9.0
(2025-09-20T11:49:22.6522350Z, 2025-09-20T11:49:23.2054850Z] LongSumNonMonotonic
Value: 212

Metric Name: process.runtime.dotnet.exceptions.count, Count of exceptions that have been thrown in managed code, since the observation started. The value will be unavailable until an exception has been thrown after OpenTelemetry.Instrumentation.Runtime initialization., Meter: OpenTelemetry.Instrumentation.Runtime/1.9.0
(2025-09-20T11:49:22.6523000Z, 2025-09-20T11:49:23.2054850Z] LongSum
Value: 4

Metric Name: agent.tasks.created, Count of agent tasks created., Unit: {task}, Meter: Appostolic.Metrics
(2025-09-20T11:49:22.6523540Z, 2025-09-20T11:49:23.2054860Z] agent.id: 11111111-1111-1111-1111-111111111111 tenant: acme LongSum
Value: 9
(2025-09-20T11:49:22.6523540Z, 2025-09-20T11:49:23.2054860Z] agent.id: 22222222-2222-2222-2222-222222222222 tenant: acme LongSum
Value: 1

Metric Name: agent.tasks.completed, Count of agent tasks completed by status., Unit: {task}, Meter: Appostolic.Metrics
(2025-09-20T11:49:22.6524180Z, 2025-09-20T11:49:23.2054860Z] status: Succeeded LongSum
Value: 9
(2025-09-20T11:49:22.6524180Z, 2025-09-20T11:49:23.2054860Z] status: Failed LongSum
Value: 1

Metric Name: agent.task.duration, End-to-end task duration from CreatedAt to FinishedAt., Unit: ms, Meter: Appostolic.Metrics
(2025-09-20T11:49:22.6524730Z, 2025-09-20T11:49:23.2054870Z] status: Succeeded Histogram
Value: Sum: 22 Count: 9 Min: 0 Max: 7 
(-Infinity,0]:2
(0,5]:6
(5,10]:1
(10,25]:0
(25,50]:0
(50,75]:0
(75,100]:0
(100,250]:0
(250,500]:0
(500,750]:0
(750,1000]:0
(1000,2500]:0
(2500,5000]:0
(5000,7500]:0
(7500,10000]:0
(10000,+Infinity]:0

(2025-09-20T11:49:22.6524730Z, 2025-09-20T11:49:23.2054870Z] status: Failed Histogram
Value: Sum: 2 Count: 1 Min: 2 Max: 2 
(-Infinity,0]:0
(0,5]:1
(5,10]:0
(10,25]:0
(25,50]:0
(50,75]:0
(75,100]:0
(100,250]:0
(250,500]:0
(500,750]:0
(750,1000]:0
(1000,2500]:0
(2500,5000]:0
(5000,7500]:0
(7500,10000]:0
(10000,+Infinity]:0


Metric Name: agent.model.tokens, Total tokens used by model decisions (prompt + completion)., Unit: {token}, Meter: Appostolic.Metrics
(2025-09-20T11:49:22.6525370Z, 2025-09-20T11:49:23.2054870Z] agentId: 11111111-1111-1111-1111-111111111111 model: gpt-4o-mini LongSum
Value: 2234
(2025-09-20T11:49:22.6525370Z, 2025-09-20T11:49:23.2054870Z] agentId: 22222222-2222-2222-2222-222222222222 model: gpt-4o-mini LongSum
Value: 121

Metric Name: agent.tool.duration, Duration of tool invocations., Unit: ms, Meter: Appostolic.Metrics
(2025-09-20T11:49:22.6526020Z, 2025-09-20T11:49:23.2054880Z] tool: web.search Histogram
Value: Sum: 0 Count: 9 Min: 0 Max: 0 
(-Infinity,0]:9
(0,5]:0
(5,10]:0
(10,25]:0
(25,50]:0
(50,75]:0
(75,100]:0
(100,250]:0
(250,500]:0
(500,750]:0
(750,1000]:0
(1000,2500]:0
(2500,5000]:0
(5000,7500]:0
(7500,10000]:0
(10000,+Infinity]:0


Metric Name: agent.tool.errors, Count of tool errors by tool name., Unit: {error}, Meter: Appostolic.Metrics
(2025-09-20T11:49:22.6526600Z, 2025-09-20T11:49:23.2054880Z] tool: web.search LongSum
Value: 1

Metric Name: http.server.active_requests, Number of active HTTP server requests., Unit: {request}, Meter: Microsoft.AspNetCore.Hosting
(2025-09-20T11:49:22.6532580Z, 2025-09-20T11:49:23.2054910Z] http.request.method: POST url.scheme: http LongSumNonMonotonic
Value: 0
(2025-09-20T11:49:22.6532580Z, 2025-09-20T11:49:23.2054910Z] http.request.method: GET url.scheme: http LongSumNonMonotonic
Value: 0

Metric Name: http.server.request.duration, Duration of HTTP server requests., Unit: s, Meter: Microsoft.AspNetCore.Hosting
(2025-09-20T11:49:22.6553630Z, 2025-09-20T11:49:23.2054920Z] http.request.method: POST http.response.status_code: 201 http.route: /api/agent-tasks/ network.protocol.version: 1.1 url.scheme: http Histogram
Value: Sum: 0.1118443 Count: 10 Min: 0.001701 Max: 0.0637727 
(-Infinity,0.005]:7
(0.005,0.01]:1
(0.01,0.025]:1
(0.025,0.05]:0
(0.05,0.075]:1
(0.075,0.1]:0
(0.1,0.25]:0
(0.25,0.5]:0
(0.5,0.75]:0
(0.75,1]:0
(1,2.5]:0
(2.5,5]:0
(5,7.5]:0
(7.5,10]:0
(10,+Infinity]:0

(2025-09-20T11:49:22.6553630Z, 2025-09-20T11:49:23.2054920Z] http.request.method: GET http.response.status_code: 200 http.route: /api/agent-tasks/{id:guid} network.protocol.version: 1.1 url.scheme: http Histogram
Value: Sum: 0.0114281 Count: 2 Min: 0.0009959 Max: 0.0104322 
(-Infinity,0.005]:1
(0.005,0.01]:0
(0.01,0.025]:1
(0.025,0.05]:0
(0.05,0.075]:0
(0.075,0.1]:0
(0.1,0.25]:0
(0.25,0.5]:0
(0.5,0.75]:0
(0.75,1]:0
(1,2.5]:0
(2.5,5]:0
(5,7.5]:0
(7.5,10]:0
(10,+Infinity]:0

(2025-09-20T11:49:22.6553630Z, 2025-09-20T11:49:23.2054920Z] http.request.method: GET http.response.status_code: 200 http.route: /api/agent-tasks/ network.protocol.version: 1.1 url.scheme: http Histogram
Value: Sum: 0.09050750000000002 Count: 10 Min: 0.0002334 Max: 0.0162547 
(-Infinity,0.005]:3
(0.005,0.01]:1
(0.01,0.025]:6
(0.025,0.05]:0
(0.05,0.075]:0
(0.075,0.1]:0
(0.1,0.25]:0
(0.25,0.5]:0
(0.5,0.75]:0
(0.75,1]:0
(1,2.5]:0
(2.5,5]:0
(5,7.5]:0
(7.5,10]:0
(10,+Infinity]:0


Metric Name: aspnetcore.routing.match_attempts, Number of requests that were attempted to be matched to an endpoint., Unit: {match_attempt}, Meter: Microsoft.AspNetCore.Routing
(2025-09-20T11:49:22.6554170Z, 2025-09-20T11:49:23.2054930Z] aspnetcore.routing.is_fallback: false aspnetcore.routing.match_status: success http.route: /api/agent-tasks/ LongSum
Value: 20
(2025-09-20T11:49:22.6554170Z, 2025-09-20T11:49:23.2054930Z] aspnetcore.routing.is_fallback: false aspnetcore.routing.match_status: success http.route: /api/agent-tasks/{id:guid} LongSum
Value: 2
Activity.TraceId:            dfdc4f8bad6f42b2c92ffff845fca4d2
Activity.SpanId:             f14cd36bd26311b5
Activity.TraceFlags:         Recorded
Activity.ActivitySourceName: System.Net.Http
Activity.DisplayName:        GET
Activity.Kind:               Client
Activity.StartTime:          2025-09-20T11:49:23.2307360Z
Activity.Duration:           00:00:00.0969940
Activity.Tags:
    http.request.method: GET
    server.address: localhost
    server.port: 8025
    url.full: http://localhost:8025/api/v2/messages
    network.protocol.version: 1.1
    http.response.status_code: 200
Resource associated with Activity:
    service.name: Appostolic.Api
    service.instance.id: cfc7ce07-e6a4-4518-a7e3-7e4ff99e6a9f
    telemetry.sdk.name: opentelemetry
    telemetry.sdk.language: dotnet
    telemetry.sdk.version: 1.9.0

Activity.TraceId:            dfdc4f8bad6f42b2c92ffff845fca4d2
Activity.SpanId:             f14cd36bd26311b5
Activity.TraceFlags:         Recorded
Activity.ActivitySourceName: System.Net.Http
Activity.DisplayName:        GET
Activity.Kind:               Client
Activity.StartTime:          2025-09-20T11:49:23.2307360Z
Activity.Duration:           00:00:00.0969940
Activity.Tags:
    http.request.method: GET
    server.address: localhost
    server.port: 8025
    url.full: http://localhost:8025/api/v2/messages
    network.protocol.version: 1.1
    http.response.status_code: 200
Resource associated with Activity:
    service.name: Appostolic.Api
    service.instance.id: cfc7ce07-e6a4-4518-a7e3-7e4ff99e6a9f
    telemetry.sdk.name: opentelemetry
    telemetry.sdk.language: dotnet
    telemetry.sdk.version: 1.9.0

[Startup] Warning: failed to ensure app.notification_dedupes exists: Relational-specific methods can only be used when the context is using a relational database provider.
LogRecord.Timestamp:               2025-09-20T11:49:23.4701110Z
LogRecord.CategoryName:            Endpoints.V1
LogRecord.Severity:                Info
LogRecord.SeverityText:            Information
LogRecord.FormattedMessage:        [MapV1Endpoints] Environment='Development' IsDevelopment=True
LogRecord.Body:                    [MapV1Endpoints] Environment='{Env}' IsDevelopment={IsDev}
LogRecord.Attributes (Key:Value):
    Env: Development
    IsDev: true
    OriginalFormat (a.k.a Body): [MapV1Endpoints] Environment='{Env}' IsDevelopment={IsDev}

Resource associated with LogRecord:
service.name: Appostolic.Api
service.instance.id: cfc7ce07-e6a4-4518-a7e3-7e4ff99e6a9f
telemetry.sdk.name: opentelemetry
telemetry.sdk.language: dotnet
telemetry.sdk.version: 1.9.0

info: Endpoints.V1[0]
      [MapV1Endpoints] Environment='Development' IsDevelopment=True
LogRecord.Timestamp:               2025-09-20T11:49:23.4711730Z
LogRecord.CategoryName:            Microsoft.AspNetCore.DataProtection.KeyManagement.XmlKeyManager
LogRecord.Severity:                Info
LogRecord.SeverityText:            Information
LogRecord.FormattedMessage:        User profile is available. Using '/Users/kevinmccreary/.aspnet/DataProtection-Keys' as key repository; keys will not be encrypted at rest.
LogRecord.Body:                    User profile is available. Using '{FullName}' as key repository; keys will not be encrypted at rest.
LogRecord.Attributes (Key:Value):
    FullName: /Users/kevinmccreary/.aspnet/DataProtection-Keys
    OriginalFormat (a.k.a Body): User profile is available. Using '{FullName}' as key repository; keys will not be encrypted at rest.
LogRecord.EventId:                 62
LogRecord.EventName:               UsingProfileAsKeyRepository

Resource associated with LogRecord:
service.name: Appostolic.Api
service.instance.id: cfc7ce07-e6a4-4518-a7e3-7e4ff99e6a9f
telemetry.sdk.name: opentelemetry
telemetry.sdk.language: dotnet
telemetry.sdk.version: 1.9.0

info: Microsoft.AspNetCore.DataProtection.KeyManagement.XmlKeyManager[62]
      User profile is available. Using '/Users/kevinmccreary/.aspnet/DataProtection-Keys' as key repository; keys will not be encrypted at rest.
LogRecord.Timestamp:               2025-09-20T11:49:23.4945180Z
LogRecord.CategoryName:            Appostolic.Api.App.Notifications.NotificationsPurgeHostedService
LogRecord.Severity:                Info
LogRecord.SeverityText:            Information
LogRecord.FormattedMessage:        NotificationsPurge started
LogRecord.Body:                    NotificationsPurge started
LogRecord.Attributes (Key:Value):
    OriginalFormat (a.k.a Body): NotificationsPurge started

Resource associated with LogRecord:
service.name: Appostolic.Api
service.instance.id: cfc7ce07-e6a4-4518-a7e3-7e4ff99e6a9f
telemetry.sdk.name: opentelemetry
telemetry.sdk.language: dotnet
telemetry.sdk.version: 1.9.0

LogRecord.Timestamp:               2025-09-20T11:49:23.4956300Z
LogRecord.CategoryName:            Appostolic.Api.App.Notifications.AutoResendHostedService
LogRecord.Severity:                Info
LogRecord.SeverityText:            Information
LogRecord.FormattedMessage:        AutoResend is disabled by configuration
LogRecord.Body:                    AutoResend is disabled by configuration
LogRecord.Attributes (Key:Value):
    OriginalFormat (a.k.a Body): AutoResend is disabled by configuration

Resource associated with LogRecord:
service.name: Appostolic.Api
service.instance.id: cfc7ce07-e6a4-4518-a7e3-7e4ff99e6a9f
telemetry.sdk.name: opentelemetry
telemetry.sdk.language: dotnet
telemetry.sdk.version: 1.9.0

LogRecord.Timestamp:               2025-09-20T11:49:23.4956460Z
LogRecord.CategoryName:            Appostolic.Api.App.Notifications.EmailDispatcherHostedService
LogRecord.Severity:                Info
LogRecord.SeverityText:            Information
LogRecord.FormattedMessage:        EmailDispatcher started
LogRecord.Body:                    EmailDispatcher started
LogRecord.Attributes (Key:Value):
    OriginalFormat (a.k.a Body): EmailDispatcher started

Resource associated with LogRecord:
service.name: Appostolic.Api
service.instance.id: cfc7ce07-e6a4-4518-a7e3-7e4ff99e6a9f
telemetry.sdk.name: opentelemetry
telemetry.sdk.language: dotnet
telemetry.sdk.version: 1.9.0

LogRecord.Timestamp:               2025-09-20T11:49:23.4956680Z
LogRecord.CategoryName:            Appostolic.Api.App.Notifications.NotificationDispatcherHostedService
LogRecord.Severity:                Info
LogRecord.SeverityText:            Information
LogRecord.FormattedMessage:        NotificationDispatcher started
LogRecord.Body:                    NotificationDispatcher started
LogRecord.Attributes (Key:Value):
    OriginalFormat (a.k.a Body): NotificationDispatcher started

Resource associated with LogRecord:
service.name: Appostolic.Api
service.instance.id: cfc7ce07-e6a4-4518-a7e3-7e4ff99e6a9f
telemetry.sdk.name: opentelemetry
telemetry.sdk.language: dotnet
telemetry.sdk.version: 1.9.0

LogRecord.Timestamp:               2025-09-20T11:49:23.4956980Z
LogRecord.CategoryName:            Appostolic.Api.Application.Agents.Queue.AgentTaskWorker
LogRecord.Severity:                Info
LogRecord.SeverityText:            Information
LogRecord.FormattedMessage:        AgentTaskWorker started.
LogRecord.Body:                    AgentTaskWorker started.
LogRecord.Attributes (Key:Value):
    OriginalFormat (a.k.a Body): AgentTaskWorker started.

Resource associated with LogRecord:
service.name: Appostolic.Api
service.instance.id: cfc7ce07-e6a4-4518-a7e3-7e4ff99e6a9f
telemetry.sdk.name: opentelemetry
telemetry.sdk.language: dotnet
telemetry.sdk.version: 1.9.0

info: Appostolic.Api.App.Notifications.NotificationsPurgeHostedService[0]
      NotificationsPurge started
info: Appostolic.Api.App.Notifications.AutoResendHostedService[0]
      AutoResend is disabled by configuration
info: Appostolic.Api.App.Notifications.EmailDispatcherHostedService[0]
      EmailDispatcher started
info: Appostolic.Api.App.Notifications.NotificationDispatcherHostedService[0]
      NotificationDispatcher started
info: Appostolic.Api.Application.Agents.Queue.AgentTaskWorker[0]
      AgentTaskWorker started.
LogRecord.Timestamp:               2025-09-20T11:49:23.6917400Z
LogRecord.TraceId:                 472b2bbd84b40a2fef594dd3ce229187
LogRecord.SpanId:                  b5b63e8aac9153ed
info: Microsoft.AspNetCore.Http.Result.AcceptedResult[1]
      Setting HTTP status code 202.
LogRecord.TraceFlags:              Recorded
LogRecord.CategoryName:            Microsoft.AspNetCore.Http.Result.AcceptedResult
LogRecord.Severity:                Info
LogRecord.SeverityText:            Information
LogRecord.FormattedMessage:        Setting HTTP status code 202.
LogRecord.Body:                    Setting HTTP status code {StatusCode}.
LogRecord.Attributes (Key:Value):
    StatusCode: 202
    OriginalFormat (a.k.a Body): Setting HTTP status code {StatusCode}.
LogRecord.EventId:                 1
LogRecord.EventName:               WritingResultAsStatusCode

Resource associated with LogRecord:
service.name: Appostolic.Api
service.instance.id: cfc7ce07-e6a4-4518-a7e3-7e4ff99e6a9f
telemetry.sdk.name: opentelemetry
telemetry.sdk.language: dotnet
telemetry.sdk.version: 1.9.0

Activity.TraceId:            472b2bbd84b40a2fef594dd3ce229187
Activity.SpanId:             b5b63e8aac9153ed
Activity.TraceFlags:         Recorded
Activity.ActivitySourceName: Microsoft.AspNetCore
Activity.DisplayName:        POST /api/dev/notifications/verification
Activity.Kind:               Server
Activity.StartTime:          2025-09-20T11:49:23.5935060Z
Activity.Duration:           00:00:00.0992330
Activity.Tags:
    server.address: localhost
    http.request.method: POST
    url.scheme: http
    url.path: /api/dev/notifications/verification
    network.protocol.version: 1.1
    tenant: acme
    user: dev@example.com
    http.route: /api/dev/notifications/verification
    http.response.status_code: 202
Resource associated with Activity:
    service.name: Appostolic.Api
    service.instance.id: cfc7ce07-e6a4-4518-a7e3-7e4ff99e6a9f
    telemetry.sdk.name: opentelemetry
    telemetry.sdk.language: dotnet
    telemetry.sdk.version: 1.9.0

Activity.TraceId:            472b2bbd84b40a2fef594dd3ce229187
Activity.SpanId:             b5b63e8aac9153ed
Activity.TraceFlags:         Recorded
Activity.ActivitySourceName: Microsoft.AspNetCore
Activity.DisplayName:        POST /api/dev/notifications/verification
Activity.Kind:               Server
Activity.StartTime:          2025-09-20T11:49:23.5935060Z
Activity.Duration:           00:00:00.0992330
Activity.Tags:
    server.address: localhost
    http.request.method: POST
    url.scheme: http
    url.path: /api/dev/notifications/verification
    network.protocol.version: 1.1
    tenant: acme
    user: dev@example.com
    http.route: /api/dev/notifications/verification
    http.response.status_code: 202
Resource associated with Activity:
    service.name: Appostolic.Api
    service.instance.id: cfc7ce07-e6a4-4518-a7e3-7e4ff99e6a9f
    telemetry.sdk.name: opentelemetry
    telemetry.sdk.language: dotnet
    telemetry.sdk.version: 1.9.0

Activity.TraceId:            472b2bbd84b40a2fef594dd3ce229187
Activity.SpanId:             b5b63e8aac9153ed
Activity.TraceFlags:         Recorded
Activity.ActivitySourceName: Microsoft.AspNetCore
Activity.DisplayName:        POST /api/dev/notifications/verification
Activity.Kind:               Server
Activity.StartTime:          2025-09-20T11:49:23.5935060Z
Activity.Duration:           00:00:00.0992330
Activity.Tags:
    server.address: localhost
    http.request.method: POST
    url.scheme: http
    url.path: /api/dev/notifications/verification
    network.protocol.version: 1.1
    tenant: acme
    user: dev@example.com
    http.route: /api/dev/notifications/verification
    http.response.status_code: 202
Resource associated with Activity:
    service.name: Appostolic.Api
    service.instance.id: cfc7ce07-e6a4-4518-a7e3-7e4ff99e6a9f
    telemetry.sdk.name: opentelemetry
    telemetry.sdk.language: dotnet
    telemetry.sdk.version: 1.9.0

LogRecord.Timestamp:               2025-09-20T11:49:23.7228920Z
LogRecord.CategoryName:            Appostolic.Api.App.Notifications.SmtpEmailSender
LogRecord.Severity:                Info
LogRecord.SeverityText:            Information
LogRecord.FormattedMessage:        Sending SMTP email to=d***@example.com subject=Verify your email
LogRecord.Body:                    Sending SMTP email to={To} subject={Subject}
LogRecord.Attributes (Key:Value):
    To: d***@example.com
    Subject: Verify your email
    OriginalFormat (a.k.a Body): Sending SMTP email to={To} subject={Subject}

Resource associated with LogRecord:
service.name: Appostolic.Api
service.instance.id: cfc7ce07-e6a4-4518-a7e3-7e4ff99e6a9f
telemetry.sdk.name: opentelemetry
telemetry.sdk.language: dotnet
telemetry.sdk.version: 1.9.0

info: Appostolic.Api.App.Notifications.SmtpEmailSender[0]
      Sending SMTP email to=d***@example.com subject=Verify your email
LogRecord.Timestamp:               2025-09-20T11:49:23.7928580Z
LogRecord.CategoryName:            Appostolic.Api.App.Notifications.NotificationDispatcherHostedService
LogRecord.Severity:                Info
LogRecord.SeverityText:            Information
LogRecord.FormattedMessage:        Notification sent
LogRecord.Body:                    Notification sent
LogRecord.Attributes (Key:Value):
    OriginalFormat (a.k.a Body): Notification sent

Resource associated with LogRecord:
service.name: Appostolic.Api
service.instance.id: cfc7ce07-e6a4-4518-a7e3-7e4ff99e6a9f
telemetry.sdk.name: opentelemetry
telemetry.sdk.language: dotnet
telemetry.sdk.version: 1.9.0

info: Appostolic.Api.App.Notifications.NotificationDispatcherHostedService[0]
      Notification sent
Activity.TraceId:            2de5e0a3e0445c1ff399cad23ec79114
Activity.SpanId:             1135d417a449f114
Activity.TraceFlags:         Recorded
Activity.ActivitySourceName: System.Net.Http
Activity.DisplayName:        GET
Activity.Kind:               Client
Activity.StartTime:          2025-09-20T11:49:23.9210980Z
Activity.Duration:           00:00:00.0096790
Activity.Tags:
    http.request.method: GET
    server.address: localhost
    server.port: 8025
    url.full: http://localhost:8025/api/v2/messages
    network.protocol.version: 1.1
    http.response.status_code: 200
Resource associated with Activity:
    service.name: Appostolic.Api
    service.instance.id: cfc7ce07-e6a4-4518-a7e3-7e4ff99e6a9f
    telemetry.sdk.name: opentelemetry
    telemetry.sdk.language: dotnet
    telemetry.sdk.version: 1.9.0

Activity.TraceId:            2de5e0a3e0445c1ff399cad23ec79114
Activity.SpanId:             1135d417a449f114
Activity.TraceFlags:         Recorded
Activity.ActivitySourceName: System.Net.Http
Activity.DisplayName:        GET
Activity.Kind:               Client
Activity.StartTime:          2025-09-20T11:49:23.9210980Z
Activity.Duration:           00:00:00.0096790
Activity.Tags:
    http.request.method: GET
    server.address: localhost
    server.port: 8025
    url.full: http://localhost:8025/api/v2/messages
    network.protocol.version: 1.1
    http.response.status_code: 200
Resource associated with Activity:
    service.name: Appostolic.Api
    service.instance.id: cfc7ce07-e6a4-4518-a7e3-7e4ff99e6a9f
    telemetry.sdk.name: opentelemetry
    telemetry.sdk.language: dotnet
    telemetry.sdk.version: 1.9.0

Activity.TraceId:            2de5e0a3e0445c1ff399cad23ec79114
Activity.SpanId:             1135d417a449f114
Activity.TraceFlags:         Recorded
Activity.ActivitySourceName: System.Net.Http
Activity.DisplayName:        GET
Activity.Kind:               Client
Activity.StartTime:          2025-09-20T11:49:23.9210980Z
Activity.Duration:           00:00:00.0096790
Activity.Tags:
    http.request.method: GET
    server.address: localhost
    server.port: 8025
    url.full: http://localhost:8025/api/v2/messages
    network.protocol.version: 1.1
    http.response.status_code: 200
Resource associated with Activity:
    service.name: Appostolic.Api
    service.instance.id: cfc7ce07-e6a4-4518-a7e3-7e4ff99e6a9f
    telemetry.sdk.name: opentelemetry
    telemetry.sdk.language: dotnet
    telemetry.sdk.version: 1.9.0

LogRecord.Timestamp:               2025-09-20T11:49:23.9391930Z
LogRecord.CategoryName:            Appostolic.Api.Application.Agents.Queue.AgentTaskWorker
LogRecord.Severity:                Info
LogRecord.SeverityText:            Information
LogRecord.FormattedMessage:        AgentTaskWorker stopping. dequeued=0 inflight=False inflightTaskId=(null)
LogRecord.Body:                    AgentTaskWorker stopping. dequeued={Count} inflight={HasInFlight} inflightTaskId={TaskId}
LogRecord.Attributes (Key:Value):
info: Appostolic.Api.Application.Agents.Queue.AgentTaskWorker[0]
      AgentTaskWorker stopping. dequeued=0 inflight=False inflightTaskId=(null)
    Count: 0
    HasInFlight: false
    OriginalFormat (a.k.a Body): AgentTaskWorker stopping. dequeued={Count} inflight={HasInFlight} inflightTaskId={TaskId}

Resource associated with LogRecord:
service.name: Appostolic.Api
service.instance.id: cfc7ce07-e6a4-4518-a7e3-7e4ff99e6a9f
telemetry.sdk.name: opentelemetry
telemetry.sdk.language: dotnet
telemetry.sdk.version: 1.9.0

LogRecord.Timestamp:               2025-09-20T11:49:23.9409290Z
LogRecord.CategoryName:            Appostolic.Api.App.Notifications.NotificationDispatcherHostedService
LogRecord.Severity:                Info
LogRecord.SeverityText:            Information
LogRecord.FormattedMessage:        NotificationDispatcher stopping
LogRecord.Body:                    NotificationDispatcher stopping
LogRecord.Attributes (Key:Value):
    OriginalFormat (a.k.a Body): NotificationDispatcher stopping

Resource associated with LogRecord:
service.name: Appostolic.Api
service.instance.id: cfc7ce07-e6a4-4518-a7e3-7e4ff99e6a9f
telemetry.sdk.name: opentelemetry
telemetry.sdk.language: dotnet
telemetry.sdk.version: 1.9.0

LogRecord.Timestamp:               2025-09-20T11:49:23.9410860Z
LogRecord.CategoryName:            Appostolic.Api.App.Notifications.EmailDispatcherHostedService
LogRecord.Severity:                Info
LogRecord.SeverityText:            Information
LogRecord.FormattedMessage:        EmailDispatcher stopping
LogRecord.Body:                    EmailDispatcher stopping
LogRecord.Attributes (Key:Value):
    OriginalFormat (a.k.a Body): EmailDispatcher stopping

Resource associated with LogRecord:
service.name: Appostolic.Api
service.instance.id: cfc7ce07-e6a4-4518-a7e3-7e4ff99e6a9f
telemetry.sdk.name: opentelemetry
telemetry.sdk.language: dotnet
telemetry.sdk.version: 1.9.0

LogRecord.Timestamp:               2025-09-20T11:49:23.9413060Z
LogRecord.CategoryName:            Appostolic.Api.App.Notifications.NotificationsPurgeHostedService
LogRecord.Severity:                Info
LogRecord.SeverityText:            Information
LogRecord.FormattedMessage:        NotificationsPurge stopping
LogRecord.Body:                    NotificationsPurge stopping
LogRecord.Attributes (Key:Value):
    OriginalFormat (a.k.a Body): NotificationsPurge stopping

Resource associated with LogRecord:
service.name: Appostolic.Api
service.instance.id: cfc7ce07-e6a4-4518-a7e3-7e4ff99e6a9f
telemetry.sdk.name: opentelemetry
telemetry.sdk.language: dotnet
telemetry.sdk.version: 1.9.0

info: Appostolic.Api.App.Notifications.NotificationDispatcherHostedService[0]
      NotificationDispatcher stopping
info: Appostolic.Api.App.Notifications.EmailDispatcherHostedService[0]
      EmailDispatcher stopping
info: Appostolic.Api.App.Notifications.NotificationsPurgeHostedService[0]
      NotificationsPurge stopping
Resource associated with Metric:
    service.name: Appostolic.Api
    service.instance.id: cfc7ce07-e6a4-4518-a7e3-7e4ff99e6a9f
    telemetry.sdk.name: opentelemetry
    telemetry.sdk.language: dotnet
    telemetry.sdk.version: 1.9.0

Metric Name: process.runtime.dotnet.gc.collections.count, Number of garbage collections that have occurred since process start., Meter: OpenTelemetry.Instrumentation.Runtime/1.9.0
(2025-09-20T11:49:23.4854800Z, 2025-09-20T11:49:23.9429810Z] generation: gen2 LongSum
Value: 16
(2025-09-20T11:49:23.4854800Z, 2025-09-20T11:49:23.9429810Z] generation: gen1 LongSum
Value: 23
(2025-09-20T11:49:23.4854800Z, 2025-09-20T11:49:23.9429810Z] generation: gen0 LongSum
Value: 54

Metric Name: process.runtime.dotnet.gc.objects.size, Count of bytes currently in use by objects in the GC heap that haven't been collected yet. Fragmentation and other GC committed memory pools are excluded., Unit: bytes, Meter: OpenTelemetry.Instrumentation.Runtime/1.9.0
(2025-09-20T11:49:23.4855490Z, 2025-09-20T11:49:23.9429820Z] LongSumNonMonotonic
Value: 547368064

Metric Name: process.runtime.dotnet.gc.allocations.size, Count of bytes allocated on the managed GC heap since the process start. .NET objects are allocated from this heap. Object allocations from unmanaged languages such as C/C++ do not use this heap., Unit: bytes, Meter: OpenTelemetry.Instrumentation.Runtime/1.9.0
(2025-09-20T11:49:23.4856160Z, 2025-09-20T11:49:23.9429820Z] LongSum
Value: 2557619120

Metric Name: process.runtime.dotnet.gc.committed_memory.size, The amount of committed virtual memory for the managed GC heap, as observed during the latest garbage collection. Committed virtual memory may be larger than the heap size because it includes both memory for storing existing objects (the heap size) and some extra memory that is ready to handle newly allocated objects in the future. The value will be unavailable until at least one garbage collection has occurred., Unit: bytes, Meter: OpenTelemetry.Instrumentation.Runtime/1.9.0
(2025-09-20T11:49:23.4857580Z, 2025-09-20T11:49:23.9429820Z] LongSumNonMonotonic
Value: 453083136

Metric Name: process.runtime.dotnet.gc.heap.size, The heap size (including fragmentation), as observed during the latest garbage collection. The value will be unavailable until at least one garbage collection has occurred., Unit: bytes, Meter: OpenTelemetry.Instrumentation.Runtime/1.9.0
(2025-09-20T11:49:23.4865960Z, 2025-09-20T11:49:23.9429820Z] generation: gen0 LongSumNonMonotonic
Value: 5880392
(2025-09-20T11:49:23.4865960Z, 2025-09-20T11:49:23.9429820Z] generation: gen1 LongSumNonMonotonic
Value: 10137120
(2025-09-20T11:49:23.4865960Z, 2025-09-20T11:49:23.9429820Z] generation: gen2 LongSumNonMonotonic
Value: 133013464
(2025-09-20T11:49:23.4865960Z, 2025-09-20T11:49:23.9429820Z] generation: loh LongSumNonMonotonic
Value: 303449936
(2025-09-20T11:49:23.4865960Z, 2025-09-20T11:49:23.9429820Z] generation: poh LongSumNonMonotonic
Value: 262336

Metric Name: process.runtime.dotnet.gc.heap.fragmentation.size, The heap fragmentation, as observed during the latest garbage collection. The value will be unavailable until at least one garbage collection has occurred., Unit: bytes, Meter: OpenTelemetry.Instrumentation.Runtime/1.9.0
(2025-09-20T11:49:23.4866890Z, 2025-09-20T11:49:23.9429820Z] generation: gen0 LongSumNonMonotonic
Value: 5878888
(2025-09-20T11:49:23.4866890Z, 2025-09-20T11:49:23.9429820Z] generation: gen1 LongSumNonMonotonic
Value: 128608
(2025-09-20T11:49:23.4866890Z, 2025-09-20T11:49:23.9429820Z] generation: gen2 LongSumNonMonotonic
Value: 1144616
(2025-09-20T11:49:23.4866890Z, 2025-09-20T11:49:23.9429820Z] generation: loh LongSumNonMonotonic
Value: 41979408
(2025-09-20T11:49:23.4866890Z, 2025-09-20T11:49:23.9429820Z] generation: poh LongSumNonMonotonic
Value: 0

Metric Name: process.runtime.dotnet.gc.duration, The total amount of time paused in GC since the process start., Unit: ns, Meter: OpenTelemetry.Instrumentation.Runtime/1.9.0
(2025-09-20T11:49:23.4868950Z, 2025-09-20T11:49:23.9429820Z] LongSum
Value: 891859000

Metric Name: process.runtime.dotnet.jit.il_compiled.size, Count of bytes of intermediate language that have been compiled since the process start., Unit: bytes, Meter: OpenTelemetry.Instrumentation.Runtime/1.9.0
(2025-09-20T11:49:23.4869760Z, 2025-09-20T11:49:23.9429830Z] LongSum
Value: 5949113

Metric Name: process.runtime.dotnet.jit.methods_compiled.count, The number of times the JIT compiler compiled a method since the process start. The JIT compiler may be invoked multiple times for the same method to compile with different generic parameters, or because tiered compilation requested different optimization settings., Meter: OpenTelemetry.Instrumentation.Runtime/1.9.0
(2025-09-20T11:49:23.4869870Z, 2025-09-20T11:49:23.9429830Z] LongSum
Value: 69937

Metric Name: process.runtime.dotnet.jit.compilation_time, The amount of time the JIT compiler has spent compiling methods since the process start., Unit: ns, Meter: OpenTelemetry.Instrumentation.Runtime/1.9.0
(2025-09-20T11:49:23.4869930Z, 2025-09-20T11:49:23.9429830Z] LongSum
Value: 17752681500

Metric Name: process.runtime.dotnet.monitor.lock_contention.count, The number of times there was contention when trying to acquire a monitor lock since the process start. Monitor locks are commonly acquired by using the lock keyword in C#, or by calling Monitor.Enter() and Monitor.TryEnter()., Meter: OpenTelemetry.Instrumentation.Runtime/1.9.0
(2025-09-20T11:49:23.4869990Z, 2025-09-20T11:49:23.9429830Z] LongSum
Value: 252

Metric Name: process.runtime.dotnet.thread_pool.threads.count, The number of thread pool threads that currently exist., Meter: OpenTelemetry.Instrumentation.Runtime/1.9.0
(2025-09-20T11:49:23.4870040Z, 2025-09-20T11:49:23.9429830Z] LongSumNonMonotonic
Value: 14

Metric Name: process.runtime.dotnet.thread_pool.completed_items.count, The number of work items that have been processed by the thread pool since the process start., Meter: OpenTelemetry.Instrumentation.Runtime/1.9.0
(2025-09-20T11:49:23.4870100Z, 2025-09-20T11:49:23.9429830Z] LongSum
Value: 3488

Metric Name: process.runtime.dotnet.thread_pool.queue.length, The number of work items that are currently queued to be processed by the thread pool., Meter: OpenTelemetry.Instrumentation.Runtime/1.9.0
(2025-09-20T11:49:23.4870160Z, 2025-09-20T11:49:23.9429830Z] LongSumNonMonotonic
Value: 0

Metric Name: process.runtime.dotnet.timer.count, The number of timer instances that are currently active. Timers can be created by many sources such as System.Threading.Timer, Task.Delay, or the timeout in a CancellationSource. An active timer is registered to tick at some point in the future and has not yet been canceled., Meter: OpenTelemetry.Instrumentation.Runtime/1.9.0
(2025-09-20T11:49:23.4871180Z, 2025-09-20T11:49:23.9429830Z] LongSumNonMonotonic
Value: 15

Metric Name: process.runtime.dotnet.assemblies.count, The number of .NET assemblies that are currently loaded., Meter: OpenTelemetry.Instrumentation.Runtime/1.9.0
(2025-09-20T11:49:23.4872350Z, 2025-09-20T11:49:23.9429830Z] LongSumNonMonotonic
Value: 212

Metric Name: process.runtime.dotnet.exceptions.count, Count of exceptions that have been thrown in managed code, since the observation started. The value will be unavailable until an exception has been thrown after OpenTelemetry.Instrumentation.Runtime initialization., Meter: OpenTelemetry.Instrumentation.Runtime/1.9.0
(2025-09-20T11:49:23.4873040Z, 2025-09-20T11:49:23.9429840Z] LongSum
Value: 4

Metric Name: http.server.active_requests, Number of active HTTP server requests., Unit: {request}, Meter: Microsoft.AspNetCore.Hosting
(2025-09-20T11:49:23.4905960Z, 2025-09-20T11:49:23.9429880Z] http.request.method: POST url.scheme: http LongSumNonMonotonic
Value: 0

Metric Name: http.server.request.duration, Duration of HTTP server requests., Unit: s, Meter: Microsoft.AspNetCore.Hosting
(2025-09-20T11:49:23.4908740Z, 2025-09-20T11:49:23.9429890Z] http.request.method: POST http.response.status_code: 202 http.route: /api/dev/notifications/verification network.protocol.version: 1.1 url.scheme: http Histogram
Value: Sum: 0.0992745 Count: 1 Min: 0.0992745 Max: 0.0992745 
(-Infinity,0.005]:0
(0.005,0.01]:0
(0.01,0.025]:0
(0.025,0.05]:0
(0.05,0.075]:0
(0.075,0.1]:1
(0.1,0.25]:0
(0.25,0.5]:0
(0.5,0.75]:0
(0.75,1]:0
(1,2.5]:0
(2.5,5]:0
(5,7.5]:0
(7.5,10]:0
(10,+Infinity]:0


Metric Name: aspnetcore.routing.match_attempts, Number of requests that were attempted to be matched to an endpoint., Unit: {match_attempt}, Meter: Microsoft.AspNetCore.Routing
(2025-09-20T11:49:23.4920000Z, 2025-09-20T11:49:23.9429890Z] aspnetcore.routing.is_fallback: false aspnetcore.routing.match_status: success http.route: /api/dev/notifications/verification LongSum
Value: 1

Metric Name: http.client.active_requests, Number of outbound HTTP requests that are currently active on the client., Unit: {request}, Meter: System.Net.Http
(2025-09-20T11:49:23.4932640Z, 2025-09-20T11:49:23.9429900Z] http.request.method: GET server.address: localhost server.port: 8025 url.scheme: http LongSumNonMonotonic
Value: 0

Metric Name: http.client.request.duration, The duration of outbound HTTP requests., Unit: s, Meter: System.Net.Http
(2025-09-20T11:49:23.4932730Z, 2025-09-20T11:49:23.9429920Z] http.request.method: GET http.response.status_code: 200 network.protocol.version: 1.1 server.address: localhost server.port: 8025 url.scheme: http Histogram
Value: Sum: 0.0098518 Count: 1 Min: 0.0098518 Max: 0.0098518 
(-Infinity,0.005]:0
(0.005,0.01]:1
(0.01,0.025]:0
(0.025,0.05]:0
(0.05,0.075]:0
(0.075,0.1]:0
(0.1,0.25]:0
(0.25,0.5]:0
(0.5,0.75]:0
(0.75,1]:0
(1,2.5]:0
(2.5,5]:0
(5,7.5]:0
(7.5,10]:0
(10,+Infinity]:0


Metric Name: http.client.open_connections, Number of outbound HTTP connections that are currently active or idle on the client., Unit: {connection}, Meter: System.Net.Http
(2025-09-20T11:49:23.4932780Z, 2025-09-20T11:49:23.9429930Z] http.connection.state: idle network.peer.address: ::1 network.protocol.version: 1.1 server.address: localhost server.port: 8025 url.scheme: http LongSumNonMonotonic
Value: 0
(2025-09-20T11:49:23.4932780Z, 2025-09-20T11:49:23.9429930Z] http.connection.state: active network.peer.address: ::1 network.protocol.version: 1.1 server.address: localhost server.port: 8025 url.scheme: http LongSumNonMonotonic
Value: 0
[Startup] Warning: failed to ensure app.notification_dedupes exists: Relational-specific methods can only be used when the context is using a relational database provider.
info: Endpoints.V1[0]
      [MapV1Endpoints] Environment='Development' IsDevelopment=True
LogRecord.Timestamp:               2025-09-20T11:49:24.0844090Z
LogRecord.CategoryName:            Endpoints.V1
LogRecord.Severity:                Info
LogRecord.SeverityText:            Information
LogRecord.FormattedMessage:        [MapV1Endpoints] Environment='Development' IsDevelopment=True
LogRecord.Body:                    [MapV1Endpoints] Environment='{Env}' IsDevelopment={IsDev}
LogRecord.Attributes (Key:Value):
    Env: Development
    IsDev: true
    OriginalFormat (a.k.a Body): [MapV1Endpoints] Environment='{Env}' IsDevelopment={IsDev}

Resource associated with LogRecord:
service.name: Appostolic.Api
service.instance.id: cfc7ce07-e6a4-4518-a7e3-7e4ff99e6a9f
telemetry.sdk.name: opentelemetry
telemetry.sdk.language: dotnet
telemetry.sdk.version: 1.9.0

info: Microsoft.AspNetCore.DataProtection.KeyManagement.XmlKeyManager[62]
      User profile is available. Using '/Users/kevinmccreary/.aspnet/DataProtection-Keys' as key repository; keys will not be encrypted at rest.
LogRecord.Timestamp:               2025-09-20T11:49:24.0847790Z
LogRecord.CategoryName:            Microsoft.AspNetCore.DataProtection.KeyManagement.XmlKeyManager
LogRecord.Severity:                Info
LogRecord.SeverityText:            Information
LogRecord.FormattedMessage:        User profile is available. Using '/Users/kevinmccreary/.aspnet/DataProtection-Keys' as key repository; keys will not be encrypted at rest.
LogRecord.Body:                    User profile is available. Using '{FullName}' as key repository; keys will not be encrypted at rest.
LogRecord.Attributes (Key:Value):
    FullName: /Users/kevinmccreary/.aspnet/DataProtection-Keys
    OriginalFormat (a.k.a Body): User profile is available. Using '{FullName}' as key repository; keys will not be encrypted at rest.
LogRecord.EventId:                 62
LogRecord.EventName:               UsingProfileAsKeyRepository

Resource associated with LogRecord:
service.name: Appostolic.Api
service.instance.id: cfc7ce07-e6a4-4518-a7e3-7e4ff99e6a9f
telemetry.sdk.name: opentelemetry
telemetry.sdk.language: dotnet
telemetry.sdk.version: 1.9.0

LogRecord.Timestamp:               2025-09-20T11:49:24.0963990Z
LogRecord.CategoryName:            Appostolic.Api.App.Notifications.NotificationsPurgeHostedService
LogRecord.Severity:                Info
LogRecord.SeverityText:            Information
LogRecord.FormattedMessage:        NotificationsPurge started
LogRecord.Body:                    NotificationsPurge started
LogRecord.Attributes (Key:Value):
    OriginalFormat (a.k.a Body): NotificationsPurge started

Resource associated with LogRecord:
service.name: Appostolic.Api
service.instance.id: cfc7ce07-e6a4-4518-a7e3-7e4ff99e6a9f
telemetry.sdk.name: opentelemetry
telemetry.sdk.language: dotnet
telemetry.sdk.version: 1.9.0

info: Appostolic.Api.App.Notifications.NotificationsPurgeHostedService[0]
      NotificationsPurge started
info: Appostolic.Api.App.Notifications.AutoResendHostedService[0]
      AutoResend is disabled by configuration
LogRecord.Timestamp:               2025-09-20T11:49:24.1626490Z
LogRecord.CategoryName:            Appostolic.Api.App.Notifications.AutoResendHostedService
LogRecord.Severity:                Info
LogRecord.SeverityText:            Information
LogRecord.FormattedMessage:        AutoResend is disabled by configuration
LogRecord.Body:                    AutoResend is disabled by configuration
LogRecord.Attributes (Key:Value):
    OriginalFormat (a.k.a Body): AutoResend is disabled by configuration

Resource associated with LogRecord:
service.name: Appostolic.Api
service.instance.id: cfc7ce07-e6a4-4518-a7e3-7e4ff99e6a9f
telemetry.sdk.name: opentelemetry
telemetry.sdk.language: dotnet
telemetry.sdk.version: 1.9.0

LogRecord.Timestamp:               2025-09-20T11:49:24.1626960Z
LogRecord.CategoryName:            Appostolic.Api.App.Notifications.EmailDispatcherHostedService
LogRecord.Severity:                Info
LogRecord.SeverityText:            Information
LogRecord.FormattedMessage:        EmailDispatcher started
LogRecord.Body:                    EmailDispatcher started
LogRecord.Attributes (Key:Value):
    OriginalFormat (a.k.a Body): EmailDispatcher started

Resource associated with LogRecord:
service.name: Appostolic.Api
service.instance.id: cfc7ce07-e6a4-4518-a7e3-7e4ff99e6a9f
telemetry.sdk.name: opentelemetry
telemetry.sdk.language: dotnet
telemetry.sdk.version: 1.9.0

LogRecord.Timestamp:               2025-09-20T11:49:24.1627180Z
LogRecord.CategoryName:            Appostolic.Api.App.Notifications.NotificationDispatcherHostedService
LogRecord.Severity:                Info
LogRecord.SeverityText:            Information
LogRecord.FormattedMessage:        NotificationDispatcher started
LogRecord.Body:                    NotificationDispatcher started
LogRecord.Attributes (Key:Value):
    OriginalFormat (a.k.a Body): NotificationDispatcher started

Resource associated with LogRecord:
service.name: Appostolic.Api
service.instance.id: cfc7ce07-e6a4-4518-a7e3-7e4ff99e6a9f
telemetry.sdk.name: opentelemetry
telemetry.sdk.language: dotnet
telemetry.sdk.version: 1.9.0

LogRecord.Timestamp:               2025-09-20T11:49:24.1627450Z
LogRecord.CategoryName:            Appostolic.Api.Application.Agents.Queue.AgentTaskWorker
LogRecord.Severity:                Info
LogRecord.SeverityText:            Information
LogRecord.FormattedMessage:        AgentTaskWorker started.
LogRecord.Body:                    AgentTaskWorker started.
LogRecord.Attributes (Key:Value):
    OriginalFormat (a.k.a Body): AgentTaskWorker started.

Resource associated with LogRecord:
service.name: Appostolic.Api
service.instance.id: cfc7ce07-e6a4-4518-a7e3-7e4ff99e6a9f
telemetry.sdk.name: opentelemetry
telemetry.sdk.language: dotnet
telemetry.sdk.version: 1.9.0

info: Appostolic.Api.App.Notifications.EmailDispatcherHostedService[0]
      EmailDispatcher started
info: Appostolic.Api.App.Notifications.NotificationDispatcherHostedService[0]
      NotificationDispatcher started
info: Appostolic.Api.Application.Agents.Queue.AgentTaskWorker[0]
      AgentTaskWorker started.
Activity.TraceId:            40ac46f16d1fe3a6dc6ecb0eb03618bb
Activity.SpanId:             00ffe6d15d6c70eb
Activity.TraceFlags:         Recorded
Activity.ParentSpanId:       1a130bd374bbf171
Activity.ActivitySourceName: Appostolic.AgentRuntime
Activity.DisplayName:        agent.model
Activity.Kind:               Internal
Activity.StartTime:          2025-09-20T11:49:24.8416930Z
Activity.Duration:           00:00:00.0000120
Activity.Tags:
    agent.id: 11111111-1111-1111-1111-111111111111
    task.id: bb03bfde-6637-4280-b633-8bffa7210b55
    tenant: kevin-personal
    user: kevin@example.com
    step: 1
    model.name: gpt-4o-mini
    maxSteps: 8
    duration.ms: 0
Resource associated with Activity:
    service.name: Appostolic.Api
    service.instance.id: cfc7ce07-e6a4-4518-a7e3-7e4ff99e6a9f
    telemetry.sdk.name: opentelemetry
    telemetry.sdk.language: dotnet
    telemetry.sdk.version: 1.9.0

Activity.TraceId:            40ac46f16d1fe3a6dc6ecb0eb03618bb
Activity.SpanId:             00ffe6d15d6c70eb
Activity.TraceFlags:         Recorded
Activity.ParentSpanId:       1a130bd374bbf171
Activity.ActivitySourceName: Appostolic.AgentRuntime
Activity.DisplayName:        agent.model
Activity.Kind:               Internal
Activity.StartTime:          2025-09-20T11:49:24.8416930Z
Activity.Duration:           00:00:00.0000120
Activity.Tags:
    agent.id: 11111111-1111-1111-1111-111111111111
    task.id: bb03bfde-6637-4280-b633-8bffa7210b55
    tenant: kevin-personal
    user: kevin@example.com
    step: 1
    model.name: gpt-4o-mini
    maxSteps: 8
    duration.ms: 0
Resource associated with Activity:
    service.name: Appostolic.Api
    service.instance.id: cfc7ce07-e6a4-4518-a7e3-7e4ff99e6a9f
    telemetry.sdk.name: opentelemetry
    telemetry.sdk.language: dotnet
    telemetry.sdk.version: 1.9.0

Activity.TraceId:            40ac46f16d1fe3a6dc6ecb0eb03618bb
Activity.SpanId:             00ffe6d15d6c70eb
Activity.TraceFlags:         Recorded
Activity.ParentSpanId:       1a130bd374bbf171
Activity.ActivitySourceName: Appostolic.AgentRuntime
Activity.DisplayName:        agent.model
Activity.Kind:               Internal
Activity.StartTime:          2025-09-20T11:49:24.8416930Z
Activity.Duration:           00:00:00.0000120
Activity.Tags:
    agent.id: 11111111-1111-1111-1111-111111111111
    task.id: bb03bfde-6637-4280-b633-8bffa7210b55
    tenant: kevin-personal
    user: kevin@example.com
    step: 1
    model.name: gpt-4o-mini
    maxSteps: 8
    duration.ms: 0
Resource associated with Activity:
    service.name: Appostolic.Api
    service.instance.id: cfc7ce07-e6a4-4518-a7e3-7e4ff99e6a9f
    telemetry.sdk.name: opentelemetry
    telemetry.sdk.language: dotnet
    telemetry.sdk.version: 1.9.0

info: Appostolic.Api.Application.Agents.Tools.WebSearchTool[0]
      web.search q="intro" hits=1
LogRecord.Timestamp:               2025-09-20T11:49:24.8494070Z
LogRecord.TraceId:                 40ac46f16d1fe3a6dc6ecb0eb03618bb
LogRecord.SpanId:                  42c34aac8de6c3b5
LogRecord.TraceFlags:              Recorded
LogRecord.CategoryName:            Appostolic.Api.Application.Agents.Tools.WebSearchTool
LogRecord.Severity:                Info
LogRecord.SeverityText:            Information
LogRecord.FormattedMessage:        web.search q="intro" hits=1
LogRecord.Body:                    web.search q="{Query}" hits={HitCount}
LogRecord.Attributes (Key:Value):
    Query: intro
    HitCount: 1
    OriginalFormat (a.k.a Body): web.search q="{Query}" hits={HitCount}

Resource associated with LogRecord:
service.name: Appostolic.Api
service.instance.id: cfc7ce07-e6a4-4518-a7e3-7e4ff99e6a9f
telemetry.sdk.name: opentelemetry
telemetry.sdk.language: dotnet
telemetry.sdk.version: 1.9.0

info: Appostolic.Api.Application.Agents.Tools.WebSearchTool[0]
      tool.call name=web.search tenant=kevin-personal user=kevin@example.com success=True durationMs=1
LogRecord.Timestamp:               2025-09-20T11:49:24.8506120Z
LogRecord.TraceId:                 40ac46f16d1fe3a6dc6ecb0eb03618bb
LogRecord.SpanId:                  42c34aac8de6c3b5
LogRecord.TraceFlags:              Recorded
LogRecord.CategoryName:            Appostolic.Api.Application.Agents.Tools.WebSearchTool
LogRecord.Severity:                Info
LogRecord.SeverityText:            Information
LogRecord.FormattedMessage:        tool.call name=web.search tenant=kevin-personal user=kevin@example.com success=True durationMs=1
LogRecord.Body:                    tool.call name={Name} tenant={Tenant} user={User} success={Success} durationMs={DurationMs}
LogRecord.Attributes (Key:Value):
    Name: web.search
    Tenant: kevin-personal
    User: kevin@example.com
    Success: true
    DurationMs: 1
    OriginalFormat (a.k.a Body): tool.call name={Name} tenant={Tenant} user={User} success={Success} durationMs={DurationMs}

Resource associated with LogRecord:
service.name: Appostolic.Api
service.instance.id: cfc7ce07-e6a4-4518-a7e3-7e4ff99e6a9f
telemetry.sdk.name: opentelemetry
telemetry.sdk.language: dotnet
telemetry.sdk.version: 1.9.0

Activity.TraceId:            40ac46f16d1fe3a6dc6ecb0eb03618bb
Activity.SpanId:             42c34aac8de6c3b5
Activity.TraceFlags:         Recorded
Activity.ParentSpanId:       6f6fcde8d5cf40de
Activity.ActivitySourceName: Appostolic.Tools
Activity.DisplayName:        tool.invoke
Activity.Kind:               Internal
Activity.StartTime:          2025-09-20T11:49:24.8487890Z
Activity.Duration:           00:00:00.0018810
Activity.Tags:
    tool.name: web.search
    tenant: kevin-personal
    user: kevin@example.com
    duration.ms: 1
    success: true
Resource associated with Activity:
    service.name: Appostolic.Api
    service.instance.id: cfc7ce07-e6a4-4518-a7e3-7e4ff99e6a9f
    telemetry.sdk.name: opentelemetry
    telemetry.sdk.language: dotnet
    telemetry.sdk.version: 1.9.0

Activity.TraceId:            40ac46f16d1fe3a6dc6ecb0eb03618bb
Activity.SpanId:             42c34aac8de6c3b5
Activity.TraceFlags:         Recorded
Activity.ParentSpanId:       6f6fcde8d5cf40de
Activity.ActivitySourceName: Appostolic.Tools
Activity.DisplayName:        tool.invoke
Activity.Kind:               Internal
Activity.StartTime:          2025-09-20T11:49:24.8487890Z
Activity.Duration:           00:00:00.0018810
Activity.Tags:
    tool.name: web.search
    tenant: kevin-personal
    user: kevin@example.com
    duration.ms: 1
    success: true
Resource associated with Activity:
    service.name: Appostolic.Api
    service.instance.id: cfc7ce07-e6a4-4518-a7e3-7e4ff99e6a9f
    telemetry.sdk.name: opentelemetry
    telemetry.sdk.language: dotnet
    telemetry.sdk.version: 1.9.0

Activity.TraceId:            40ac46f16d1fe3a6dc6ecb0eb03618bb
Activity.SpanId:             42c34aac8de6c3b5
Activity.TraceFlags:         Recorded
Activity.ParentSpanId:       6f6fcde8d5cf40de
Activity.ActivitySourceName: Appostolic.Tools
Activity.DisplayName:        tool.invoke
Activity.Kind:               Internal
Activity.StartTime:          2025-09-20T11:49:24.8487890Z
Activity.Duration:           00:00:00.0018810
Activity.Tags:
    tool.name: web.search
    tenant: kevin-personal
    user: kevin@example.com
    duration.ms: 1
    success: true
Resource associated with Activity:
    service.name: Appostolic.Api
    service.instance.id: cfc7ce07-e6a4-4518-a7e3-7e4ff99e6a9f
    telemetry.sdk.name: opentelemetry
    telemetry.sdk.language: dotnet
    telemetry.sdk.version: 1.9.0

Activity.TraceId:            40ac46f16d1fe3a6dc6ecb0eb03618bb
Activity.SpanId:             6f6fcde8d5cf40de
Activity.TraceFlags:         Recorded
Activity.ParentSpanId:       1a130bd374bbf171
Activity.ActivitySourceName: Appostolic.Tools
Activity.DisplayName:        tool.web.search
Activity.Kind:               Internal
Activity.StartTime:          2025-09-20T11:49:24.8487850Z
Activity.Duration:           00:00:00.0019710
Activity.Tags:
    tool.name: web.search
    tenant: kevin-personal
    user: kevin@example.com
    success: true
    duration.ms: 1
Resource associated with Activity:
    service.name: Appostolic.Api
    service.instance.id: cfc7ce07-e6a4-4518-a7e3-7e4ff99e6a9f
    telemetry.sdk.name: opentelemetry
    telemetry.sdk.language: dotnet
    telemetry.sdk.version: 1.9.0

Activity.TraceId:            40ac46f16d1fe3a6dc6ecb0eb03618bb
Activity.SpanId:             6f6fcde8d5cf40de
Activity.TraceFlags:         Recorded
Activity.ParentSpanId:       1a130bd374bbf171
Activity.ActivitySourceName: Appostolic.Tools
Activity.DisplayName:        tool.web.search
Activity.Kind:               Internal
Activity.StartTime:          2025-09-20T11:49:24.8487850Z
Activity.Duration:           00:00:00.0019710
Activity.Tags:
    tool.name: web.search
    tenant: kevin-personal
    user: kevin@example.com
    success: true
    duration.ms: 1
Resource associated with Activity:
    service.name: Appostolic.Api
    service.instance.id: cfc7ce07-e6a4-4518-a7e3-7e4ff99e6a9f
    telemetry.sdk.name: opentelemetry
    telemetry.sdk.language: dotnet
    telemetry.sdk.version: 1.9.0

Activity.TraceId:            40ac46f16d1fe3a6dc6ecb0eb03618bb
Activity.SpanId:             6f6fcde8d5cf40de
Activity.TraceFlags:         Recorded
Activity.ParentSpanId:       1a130bd374bbf171
Activity.ActivitySourceName: Appostolic.Tools
Activity.DisplayName:        tool.web.search
Activity.Kind:               Internal
Activity.StartTime:          2025-09-20T11:49:24.8487850Z
Activity.Duration:           00:00:00.0019710
Activity.Tags:
    tool.name: web.search
    tenant: kevin-personal
    user: kevin@example.com
    success: true
    duration.ms: 1
Resource associated with Activity:
    service.name: Appostolic.Api
    service.instance.id: cfc7ce07-e6a4-4518-a7e3-7e4ff99e6a9f
    telemetry.sdk.name: opentelemetry
    telemetry.sdk.language: dotnet
    telemetry.sdk.version: 1.9.0

Activity.TraceId:            40ac46f16d1fe3a6dc6ecb0eb03618bb
Activity.SpanId:             1ebe69bb3f296ca6
Activity.TraceFlags:         Recorded
Activity.ParentSpanId:       1a130bd374bbf171
Activity.ActivitySourceName: Appostolic.AgentRuntime
Activity.DisplayName:        agent.model
Activity.Kind:               Internal
Activity.StartTime:          2025-09-20T11:49:24.8519530Z
Activity.Duration:           00:00:00.0000470
Activity.Tags:
    agent.id: 11111111-1111-1111-1111-111111111111
    task.id: bb03bfde-6637-4280-b633-8bffa7210b55
    tenant: kevin-personal
    user: kevin@example.com
    step: 3
    model.name: gpt-4o-mini
    maxSteps: 8
    duration.ms: 0
Resource associated with Activity:
    service.name: Appostolic.Api
    service.instance.id: cfc7ce07-e6a4-4518-a7e3-7e4ff99e6a9f
    telemetry.sdk.name: opentelemetry
    telemetry.sdk.language: dotnet
    telemetry.sdk.version: 1.9.0

Activity.TraceId:            40ac46f16d1fe3a6dc6ecb0eb03618bb
Activity.SpanId:             1ebe69bb3f296ca6
Activity.TraceFlags:         Recorded
Activity.ParentSpanId:       1a130bd374bbf171
Activity.ActivitySourceName: Appostolic.AgentRuntime
Activity.DisplayName:        agent.model
Activity.Kind:               Internal
Activity.StartTime:          2025-09-20T11:49:24.8519530Z
Activity.Duration:           00:00:00.0000470
Activity.Tags:
    agent.id: 11111111-1111-1111-1111-111111111111
    task.id: bb03bfde-6637-4280-b633-8bffa7210b55
    tenant: kevin-personal
    user: kevin@example.com
    step: 3
    model.name: gpt-4o-mini
    maxSteps: 8
    duration.ms: 0
Resource associated with Activity:
    service.name: Appostolic.Api
    service.instance.id: cfc7ce07-e6a4-4518-a7e3-7e4ff99e6a9f
    telemetry.sdk.name: opentelemetry
    telemetry.sdk.language: dotnet
    telemetry.sdk.version: 1.9.0

Activity.TraceId:            40ac46f16d1fe3a6dc6ecb0eb03618bb
Activity.SpanId:             1ebe69bb3f296ca6
Activity.TraceFlags:         Recorded
Activity.ParentSpanId:       1a130bd374bbf171
Activity.ActivitySourceName: Appostolic.AgentRuntime
Activity.DisplayName:        agent.model
Activity.Kind:               Internal
Activity.StartTime:          2025-09-20T11:49:24.8519530Z
Activity.Duration:           00:00:00.0000470
Activity.Tags:
    agent.id: 11111111-1111-1111-1111-111111111111
    task.id: bb03bfde-6637-4280-b633-8bffa7210b55
    tenant: kevin-personal
    user: kevin@example.com
    step: 3
    model.name: gpt-4o-mini
    maxSteps: 8
    duration.ms: 0
Resource associated with Activity:
    service.name: Appostolic.Api
    service.instance.id: cfc7ce07-e6a4-4518-a7e3-7e4ff99e6a9f
    telemetry.sdk.name: opentelemetry
    telemetry.sdk.language: dotnet
    telemetry.sdk.version: 1.9.0

LogRecord.Timestamp:               2025-09-20T11:49:24.8526430Z
LogRecord.TraceId:                 40ac46f16d1fe3a6dc6ecb0eb03618bb
LogRecord.SpanId:                  1a130bd374bbf171
LogRecord.TraceFlags:              Recorded
LogRecord.CategoryName:            Appostolic.Api.Application.Agents.Runtime.AgentOrchestrator
LogRecord.Severity:                Info
LogRecord.SeverityText:            Information
LogRecord.FormattedMessage:        Task succeeded at step 3
LogRecord.Body:                    Task succeeded at step {Step}
LogRecord.Attributes (Key:Value):
    Step: 3
    OriginalFormat (a.k.a Body): Task succeeded at step {Step}

Resource associated with LogRecord:
service.name: Appostolic.Api
service.instance.id: cfc7ce07-e6a4-4518-a7e3-7e4ff99e6a9f
telemetry.sdk.name: opentelemetry
telemetry.sdk.language: dotnet
telemetry.sdk.version: 1.9.0

info: Appostolic.Api.Application.Agents.Runtime.AgentOrchestrator[0]
      Task succeeded at step 3
Activity.TraceId:            40ac46f16d1fe3a6dc6ecb0eb03618bb
Activity.SpanId:             1a130bd374bbf171
Activity.TraceFlags:         Recorded
Activity.ActivitySourceName: Appostolic.AgentRuntime
Activity.DisplayName:        agent.run
Activity.Kind:               Internal
Activity.StartTime:          2025-09-20T11:49:24.8413270Z
Activity.Duration:           00:00:00.0116630
Activity.Tags:
    task.id: bb03bfde-6637-4280-b633-8bffa7210b55
    agent.id: 11111111-1111-1111-1111-111111111111
    tenant: kevin-personal
    user: kevin@example.com
Resource associated with Activity:
    service.name: Appostolic.Api
    service.instance.id: cfc7ce07-e6a4-4518-a7e3-7e4ff99e6a9f
    telemetry.sdk.name: opentelemetry
    telemetry.sdk.language: dotnet
    telemetry.sdk.version: 1.9.0

Activity.TraceId:            40ac46f16d1fe3a6dc6ecb0eb03618bb
Activity.SpanId:             1a130bd374bbf171
Activity.TraceFlags:         Recorded
Activity.ActivitySourceName: Appostolic.AgentRuntime
Activity.DisplayName:        agent.run
Activity.Kind:               Internal
Activity.StartTime:          2025-09-20T11:49:24.8413270Z
Activity.Duration:           00:00:00.0116630
Activity.Tags:
    task.id: bb03bfde-6637-4280-b633-8bffa7210b55
    agent.id: 11111111-1111-1111-1111-111111111111
    tenant: kevin-personal
    user: kevin@example.com
Resource associated with Activity:
    service.name: Appostolic.Api
    service.instance.id: cfc7ce07-e6a4-4518-a7e3-7e4ff99e6a9f
    telemetry.sdk.name: opentelemetry
    telemetry.sdk.language: dotnet
    telemetry.sdk.version: 1.9.0

Activity.TraceId:            40ac46f16d1fe3a6dc6ecb0eb03618bb
Activity.SpanId:             1a130bd374bbf171
Activity.TraceFlags:         Recorded
Activity.ActivitySourceName: Appostolic.AgentRuntime
Activity.DisplayName:        agent.run
Activity.Kind:               Internal
Activity.StartTime:          2025-09-20T11:49:24.8413270Z
Activity.Duration:           00:00:00.0116630
Activity.Tags:
    task.id: bb03bfde-6637-4280-b633-8bffa7210b55
    agent.id: 11111111-1111-1111-1111-111111111111
    tenant: kevin-personal
    user: kevin@example.com
Resource associated with Activity:
    service.name: Appostolic.Api
    service.instance.id: cfc7ce07-e6a4-4518-a7e3-7e4ff99e6a9f
    telemetry.sdk.name: opentelemetry
    telemetry.sdk.language: dotnet
    telemetry.sdk.version: 1.9.0

LogRecord.Timestamp:               2025-09-20T11:49:24.8532710Z
LogRecord.TraceId:                 6c27cd28df3646ef0298f743171fb87c
LogRecord.SpanId:                  d41fdbaf90187403
LogRecord.TraceFlags:              Recorded
LogRecord.CategoryName:            Microsoft.AspNetCore.Http.Result.CreatedResult
LogRecord.Severity:                Info
LogRecord.SeverityText:            Information
LogRecord.FormattedMessage:        Setting HTTP status code 201.
LogRecord.Body:                    Setting HTTP status code {StatusCode}.
LogRecord.Attributes (Key:Value):
    StatusCode: 201
    OriginalFormat (a.k.a Body): Setting HTTP status code {StatusCode}.
LogRecord.EventId:                 1
LogRecord.EventName:               WritingResultAsStatusCode

Resource associated with LogRecord:
service.name: Appostolic.Api
service.instance.id: cfc7ce07-e6a4-4518-a7e3-7e4ff99e6a9f
telemetry.sdk.name: opentelemetry
telemetry.sdk.language: dotnet
telemetry.sdk.version: 1.9.0

info: Microsoft.AspNetCore.Http.Result.CreatedResult[1]
      Setting HTTP status code 201.
LogRecord.Timestamp:               2025-09-20T11:49:24.8537500Z
LogRecord.TraceId:                 6c27cd28df3646ef0298f743171fb87c
LogRecord.SpanId:                  d41fdbaf90187403
LogRecord.TraceFlags:              Recorded
LogRecord.CategoryName:            Microsoft.AspNetCore.Http.Result.CreatedResult
LogRecord.Severity:                Info
LogRecord.SeverityText:            Information
LogRecord.FormattedMessage:        Writing value of type 'AgentTaskSummary' as Json.
LogRecord.Body:                    Writing value of type '{Type}' as Json.
LogRecord.Attributes (Key:Value):
    Type: AgentTaskSummary
    OriginalFormat (a.k.a Body): Writing value of type '{Type}' as Json.
LogRecord.EventId:                 3
LogRecord.EventName:               WritingResultAsJson

Resource associated with LogRecord:
service.name: Appostolic.Api
service.instance.id: cfc7ce07-e6a4-4518-a7e3-7e4ff99e6a9f
info: Microsoft.AspNetCore.Http.Result.CreatedResult[3]
      Writing value of type 'AgentTaskSummary' as Json.
telemetry.sdk.name: opentelemetry
telemetry.sdk.language: dotnet
telemetry.sdk.version: 1.9.0

Activity.TraceId:            6c27cd28df3646ef0298f743171fb87c
Activity.SpanId:             d41fdbaf90187403
Activity.TraceFlags:         Recorded
Activity.ActivitySourceName: Microsoft.AspNetCore
Activity.DisplayName:        POST /api/agent-tasks/
Activity.Kind:               Server
Activity.StartTime:          2025-09-20T11:49:24.3307920Z
Activity.Duration:           00:00:00.5254830
Activity.Tags:
    server.address: localhost
    http.request.method: POST
    url.scheme: http
    url.path: /api/agent-tasks
    network.protocol.version: 1.1
    tenant: kevin-personal
    user: kevin@example.com
    http.route: /api/agent-tasks/
    http.response.status_code: 201
Resource associated with Activity:
    service.name: Appostolic.Api
    service.instance.id: cfc7ce07-e6a4-4518-a7e3-7e4ff99e6a9f
    telemetry.sdk.name: opentelemetry
    telemetry.sdk.language: dotnet
    telemetry.sdk.version: 1.9.0

Activity.TraceId:            6c27cd28df3646ef0298f743171fb87c
Activity.SpanId:             d41fdbaf90187403
Activity.TraceFlags:         Recorded
Activity.ActivitySourceName: Microsoft.AspNetCore
Activity.DisplayName:        POST /api/agent-tasks/
Activity.Kind:               Server
Activity.StartTime:          2025-09-20T11:49:24.3307920Z
Activity.Duration:           00:00:00.5254830
Activity.Tags:
    server.address: localhost
    http.request.method: POST
    url.scheme: http
    url.path: /api/agent-tasks
    network.protocol.version: 1.1
    tenant: kevin-personal
    user: kevin@example.com
    http.route: /api/agent-tasks/
    http.response.status_code: 201
Resource associated with Activity:
    service.name: Appostolic.Api
    service.instance.id: cfc7ce07-e6a4-4518-a7e3-7e4ff99e6a9f
    telemetry.sdk.name: opentelemetry
    telemetry.sdk.language: dotnet
    telemetry.sdk.version: 1.9.0

Activity.TraceId:            6c27cd28df3646ef0298f743171fb87c
Activity.SpanId:             d41fdbaf90187403
Activity.TraceFlags:         Recorded
Activity.ActivitySourceName: Microsoft.AspNetCore
Activity.DisplayName:        POST /api/agent-tasks/
Activity.Kind:               Server
Activity.StartTime:          2025-09-20T11:49:24.3307920Z
Activity.Duration:           00:00:00.5254830
Activity.Tags:
    server.address: localhost
    http.request.method: POST
    url.scheme: http
    url.path: /api/agent-tasks
    network.protocol.version: 1.1
    tenant: kevin-personal
    user: kevin@example.com
    http.route: /api/agent-tasks/
    http.response.status_code: 201
Resource associated with Activity:
    service.name: Appostolic.Api
    service.instance.id: cfc7ce07-e6a4-4518-a7e3-7e4ff99e6a9f
    telemetry.sdk.name: opentelemetry
    telemetry.sdk.language: dotnet
    telemetry.sdk.version: 1.9.0

LogRecord.Timestamp:               2025-09-20T11:49:24.8694630Z
LogRecord.TraceId:                 a0c17343e98972c4290c6a705588fea3
LogRecord.SpanId:                  811575c6c8c3119e
LogRecord.TraceFlags:              Recorded
LogRecord.CategoryName:            Microsoft.AspNetCore.Http.Result.OkObjectResult
LogRecord.Severity:                Info
LogRecord.SeverityText:            Information
LogRecord.FormattedMessage:        Setting HTTP status code 200.
LogRecord.Body:                    Setting HTTP status code {StatusCode}.
LogRecord.Attributes (Key:Value):
    StatusCode: 200
    OriginalFormat (a.k.a Body): Setting HTTP status code {StatusCode}.
LogRecord.EventId:                 1
LogRecord.EventName:               WritingResultAsStatusCode

Resource associated with LogRecord:
service.name: Appostolic.Api
service.instance.id: cfc7ce07-e6a4-4518-a7e3-7e4ff99e6a9f
telemetry.sdk.name: opentelemetry
telemetry.sdk.language: dotnet
telemetry.sdk.version: 1.9.0

info: Microsoft.AspNetCore.Http.Result.OkObjectResult[1]
      Setting HTTP status code 200.
LogRecord.Timestamp:               2025-09-20T11:49:24.8703890Z
LogRecord.TraceId:                 a0c17343e98972c4290c6a705588fea3
LogRecord.SpanId:                  811575c6c8c3119e
LogRecord.TraceFlags:              Recorded
LogRecord.CategoryName:            Microsoft.AspNetCore.Http.Result.OkObjectResult
LogRecord.Severity:                Info
LogRecord.SeverityText:            Information
LogRecord.FormattedMessage:        Writing value of type '<>f__AnonymousType1`2' as Json.
LogRecord.Body:                    Writing value of type '{Type}' as Json.
LogRecord.Attributes (Key:Value):
    Type: <>f__AnonymousType1`2
    OriginalFormat (a.k.a Body): Writing value of type '{Type}' as Json.
LogRecord.EventId:                 3
LogRecord.EventName:               WritingResultAsJson

Resource associated with LogRecord:
service.name: Appostolic.Api
service.instance.id: cfc7ce07-e6a4-4518-a7e3-7e4ff99e6a9f
telemetry.sdk.name: opentelemetry
telemetry.sdk.language: dotnet
telemetry.sdk.version: 1.9.0

info: Microsoft.AspNetCore.Http.Result.OkObjectResult[3]
      Writing value of type '<>f__AnonymousType1`2' as Json.
Activity.TraceId:            a0c17343e98972c4290c6a705588fea3
Activity.SpanId:             811575c6c8c3119e
Activity.TraceFlags:         Recorded
Activity.ActivitySourceName: Microsoft.AspNetCore
Activity.DisplayName:        GET /api/agent-tasks/{id:guid}
Activity.Kind:               Server
Activity.StartTime:          2025-09-20T11:49:24.8585730Z
Activity.Duration:           00:00:00.0143500
Activity.Tags:
    server.address: localhost
    url.query: ?includeTraces=Redacted
    http.request.method: GET
    url.scheme: http
    url.path: /api/agent-tasks/bb03bfde-6637-4280-b633-8bffa7210b55
    network.protocol.version: 1.1
    tenant: kevin-personal
    user: kevin@example.com
    http.route: /api/agent-tasks/{id:guid}
    http.response.status_code: 200
Resource associated with Activity:
    service.name: Appostolic.Api
    service.instance.id: cfc7ce07-e6a4-4518-a7e3-7e4ff99e6a9f
    telemetry.sdk.name: opentelemetry
    telemetry.sdk.language: dotnet
    telemetry.sdk.version: 1.9.0

Activity.TraceId:            a0c17343e98972c4290c6a705588fea3
Activity.SpanId:             811575c6c8c3119e
Activity.TraceFlags:         Recorded
Activity.ActivitySourceName: Microsoft.AspNetCore
Activity.DisplayName:        GET /api/agent-tasks/{id:guid}
Activity.Kind:               Server
Activity.StartTime:          2025-09-20T11:49:24.8585730Z
Activity.Duration:           00:00:00.0143500
Activity.Tags:
    server.address: localhost
    url.query: ?includeTraces=Redacted
    http.request.method: GET
    url.scheme: http
    url.path: /api/agent-tasks/bb03bfde-6637-4280-b633-8bffa7210b55
    network.protocol.version: 1.1
    tenant: kevin-personal
    user: kevin@example.com
    http.route: /api/agent-tasks/{id:guid}
    http.response.status_code: 200
Resource associated with Activity:
    service.name: Appostolic.Api
    service.instance.id: cfc7ce07-e6a4-4518-a7e3-7e4ff99e6a9f
    telemetry.sdk.name: opentelemetry
    telemetry.sdk.language: dotnet
    telemetry.sdk.version: 1.9.0

Activity.TraceId:            a0c17343e98972c4290c6a705588fea3
Activity.SpanId:             811575c6c8c3119e
Activity.TraceFlags:         Recorded
Activity.ActivitySourceName: Microsoft.AspNetCore
Activity.DisplayName:        GET /api/agent-tasks/{id:guid}
Activity.Kind:               Server
Activity.StartTime:          2025-09-20T11:49:24.8585730Z
Activity.Duration:           00:00:00.0143500
Activity.Tags:
    server.address: localhost
    url.query: ?includeTraces=Redacted
    http.request.method: GET
    url.scheme: http
    url.path: /api/agent-tasks/bb03bfde-6637-4280-b633-8bffa7210b55
    network.protocol.version: 1.1
    tenant: kevin-personal
    user: kevin@example.com
    http.route: /api/agent-tasks/{id:guid}
    http.response.status_code: 200
Resource associated with Activity:
    service.name: Appostolic.Api
    service.instance.id: cfc7ce07-e6a4-4518-a7e3-7e4ff99e6a9f
    telemetry.sdk.name: opentelemetry
    telemetry.sdk.language: dotnet
    telemetry.sdk.version: 1.9.0

LogRecord.Timestamp:               2025-09-20T11:49:24.8800230Z
LogRecord.CategoryName:            Appostolic.Api.Application.Agents.Queue.AgentTaskWorker
LogRecord.Severity:                Info
LogRecord.SeverityText:            Information
LogRecord.FormattedMessage:        AgentTaskWorker stopping. dequeued=1 inflight=False inflightTaskId=(null)
LogRecord.Body:                    AgentTaskWorker stopping. dequeued={Count} inflight={HasInFlight} inflightTaskId={TaskId}
LogRecord.Attributes (Key:Value):
    Count: 1
    HasInFlight: false
    OriginalFormat (a.k.a Body): AgentTaskWorker stopping. dequeued={Count} inflight={HasInFlight} inflightTaskId={TaskId}

Resource associated with LogRecord:
service.name: Appostolic.Api
service.instance.id: cfc7ce07-e6a4-4518-a7e3-7e4ff99e6a9f
telemetry.sdk.name: opentelemetry
telemetry.sdk.language: dotnet
telemetry.sdk.version: 1.9.0

info: Appostolic.Api.Application.Agents.Queue.AgentTaskWorker[0]
      AgentTaskWorker stopping. dequeued=1 inflight=False inflightTaskId=(null)
info: Appostolic.Api.App.Notifications.NotificationDispatcherHostedService[0]
      NotificationDispatcher stopping
LogRecord.Timestamp:               2025-09-20T11:49:24.8824960Z
LogRecord.CategoryName:            Appostolic.Api.App.Notifications.NotificationDispatcherHostedService
LogRecord.Severity:                Info
LogRecord.SeverityText:            Information
LogRecord.FormattedMessage:        NotificationDispatcher stopping
LogRecord.Body:                    NotificationDispatcher stopping
LogRecord.Attributes (Key:Value):
    OriginalFormat (a.k.a Body): NotificationDispatcher stopping

Resource associated with LogRecord:
service.name: Appostolic.Api
service.instance.id: cfc7ce07-e6a4-4518-a7e3-7e4ff99e6a9f
telemetry.sdk.name: opentelemetry
telemetry.sdk.language: dotnet
telemetry.sdk.version: 1.9.0

info: Appostolic.Api.App.Notifications.EmailDispatcherHostedService[0]
      EmailDispatcher stopping
LogRecord.Timestamp:               2025-09-20T11:49:24.8831830Z
LogRecord.CategoryName:            Appostolic.Api.App.Notifications.EmailDispatcherHostedService
LogRecord.Severity:                Info
LogRecord.SeverityText:            Information
LogRecord.FormattedMessage:        EmailDispatcher stopping
LogRecord.Body:                    EmailDispatcher stopping
LogRecord.Attributes (Key:Value):
    OriginalFormat (a.k.a Body): EmailDispatcher stopping

Resource associated with LogRecord:
service.name: Appostolic.Api
service.instance.id: cfc7ce07-e6a4-4518-a7e3-7e4ff99e6a9f
telemetry.sdk.name: opentelemetry
telemetry.sdk.language: dotnet
telemetry.sdk.version: 1.9.0

LogRecord.Timestamp:               2025-09-20T11:49:24.8837130Z
LogRecord.CategoryName:            Appostolic.Api.App.Notifications.NotificationsPurgeHostedService
LogRecord.Severity:                Info
LogRecord.SeverityText:            Information
LogRecord.FormattedMessage:        NotificationsPurge stopping
info: Appostolic.Api.App.Notifications.NotificationsPurgeHostedService[0]
      NotificationsPurge stopping
LogRecord.Body:                    NotificationsPurge stopping
LogRecord.Attributes (Key:Value):
    OriginalFormat (a.k.a Body): NotificationsPurge stopping

Resource associated with LogRecord:
service.name: Appostolic.Api
service.instance.id: cfc7ce07-e6a4-4518-a7e3-7e4ff99e6a9f
telemetry.sdk.name: opentelemetry
telemetry.sdk.language: dotnet
telemetry.sdk.version: 1.9.0

Resource associated with Metric:
    service.name: Appostolic.Api
    service.instance.id: cfc7ce07-e6a4-4518-a7e3-7e4ff99e6a9f
    telemetry.sdk.name: opentelemetry
    telemetry.sdk.language: dotnet
    telemetry.sdk.version: 1.9.0

Metric Name: process.runtime.dotnet.gc.collections.count, Number of garbage collections that have occurred since process start., Meter: OpenTelemetry.Instrumentation.Runtime/1.9.0
(2025-09-20T11:49:24.0906490Z, 2025-09-20T11:49:24.8845070Z] generation: gen2 LongSum
Value: 17
(2025-09-20T11:49:24.0906490Z, 2025-09-20T11:49:24.8845070Z] generation: gen1 LongSum
Value: 25
(2025-09-20T11:49:24.0906490Z, 2025-09-20T11:49:24.8845070Z] generation: gen0 LongSum
Value: 54

Metric Name: process.runtime.dotnet.gc.objects.size, Count of bytes currently in use by objects in the GC heap that haven't been collected yet. Fragmentation and other GC committed memory pools are excluded., Unit: bytes, Meter: OpenTelemetry.Instrumentation.Runtime/1.9.0
(2025-09-20T11:49:24.0906980Z, 2025-09-20T11:49:24.8845070Z] LongSumNonMonotonic
Value: 558808480

Metric Name: process.runtime.dotnet.gc.allocations.size, Count of bytes allocated on the managed GC heap since the process start. .NET objects are allocated from this heap. Object allocations from unmanaged languages such as C/C++ do not use this heap., Unit: bytes, Meter: OpenTelemetry.Instrumentation.Runtime/1.9.0
(2025-09-20T11:49:24.0907340Z, 2025-09-20T11:49:24.8845070Z] LongSum
Value: 2584514728

Metric Name: process.runtime.dotnet.gc.committed_memory.size, The amount of committed virtual memory for the managed GC heap, as observed during the latest garbage collection. Committed virtual memory may be larger than the heap size because it includes both memory for storing existing objects (the heap size) and some extra memory that is ready to handle newly allocated objects in the future. The value will be unavailable until at least one garbage collection has occurred., Unit: bytes, Meter: OpenTelemetry.Instrumentation.Runtime/1.9.0
(2025-09-20T11:49:24.0907860Z, 2025-09-20T11:49:24.8845070Z] LongSumNonMonotonic
Value: 464093184

Metric Name: process.runtime.dotnet.gc.heap.size, The heap size (including fragmentation), as observed during the latest garbage collection. The value will be unavailable until at least one garbage collection has occurred., Unit: bytes, Meter: OpenTelemetry.Instrumentation.Runtime/1.9.0
(2025-09-20T11:49:24.0908360Z, 2025-09-20T11:49:24.8845080Z] generation: gen0 LongSumNonMonotonic
Value: 14164432
(2025-09-20T11:49:24.0908360Z, 2025-09-20T11:49:24.8845080Z] generation: gen1 LongSumNonMonotonic
Value: 1546784
(2025-09-20T11:49:24.0908360Z, 2025-09-20T11:49:24.8845080Z] generation: gen2 LongSumNonMonotonic
Value: 144218296
(2025-09-20T11:49:24.0908360Z, 2025-09-20T11:49:24.8845080Z] generation: loh LongSumNonMonotonic
Value: 303449936
(2025-09-20T11:49:24.0908360Z, 2025-09-20T11:49:24.8845080Z] generation: poh LongSumNonMonotonic
Value: 262336

Metric Name: process.runtime.dotnet.gc.heap.fragmentation.size, The heap fragmentation, as observed during the latest garbage collection. The value will be unavailable until at least one garbage collection has occurred., Unit: bytes, Meter: OpenTelemetry.Instrumentation.Runtime/1.9.0
(2025-09-20T11:49:24.0908710Z, 2025-09-20T11:49:24.8845080Z] generation: gen0 LongSumNonMonotonic
Value: 14163520
(2025-09-20T11:49:24.0908710Z, 2025-09-20T11:49:24.8845080Z] generation: gen1 LongSumNonMonotonic
Value: 34336
(2025-09-20T11:49:24.0908710Z, 2025-09-20T11:49:24.8845080Z] generation: gen2 LongSumNonMonotonic
Value: 1271360
(2025-09-20T11:49:24.0908710Z, 2025-09-20T11:49:24.8845080Z] generation: loh LongSumNonMonotonic
Value: 39405712
(2025-09-20T11:49:24.0908710Z, 2025-09-20T11:49:24.8845080Z] generation: poh LongSumNonMonotonic
Value: 0

Metric Name: process.runtime.dotnet.gc.duration, The total amount of time paused in GC since the process start., Unit: ns, Meter: OpenTelemetry.Instrumentation.Runtime/1.9.0
(2025-09-20T11:49:24.0909120Z, 2025-09-20T11:49:24.8845080Z] LongSum
Value: 931268000

Metric Name: process.runtime.dotnet.jit.il_compiled.size, Count of bytes of intermediate language that have been compiled since the process start., Unit: bytes, Meter: OpenTelemetry.Instrumentation.Runtime/1.9.0
(2025-09-20T11:49:24.0909540Z, 2025-09-20T11:49:24.8845080Z] LongSum
Value: 6080389

Metric Name: process.runtime.dotnet.jit.methods_compiled.count, The number of times the JIT compiler compiled a method since the process start. The JIT compiler may be invoked multiple times for the same method to compile with different generic parameters, or because tiered compilation requested different optimization settings., Meter: OpenTelemetry.Instrumentation.Runtime/1.9.0
(2025-09-20T11:49:24.0909910Z, 2025-09-20T11:49:24.8845080Z] LongSum
Value: 71422

Metric Name: process.runtime.dotnet.jit.compilation_time, The amount of time the JIT compiler has spent compiling methods since the process start., Unit: ns, Meter: OpenTelemetry.Instrumentation.Runtime/1.9.0
(2025-09-20T11:49:24.0910610Z, 2025-09-20T11:49:24.8845080Z] LongSum
Value: 18388203400

Metric Name: process.runtime.dotnet.monitor.lock_contention.count, The number of times there was contention when trying to acquire a monitor lock since the process start. Monitor locks are commonly acquired by using the lock keyword in C#, or by calling Monitor.Enter() and Monitor.TryEnter()., Meter: OpenTelemetry.Instrumentation.Runtime/1.9.0
(2025-09-20T11:49:24.0911010Z, 2025-09-20T11:49:24.8845080Z] LongSum
Value: 253

Metric Name: process.runtime.dotnet.thread_pool.threads.count, The number of thread pool threads that currently exist., Meter: OpenTelemetry.Instrumentation.Runtime/1.9.0
(2025-09-20T11:49:24.0911340Z, 2025-09-20T11:49:24.8845080Z] LongSumNonMonotonic
Value: 14

Metric Name: process.runtime.dotnet.thread_pool.completed_items.count, The number of work items that have been processed by the thread pool since the process start., Meter: OpenTelemetry.Instrumentation.Runtime/1.9.0
(2025-09-20T11:49:24.0911710Z, 2025-09-20T11:49:24.8845080Z] LongSum
Value: 3537

Metric Name: process.runtime.dotnet.thread_pool.queue.length, The number of work items that are currently queued to be processed by the thread pool., Meter: OpenTelemetry.Instrumentation.Runtime/1.9.0
(2025-09-20T11:49:24.0912060Z, 2025-09-20T11:49:24.8845080Z] LongSumNonMonotonic
Value: 0

Metric Name: process.runtime.dotnet.timer.count, The number of timer instances that are currently active. Timers can be created by many sources such as System.Threading.Timer, Task.Delay, or the timeout in a CancellationSource. An active timer is registered to tick at some point in the future and has not yet been canceled., Meter: OpenTelemetry.Instrumentation.Runtime/1.9.0
(2025-09-20T11:49:24.0912520Z, 2025-09-20T11:49:24.8845090Z] LongSumNonMonotonic
Value: 15

Metric Name: process.runtime.dotnet.assemblies.count, The number of .NET assemblies that are currently loaded., Meter: OpenTelemetry.Instrumentation.Runtime/1.9.0
(2025-09-20T11:49:24.0912880Z, 2025-09-20T11:49:24.8845090Z] LongSumNonMonotonic
Value: 212

Metric Name: process.runtime.dotnet.exceptions.count, Count of exceptions that have been thrown in managed code, since the observation started. The value will be unavailable until an exception has been thrown after OpenTelemetry.Instrumentation.Runtime initialization., Meter: OpenTelemetry.Instrumentation.Runtime/1.9.0
(2025-09-20T11:49:24.0913360Z, 2025-09-20T11:49:24.8845090Z] LongSum
Value: 4

Metric Name: agent.tasks.created, Count of agent tasks created., Unit: {task}, Meter: Appostolic.Metrics
(2025-09-20T11:49:24.0913660Z, 2025-09-20T11:49:24.8845090Z] agent.id: 11111111-1111-1111-1111-111111111111 tenant: kevin-personal LongSum
Value: 1

Metric Name: agent.tasks.completed, Count of agent tasks completed by status., Unit: {task}, Meter: Appostolic.Metrics
(2025-09-20T11:49:24.0913990Z, 2025-09-20T11:49:24.8845100Z] status: Succeeded LongSum
Value: 1

Metric Name: agent.task.duration, End-to-end task duration from CreatedAt to FinishedAt., Unit: ms, Meter: Appostolic.Metrics
(2025-09-20T11:49:24.0914390Z, 2025-09-20T11:49:24.8845110Z] status: Succeeded Histogram
Value: Sum: 30 Count: 1 Min: 30 Max: 30 
(-Infinity,0]:0
(0,5]:0
(5,10]:0
(10,25]:0
(25,50]:1
(50,75]:0
(75,100]:0
(100,250]:0
(250,500]:0
(500,750]:0
(750,1000]:0
(1000,2500]:0
(2500,5000]:0
(5000,7500]:0
(7500,10000]:0
(10000,+Infinity]:0


Metric Name: agent.model.tokens, Total tokens used by model decisions (prompt + completion)., Unit: {token}, Meter: Appostolic.Metrics
(2025-09-20T11:49:24.0914830Z, 2025-09-20T11:49:24.8845120Z] agentId: 11111111-1111-1111-1111-111111111111 model: gpt-4o-mini LongSum
Value: 248

Metric Name: agent.tool.duration, Duration of tool invocations., Unit: ms, Meter: Appostolic.Metrics
(2025-09-20T11:49:24.0915270Z, 2025-09-20T11:49:24.8845130Z] tool: web.search Histogram
Value: Sum: 1 Count: 1 Min: 1 Max: 1 
(-Infinity,0]:0
(0,5]:1
(5,10]:0
(10,25]:0
(25,50]:0
(50,75]:0
(75,100]:0
(100,250]:0
(250,500]:0
(500,750]:0
(750,1000]:0
(1000,2500]:0
(2500,5000]:0
(5000,7500]:0
(7500,10000]:0
(10000,+Infinity]:0


Metric Name: http.server.active_requests, Number of active HTTP server requests., Unit: {request}, Meter: Microsoft.AspNetCore.Hosting
(2025-09-20T11:49:24.0918770Z, 2025-09-20T11:49:24.8845160Z] http.request.method: POST url.scheme: http LongSumNonMonotonic
Value: 0
(2025-09-20T11:49:24.0918770Z, 2025-09-20T11:49:24.8845160Z] http.request.method: GET url.scheme: http LongSumNonMonotonic
Value: 0

Metric Name: http.server.request.duration, Duration of HTTP server requests., Unit: s, Meter: Microsoft.AspNetCore.Hosting
(2025-09-20T11:49:24.0919160Z, 2025-09-20T11:49:24.8845170Z] http.request.method: POST http.response.status_code: 201 http.route: /api/agent-tasks/ network.protocol.version: 1.1 url.scheme: http Histogram
Value: Sum: 0.5255062 Count: 1 Min: 0.5255062 Max: 0.5255062 
(-Infinity,0.005]:0
(0.005,0.01]:0
(0.01,0.025]:0
(0.025,0.05]:0
(0.05,0.075]:0
(0.075,0.1]:0
(0.1,0.25]:0
(0.25,0.5]:0
(0.5,0.75]:1
(0.75,1]:0
(1,2.5]:0
(2.5,5]:0
(5,7.5]:0
(7.5,10]:0
(10,+Infinity]:0

(2025-09-20T11:49:24.0919160Z, 2025-09-20T11:49:24.8845170Z] http.request.method: GET http.response.status_code: 200 http.route: /api/agent-tasks/{id:guid} network.protocol.version: 1.1 url.scheme: http Histogram
Value: Sum: 0.0143422 Count: 1 Min: 0.0143422 Max: 0.0143422 
(-Infinity,0.005]:0
(0.005,0.01]:0
(0.01,0.025]:1
(0.025,0.05]:0
(0.05,0.075]:0
(0.075,0.1]:0
(0.1,0.25]:0
(0.25,0.5]:0
(0.5,0.75]:0
(0.75,1]:0
(1,2.5]:0
(2.5,5]:0
(5,7.5]:0
(7.5,10]:0
(10,+Infinity]:0


Metric Name: aspnetcore.routing.match_attempts, Number of requests that were attempted to be matched to an endpoint., Unit: {match_attempt}, Meter: Microsoft.AspNetCore.Routing
(2025-09-20T11:49:24.0920370Z, 2025-09-20T11:49:24.8845180Z] aspnetcore.routing.is_fallback: false aspnetcore.routing.match_status: success http.route: /api/agent-tasks/ LongSum
Value: 1
(2025-09-20T11:49:24.0920370Z, 2025-09-20T11:49:24.8845180Z] aspnetcore.routing.is_fallback: false aspnetcore.routing.match_status: success http.route: /api/agent-tasks/{id:guid} LongSum
Value: 1
[Startup] Warning: failed to ensure app.notification_dedupes exists: Relational-specific methods can only be used when the context is using a relational database provider.
info: Endpoints.V1[0]
      [MapV1Endpoints] Environment='Development' IsDevelopment=True
LogRecord.Timestamp:               2025-09-20T11:49:24.9703730Z
LogRecord.CategoryName:            Endpoints.V1
LogRecord.Severity:                Info
LogRecord.SeverityText:            Information
LogRecord.FormattedMessage:        [MapV1Endpoints] Environment='Development' IsDevelopment=True
LogRecord.Body:                    [MapV1Endpoints] Environment='{Env}' IsDevelopment={IsDev}
LogRecord.Attributes (Key:Value):
    Env: Development
    IsDev: true
    OriginalFormat (a.k.a Body): [MapV1Endpoints] Environment='{Env}' IsDevelopment={IsDev}

Resource associated with LogRecord:
service.name: Appostolic.Api
service.instance.id: cfc7ce07-e6a4-4518-a7e3-7e4ff99e6a9f
telemetry.sdk.name: opentelemetry
telemetry.sdk.language: dotnet
telemetry.sdk.version: 1.9.0

info: Microsoft.AspNetCore.DataProtection.KeyManagement.XmlKeyManager[62]
      User profile is available. Using '/Users/kevinmccreary/.aspnet/DataProtection-Keys' as key repository; keys will not be encrypted at rest.
LogRecord.Timestamp:               2025-09-20T11:49:24.9715270Z
LogRecord.CategoryName:            Microsoft.AspNetCore.DataProtection.KeyManagement.XmlKeyManager
LogRecord.Severity:                Info
LogRecord.SeverityText:            Information
LogRecord.FormattedMessage:        User profile is available. Using '/Users/kevinmccreary/.aspnet/DataProtection-Keys' as key repository; keys will not be encrypted at rest.
LogRecord.Body:                    User profile is available. Using '{FullName}' as key repository; keys will not be encrypted at rest.
LogRecord.Attributes (Key:Value):
    FullName: /Users/kevinmccreary/.aspnet/DataProtection-Keys
    OriginalFormat (a.k.a Body): User profile is available. Using '{FullName}' as key repository; keys will not be encrypted at rest.
LogRecord.EventId:                 62
LogRecord.EventName:               UsingProfileAsKeyRepository

Resource associated with LogRecord:
service.name: Appostolic.Api
service.instance.id: cfc7ce07-e6a4-4518-a7e3-7e4ff99e6a9f
telemetry.sdk.name: opentelemetry
telemetry.sdk.language: dotnet
telemetry.sdk.version: 1.9.0

LogRecord.Timestamp:               2025-09-20T11:49:24.9747440Z
LogRecord.CategoryName:            Appostolic.Api.App.Notifications.NotificationsPurgeHostedService
LogRecord.Severity:                Info
LogRecord.SeverityText:            Information
LogRecord.FormattedMessage:        NotificationsPurge started
LogRecord.Body:                    NotificationsPurge started
LogRecord.Attributes (Key:Value):
    OriginalFormat (a.k.a Body): NotificationsPurge started

Resource associated with LogRecord:
service.name: Appostolic.Api
service.instance.id: cfc7ce07-e6a4-4518-a7e3-7e4ff99e6a9f
telemetry.sdk.name: opentelemetry
telemetry.sdk.language: dotnet
telemetry.sdk.version: 1.9.0

info: Appostolic.Api.App.Notifications.NotificationsPurgeHostedService[0]
      NotificationsPurge started
LogRecord.Timestamp:               2025-09-20T11:49:24.9765590Z
info: Appostolic.Api.App.Notifications.AutoResendHostedService[0]
      AutoResend is disabled by configuration
LogRecord.CategoryName:            Appostolic.Api.App.Notifications.AutoResendHostedService
LogRecord.Severity:                Info
LogRecord.SeverityText:            Information
LogRecord.FormattedMessage:        AutoResend is disabled by configuration
LogRecord.Body:                    AutoResend is disabled by configuration
LogRecord.Attributes (Key:Value):
    OriginalFormat (a.k.a Body): AutoResend is disabled by configuration

Resource associated with LogRecord:
service.name: Appostolic.Api
service.instance.id: cfc7ce07-e6a4-4518-a7e3-7e4ff99e6a9f
telemetry.sdk.name: opentelemetry
telemetry.sdk.language: dotnet
telemetry.sdk.version: 1.9.0

LogRecord.Timestamp:               2025-09-20T11:49:24.9765970Z
LogRecord.CategoryName:            Appostolic.Api.App.Notifications.EmailDispatcherHostedService
LogRecord.Severity:                Info
LogRecord.SeverityText:            Information
LogRecord.FormattedMessage:        EmailDispatcher started
LogRecord.Body:                    EmailDispatcher started
LogRecord.Attributes (Key:Value):
    OriginalFormat (a.k.a Body): EmailDispatcher started

Resource associated with LogRecord:
service.name: Appostolic.Api
service.instance.id: cfc7ce07-e6a4-4518-a7e3-7e4ff99e6a9f
telemetry.sdk.name: opentelemetry
telemetry.sdk.language: dotnet
telemetry.sdk.version: 1.9.0

LogRecord.Timestamp:               2025-09-20T11:49:24.9766200Z
LogRecord.CategoryName:            Appostolic.Api.App.Notifications.NotificationDispatcherHostedService
LogRecord.Severity:                Info
LogRecord.SeverityText:            Information
LogRecord.FormattedMessage:        NotificationDispatcher started
LogRecord.Body:                    NotificationDispatcher started
LogRecord.Attributes (Key:Value):
    OriginalFormat (a.k.a Body): NotificationDispatcher started

Resource associated with LogRecord:
service.name: Appostolic.Api
service.instance.id: cfc7ce07-e6a4-4518-a7e3-7e4ff99e6a9f
telemetry.sdk.name: opentelemetry
telemetry.sdk.language: dotnet
telemetry.sdk.version: 1.9.0

LogRecord.Timestamp:               2025-09-20T11:49:24.9766420Z
LogRecord.CategoryName:            Appostolic.Api.Application.Agents.Queue.AgentTaskWorker
LogRecord.Severity:                Info
LogRecord.SeverityText:            Information
LogRecord.FormattedMessage:        AgentTaskWorker started.
LogRecord.Body:                    AgentTaskWorker started.
LogRecord.Attributes (Key:Value):
    OriginalFormat (a.k.a Body): AgentTaskWorker started.

Resource associated with LogRecord:
service.name: Appostolic.Api
service.instance.id: cfc7ce07-e6a4-4518-a7e3-7e4ff99e6a9f
telemetry.sdk.name: opentelemetry
telemetry.sdk.language: dotnet
telemetry.sdk.version: 1.9.0

info: Appostolic.Api.App.Notifications.EmailDispatcherHostedService[0]
      EmailDispatcher started
info: Appostolic.Api.App.Notifications.NotificationDispatcherHostedService[0]
      NotificationDispatcher started
info: Appostolic.Api.Application.Agents.Queue.AgentTaskWorker[0]
      AgentTaskWorker started.
LogRecord.Timestamp:               2025-09-20T11:49:25.0985580Z
info: Appostolic.Api.Infrastructure.Auth.DevHeaderAuthHandler[7]
      Dev was not authenticated. Failure message: Missing x-dev-user or x-tenant headers
LogRecord.TraceId:                 e948d07cf8d11102ea4481da57896ff4
LogRecord.SpanId:                  b2fe1869e6e509da
LogRecord.TraceFlags:              Recorded
LogRecord.CategoryName:            Appostolic.Api.Infrastructure.Auth.DevHeaderAuthHandler
LogRecord.Severity:                Info
LogRecord.SeverityText:            Information
LogRecord.FormattedMessage:        Dev was not authenticated. Failure message: Missing x-dev-user or x-tenant headers
LogRecord.Body:                    {AuthenticationScheme} was not authenticated. Failure message: {FailureMessage}
LogRecord.Attributes (Key:Value):
    AuthenticationScheme: Dev
    FailureMessage: Missing x-dev-user or x-tenant headers
    OriginalFormat (a.k.a Body): {AuthenticationScheme} was not authenticated. Failure message: {FailureMessage}
LogRecord.EventId:                 7
LogRecord.EventName:               AuthenticationSchemeNotAuthenticatedWithFailure

Resource associated with LogRecord:
service.name: Appostolic.Api
service.instance.id: cfc7ce07-e6a4-4518-a7e3-7e4ff99e6a9f
telemetry.sdk.name: opentelemetry
telemetry.sdk.language: dotnet
telemetry.sdk.version: 1.9.0

info: Microsoft.AspNetCore.Authorization.DefaultAuthorizationService[2]
      Authorization failed. These requirements were not met:
      DenyAnonymousAuthorizationRequirement: Requires an authenticated user.
LogRecord.Timestamp:               2025-09-20T11:49:25.0989780Z
LogRecord.TraceId:                 e948d07cf8d11102ea4481da57896ff4
LogRecord.SpanId:                  b2fe1869e6e509da
LogRecord.TraceFlags:              Recorded
LogRecord.CategoryName:            Microsoft.AspNetCore.Authorization.DefaultAuthorizationService
LogRecord.Severity:                Info
LogRecord.SeverityText:            Information
LogRecord.FormattedMessage:        Authorization failed. These requirements were not met:
DenyAnonymousAuthorizationRequirement: Requires an authenticated user.
LogRecord.Body:                    Authorization failed. {Reason}
LogRecord.Attributes (Key:Value):
    Reason: These requirements were not met:
DenyAnonymousAuthorizationRequirement: Requires an authenticated user.
    OriginalFormat (a.k.a Body): Authorization failed. {Reason}
LogRecord.EventId:                 2
LogRecord.EventName:               UserAuthorizationFailed

Resource associated with LogRecord:
service.name: Appostolic.Api
service.instance.id: cfc7ce07-e6a4-4518-a7e3-7e4ff99e6a9f
telemetry.sdk.name: opentelemetry
telemetry.sdk.language: dotnet
telemetry.sdk.version: 1.9.0

info: Appostolic.Api.Infrastructure.Auth.DevHeaderAuthHandler[12]
      AuthenticationScheme: Dev was challenged.
LogRecord.Timestamp:               2025-09-20T11:49:25.0991850Z
LogRecord.TraceId:                 e948d07cf8d11102ea4481da57896ff4
LogRecord.SpanId:                  b2fe1869e6e509da
LogRecord.TraceFlags:              Recorded
LogRecord.CategoryName:            Appostolic.Api.Infrastructure.Auth.DevHeaderAuthHandler
LogRecord.Severity:                Info
LogRecord.SeverityText:            Information
LogRecord.FormattedMessage:        AuthenticationScheme: Dev was challenged.
LogRecord.Body:                    AuthenticationScheme: {AuthenticationScheme} was challenged.
LogRecord.Attributes (Key:Value):
    AuthenticationScheme: Dev
    OriginalFormat (a.k.a Body): AuthenticationScheme: {AuthenticationScheme} was challenged.
LogRecord.EventId:                 12
LogRecord.EventName:               AuthenticationSchemeChallenged

Resource associated with LogRecord:
service.name: Appostolic.Api
service.instance.id: cfc7ce07-e6a4-4518-a7e3-7e4ff99e6a9f
telemetry.sdk.name: opentelemetry
telemetry.sdk.language: dotnet
telemetry.sdk.version: 1.9.0

Activity.TraceId:            e948d07cf8d11102ea4481da57896ff4
Activity.SpanId:             b2fe1869e6e509da
Activity.TraceFlags:         Recorded
Activity.ActivitySourceName: Microsoft.AspNetCore
Activity.DisplayName:        GET /api/agent-tasks/
Activity.Kind:               Server
Activity.StartTime:          2025-09-20T11:49:25.0453740Z
Activity.Duration:           00:00:00.0597410
Activity.Tags:
    server.address: localhost
    url.query: ?take=Redacted&skip=Redacted
    http.request.method: GET
    url.scheme: http
    url.path: /api/agent-tasks
    network.protocol.version: 1.1
    http.route: /api/agent-tasks/
    http.response.status_code: 401
Resource associated with Activity:
    service.name: Appostolic.Api
    service.instance.id: cfc7ce07-e6a4-4518-a7e3-7e4ff99e6a9f
    telemetry.sdk.name: opentelemetry
    telemetry.sdk.language: dotnet
    telemetry.sdk.version: 1.9.0

Activity.TraceId:            e948d07cf8d11102ea4481da57896ff4
Activity.SpanId:             b2fe1869e6e509da
Activity.TraceFlags:         Recorded
Activity.ActivitySourceName: Microsoft.AspNetCore
Activity.DisplayName:        GET /api/agent-tasks/
Activity.Kind:               Server
Activity.StartTime:          2025-09-20T11:49:25.0453740Z
Activity.Duration:           00:00:00.0597410
Activity.Tags:
    server.address: localhost
    url.query: ?take=Redacted&skip=Redacted
    http.request.method: GET
    url.scheme: http
    url.path: /api/agent-tasks
    network.protocol.version: 1.1
    http.route: /api/agent-tasks/
    http.response.status_code: 401
Resource associated with Activity:
    service.name: Appostolic.Api
    service.instance.id: cfc7ce07-e6a4-4518-a7e3-7e4ff99e6a9f
    telemetry.sdk.name: opentelemetry
    telemetry.sdk.language: dotnet
    telemetry.sdk.version: 1.9.0

Activity.TraceId:            e948d07cf8d11102ea4481da57896ff4
Activity.SpanId:             b2fe1869e6e509da
Activity.TraceFlags:         Recorded
Activity.ActivitySourceName: Microsoft.AspNetCore
Activity.DisplayName:        GET /api/agent-tasks/
Activity.Kind:               Server
Activity.StartTime:          2025-09-20T11:49:25.0453740Z
Activity.Duration:           00:00:00.0597410
Activity.Tags:
    server.address: localhost
    url.query: ?take=Redacted&skip=Redacted
    http.request.method: GET
    url.scheme: http
    url.path: /api/agent-tasks
    network.protocol.version: 1.1
    http.route: /api/agent-tasks/
    http.response.status_code: 401
Resource associated with Activity:
    service.name: Appostolic.Api
    service.instance.id: cfc7ce07-e6a4-4518-a7e3-7e4ff99e6a9f
    telemetry.sdk.name: opentelemetry
    telemetry.sdk.language: dotnet
    telemetry.sdk.version: 1.9.0

LogRecord.Timestamp:               2025-09-20T11:49:25.1167970Z
LogRecord.TraceId:                 63c67dfd8498d48a05d4999d6d05e807
LogRecord.SpanId:                  00f9097c34d9d8e2
LogRecord.TraceFlags:              Recorded
LogRecord.CategoryName:            Microsoft.AspNetCore.Http.Result.OkObjectResult
LogRecord.Severity:                Info
LogRecord.SeverityText:            Information
LogRecord.FormattedMessage:        Setting HTTP status code 200.
LogRecord.Body:                    Setting HTTP status code {StatusCode}.
LogRecord.Attributes (Key:Value):
    StatusCode: 200
    OriginalFormat (a.k.a Body): Setting HTTP status code {StatusCode}.
LogRecord.EventId:                 1
LogRecord.EventName:               WritingResultAsStatusCode

Resource associated with LogRecord:
service.name: Appostolic.Api
service.instance.id: cfc7ce07-e6a4-4518-a7e3-7e4ff99e6a9f
telemetry.sdk.name: opentelemetry
telemetry.sdk.language: dotnet
telemetry.sdk.version: 1.9.0

info: Microsoft.AspNetCore.Http.Result.OkObjectResult[1]
      Setting HTTP status code 200.
LogRecord.Timestamp:               2025-09-20T11:49:25.1172670Z
LogRecord.TraceId:                 63c67dfd8498d48a05d4999d6d05e807
LogRecord.SpanId:                  00f9097c34d9d8e2
info: Microsoft.AspNetCore.Http.Result.OkObjectResult[3]
      Writing value of type 'List`1' as Json.
LogRecord.TraceFlags:              Recorded
LogRecord.CategoryName:            Microsoft.AspNetCore.Http.Result.OkObjectResult
LogRecord.Severity:                Info
LogRecord.SeverityText:            Information
LogRecord.FormattedMessage:        Writing value of type 'List`1' as Json.
LogRecord.Body:                    Writing value of type '{Type}' as Json.
LogRecord.Attributes (Key:Value):
    Type: List`1
    OriginalFormat (a.k.a Body): Writing value of type '{Type}' as Json.
LogRecord.EventId:                 3
LogRecord.EventName:               WritingResultAsJson

Resource associated with LogRecord:
service.name: Appostolic.Api
service.instance.id: cfc7ce07-e6a4-4518-a7e3-7e4ff99e6a9f
telemetry.sdk.name: opentelemetry
telemetry.sdk.language: dotnet
telemetry.sdk.version: 1.9.0

Activity.TraceId:            63c67dfd8498d48a05d4999d6d05e807
Activity.SpanId:             00f9097c34d9d8e2
Activity.TraceFlags:         Recorded
Activity.ActivitySourceName: Microsoft.AspNetCore
Activity.DisplayName:        GET /api/agent-tasks/
Activity.Kind:               Server
Activity.StartTime:          2025-09-20T11:49:25.1124140Z
Activity.Duration:           00:00:00.0049470
Activity.Tags:
    server.address: localhost
    url.query: ?take=Redacted&skip=Redacted
    http.request.method: GET
    url.scheme: http
    url.path: /api/agent-tasks
    network.protocol.version: 1.1
    tenant: acme
    user: dev@example.com
    http.route: /api/agent-tasks/
    http.response.status_code: 200
Resource associated with Activity:
    service.name: Appostolic.Api
    service.instance.id: cfc7ce07-e6a4-4518-a7e3-7e4ff99e6a9f
    telemetry.sdk.name: opentelemetry
    telemetry.sdk.language: dotnet
    telemetry.sdk.version: 1.9.0

Activity.TraceId:            63c67dfd8498d48a05d4999d6d05e807
Activity.SpanId:             00f9097c34d9d8e2
Activity.TraceFlags:         Recorded
Activity.ActivitySourceName: Microsoft.AspNetCore
Activity.DisplayName:        GET /api/agent-tasks/
Activity.Kind:               Server
Activity.StartTime:          2025-09-20T11:49:25.1124140Z
Activity.Duration:           00:00:00.0049470
Activity.Tags:
    server.address: localhost
    url.query: ?take=Redacted&skip=Redacted
    http.request.method: GET
    url.scheme: http
    url.path: /api/agent-tasks
    network.protocol.version: 1.1
    tenant: acme
    user: dev@example.com
    http.route: /api/agent-tasks/
    http.response.status_code: 200
Resource associated with Activity:
    service.name: Appostolic.Api
    service.instance.id: cfc7ce07-e6a4-4518-a7e3-7e4ff99e6a9f
    telemetry.sdk.name: opentelemetry
    telemetry.sdk.language: dotnet
    telemetry.sdk.version: 1.9.0

Activity.TraceId:            63c67dfd8498d48a05d4999d6d05e807
Activity.SpanId:             00f9097c34d9d8e2
Activity.TraceFlags:         Recorded
Activity.ActivitySourceName: Microsoft.AspNetCore
Activity.DisplayName:        GET /api/agent-tasks/
Activity.Kind:               Server
Activity.StartTime:          2025-09-20T11:49:25.1124140Z
Activity.Duration:           00:00:00.0049470
Activity.Tags:
    server.address: localhost
    url.query: ?take=Redacted&skip=Redacted
    http.request.method: GET
    url.scheme: http
    url.path: /api/agent-tasks
    network.protocol.version: 1.1
    tenant: acme
    user: dev@example.com
    http.route: /api/agent-tasks/
    http.response.status_code: 200
Resource associated with Activity:
    service.name: Appostolic.Api
    service.instance.id: cfc7ce07-e6a4-4518-a7e3-7e4ff99e6a9f
    telemetry.sdk.name: opentelemetry
    telemetry.sdk.language: dotnet
    telemetry.sdk.version: 1.9.0

info: Microsoft.AspNetCore.Mvc.Infrastructure.DefaultActionDescriptorCollectionProvider[1]
      No action descriptors found. This may indicate an incorrectly configured application or missing application parts. To learn more, visit https://aka.ms/aspnet/mvc/app-parts
LogRecord.Timestamp:               2025-09-20T11:49:25.1223270Z
LogRecord.TraceId:                 7ef1ae70ff405ba0757869512ab306ad
LogRecord.SpanId:                  898e50285c6a57e3
LogRecord.TraceFlags:              Recorded
LogRecord.CategoryName:            Microsoft.AspNetCore.Mvc.Infrastructure.DefaultActionDescriptorCollectionProvider
LogRecord.Severity:                Info
LogRecord.SeverityText:            Information
LogRecord.FormattedMessage:        No action descriptors found. This may indicate an incorrectly configured application or missing application parts. To learn more, visit https://aka.ms/aspnet/mvc/app-parts
LogRecord.Body:                    No action descriptors found. This may indicate an incorrectly configured application or missing application parts. To learn more, visit https://aka.ms/aspnet/mvc/app-parts
LogRecord.Attributes (Key:Value):
    OriginalFormat (a.k.a Body): No action descriptors found. This may indicate an incorrectly configured application or missing application parts. To learn more, visit https://aka.ms/aspnet/mvc/app-parts
LogRecord.EventId:                 1
LogRecord.EventName:               NoActionDescriptors

Resource associated with LogRecord:
service.name: Appostolic.Api
service.instance.id: cfc7ce07-e6a4-4518-a7e3-7e4ff99e6a9f
telemetry.sdk.name: opentelemetry
telemetry.sdk.language: dotnet
telemetry.sdk.version: 1.9.0

Activity.TraceId:            7ef1ae70ff405ba0757869512ab306ad
Activity.SpanId:             898e50285c6a57e3
Activity.TraceFlags:         Recorded
Activity.ActivitySourceName: Microsoft.AspNetCore
Activity.DisplayName:        GET
Activity.Kind:               Server
Activity.StartTime:          2025-09-20T11:49:25.1177170Z
Activity.Duration:           00:00:00.0247470
Activity.Tags:
    server.address: localhost
    http.request.method: GET
    url.scheme: http
    url.path: /swagger/v1/swagger.json
    network.protocol.version: 1.1
    http.response.status_code: 200
Resource associated with Activity:
    service.name: Appostolic.Api
    service.instance.id: cfc7ce07-e6a4-4518-a7e3-7e4ff99e6a9f
    telemetry.sdk.name: opentelemetry
    telemetry.sdk.language: dotnet
    telemetry.sdk.version: 1.9.0

Activity.TraceId:            7ef1ae70ff405ba0757869512ab306ad
Activity.SpanId:             898e50285c6a57e3
Activity.TraceFlags:         Recorded
Activity.ActivitySourceName: Microsoft.AspNetCore
Activity.DisplayName:        GET
Activity.Kind:               Server
Activity.StartTime:          2025-09-20T11:49:25.1177170Z
Activity.Duration:           00:00:00.0247470
Activity.Tags:
    server.address: localhost
    http.request.method: GET
    url.scheme: http
    url.path: /swagger/v1/swagger.json
    network.protocol.version: 1.1
    http.response.status_code: 200
Resource associated with Activity:
    service.name: Appostolic.Api
    service.instance.id: cfc7ce07-e6a4-4518-a7e3-7e4ff99e6a9f
    telemetry.sdk.name: opentelemetry
    telemetry.sdk.language: dotnet
    telemetry.sdk.version: 1.9.0

Activity.TraceId:            7ef1ae70ff405ba0757869512ab306ad
Activity.SpanId:             898e50285c6a57e3
Activity.TraceFlags:         Recorded
Activity.ActivitySourceName: Microsoft.AspNetCore
Activity.DisplayName:        GET
Activity.Kind:               Server
Activity.StartTime:          2025-09-20T11:49:25.1177170Z
Activity.Duration:           00:00:00.0247470
Activity.Tags:
    server.address: localhost
    http.request.method: GET
    url.scheme: http
    url.path: /swagger/v1/swagger.json
    network.protocol.version: 1.1
    http.response.status_code: 200
Resource associated with Activity:
    service.name: Appostolic.Api
    service.instance.id: cfc7ce07-e6a4-4518-a7e3-7e4ff99e6a9f
    telemetry.sdk.name: opentelemetry
    telemetry.sdk.language: dotnet
    telemetry.sdk.version: 1.9.0

info: Appostolic.Api.Application.Agents.Queue.AgentTaskWorker[0]
      AgentTaskWorker stopping. dequeued=0 inflight=False inflightTaskId=(null)
LogRecord.Timestamp:               2025-09-20T11:49:25.1433820Z
LogRecord.CategoryName:            Appostolic.Api.Application.Agents.Queue.AgentTaskWorker
LogRecord.Severity:                Info
LogRecord.SeverityText:            Information
LogRecord.FormattedMessage:        AgentTaskWorker stopping. dequeued=0 inflight=False inflightTaskId=(null)
LogRecord.Body:                    AgentTaskWorker stopping. dequeued={Count} inflight={HasInFlight} inflightTaskId={TaskId}
LogRecord.Attributes (Key:Value):
    Count: 0
    HasInFlight: false
    OriginalFormat (a.k.a Body): AgentTaskWorker stopping. dequeued={Count} inflight={HasInFlight} inflightTaskId={TaskId}

Resource associated with LogRecord:
service.name: Appostolic.Api
service.instance.id: cfc7ce07-e6a4-4518-a7e3-7e4ff99e6a9f
telemetry.sdk.name: opentelemetry
telemetry.sdk.language: dotnet
telemetry.sdk.version: 1.9.0

LogRecord.Timestamp:               2025-09-20T11:49:25.1436390Z
LogRecord.CategoryName:            Appostolic.Api.App.Notifications.NotificationDispatcherHostedService
LogRecord.Severity:                Info
LogRecord.SeverityText:            Information
LogRecord.FormattedMessage:        NotificationDispatcher stopping
LogRecord.Body:                    NotificationDispatcher stopping
LogRecord.Attributes (Key:Value):
    OriginalFormat (a.k.a Body): NotificationDispatcher stopping

Resource associated with LogRecord:
service.name: Appostolic.Api
service.instance.id: cfc7ce07-e6a4-4518-a7e3-7e4ff99e6a9f
telemetry.sdk.name: opentelemetry
telemetry.sdk.language: dotnet
telemetry.sdk.version: 1.9.0

LogRecord.Timestamp:               2025-09-20T11:49:25.1437010Z
LogRecord.CategoryName:            Appostolic.Api.App.Notifications.EmailDispatcherHostedService
LogRecord.Severity:                Info
LogRecord.SeverityText:            Information
LogRecord.FormattedMessage:        EmailDispatcher stopping
LogRecord.Body:                    EmailDispatcher stopping
LogRecord.Attributes (Key:Value):
    OriginalFormat (a.k.a Body): EmailDispatcher stopping

Resource associated with LogRecord:
service.name: Appostolic.Api
service.instance.id: cfc7ce07-e6a4-4518-a7e3-7e4ff99e6a9f
telemetry.sdk.name: opentelemetry
telemetry.sdk.language: dotnet
info: Appostolic.Api.App.Notifications.NotificationDispatcherHostedService[0]
      NotificationDispatcher stopping
telemetry.sdk.version: 1.9.0

info: Appostolic.Api.App.Notifications.EmailDispatcherHostedService[0]
      EmailDispatcher stopping
info: Appostolic.Api.App.Notifications.NotificationsPurgeHostedService[0]
      NotificationsPurge stopping
LogRecord.Timestamp:               2025-09-20T11:49:25.1439160Z
LogRecord.CategoryName:            Appostolic.Api.App.Notifications.NotificationsPurgeHostedService
LogRecord.Severity:                Info
LogRecord.SeverityText:            Information
LogRecord.FormattedMessage:        NotificationsPurge stopping
LogRecord.Body:                    NotificationsPurge stopping
LogRecord.Attributes (Key:Value):
    OriginalFormat (a.k.a Body): NotificationsPurge stopping

Resource associated with LogRecord:
service.name: Appostolic.Api
service.instance.id: cfc7ce07-e6a4-4518-a7e3-7e4ff99e6a9f
telemetry.sdk.name: opentelemetry
telemetry.sdk.language: dotnet
telemetry.sdk.version: 1.9.0

Resource associated with Metric:
    service.name: Appostolic.Api
    service.instance.id: cfc7ce07-e6a4-4518-a7e3-7e4ff99e6a9f
    telemetry.sdk.name: opentelemetry
    telemetry.sdk.language: dotnet
    telemetry.sdk.version: 1.9.0

Metric Name: process.runtime.dotnet.gc.collections.count, Number of garbage collections that have occurred since process start., Meter: OpenTelemetry.Instrumentation.Runtime/1.9.0
(2025-09-20T11:49:24.9730160Z, 2025-09-20T11:49:25.1442780Z] generation: gen2 LongSum
Value: 17
(2025-09-20T11:49:24.9730160Z, 2025-09-20T11:49:25.1442780Z] generation: gen1 LongSum
Value: 25
(2025-09-20T11:49:24.9730160Z, 2025-09-20T11:49:25.1442780Z] generation: gen0 LongSum
Value: 56

Metric Name: process.runtime.dotnet.gc.objects.size, Count of bytes currently in use by objects in the GC heap that haven't been collected yet. Fragmentation and other GC committed memory pools are excluded., Unit: bytes, Meter: OpenTelemetry.Instrumentation.Runtime/1.9.0
(2025-09-20T11:49:24.9730370Z, 2025-09-20T11:49:25.1442780Z] LongSumNonMonotonic
Value: 570608504

Metric Name: process.runtime.dotnet.gc.allocations.size, Count of bytes allocated on the managed GC heap since the process start. .NET objects are allocated from this heap. Object allocations from unmanaged languages such as C/C++ do not use this heap., Unit: bytes, Meter: OpenTelemetry.Instrumentation.Runtime/1.9.0
(2025-09-20T11:49:24.9730580Z, 2025-09-20T11:49:25.1442780Z] LongSum
Value: 2604405432

Metric Name: process.runtime.dotnet.gc.committed_memory.size, The amount of committed virtual memory for the managed GC heap, as observed during the latest garbage collection. Committed virtual memory may be larger than the heap size because it includes both memory for storing existing objects (the heap size) and some extra memory that is ready to handle newly allocated objects in the future. The value will be unavailable until at least one garbage collection has occurred., Unit: bytes, Meter: OpenTelemetry.Instrumentation.Runtime/1.9.0
(2025-09-20T11:49:24.9730760Z, 2025-09-20T11:49:25.1442780Z] LongSumNonMonotonic
Value: 464093184

Metric Name: process.runtime.dotnet.gc.heap.size, The heap size (including fragmentation), as observed during the latest garbage collection. The value will be unavailable until at least one garbage collection has occurred., Unit: bytes, Meter: OpenTelemetry.Instrumentation.Runtime/1.9.0
(2025-09-20T11:49:24.9730950Z, 2025-09-20T11:49:25.1442790Z] generation: gen0 LongSumNonMonotonic
Value: 3382432
(2025-09-20T11:49:24.9730950Z, 2025-09-20T11:49:25.1442790Z] generation: gen1 LongSumNonMonotonic
Value: 5804424
(2025-09-20T11:49:24.9730950Z, 2025-09-20T11:49:25.1442790Z] generation: gen2 LongSumNonMonotonic
Value: 144218296
(2025-09-20T11:49:24.9730950Z, 2025-09-20T11:49:25.1442790Z] generation: loh LongSumNonMonotonic
Value: 303449936
(2025-09-20T11:49:24.9730950Z, 2025-09-20T11:49:25.1442790Z] generation: poh LongSumNonMonotonic
Value: 262336

Metric Name: process.runtime.dotnet.gc.heap.fragmentation.size, The heap fragmentation, as observed during the latest garbage collection. The value will be unavailable until at least one garbage collection has occurred., Unit: bytes, Meter: OpenTelemetry.Instrumentation.Runtime/1.9.0
(2025-09-20T11:49:24.9731110Z, 2025-09-20T11:49:25.1442790Z] generation: gen0 LongSumNonMonotonic
Value: 3382008
(2025-09-20T11:49:24.9731110Z, 2025-09-20T11:49:25.1442790Z] generation: gen1 LongSumNonMonotonic
Value: 87784
(2025-09-20T11:49:24.9731110Z, 2025-09-20T11:49:25.1442790Z] generation: gen2 LongSumNonMonotonic
Value: 1271360
(2025-09-20T11:49:24.9731110Z, 2025-09-20T11:49:25.1442790Z] generation: loh LongSumNonMonotonic
Value: 32380696
(2025-09-20T11:49:24.9731110Z, 2025-09-20T11:49:25.1442790Z] generation: poh LongSumNonMonotonic
Value: 0

Metric Name: process.runtime.dotnet.gc.duration, The total amount of time paused in GC since the process start., Unit: ns, Meter: OpenTelemetry.Instrumentation.Runtime/1.9.0
(2025-09-20T11:49:24.9731290Z, 2025-09-20T11:49:25.1442790Z] LongSum
Value: 943500000

Metric Name: process.runtime.dotnet.jit.il_compiled.size, Count of bytes of intermediate language that have been compiled since the process start., Unit: bytes, Meter: OpenTelemetry.Instrumentation.Runtime/1.9.0
(2025-09-20T11:49:24.9731490Z, 2025-09-20T11:49:25.1442790Z] LongSum
Value: 6122371

Metric Name: process.runtime.dotnet.jit.methods_compiled.count, The number of times the JIT compiler compiled a method since the process start. The JIT compiler may be invoked multiple times for the same method to compile with different generic parameters, or because tiered compilation requested different optimization settings., Meter: OpenTelemetry.Instrumentation.Runtime/1.9.0
(2025-09-20T11:49:24.9731690Z, 2025-09-20T11:49:25.1442790Z] LongSum
Value: 71842

Metric Name: process.runtime.dotnet.jit.compilation_time, The amount of time the JIT compiler has spent compiling methods since the process start., Unit: ns, Meter: OpenTelemetry.Instrumentation.Runtime/1.9.0
(2025-09-20T11:49:24.9731910Z, 2025-09-20T11:49:25.1442790Z] LongSum
Value: 18542244000

Metric Name: process.runtime.dotnet.monitor.lock_contention.count, The number of times there was contention when trying to acquire a monitor lock since the process start. Monitor locks are commonly acquired by using the lock keyword in C#, or by calling Monitor.Enter() and Monitor.TryEnter()., Meter: OpenTelemetry.Instrumentation.Runtime/1.9.0
(2025-09-20T11:49:24.9732080Z, 2025-09-20T11:49:25.1442790Z] LongSum
Value: 258

Metric Name: process.runtime.dotnet.thread_pool.threads.count, The number of thread pool threads that currently exist., Meter: OpenTelemetry.Instrumentation.Runtime/1.9.0
(2025-09-20T11:49:24.9732270Z, 2025-09-20T11:49:25.1442790Z] LongSumNonMonotonic
Value: 14

Metric Name: process.runtime.dotnet.thread_pool.completed_items.count, The number of work items that have been processed by the thread pool since the process start., Meter: OpenTelemetry.Instrumentation.Runtime/1.9.0
(2025-09-20T11:49:24.9732470Z, 2025-09-20T11:49:25.1442790Z] LongSum
Value: 3567

Metric Name: process.runtime.dotnet.thread_pool.queue.length, The number of work items that are currently queued to be processed by the thread pool., Meter: OpenTelemetry.Instrumentation.Runtime/1.9.0
(2025-09-20T11:49:24.9732850Z, 2025-09-20T11:49:25.1442790Z] LongSumNonMonotonic
Value: 0

Metric Name: process.runtime.dotnet.timer.count, The number of timer instances that are currently active. Timers can be created by many sources such as System.Threading.Timer, Task.Delay, or the timeout in a CancellationSource. An active timer is registered to tick at some point in the future and has not yet been canceled., Meter: OpenTelemetry.Instrumentation.Runtime/1.9.0
(2025-09-20T11:49:24.9733210Z, 2025-09-20T11:49:25.1442790Z] LongSumNonMonotonic
Value: 15

Metric Name: process.runtime.dotnet.assemblies.count, The number of .NET assemblies that are currently loaded., Meter: OpenTelemetry.Instrumentation.Runtime/1.9.0
(2025-09-20T11:49:24.9733560Z, 2025-09-20T11:49:25.1442800Z] LongSumNonMonotonic
Value: 212

Metric Name: process.runtime.dotnet.exceptions.count, Count of exceptions that have been thrown in managed code, since the observation started. The value will be unavailable until an exception has been thrown after OpenTelemetry.Instrumentation.Runtime initialization., Meter: OpenTelemetry.Instrumentation.Runtime/1.9.0
(2025-09-20T11:49:24.9734050Z, 2025-09-20T11:49:25.1442800Z] LongSum
Value: 4

Metric Name: http.server.active_requests, Number of active HTTP server requests., Unit: {request}, Meter: Microsoft.AspNetCore.Hosting
(2025-09-20T11:49:24.9739170Z, 2025-09-20T11:49:25.1442830Z] http.request.method: GET url.scheme: http LongSumNonMonotonic
Value: 0

Metric Name: http.server.request.duration, Duration of HTTP server requests., Unit: s, Meter: Microsoft.AspNetCore.Hosting
(2025-09-20T11:49:24.9739530Z, 2025-09-20T11:49:25.1442830Z] http.request.method: GET http.response.status_code: 401 http.route: /api/agent-tasks/ network.protocol.version: 1.1 url.scheme: http Histogram
Value: Sum: 0.0597408 Count: 1 Min: 0.0597408 Max: 0.0597408 
(-Infinity,0.005]:0
(0.005,0.01]:0
(0.01,0.025]:0
(0.025,0.05]:0
(0.05,0.075]:1
(0.075,0.1]:0
(0.1,0.25]:0
(0.25,0.5]:0
(0.5,0.75]:0
(0.75,1]:0
(1,2.5]:0
(2.5,5]:0
(5,7.5]:0
(7.5,10]:0
(10,+Infinity]:0

(2025-09-20T11:49:24.9739530Z, 2025-09-20T11:49:25.1442830Z] http.request.method: GET http.response.status_code: 200 http.route: /api/agent-tasks/ network.protocol.version: 1.1 url.scheme: http Histogram
Value: Sum: 0.0049435 Count: 1 Min: 0.0049435 Max: 0.0049435 
(-Infinity,0.005]:1
(0.005,0.01]:0
(0.01,0.025]:0
(0.025,0.05]:0
(0.05,0.075]:0
(0.075,0.1]:0
(0.1,0.25]:0
(0.25,0.5]:0
(0.5,0.75]:0
(0.75,1]:0
(1,2.5]:0
(2.5,5]:0
(5,7.5]:0
(7.5,10]:0
(10,+Infinity]:0

(2025-09-20T11:49:24.9739530Z, 2025-09-20T11:49:25.1442830Z] http.request.method: GET http.response.status_code: 200 network.protocol.version: 1.1 url.scheme: http Histogram
Value: Sum: 0.0247027 Count: 1 Min: 0.0247027 Max: 0.0247027 
(-Infinity,0.005]:0
(0.005,0.01]:0
(0.01,0.025]:1
(0.025,0.05]:0
(0.05,0.075]:0
(0.075,0.1]:0
(0.1,0.25]:0
(0.25,0.5]:0
(0.5,0.75]:0
(0.75,1]:0
(1,2.5]:0
(2.5,5]:0
(5,7.5]:0
(7.5,10]:0
(10,+Infinity]:0


Metric Name: aspnetcore.routing.match_attempts, Number of requests that were attempted to be matched to an endpoint., Unit: {match_attempt}, Meter: Microsoft.AspNetCore.Routing
(2025-09-20T11:49:24.9740000Z, 2025-09-20T11:49:25.1442830Z] aspnetcore.routing.is_fallback: false aspnetcore.routing.match_status: success http.route: /api/agent-tasks/ LongSum
Value: 2
(2025-09-20T11:49:24.9740000Z, 2025-09-20T11:49:25.1442830Z] aspnetcore.routing.match_status: failure LongSum
Value: 1
Results File: /Users/kevinmccreary/appostolic/apps/api.tests/TestResults/failures.trx

Failed!  - Failed:     1, Passed:   189, Skipped:     0, Total:   190, Duration: 1 m 17 s - Appostolic.Api.Tests.dll (net8.0)
